#-----------------------------------------------------------
# Vivado v2020.1.1 (64-bit)
# SW Build 2960000 on Wed Aug  5 22:57:20 MDT 2020
# IP Build 2956692 on Thu Aug  6 01:41:30 MDT 2020
# Start of session at: Wed May 19 09:25:56 2021
# Process ID: 4556
# Current directory: E:/01_Repos/Ultrazohm/ultrazohm_sw/ip_cores/Temperature_Card_Interfrace_V1/Temp_Card_Interface_V1_PRJ
# Command line: vivado.exe -gui_launcher_event rodinguilauncherevent11804 E:\01_Repos\Ultrazohm\ultrazohm_sw\ip_cores\Temperature_Card_Interfrace_V1\Temp_Card_Interface_V1_PRJ\Temp_Card_Interface_V1_PRJ.xpr
# Log file: E:/01_Repos/Ultrazohm/ultrazohm_sw/ip_cores/Temperature_Card_Interfrace_V1/Temp_Card_Interface_V1_PRJ/vivado.log
# Journal file: E:/01_Repos/Ultrazohm/ultrazohm_sw/ip_cores/Temperature_Card_Interfrace_V1/Temp_Card_Interface_V1_PRJ\vivado.jou
#-----------------------------------------------------------
start_gui
open_project E:/01_Repos/Ultrazohm/ultrazohm_sw/ip_cores/Temperature_Card_Interfrace_V1/Temp_Card_Interface_V1_PRJ/Temp_Card_Interface_V1_PRJ.xpr
update_compile_order -fileset sources_1
ipx::open_ipxact_file {E:\01_Repos\Ultrazohm\ultrazohm_sw\ip_cores\Temperature_Card_Interfrace_V1\Temp_Card_Interface_V1_IP\component.xml}
ipx::merge_project_changes hdl_parameters [ipx::current_core]
