

================================================================
== Vitis HLS Report for 'uz_FOC_sample'
================================================================
* Date:           Wed Jun 29 10:56:01 2022

* Version:        2020.1 (Build 2902540 on Wed May 27 20:16:15 MDT 2020)
* Project:        FOC_hls
* Solution:       solution1 (Vivado IP Flow Target)
* Product family: zynquplus
* Target device:  xczu9eg-ffvb1156-2-e


================================================================
== Performance Estimates
================================================================
+ Timing: 
    * Summary: 
    +--------+----------+----------+------------+
    |  Clock |  Target  | Estimated| Uncertainty|
    +--------+----------+----------+------------+
    |ap_clk  | 10.00 ns | 7.325 ns |   2.70 ns  |
    +--------+----------+----------+------------+

+ Latency: 
    * Summary: 
    +---------+---------+----------+----------+-----+-----+---------+
    |  Latency (cycles) |  Latency (absolute) |  Interval | Pipeline|
    |   min   |   max   |    min   |    max   | min | max |   Type  |
    +---------+---------+----------+----------+-----+-----+---------+
    |       58|       97| 0.580 us | 0.970 us |   59|   98|   none  |
    +---------+---------+----------+----------+-----+-----+---------+

    + Detail: 
        * Instance: 
        +--------------------------------------------+---------------------------------+---------+---------+----------+----------+-----+-----+---------+
        |                                            |                                 |  Latency (cycles) |  Latency (absolute) |  Interval | Pipeline|
        |                  Instance                  |              Module             |   min   |   max   |    min   |    max   | min | max |   Type  |
        +--------------------------------------------+---------------------------------+---------+---------+----------+----------+-----+-----+---------+
        |grp_uz_FOC_SpaceVector_Limitation_1_fu_265  |uz_FOC_SpaceVector_Limitation_1  |       30|       69| 0.300 us | 0.690 us |   30|   69|   none  |
        +--------------------------------------------+---------------------------------+---------+---------+----------+----------+-----+-----+---------+

        * Loop: 
        N/A



================================================================
== Utilization Estimates
================================================================
* Summary: 
+-----------------+---------+------+--------+--------+-----+
|       Name      | BRAM_18K|  DSP |   FF   |   LUT  | URAM|
+-----------------+---------+------+--------+--------+-----+
|DSP              |        -|     -|       -|       -|    -|
|Expression       |        -|     -|       0|    1243|    -|
|FIFO             |        -|     -|       -|       -|    -|
|Instance         |       16|    49|    7378|   11003|    -|
|Memory           |        -|     -|       -|       -|    -|
|Multiplexer      |        -|     -|       -|     853|    -|
|Register         |        -|     -|    2183|       -|    -|
+-----------------+---------+------+--------+--------+-----+
|Total            |       16|    49|    9561|   13099|    0|
+-----------------+---------+------+--------+--------+-----+
|Available        |     1824|  2520|  548160|  274080|    0|
+-----------------+---------+------+--------+--------+-----+
|Utilization (%)  |    ~0   |     1|       1|       4|    0|
+-----------------+---------+------+--------+--------+-----+

+ Detail: 
    * Instance: 
    +--------------------------------------------+------------------------------------+---------+----+------+------+-----+
    |                  Instance                  |               Module               | BRAM_18K| DSP|  FF  |  LUT | URAM|
    +--------------------------------------------+------------------------------------+---------+----+------+------+-----+
    |Din_s_axi_U                                 |Din_s_axi                           |        0|   0|  1172|  2216|    0|
    |Dout_m_axi_U                                |Dout_m_axi                          |        2|   0|   512|   580|    0|
    |control_s_axi_U                             |control_s_axi                       |        0|   0|   170|   296|    0|
    |faddfsub_32ns_32ns_32_4_full_dsp_1_U48      |faddfsub_32ns_32ns_32_4_full_dsp_1  |        0|   2|   227|   214|    0|
    |faddfsub_32ns_32ns_32_4_full_dsp_1_U49      |faddfsub_32ns_32ns_32_4_full_dsp_1  |        0|   2|   227|   214|    0|
    |fcmp_32ns_32ns_1_2_no_dsp_1_U54             |fcmp_32ns_32ns_1_2_no_dsp_1         |        0|   0|     0|     0|    0|
    |fcmp_32ns_32ns_1_2_no_dsp_1_U55             |fcmp_32ns_32ns_1_2_no_dsp_1         |        0|   0|     0|     0|    0|
    |fcmp_32ns_32ns_1_2_no_dsp_1_U56             |fcmp_32ns_32ns_1_2_no_dsp_1         |        0|   0|     0|     0|    0|
    |fcmp_32ns_32ns_1_2_no_dsp_1_U57             |fcmp_32ns_32ns_1_2_no_dsp_1         |        0|   0|     0|     0|    0|
    |fcmp_32ns_32ns_1_2_no_dsp_1_U58             |fcmp_32ns_32ns_1_2_no_dsp_1         |        0|   0|     0|     0|    0|
    |fcmp_32ns_32ns_1_2_no_dsp_1_U59             |fcmp_32ns_32ns_1_2_no_dsp_1         |        0|   0|     0|     0|    0|
    |fcmp_32ns_32ns_1_2_no_dsp_1_U60             |fcmp_32ns_32ns_1_2_no_dsp_1         |        0|   0|     0|     0|    0|
    |fcmp_32ns_32ns_1_2_no_dsp_1_U61             |fcmp_32ns_32ns_1_2_no_dsp_1         |        0|   0|     0|     0|    0|
    |fmul_32ns_32ns_32_3_max_dsp_1_U50           |fmul_32ns_32ns_32_3_max_dsp_1       |        0|   3|   128|   135|    0|
    |fmul_32ns_32ns_32_3_max_dsp_1_U51           |fmul_32ns_32ns_32_3_max_dsp_1       |        0|   3|   128|   135|    0|
    |fmul_32ns_32ns_32_3_max_dsp_1_U52           |fmul_32ns_32ns_32_3_max_dsp_1       |        0|   3|   128|   135|    0|
    |fmul_32ns_32ns_32_3_max_dsp_1_U53           |fmul_32ns_32ns_32_3_max_dsp_1       |        0|   3|   128|   135|    0|
    |grp_uz_FOC_SpaceVector_Limitation_1_fu_265  |uz_FOC_SpaceVector_Limitation_1     |       14|  33|  4558|  6943|    0|
    +--------------------------------------------+------------------------------------+---------+----+------+------+-----+
    |Total                                       |                                    |       16|  49|  7378| 11003|    0|
    +--------------------------------------------+------------------------------------+---------+----+------+------+-----+

    * DSP: 
    N/A

    * Memory: 
    N/A

    * FIFO: 
    N/A

    * Expression: 
    +------------------------------+----------+----+---+----+------------+------------+
    |         Variable Name        | Operation| DSP| FF| LUT| Bitwidth P0| Bitwidth P1|
    +------------------------------+----------+----+---+----+------------+------------+
    |and_ln23_1_fu_1070_p2         |    and   |   0|  0|   2|           1|           1|
    |and_ln23_2_fu_936_p2          |    and   |   0|  0|   2|           1|           1|
    |and_ln23_3_fu_1074_p2         |    and   |   0|  0|   2|           1|           1|
    |and_ln23_4_fu_1078_p2         |    and   |   0|  0|   2|           1|           1|
    |and_ln23_5_fu_986_p2          |    and   |   0|  0|   2|           1|           1|
    |and_ln23_6_fu_1092_p2         |    and   |   0|  0|   2|           1|           1|
    |and_ln23_7_fu_996_p2          |    and   |   0|  0|   2|           1|           1|
    |and_ln23_8_fu_1096_p2         |    and   |   0|  0|   2|           1|           1|
    |and_ln23_9_fu_1100_p2         |    and   |   0|  0|   2|           1|           1|
    |and_ln23_fu_926_p2            |    and   |   0|  0|   2|           1|           1|
    |and_ln25_1_fu_1007_p2         |    and   |   0|  0|   2|           1|           1|
    |and_ln25_fu_1002_p2           |    and   |   0|  0|   2|           1|           1|
    |and_ln31_1_fu_1496_p2         |    and   |   0|  0|   2|           1|           1|
    |and_ln31_2_fu_1502_p2         |    and   |   0|  0|   2|           1|           1|
    |and_ln31_4_fu_1514_p2         |    and   |   0|  0|   2|           1|           1|
    |and_ln31_5_fu_1532_p2         |    and   |   0|  0|   2|           1|           1|
    |and_ln31_6_fu_1538_p2         |    and   |   0|  0|   2|           1|           1|
    |and_ln31_fu_1478_p2           |    and   |   0|  0|   2|           1|           1|
    |and_ln35_1_fu_1215_p2         |    and   |   0|  0|   2|           1|           1|
    |and_ln35_2_fu_1229_p2         |    and   |   0|  0|   2|           1|           1|
    |and_ln35_3_fu_1257_p2         |    and   |   0|  0|   2|           1|           1|
    |and_ln35_4_fu_1331_p2         |    and   |   0|  0|   2|           1|           1|
    |and_ln35_5_fu_1362_p2         |    and   |   0|  0|   2|           1|           1|
    |and_ln35_6_fu_1376_p2         |    and   |   0|  0|   2|           1|           1|
    |and_ln35_7_fu_1404_p2         |    and   |   0|  0|   2|           1|           1|
    |and_ln35_fu_1184_p2           |    and   |   0|  0|   2|           1|           1|
    |and_ln35_fu_1209_p2           |    and   |   0|  0|   2|           1|           1|
    |and_ln35_fu_1251_p2           |    and   |   0|  0|   2|           1|           1|
    |and_ln35_fu_1356_p2           |    and   |   0|  0|   2|           1|           1|
    |and_ln35_fu_1398_p2           |    and   |   0|  0|   2|           1|           1|
    |and_ln49_1_fu_1052_p2         |    and   |   0|  0|   2|           1|           1|
    |and_ln49_fu_1034_p2           |    and   |   0|  0|   2|           1|           1|
    |output_11_fu_1544_p2          |    and   |   0|  0|   2|           1|           1|
    |output_9_fu_1508_p2           |    and   |   0|  0|   2|           1|           1|
    |icmp_ln23_10_fu_604_p2        |   icmp   |   0|  0|  11|           8|           2|
    |icmp_ln23_11_fu_610_p2        |   icmp   |   0|  0|  20|          23|           1|
    |icmp_ln23_1_fu_910_p2         |   icmp   |   0|  0|  20|          23|           1|
    |icmp_ln23_2_fu_488_p2         |   icmp   |   0|  0|  11|           8|           2|
    |icmp_ln23_3_fu_494_p2         |   icmp   |   0|  0|  20|          23|           1|
    |icmp_ln23_4_fu_520_p2         |   icmp   |   0|  0|  11|           8|           2|
    |icmp_ln23_5_fu_526_p2         |   icmp   |   0|  0|  20|          23|           1|
    |icmp_ln23_6_fu_964_p2         |   icmp   |   0|  0|  11|           8|           2|
    |icmp_ln23_7_fu_970_p2         |   icmp   |   0|  0|  20|          23|           1|
    |icmp_ln23_8_fu_572_p2         |   icmp   |   0|  0|  11|           8|           2|
    |icmp_ln23_9_fu_578_p2         |   icmp   |   0|  0|  20|          23|           1|
    |icmp_ln23_fu_904_p2           |   icmp   |   0|  0|  11|           8|           2|
    |icmp_ln31_1_fu_1313_p2        |   icmp   |   0|  0|   8|           1|           1|
    |icmp_ln31_2_fu_1319_p2        |   icmp   |   0|  0|  11|           8|           2|
    |icmp_ln31_3_fu_1325_p2        |   icmp   |   0|  0|   8|           1|           1|
    |icmp_ln31_4_fu_1454_p2        |   icmp   |   0|  0|  11|           8|           2|
    |icmp_ln31_5_fu_1460_p2        |   icmp   |   0|  0|   8|           1|           1|
    |icmp_ln31_6_fu_1466_p2        |   icmp   |   0|  0|  11|           8|           2|
    |icmp_ln31_7_fu_1472_p2        |   icmp   |   0|  0|   8|           1|           1|
    |icmp_ln31_fu_1307_p2          |   icmp   |   0|  0|  11|           8|           2|
    |icmp_ln35_1_fu_1137_p2        |   icmp   |   0|  0|  20|          23|           1|
    |icmp_ln35_2_fu_808_p2         |   icmp   |   0|  0|  11|           8|           2|
    |icmp_ln35_3_fu_814_p2         |   icmp   |   0|  0|  20|          23|           1|
    |icmp_ln35_4_fu_1166_p2        |   icmp   |   0|  0|  11|           8|           2|
    |icmp_ln35_5_fu_1172_p2        |   icmp   |   0|  0|  20|          23|           1|
    |icmp_ln35_6_fu_844_p2         |   icmp   |   0|  0|  11|           8|           2|
    |icmp_ln35_7_fu_850_p2         |   icmp   |   0|  0|  20|          23|           1|
    |icmp_ln35_fu_1131_p2          |   icmp   |   0|  0|  11|           8|           2|
    |clamping_active_d_fu_1550_p2  |    or    |   0|  0|   2|           1|           1|
    |clamping_active_q_fu_1555_p2  |    or    |   0|  0|   2|           1|           1|
    |or_ln23_1_fu_922_p2           |    or    |   0|  0|   2|           1|           1|
    |or_ln23_2_fu_932_p2           |    or    |   0|  0|   2|           1|           1|
    |or_ln23_3_fu_976_p2           |    or    |   0|  0|   2|           1|           1|
    |or_ln23_4_fu_982_p2           |    or    |   0|  0|   2|           1|           1|
    |or_ln23_5_fu_992_p2           |    or    |   0|  0|   2|           1|           1|
    |or_ln23_fu_916_p2             |    or    |   0|  0|   2|           1|           1|
    |or_ln31_1_fu_1492_p2          |    or    |   0|  0|   2|           1|           1|
    |or_ln31_2_fu_1524_p2          |    or    |   0|  0|   2|           1|           1|
    |or_ln31_3_fu_1528_p2          |    or    |   0|  0|   2|           1|           1|
    |or_ln31_fu_1488_p2            |    or    |   0|  0|   2|           1|           1|
    |or_ln35_1_fu_820_p2           |    or    |   0|  0|   2|           1|           1|
    |or_ln35_2_fu_1178_p2          |    or    |   0|  0|   2|           1|           1|
    |or_ln35_3_fu_856_p2           |    or    |   0|  0|   2|           1|           1|
    |or_ln35_fu_1143_p2            |    or    |   0|  0|   2|           1|           1|
    |decouple_voltage_2_fu_876_p3  |  select  |   0|  0|  32|           1|          32|
    |decouple_voltage_3_fu_870_p3  |  select  |   0|  0|  32|           1|          32|
    |output_10_fu_1106_p3          |  select  |   0|  0|  32|           1|           1|
    |output_12_fu_1046_p3          |  select  |   0|  0|  32|           1|          32|
    |output_13_fu_1064_p3          |  select  |   0|  0|  32|           1|          32|
    |output_6_fu_1057_p3           |  select  |   0|  0|  32|           1|          32|
    |output_8_fu_1084_p3           |  select  |   0|  0|  32|           1|           1|
    |output_fu_1039_p3             |  select  |   0|  0|  32|           1|          32|
    |select_ln25_1_fu_1027_p3      |  select  |   0|  0|  32|           1|          32|
    |select_ln25_fu_1016_p3        |  select  |   0|  0|  32|           1|          32|
    |select_ln35_2_fu_1233_p3      |  select  |   0|  0|  32|           1|          32|
    |select_ln35_4_fu_1336_p3      |  select  |   0|  0|  32|           1|          32|
    |select_ln35_6_fu_1380_p3      |  select  |   0|  0|  32|           1|          32|
    |select_ln35_fu_1189_p3        |  select  |   0|  0|  32|           1|          32|
    |select_ln66_fu_1560_p3        |  select  |   0|  0|  32|           1|           1|
    |select_ln67_fu_1568_p3        |  select  |   0|  0|  32|           1|           1|
    |select_ln82_1_fu_1603_p3      |  select  |   0|  0|  32|           1|           1|
    |select_ln82_fu_1596_p3        |  select  |   0|  0|  32|           1|           1|
    |sign_1_fu_1262_p3             |  select  |   0|  0|  32|           1|          32|
    |sign_2_fu_1367_p3             |  select  |   0|  0|  32|           1|          32|
    |sign_3_fu_1409_p3             |  select  |   0|  0|  32|           1|          32|
    |sign_fu_1220_p3               |  select  |   0|  0|  32|           1|          32|
    |xor_ln25_fu_747_p2            |    xor   |   0|  0|  33|          32|          33|
    |xor_ln31_1_fu_1518_p2         |    xor   |   0|  0|   2|           2|           1|
    |xor_ln31_fu_1482_p2           |    xor   |   0|  0|   2|           2|           1|
    |xor_ln35_fu_1197_p2           |    xor   |   0|  0|   2|           1|           2|
    |xor_ln35_fu_1203_p2           |    xor   |   0|  0|   2|           1|           2|
    |xor_ln35_fu_1241_p2           |    xor   |   0|  0|   2|           1|           2|
    |xor_ln35_fu_1246_p2           |    xor   |   0|  0|   2|           1|           2|
    |xor_ln35_fu_1344_p2           |    xor   |   0|  0|   2|           1|           2|
    |xor_ln35_fu_1350_p2           |    xor   |   0|  0|   2|           1|           2|
    |xor_ln35_fu_1388_p2           |    xor   |   0|  0|   2|           1|           2|
    |xor_ln35_fu_1393_p2           |    xor   |   0|  0|   2|           1|           2|
    +------------------------------+----------+----+---+----+------------+------------+
    |Total                         |          |   0|  0|1243|         462|         661|
    +------------------------------+----------+----+---+----+------------+------------+

    * Multiplexer: 
    +-------------------+-----+-----------+-----+-----------+
    |        Name       | LUT | Input Size| Bits| Total Bits|
    +-------------------+-----+-----------+-----+-----------+
    |Dout_AWADDR        |   15|          3|   64|        192|
    |Dout_WDATA         |   15|          3|   32|         96|
    |Dout_blk_n_AW      |    9|          2|    1|          2|
    |Dout_blk_n_B       |    9|          2|    1|          2|
    |Dout_blk_n_W       |    9|          2|    1|          2|
    |ap_NS_fsm          |  137|         30|    1|         30|
    |grp_fu_289_opcode  |   15|          3|    2|          6|
    |grp_fu_289_p0      |   33|          6|   32|        192|
    |grp_fu_289_p1      |   38|          7|   32|        224|
    |grp_fu_293_opcode  |   15|          3|    2|          6|
    |grp_fu_293_p0      |   27|          5|   32|        160|
    |grp_fu_293_p1      |   33|          6|   32|        192|
    |grp_fu_297_p0      |   27|          5|   32|        160|
    |grp_fu_297_p1      |   27|          5|   32|        160|
    |grp_fu_301_p0      |   15|          3|   32|         96|
    |grp_fu_301_p1      |   15|          3|   32|         96|
    |grp_fu_305_p0      |   15|          3|   32|         96|
    |grp_fu_305_p1      |   15|          3|   32|         96|
    |grp_fu_309_p0      |   15|          3|   32|         96|
    |grp_fu_309_p1      |   15|          3|   32|         96|
    |grp_fu_313_opcode  |   27|          5|    5|         25|
    |grp_fu_313_p0      |   27|          5|   32|        160|
    |grp_fu_313_p1      |   33|          6|   32|        192|
    |grp_fu_318_opcode  |   33|          6|    5|         30|
    |grp_fu_318_p0      |   33|          6|   32|        192|
    |grp_fu_318_p1      |   33|          6|   32|        192|
    |grp_fu_323_opcode  |   15|          3|    5|         15|
    |grp_fu_323_p0      |   21|          4|   32|        128|
    |grp_fu_323_p1      |   15|          3|   32|         96|
    |grp_fu_328_opcode  |   21|          4|    5|         20|
    |grp_fu_328_p0      |   21|          4|   32|        128|
    |grp_fu_328_p1      |   15|          3|   32|         96|
    |grp_fu_333_opcode  |   15|          3|    5|         15|
    |grp_fu_333_p0      |   15|          3|   32|         96|
    |grp_fu_338_opcode  |   15|          3|    5|         15|
    |grp_fu_338_p0      |   15|          3|   32|         96|
    +-------------------+-----+-----------+-----+-----------+
    |Total              |  853|        167|  838|       3496|
    +-------------------+-----+-----------+-----+-----------+

    * Register: 
    +---------------------------------------------------------+-----+----+-----+-----------+
    |                           Name                          |  FF | LUT| Bits| Const Bits|
    +---------------------------------------------------------+-----+----+-----+-----------+
    |Dout_addr_1_reg_1789                                     |   64|   0|   64|          0|
    |Dout_addr_reg_1783                                       |   64|   0|   64|          0|
    |I_sum_d                                                  |   32|   0|   32|          0|
    |I_sum_q                                                  |   32|   0|   32|          0|
    |P_sum_d_reg_1867                                         |   32|   0|   32|          0|
    |P_sum_q_reg_1872                                         |   32|   0|   32|          0|
    |V_dc_volts_read_reg_1629                                 |   32|   0|   32|          0|
    |and_ln23_2_reg_1973                                      |    1|   0|    1|          0|
    |and_ln23_5_reg_1987                                      |    1|   0|    1|          0|
    |and_ln23_7_reg_1993                                      |    1|   0|    1|          0|
    |and_ln23_reg_1967                                        |    1|   0|    1|          0|
    |and_ln25_1_reg_2005                                      |    1|   0|    1|          0|
    |and_ln25_reg_1999                                        |    1|   0|    1|          0|
    |ap_CS_fsm                                                |   29|   0|   29|          0|
    |bitcast_ln64_1_reg_2011                                  |   32|   0|   32|          0|
    |bitcast_ln64_reg_1959                                    |   32|   0|   32|          0|
    |bitcast_ln65_1_reg_2022                                  |   32|   0|   32|          0|
    |bitcast_ln65_reg_1979                                    |   32|   0|   32|          0|
    |decouple_voltage_2_reg_1954                              |   32|   0|   32|          0|
    |decouple_voltage_3_reg_1949                              |   32|   0|   32|          0|
    |empty_49_reg_1644                                        |   32|   0|   32|          0|
    |empty_reg_1634                                           |   32|   0|   32|          0|
    |fcmp_ln35_reg_1914                                       |    1|   0|    1|          0|
    |fcmp_ln35_reg_1919                                       |    1|   0|    1|          0|
    |fcmp_ln35_reg_1929                                       |    1|   0|    1|          0|
    |fcmp_ln35_reg_1934                                       |    1|   0|    1|          0|
    |grp_uz_FOC_SpaceVector_Limitation_1_fu_265_ap_start_reg  |    1|   0|    1|          0|
    |i_actual_Ampere_q_reg_1811                               |   32|   0|   32|          0|
    |icmp_ln23_10_reg_1730                                    |    1|   0|    1|          0|
    |icmp_ln23_11_reg_1735                                    |    1|   0|    1|          0|
    |icmp_ln23_2_reg_1690                                     |    1|   0|    1|          0|
    |icmp_ln23_3_reg_1695                                     |    1|   0|    1|          0|
    |icmp_ln23_4_reg_1700                                     |    1|   0|    1|          0|
    |icmp_ln23_5_reg_1705                                     |    1|   0|    1|          0|
    |icmp_ln23_8_reg_1720                                     |    1|   0|    1|          0|
    |icmp_ln23_9_reg_1725                                     |    1|   0|    1|          0|
    |icmp_ln31_1_reg_2116                                     |    1|   0|    1|          0|
    |icmp_ln31_2_reg_2121                                     |    1|   0|    1|          0|
    |icmp_ln31_3_reg_2126                                     |    1|   0|    1|          0|
    |icmp_ln31_4_reg_2146                                     |    1|   0|    1|          0|
    |icmp_ln31_5_reg_2151                                     |    1|   0|    1|          0|
    |icmp_ln31_6_reg_2156                                     |    1|   0|    1|          0|
    |icmp_ln31_7_reg_2161                                     |    1|   0|    1|          0|
    |icmp_ln31_reg_2111                                       |    1|   0|    1|          0|
    |mul1_i_i_reg_1842                                        |   32|   0|   32|          0|
    |newret_reg_2176                                          |  256|   0|  256|          0|
    |omega_el_rad_per_sec_read_reg_1622                       |   32|   0|   32|          0|
    |or_ln35_1_reg_1887                                       |    1|   0|    1|          0|
    |or_ln35_2_reg_2089                                       |    1|   0|    1|          0|
    |or_ln35_3_reg_1893                                       |    1|   0|    1|          0|
    |or_ln35_reg_2082                                         |    1|   0|    1|          0|
    |output_10_reg_2073                                       |   32|   0|   32|          0|
    |output_12_reg_2034                                       |   32|   0|   32|          0|
    |output_13_reg_2039                                       |   32|   0|   32|          0|
    |output_8_reg_2064                                        |   32|   0|   32|          0|
    |p_cast3_reg_1649                                         |   32|   0|   32|          0|
    |p_cast_reg_1639                                          |   32|   0|   32|          0|
    |reg_353                                                  |   32|   0|   32|          0|
    |reg_362                                                  |   32|   0|   32|          0|
    |reg_373                                                  |   32|   0|   32|          0|
    |reg_384                                                  |   32|   0|   32|          0|
    |select_ln66_reg_2166                                     |   32|   0|   32|          0|
    |select_ln67_reg_2171                                     |   32|   0|   32|          0|
    |self_read_reg_1655                                       |  256|   0|  256|          0|
    |tmp_11_reg_2106                                          |    1|   0|    1|          0|
    |tmp_17_reg_2054                                          |    1|   0|    1|          0|
    |tmp_19_reg_2059                                          |    1|   0|    1|          0|
    |tmp_25_reg_1924                                          |    1|   0|    1|          0|
    |tmp_27_reg_2141                                          |    1|   0|    1|          0|
    |tmp_2_reg_2044                                           |    1|   0|    1|          0|
    |tmp_33_reg_1740                                          |    1|   0|    1|          0|
    |tmp_34_reg_1756                                          |    1|   0|    1|          0|
    |tmp_5_reg_2049                                           |    1|   0|    1|          0|
    |tmp_7_reg_1909                                           |    1|   0|    1|          0|
    |trunc_ln1_reg_1665                                       |   32|   0|   32|          0|
    |trunc_ln20_1_reg_1778                                    |   32|   0|   32|          0|
    |trunc_ln20_2_reg_1768                                    |   32|   0|   32|          0|
    |trunc_ln2_reg_1751                                       |   32|   0|   32|          0|
    |trunc_ln33_reg_1762                                      |    1|   0|    1|          0|
    |trunc_ln3_reg_1773                                       |   32|   0|   32|          0|
    |trunc_ln4_reg_1680                                       |   32|   0|   32|          0|
    |trunc_ln60_reg_1670                                      |   32|   0|   32|          0|
    |trunc_ln61_reg_1675                                      |   32|   0|   32|          0|
    |trunc_ln64_1_reg_1685                                    |   32|   0|   32|          0|
    |trunc_ln65_1_reg_1715                                    |   32|   0|   32|          0|
    |trunc_ln7_reg_1710                                       |   32|   0|   32|          0|
    |trunc_ln9_reg_1746                                       |   32|   0|   32|          0|
    |trunc_ln_reg_1660                                        |   32|   0|   32|          0|
    |u_dq_vor_Volts_2_reg_1944                                |   32|   0|   32|          0|
    |u_dq_vor_Volts_reg_1939                                  |   32|   0|   32|          0|
    |u_output_Volts_d_reg_2181                                |   32|   0|   32|          0|
    |u_output_Volts_q_reg_2186                                |   32|   0|   32|          0|
    |xor_ln25_reg_1822                                        |   32|   0|   32|          0|
    +---------------------------------------------------------+-----+----+-----+-----------+
    |Total                                                    | 2183|   0| 2183|          0|
    +---------------------------------------------------------+-----+----+-----+-----------+



================================================================
== Interface
================================================================
* Summary: 
+-----------------------+-----+-----+------------+---------------+--------------+
|       RTL Ports       | Dir | Bits|  Protocol  | Source Object |    C Type    |
+-----------------------+-----+-----+------------+---------------+--------------+
|s_axi_Din_AWVALID      |  in |    1|    s_axi   |      Din      |    pointer   |
|s_axi_Din_AWREADY      | out |    1|    s_axi   |      Din      |    pointer   |
|s_axi_Din_AWADDR       |  in |    8|    s_axi   |      Din      |    pointer   |
|s_axi_Din_WVALID       |  in |    1|    s_axi   |      Din      |    pointer   |
|s_axi_Din_WREADY       | out |    1|    s_axi   |      Din      |    pointer   |
|s_axi_Din_WDATA        |  in |   32|    s_axi   |      Din      |    pointer   |
|s_axi_Din_WSTRB        |  in |    4|    s_axi   |      Din      |    pointer   |
|s_axi_Din_ARVALID      |  in |    1|    s_axi   |      Din      |    pointer   |
|s_axi_Din_ARREADY      | out |    1|    s_axi   |      Din      |    pointer   |
|s_axi_Din_ARADDR       |  in |    8|    s_axi   |      Din      |    pointer   |
|s_axi_Din_RVALID       | out |    1|    s_axi   |      Din      |    pointer   |
|s_axi_Din_RREADY       |  in |    1|    s_axi   |      Din      |    pointer   |
|s_axi_Din_RDATA        | out |   32|    s_axi   |      Din      |    pointer   |
|s_axi_Din_RRESP        | out |    2|    s_axi   |      Din      |    pointer   |
|s_axi_Din_BVALID       | out |    1|    s_axi   |      Din      |    pointer   |
|s_axi_Din_BREADY       |  in |    1|    s_axi   |      Din      |    pointer   |
|s_axi_Din_BRESP        | out |    2|    s_axi   |      Din      |    pointer   |
|s_axi_control_AWVALID  |  in |    1|    s_axi   |    control    |    scalar    |
|s_axi_control_AWREADY  | out |    1|    s_axi   |    control    |    scalar    |
|s_axi_control_AWADDR   |  in |    6|    s_axi   |    control    |    scalar    |
|s_axi_control_WVALID   |  in |    1|    s_axi   |    control    |    scalar    |
|s_axi_control_WREADY   | out |    1|    s_axi   |    control    |    scalar    |
|s_axi_control_WDATA    |  in |   32|    s_axi   |    control    |    scalar    |
|s_axi_control_WSTRB    |  in |    4|    s_axi   |    control    |    scalar    |
|s_axi_control_ARVALID  |  in |    1|    s_axi   |    control    |    scalar    |
|s_axi_control_ARREADY  | out |    1|    s_axi   |    control    |    scalar    |
|s_axi_control_ARADDR   |  in |    6|    s_axi   |    control    |    scalar    |
|s_axi_control_RVALID   | out |    1|    s_axi   |    control    |    scalar    |
|s_axi_control_RREADY   |  in |    1|    s_axi   |    control    |    scalar    |
|s_axi_control_RDATA    | out |   32|    s_axi   |    control    |    scalar    |
|s_axi_control_RRESP    | out |    2|    s_axi   |    control    |    scalar    |
|s_axi_control_BVALID   | out |    1|    s_axi   |    control    |    scalar    |
|s_axi_control_BREADY   |  in |    1|    s_axi   |    control    |    scalar    |
|s_axi_control_BRESP    | out |    2|    s_axi   |    control    |    scalar    |
|ap_clk                 |  in |    1| ap_ctrl_hs | uz_FOC_sample | return value |
|ap_rst_n               |  in |    1| ap_ctrl_hs | uz_FOC_sample | return value |
|interrupt              | out |    1| ap_ctrl_hs | uz_FOC_sample | return value |
|m_axi_Dout_AWVALID     | out |    1|    m_axi   |      Dout     |    pointer   |
|m_axi_Dout_AWREADY     |  in |    1|    m_axi   |      Dout     |    pointer   |
|m_axi_Dout_AWADDR      | out |   64|    m_axi   |      Dout     |    pointer   |
|m_axi_Dout_AWID        | out |    1|    m_axi   |      Dout     |    pointer   |
|m_axi_Dout_AWLEN       | out |    8|    m_axi   |      Dout     |    pointer   |
|m_axi_Dout_AWSIZE      | out |    3|    m_axi   |      Dout     |    pointer   |
|m_axi_Dout_AWBURST     | out |    2|    m_axi   |      Dout     |    pointer   |
|m_axi_Dout_AWLOCK      | out |    2|    m_axi   |      Dout     |    pointer   |
|m_axi_Dout_AWCACHE     | out |    4|    m_axi   |      Dout     |    pointer   |
|m_axi_Dout_AWPROT      | out |    3|    m_axi   |      Dout     |    pointer   |
|m_axi_Dout_AWQOS       | out |    4|    m_axi   |      Dout     |    pointer   |
|m_axi_Dout_AWREGION    | out |    4|    m_axi   |      Dout     |    pointer   |
|m_axi_Dout_AWUSER      | out |    1|    m_axi   |      Dout     |    pointer   |
|m_axi_Dout_WVALID      | out |    1|    m_axi   |      Dout     |    pointer   |
|m_axi_Dout_WREADY      |  in |    1|    m_axi   |      Dout     |    pointer   |
|m_axi_Dout_WDATA       | out |   32|    m_axi   |      Dout     |    pointer   |
|m_axi_Dout_WSTRB       | out |    4|    m_axi   |      Dout     |    pointer   |
|m_axi_Dout_WLAST       | out |    1|    m_axi   |      Dout     |    pointer   |
|m_axi_Dout_WID         | out |    1|    m_axi   |      Dout     |    pointer   |
|m_axi_Dout_WUSER       | out |    1|    m_axi   |      Dout     |    pointer   |
|m_axi_Dout_ARVALID     | out |    1|    m_axi   |      Dout     |    pointer   |
|m_axi_Dout_ARREADY     |  in |    1|    m_axi   |      Dout     |    pointer   |
|m_axi_Dout_ARADDR      | out |   64|    m_axi   |      Dout     |    pointer   |
|m_axi_Dout_ARID        | out |    1|    m_axi   |      Dout     |    pointer   |
|m_axi_Dout_ARLEN       | out |    8|    m_axi   |      Dout     |    pointer   |
|m_axi_Dout_ARSIZE      | out |    3|    m_axi   |      Dout     |    pointer   |
|m_axi_Dout_ARBURST     | out |    2|    m_axi   |      Dout     |    pointer   |
|m_axi_Dout_ARLOCK      | out |    2|    m_axi   |      Dout     |    pointer   |
|m_axi_Dout_ARCACHE     | out |    4|    m_axi   |      Dout     |    pointer   |
|m_axi_Dout_ARPROT      | out |    3|    m_axi   |      Dout     |    pointer   |
|m_axi_Dout_ARQOS       | out |    4|    m_axi   |      Dout     |    pointer   |
|m_axi_Dout_ARREGION    | out |    4|    m_axi   |      Dout     |    pointer   |
|m_axi_Dout_ARUSER      | out |    1|    m_axi   |      Dout     |    pointer   |
|m_axi_Dout_RVALID      |  in |    1|    m_axi   |      Dout     |    pointer   |
|m_axi_Dout_RREADY      | out |    1|    m_axi   |      Dout     |    pointer   |
|m_axi_Dout_RDATA       |  in |   32|    m_axi   |      Dout     |    pointer   |
|m_axi_Dout_RLAST       |  in |    1|    m_axi   |      Dout     |    pointer   |
|m_axi_Dout_RID         |  in |    1|    m_axi   |      Dout     |    pointer   |
|m_axi_Dout_RUSER       |  in |    1|    m_axi   |      Dout     |    pointer   |
|m_axi_Dout_RRESP       |  in |    2|    m_axi   |      Dout     |    pointer   |
|m_axi_Dout_BVALID      |  in |    1|    m_axi   |      Dout     |    pointer   |
|m_axi_Dout_BREADY      | out |    1|    m_axi   |      Dout     |    pointer   |
|m_axi_Dout_BRESP       |  in |    2|    m_axi   |      Dout     |    pointer   |
|m_axi_Dout_BID         |  in |    1|    m_axi   |      Dout     |    pointer   |
|m_axi_Dout_BUSER       |  in |    1|    m_axi   |      Dout     |    pointer   |
+-----------------------+-----+-----+------------+---------------+--------------+

