			Lattice Semiconductor Corporation.
			Lattice Programmer Diamond (64-bit) 3.13.0.56.2 Command Line (Database V3.11.1)



System Information:
-----------------------------------------------------
 Microsoft(R) Windows(R) 10.0  64-bit
 13th Gen Intel(R) Core(TM) i5-1335U 2496MHz


Connected to Lattice Cable Server.
Board with FTDI USB Host Chip detected.


Frequency setting= 7500000 Hz
Check configuration setup: Start.
JTAG Chain Verification. No Errors.
Check configuration setup: Successful.
Device1 LCMXO2-2000HC: FLASH Erase,Program,Verify

Total erase time: 1420 ms.

Number of Loop = 142/1500
Execution time: 00 min : 16 sec
Operation Done. No errors.
Elapsed time: 00 min : 17 sec
Device2 LCMXO2-2000HC: FLASH Erase,Program,Verify

Total erase time: 1400 ms.

Number of Loop = 140/1500
Execution time: 00 min : 15 sec
Operation Done. No errors.
Elapsed time: 00 min : 16 sec
Device3 LCMXO2-2000HC: FLASH Erase,Program,Verify

Total erase time: 1830 ms.

Number of Loop = 183/1500
Execution time: 00 min : 16 sec
Operation Done. No errors.
Elapsed time: 00 min : 18 sec
Device4 LCMXO2-2000HC: FLASH Erase,Program,Verify

Total erase time: 1230 ms.

Number of Loop = 123/1500
Execution time: 00 min : 17 sec
Operation Done. No errors.
Elapsed time: 00 min : 19 sec
Device5 LCMXO2-2000HC: FLASH Erase,Program,Verify

Total erase time: 1740 ms.

Number of Loop = 174/1500
Execution time: 00 min : 17 sec
Operation Done. No errors.
Elapsed time: 00 min : 19 sec
Operation: successful.
