#-----------------------------------------------------------
# Vivado v2022.2.2 (64-bit)
# SW Build 3788238 on Tue Feb 21 19:59:23 MST 2023
# IP Build 3783773 on Tue Feb 21 23:41:56 MST 2023
# Start of session at: Mon Apr 20 13:42:28 2026
# Process ID: 2429301
# Current directory: /home/hoernermi/git/ultrazohm/ultrazohm_sw_clean
# Command line: vivado
# Log file: /home/hoernermi/git/ultrazohm/ultrazohm_sw_clean/vivado.log
# Journal file: /home/hoernermi/git/ultrazohm/ultrazohm_sw_clean/vivado.jou
# Running On: lin1, OS: Linux, CPU Frequency: 3699.934 MHz, CPU Physical cores: 4, Host memory: 33419 MB
#-----------------------------------------------------------
start_gui
open_project /home/hoernermi/git/ultrazohm/ultrazohm_sw_clean/vivado/project/ultrazohm.xpr
open_bd_design {/home/hoernermi/git/ultrazohm/ultrazohm_sw_clean/vivado/project/zusys/zusys.bd}
update_compile_order -fileset sources_1
create_bd_port -dir I Dig_06_Ch5
startgroup
disconnect_bd_net /uz_user/Dig_07_Ch5_1 [get_bd_pins uz_user/uz_endat_interface_0/endat_data_in]
disconnect_bd_net /uz_user/trigger_endat_1 [get_bd_pins uz_user/uz_endat_interface_0/trigger_endat_read]
disconnect_bd_net /uz_user/zynq_ultra_ps_e_0_pl_clk1 [get_bd_pins uz_user/uz_endat_interface_0/AXI4_Lite_ACLK] [get_bd_pins uz_user/uz_endat_interface_0/IPCORE_CLK]
disconnect_bd_net /uz_user/proc_sys_reset_1_peripheral_aresetn [get_bd_pins uz_user/uz_endat_interface_0/AXI4_Lite_ARESETN] [get_bd_pins uz_user/uz_endat_interface_0/IPCORE_RESETN]
delete_bd_objs [get_bd_intf_nets uz_user/smartconnect_1_M01_AXI]
endgroup
startgroup
delete_bd_objs [get_bd_nets uz_user/uz_endat_interface_0_CRC_raw]
delete_bd_objs [get_bd_nets uz_user/uz_endat_interface_0_endat_transaction_done]
delete_bd_objs [get_bd_nets uz_user/uz_endat_interface_0_position_raw_single_turn]
delete_bd_objs [get_bd_nets uz_user/uz_endat_interface_0_position_raw_multi_turn]
disconnect_bd_net /uz_user/uz_endat_interface_0_endat_mode_data_out [get_bd_pins uz_user/uz_endat_interface_0/endat_mode_data_out]
disconnect_bd_net /uz_user/uz_endat_interface_0_RW_data [get_bd_pins uz_user/uz_endat_interface_0/RW_data]
delete_bd_objs [get_bd_nets uz_user/uz_endat_interface_0_endat_received_data_out_SH]
disconnect_bd_net /uz_user/uz_endat_interface_0_endat_clk [get_bd_pins uz_user/uz_endat_interface_0/endat_clk]
delete_bd_objs [get_bd_nets uz_user/uz_endat_interface_0_RW_clk]
endgroup
delete_bd_objs [get_bd_cells uz_user/uz_endat_interface_0]
update_ip_catalog -rebuild
create_bd_pin -dir I uz_user/Dig_06_Ch5
create_bd_pin -dir I uz_user/Dig_18_Ch5
set_property location {-257 532} [get_bd_pins uz_user/Dig_06_Ch5]
startgroup
create_bd_cell -type ip -vlnv xilinx.com:ip:uz_endat_interface:1.0 uz_user/uz_endat_interface_0
endgroup
startgroup
create_bd_cell -type ip -vlnv xilinx.com:ip:uz_endat_interface:1.0 uz_user/uz_endat_interface_1
endgroup
set_property location {1 34 1042} [get_bd_cells uz_user/uz_endat_interface_1]
startgroup
create_bd_cell -type ip -vlnv xilinx.com:ip:uz_endat_interface:1.0 uz_user/uz_endat_interface_2
endgroup
connect_bd_net [get_bd_pins uz_user/aresetn] [get_bd_pins uz_user/uz_endat_interface_2/AXI4_Lite_ARESETN]
connect_bd_net [get_bd_pins uz_user/aresetn] [get_bd_pins uz_user/uz_endat_interface_0/IPCORE_RESETN]
connect_bd_net [get_bd_pins uz_user/aresetn] [get_bd_pins uz_user/uz_endat_interface_0/AXI4_Lite_ARESETN]
connect_bd_net [get_bd_pins uz_user/aresetn] [get_bd_pins uz_user/uz_endat_interface_1/IPCORE_RESETN]
connect_bd_net [get_bd_pins uz_user/aresetn] [get_bd_pins uz_user/uz_endat_interface_1/AXI4_Lite_ARESETN]
connect_bd_net [get_bd_pins uz_user/aresetn] [get_bd_pins uz_user/uz_endat_interface_2/IPCORE_RESETN]
connect_bd_net [get_bd_pins uz_user/aclk] [get_bd_pins uz_user/uz_endat_interface_2/AXI4_Lite_ACLK]
connect_bd_net [get_bd_pins uz_user/aclk] [get_bd_pins uz_user/uz_endat_interface_0/IPCORE_CLK]
connect_bd_net [get_bd_pins uz_user/aclk] [get_bd_pins uz_user/uz_endat_interface_0/AXI4_Lite_ACLK]
connect_bd_net [get_bd_pins uz_user/aclk] [get_bd_pins uz_user/uz_endat_interface_1/IPCORE_CLK]
connect_bd_net [get_bd_pins uz_user/aclk] [get_bd_pins uz_user/uz_endat_interface_1/AXI4_Lite_ACLK]
connect_bd_net [get_bd_pins uz_user/aclk] [get_bd_pins uz_user/uz_endat_interface_2/IPCORE_CLK]
connect_bd_net [get_bd_pins uz_user/trigger_endat] [get_bd_pins uz_user/uz_endat_interface_2/trigger_endat_read]
connect_bd_net [get_bd_pins uz_user/trigger_endat] [get_bd_pins uz_user/uz_endat_interface_0/trigger_endat_read]
connect_bd_net [get_bd_pins uz_user/trigger_endat] [get_bd_pins uz_user/uz_endat_interface_1/trigger_endat_read]
connect_bd_net [get_bd_pins uz_user/Dig_18_Ch5] [get_bd_pins uz_user/uz_endat_interface_2/endat_data_in]
connect_bd_net [get_bd_pins uz_user/Dig_06_Ch5] [get_bd_pins uz_user/uz_endat_interface_1/endat_data_in]
connect_bd_net [get_bd_pins uz_user/Dig_07_Ch5] [get_bd_pins uz_user/uz_endat_interface_0/endat_data_in]
startgroup
set_property CONFIG.NUM_MI {4} [get_bd_cells uz_user/smartconnect_1]
endgroup
connect_bd_intf_net [get_bd_intf_pins uz_user/uz_endat_interface_0/AXI4_Lite] [get_bd_intf_pins uz_user/smartconnect_1/M01_AXI]
connect_bd_intf_net [get_bd_intf_pins uz_user/uz_endat_interface_1/AXI4_Lite] [get_bd_intf_pins uz_user/smartconnect_1/M02_AXI]
connect_bd_intf_net [get_bd_intf_pins uz_user/uz_endat_interface_2/AXI4_Lite] [get_bd_intf_pins uz_user/smartconnect_1/M03_AXI]
connect_bd_net [get_bd_pins uz_user/CLK_Dig_15_Ch5] [get_bd_pins uz_user/uz_endat_interface_0/endat_clk]
connect_bd_net [get_bd_pins uz_user/TX_DATA_Dig_08_Ch5] [get_bd_pins uz_user/uz_endat_interface_0/endat_mode_data_out]
connect_bd_net [get_bd_pins uz_user/RW_CLK_Dig_17_Ch5] [get_bd_pins uz_user/uz_endat_interface_0/RW_clk]
connect_bd_net [get_bd_pins uz_user/RW_DATA_Dig_11_Ch5] [get_bd_pins uz_user/uz_endat_interface_0/RW_data]
create_bd_pin -dir O uz_user/CLK_Dig_14_Ch5
connect_bd_net [get_bd_pins uz_user/CLK_Dig_14_Ch5] [get_bd_pins uz_user/uz_endat_interface_1/endat_clk]
set_property location {1008 821} [get_bd_pins uz_user/CLK_Dig_14_Ch5]
create_bd_pin -dir O uz_user/TX_DATA_Dig_09_Ch5
connect_bd_net [get_bd_pins uz_user/TX_DATA_Dig_09_Ch5] [get_bd_pins uz_user/uz_endat_interface_1/endat_mode_data_out]
create_bd_pin -dir O uz_user/RW_CLK_Dig_16_Ch5
connect_bd_net [get_bd_pins uz_user/RW_CLK_Dig_16_Ch5] [get_bd_pins uz_user/uz_endat_interface_1/RW_clk]
create_bd_pin -dir O uz_user/RW_DATA_Dig_10_Ch5
connect_bd_net [get_bd_pins uz_user/RW_DATA_Dig_10_Ch5] [get_bd_pins uz_user/uz_endat_interface_1/RW_data]
create_bd_pin -dir O uz_user/CLK_Dig_22_Ch5
create_bd_pin -dir O uz_user/TX_DATA_Dig_12_Ch5
create_bd_pin -dir O uz_user/RW_CLK_Dig_23_Ch5
create_bd_pin -dir O uz_user/RW_DATA_Dig20_Ch5
connect_bd_net [get_bd_pins uz_user/RW_DATA_Dig20_Ch5] [get_bd_pins uz_user/uz_endat_interface_2/RW_data]
connect_bd_net [get_bd_pins uz_user/RW_CLK_Dig_23_Ch5] [get_bd_pins uz_user/uz_endat_interface_2/RW_clk]
connect_bd_net [get_bd_pins uz_user/TX_DATA_Dig_12_Ch5] [get_bd_pins uz_user/uz_endat_interface_2/endat_mode_data_out]
connect_bd_net [get_bd_pins uz_user/CLK_Dig_22_Ch5] [get_bd_pins uz_user/uz_endat_interface_2/endat_clk]
set_property name RW_DATA_Dig_20_Ch5 [get_bd_pins uz_user/RW_DATA_Dig20_Ch5]
assign_bd_address
save_bd_design
create_bd_port -dir O Dig_14_Ch5
create_bd_port -dir O Dig_09_Ch5
create_bd_port -dir O Dig_16_Ch5
create_bd_port -dir O Dig_10_Ch5
create_bd_port -dir O Dig_22_Ch5
create_bd_port -dir O Dig_12_Ch5
create_bd_port -dir O Dig_23_Ch5
create_bd_port -dir O Dig_20_Ch5
connect_bd_net [get_bd_ports Dig_14_Ch5] [get_bd_pins uz_user/CLK_Dig_14_Ch5]
connect_bd_net [get_bd_ports Dig_09_Ch5] [get_bd_pins uz_user/TX_DATA_Dig_09_Ch5]
connect_bd_net [get_bd_ports Dig_16_Ch5] [get_bd_pins uz_user/RW_CLK_Dig_16_Ch5]
connect_bd_net [get_bd_ports Dig_10_Ch5] [get_bd_pins uz_user/RW_DATA_Dig_10_Ch5]
connect_bd_net [get_bd_ports Dig_22_Ch5] [get_bd_pins uz_user/CLK_Dig_22_Ch5]
connect_bd_net [get_bd_ports Dig_12_Ch5] [get_bd_pins uz_user/TX_DATA_Dig_12_Ch5]
set_property location {2329 1173} [get_bd_ports Dig_23_Ch5]
connect_bd_net [get_bd_ports Dig_23_Ch5] [get_bd_pins uz_user/RW_CLK_Dig_23_Ch5]
connect_bd_net [get_bd_ports Dig_20_Ch5] [get_bd_pins uz_user/RW_DATA_Dig_20_Ch5]
save_bd_design
validate_bd_design
connect_bd_net [get_bd_pins uz_user/ila_0/probe4] [get_bd_pins uz_user/uz_endat_interface_0/endat_transaction_done]
connect_bd_net [get_bd_pins uz_user/ila_0/probe6] [get_bd_pins uz_user/uz_endat_interface_0/endat_received_data_out_SH]
connect_bd_net [get_bd_pins uz_user/ila_0/probe7] [get_bd_pins uz_user/uz_endat_interface_0/position_raw_single_turn]
connect_bd_net [get_bd_pins uz_user/ila_0/probe8] [get_bd_pins uz_user/uz_endat_interface_0/position_raw_multi_turn]
connect_bd_net [get_bd_pins uz_user/ila_0/probe9] [get_bd_pins uz_user/uz_endat_interface_0/CRC_raw]
save_bd_design
validate_bd_design
connect_bd_net [get_bd_ports Dig_06_Ch5] [get_bd_pins uz_user/Dig_06_Ch5]
connect_bd_net [get_bd_ports Dig_18_Ch5] [get_bd_pins uz_user/Dig_18_Ch5]
save_bd_design
validate_bd_design
save_bd_design
reset_run synth_1
reset_run zusys_smartconnect_0_0_synth_1
reset_run zusys_system_ila_0_2_synth_1
reset_run zusys_system_ila_0_3_synth_1
reset_run zusys_system_ila_0_4_synth_1
reset_run zusys_system_ila_0_0_synth_1
reset_run zusys_system_ila_0_1_synth_1
reset_run zusys_smartconnect_1_0_synth_1
reset_run zusys_smartconnect_1_1_synth_1
launch_runs impl_1 -to_step write_bitstream -jobs 6
wait_on_run impl_1
source /home/hoernermi/git/ultrazohm/ultrazohm_sw_clean/tcl_scripts/vivado_export_xsa.tcl
