==============================================================
Vitis HLS - High-Level Synthesis from C, C++ and OpenCL v2022.2 (64-bit)
Tool Version Limit: 2019.12
Copyright 1986-2022 Xilinx, Inc. All Rights Reserved.
==============================================================
==============================================================
Vitis HLS - High-Level Synthesis from C, C++ and OpenCL v2022.2 (64-bit)
Tool Version Limit: 2019.12
Copyright 1986-2022 Xilinx, Inc. All Rights Reserved.
==============================================================
==============================================================
Vitis HLS - High-Level Synthesis from C, C++ and OpenCL v2022.2 (64-bit)
Tool Version Limit: 2019.12
Copyright 1986-2022 Xilinx, Inc. All Rights Reserved.
==============================================================
INFO: [SYN 201-201] Setting up clock 'default' with a period of 10ns.
INFO: [HLS 200-1611] Setting target device to 'xczu9eg-ffvc900-1-e'
INFO: [HLS 200-1505] Using flow_target 'vitis'
INFO: [HLS 200-1464] Running solution command: config_interface -m_axi_latency=64
INFO: [HLS 200-1464] Running solution command: config_interface -m_axi_alignment_byte_size=64
INFO: [HLS 200-1464] Running solution command: config_interface -m_axi_max_widen_bitwidth=512
INFO: [HLS 200-1464] Running solution command: config_interface -default_interface=kernel
INFO: [HLS 200-1464] Running solution command: config_rtl -register_reset_num=3
INFO: [HLS 200-1510] Running: set_part xczu9eg-ffvc900-1-e 
INFO: [HLS 200-1510] Running: create_clock -period 10 -name default 
INFO: [HLS 200-1510] Running: config_interface -m_axi_alignment_byte_size 64 -m_axi_latency 64 -m_axi_max_widen_bitwidth 512 
INFO: [HLS 200-1510] Running: config_rtl -register_reset_num 3 
INFO: [HLS 200-1510] Running: source ./HLS_Project/solution1/directives.tcl
INFO: [HLS 200-1510] Running: csynth_design 
INFO: [HLS 200-111] Finished File checks and directory preparation: CPU user time: 0 seconds. CPU system time: 0 seconds. Elapsed time: 10.02 seconds; current allocated memory: 206.723 MB.
INFO: [HLS 200-10] Analyzing design file 'HLS_Project/matrix_multiply.cpp' ... 
INFO: [HLS 200-111] Finished Source Code Analysis and Preprocessing: CPU user time: 0.2 seconds. CPU system time: 0.37 seconds. Elapsed time: 0.68 seconds; current allocated memory: 206.723 MB.
INFO: [HLS 200-777] Using interface defaults for 'Vitis' flow target.
INFO: [HLS 200-111] Finished Compiling Optimization and Transform: CPU user time: 2.75 seconds. CPU system time: 0.48 seconds. Elapsed time: 3.33 seconds; current allocated memory: 207.578 MB.
INFO: [HLS 200-111] Finished Checking Pragmas: CPU user time: 0 seconds. CPU system time: 0 seconds. Elapsed time: 0 seconds; current allocated memory: 207.578 MB.
INFO: [HLS 200-10] Starting code transformations ...
INFO: [HLS 200-111] Finished Standard Transforms: CPU user time: 0 seconds. CPU system time: 0.01 seconds. Elapsed time: 0.03 seconds; current allocated memory: 208.203 MB.
INFO: [HLS 200-10] Checking synthesizability ...
INFO: [HLS 200-111] Finished Checking Synthesizability: CPU user time: 0 seconds. CPU system time: 0 seconds. Elapsed time: 0.01 seconds; current allocated memory: 208.258 MB.
INFO: [XFORM 203-510] Pipelining loop 'VITIS_LOOP_16_1' (HLS_Project/matrix_multiply.cpp:16) in function 'MatrixMultiplication' automatically.
INFO: [XFORM 203-510] Pipelining loop 'VITIS_LOOP_22_4' (HLS_Project/matrix_multiply.cpp:22) in function 'MatrixMultiplication' automatically.
INFO: [XFORM 203-510] Pipelining loop 'VITIS_LOOP_25_5' (HLS_Project/matrix_multiply.cpp:25) in function 'MatrixMultiplication' automatically.
INFO: [XFORM 203-510] Pipelining loop 'Loop-3.1' in function 'MatrixMultiplication' automatically.
INFO: [HLS 200-111] Finished Loop, function and other optimizations: CPU user time: 0.04 seconds. CPU system time: 0.01 seconds. Elapsed time: 0.04 seconds; current allocated memory: 229.973 MB.
WARNING: [HLS 200-960] Cannot flatten loop 'VITIS_LOOP_21_3' (HLS_Project/matrix_multiply.cpp:21:40) in function 'MatrixMultiplication' more than one sub loop.
WARNING: [HLS 200-960] Cannot flatten loop 'VITIS_LOOP_19_2' (HLS_Project/matrix_multiply.cpp:19:39) in function 'MatrixMultiplication' more than one sub loop.
INFO: [HLS 200-472] Inferring partial write operation for 'acc' 
INFO: [HLS 200-472] Inferring partial write operation for 'acc' (HLS_Project/matrix_multiply.cpp:23:13)
INFO: [HLS 200-111] Finished Architecture Synthesis: CPU user time: 0.04 seconds. CPU system time: 0.02 seconds. Elapsed time: 0.06 seconds; current allocated memory: 253.531 MB.
INFO: [HLS 200-10] Starting hardware synthesis ...
INFO: [HLS 200-10] Synthesizing 'MatrixMultiplication' ...
INFO: [HLS 200-10] ----------------------------------------------------------------
INFO: [HLS 200-42] -- Implementing module 'MatrixMultiplication_Pipeline_VITIS_LOOP_16_1' 
INFO: [HLS 200-10] ----------------------------------------------------------------
INFO: [SCHED 204-11] Starting scheduling ...
INFO: [SCHED 204-61] Pipelining loop 'VITIS_LOOP_16_1'.
INFO: [HLS 200-1470] Pipelining result : Target II = NA, Final II = 1, Depth = 3, loop 'VITIS_LOOP_16_1'
INFO: [SCHED 204-11] Finished scheduling.
INFO: [HLS 200-111] Finished Scheduling: CPU user time: 0.02 seconds. CPU system time: 0.02 seconds. Elapsed time: 0.05 seconds; current allocated memory: 254.035 MB.
INFO: [BIND 205-100] Starting micro-architecture generation ...
INFO: [BIND 205-101] Performing variable lifetime analysis.
INFO: [BIND 205-101] Exploring resource sharing.
INFO: [BIND 205-101] Binding ...
INFO: [BIND 205-100] Finished micro-architecture generation.
INFO: [HLS 200-111] Finished Binding: CPU user time: 0.02 seconds. CPU system time: 0 seconds. Elapsed time: 0.02 seconds; current allocated memory: 254.051 MB.
INFO: [HLS 200-10] ----------------------------------------------------------------
INFO: [HLS 200-42] -- Implementing module 'MatrixMultiplication_Pipeline_2' 
INFO: [HLS 200-10] ----------------------------------------------------------------
INFO: [SCHED 204-11] Starting scheduling ...
INFO: [SCHED 204-61] Pipelining loop 'Loop 1'.
INFO: [HLS 200-1470] Pipelining result : Target II = NA, Final II = 1, Depth = 1, loop 'Loop 1'
INFO: [SCHED 204-11] Finished scheduling.
INFO: [HLS 200-111] Finished Scheduling: CPU user time: 0.03 seconds. CPU system time: 0 seconds. Elapsed time: 0.03 seconds; current allocated memory: 255.195 MB.
INFO: [BIND 205-100] Starting micro-architecture generation ...
INFO: [BIND 205-101] Performing variable lifetime analysis.
INFO: [BIND 205-101] Exploring resource sharing.
INFO: [BIND 205-101] Binding ...
INFO: [BIND 205-100] Finished micro-architecture generation.
INFO: [HLS 200-111] Finished Binding: CPU user time: 0.01 seconds. CPU system time: 0 seconds. Elapsed time: 0.01 seconds; current allocated memory: 255.195 MB.
INFO: [HLS 200-10] ----------------------------------------------------------------
INFO: [HLS 200-42] -- Implementing module 'MatrixMultiplication_Pipeline_VITIS_LOOP_22_4' 
INFO: [HLS 200-10] ----------------------------------------------------------------
INFO: [SCHED 204-11] Starting scheduling ...
INFO: [SCHED 204-61] Pipelining loop 'VITIS_LOOP_22_4'.
INFO: [HLS 200-1470] Pipelining result : Target II = NA, Final II = 1, Depth = 5, loop 'VITIS_LOOP_22_4'
INFO: [SCHED 204-11] Finished scheduling.
INFO: [HLS 200-111] Finished Scheduling: CPU user time: 0.03 seconds. CPU system time: 0 seconds. Elapsed time: 0.04 seconds; current allocated memory: 255.547 MB.
INFO: [BIND 205-100] Starting micro-architecture generation ...
INFO: [BIND 205-101] Performing variable lifetime analysis.
INFO: [BIND 205-101] Exploring resource sharing.
INFO: [BIND 205-101] Binding ...
INFO: [BIND 205-100] Finished micro-architecture generation.
INFO: [HLS 200-111] Finished Binding: CPU user time: 0.02 seconds. CPU system time: 0 seconds. Elapsed time: 0.03 seconds; current allocated memory: 255.547 MB.
INFO: [HLS 200-10] ----------------------------------------------------------------
INFO: [HLS 200-42] -- Implementing module 'MatrixMultiplication_Pipeline_VITIS_LOOP_25_5' 
INFO: [HLS 200-10] ----------------------------------------------------------------
INFO: [SCHED 204-11] Starting scheduling ...
INFO: [SCHED 204-61] Pipelining loop 'VITIS_LOOP_25_5'.
WARNING: [HLS 200-880] The II Violation in module 'MatrixMultiplication_Pipeline_VITIS_LOOP_25_5' (loop 'VITIS_LOOP_25_5'): Unable to enforce a carried dependence constraint (II = 1, distance = 1, offset = 0) between 'store' operation ('add3211_write_ln25', HLS_Project/matrix_multiply.cpp:25) of variable 'add', HLS_Project/matrix_multiply.cpp:26 on local variable 'add3211' and 'load' operation ('add3211_load', HLS_Project/matrix_multiply.cpp:26) on local variable 'add3211'.
WARNING: [HLS 200-880] The II Violation in module 'MatrixMultiplication_Pipeline_VITIS_LOOP_25_5' (loop 'VITIS_LOOP_25_5'): Unable to enforce a carried dependence constraint (II = 2, distance = 1, offset = 0) between 'store' operation ('add3211_write_ln25', HLS_Project/matrix_multiply.cpp:25) of variable 'add', HLS_Project/matrix_multiply.cpp:26 on local variable 'add3211' and 'load' operation ('add3211_load', HLS_Project/matrix_multiply.cpp:26) on local variable 'add3211'.
==============================================================
Vitis HLS - High-Level Synthesis from C, C++ and OpenCL v2022.2 (64-bit)
Tool Version Limit: 2019.12
Copyright 1986-2022 Xilinx, Inc. All Rights Reserved.
==============================================================
==============================================================
Vitis HLS - High-Level Synthesis from C, C++ and OpenCL v2022.2 (64-bit)
Tool Version Limit: 2019.12
Copyright 1986-2022 Xilinx, Inc. All Rights Reserved.
==============================================================
==============================================================
Vitis HLS - High-Level Synthesis from C, C++ and OpenCL v2022.2 (64-bit)
Tool Version Limit: 2019.12
Copyright 1986-2022 Xilinx, Inc. All Rights Reserved.
==============================================================
==============================================================
Vitis HLS - High-Level Synthesis from C, C++ and OpenCL v2022.2 (64-bit)
Tool Version Limit: 2019.12
Copyright 1986-2022 Xilinx, Inc. All Rights Reserved.
==============================================================
==============================================================
Vitis HLS - High-Level Synthesis from C, C++ and OpenCL v2022.2 (64-bit)
Tool Version Limit: 2019.12
Copyright 1986-2022 Xilinx, Inc. All Rights Reserved.
==============================================================
==============================================================
Vitis HLS - High-Level Synthesis from C, C++ and OpenCL v2022.2 (64-bit)
Tool Version Limit: 2019.12
Copyright 1986-2022 Xilinx, Inc. All Rights Reserved.
==============================================================
INFO: [SYN 201-201] Setting up clock 'default' with a period of 10ns.
INFO: [HLS 200-1611] Setting target device to 'xczu9eg-ffvc900-1-e'
INFO: [HLS 200-1505] Using flow_target 'vitis'
INFO: [HLS 200-1464] Running solution command: config_interface -m_axi_latency=64
INFO: [HLS 200-1464] Running solution command: config_interface -m_axi_alignment_byte_size=64
INFO: [HLS 200-1464] Running solution command: config_interface -m_axi_max_widen_bitwidth=512
INFO: [HLS 200-1464] Running solution command: config_interface -default_interface=kernel
INFO: [HLS 200-1464] Running solution command: config_rtl -register_reset_num=3
INFO: [HLS 200-1510] Running: set_part xczu9eg-ffvc900-1-e 
INFO: [HLS 200-1510] Running: create_clock -period 10 -name default 
INFO: [HLS 200-1510] Running: config_interface -m_axi_alignment_byte_size 64 -m_axi_latency 64 -m_axi_max_widen_bitwidth 512 
INFO: [HLS 200-1510] Running: config_rtl -register_reset_num 3 
INFO: [HLS 200-1510] Running: source ./HLS_Project/solution1/directives.tcl
INFO: [HLS 200-1510] Running: set_directive_top -name MatrixMultiplication MatrixMultiplication 
INFO: [HLS 200-1510] Running: csynth_design 
INFO: [HLS 200-111] Finished File checks and directory preparation: CPU user time: 0.01 seconds. CPU system time: 0 seconds. Elapsed time: 10.02 seconds; current allocated memory: 206.707 MB.
INFO: [HLS 200-10] Analyzing design file 'HLS_Project/matrix_multiply.cpp' ... 
INFO: [HLS 200-111] Finished Source Code Analysis and Preprocessing: CPU user time: 0.21 seconds. CPU system time: 0.51 seconds. Elapsed time: 0.88 seconds; current allocated memory: 206.734 MB.
INFO: [HLS 200-777] Using interface defaults for 'Vitis' flow target.
INFO: [HLS 214-115] Multiple burst reads of length 5 and bit width 32 in loop 'VITIS_LOOP_20_1'(HLS_Project/matrix_multiply.cpp:20:19) has been inferred on bundle 'arrays'. These burst requests might be further partitioned into multiple requests during RTL generation, based on max_read_burst_length or max_write_burst_length settings. (HLS_Project/matrix_multiply.cpp:20:19)
INFO: [HLS 214-115] Multiple burst reads of length 25 and bit width 32 in loop 'VITIS_LOOP_24_2'(HLS_Project/matrix_multiply.cpp:24:19) has been inferred on bundle 'arrays'. These burst requests might be further partitioned into multiple requests during RTL generation, based on max_read_burst_length or max_write_burst_length settings. (HLS_Project/matrix_multiply.cpp:24:19)
INFO: [HLS 214-115] Multiple burst writes of length 5 and bit width 32 in loop 'VITIS_LOOP_41_7'(HLS_Project/matrix_multiply.cpp:41:19) has been inferred on bundle 'arrays'. These burst requests might be further partitioned into multiple requests during RTL generation, based on max_read_burst_length or max_write_burst_length settings. (HLS_Project/matrix_multiply.cpp:41:19)
INFO: [HLS 200-111] Finished Compiling Optimization and Transform: CPU user time: 2.92 seconds. CPU system time: 0.56 seconds. Elapsed time: 3.6 seconds; current allocated memory: 208.059 MB.
INFO: [HLS 200-111] Finished Checking Pragmas: CPU user time: 0 seconds. CPU system time: 0 seconds. Elapsed time: 0 seconds; current allocated memory: 208.059 MB.
INFO: [HLS 200-10] Starting code transformations ...
INFO: [HLS 200-111] Finished Standard Transforms: CPU user time: 0.01 seconds. CPU system time: 0.01 seconds. Elapsed time: 0.03 seconds; current allocated memory: 208.660 MB.
INFO: [HLS 200-10] Checking synthesizability ...
INFO: [HLS 200-111] Finished Checking Synthesizability: CPU user time: 0.01 seconds. CPU system time: 0 seconds. Elapsed time: 0.01 seconds; current allocated memory: 208.762 MB.
INFO: [XFORM 203-510] Pipelining loop 'Loop-2' in function 'MatrixMultiplication' automatically.
INFO: [XFORM 203-510] Pipelining loop 'Loop-3' in function 'MatrixMultiplication' automatically.
INFO: [XFORM 203-510] Pipelining loop 'Loop-4' in function 'MatrixMultiplication' automatically.
INFO: [XFORM 203-510] Pipelining loop 'VITIS_LOOP_20_1' (HLS_Project/matrix_multiply.cpp:20) in function 'MatrixMultiplication' automatically.
INFO: [XFORM 203-510] Pipelining loop 'VITIS_LOOP_24_2' (HLS_Project/matrix_multiply.cpp:24) in function 'MatrixMultiplication' automatically.
INFO: [XFORM 203-510] Pipelining loop 'VITIS_LOOP_31_5' (HLS_Project/matrix_multiply.cpp:31) in function 'MatrixMultiplication' automatically.
INFO: [XFORM 203-510] Pipelining loop 'VITIS_LOOP_34_6' (HLS_Project/matrix_multiply.cpp:34) in function 'MatrixMultiplication' automatically.
INFO: [XFORM 203-510] Pipelining loop 'Loop-7.1' in function 'MatrixMultiplication' automatically.
INFO: [XFORM 203-510] Pipelining loop 'VITIS_LOOP_41_7' (HLS_Project/matrix_multiply.cpp:41) in function 'MatrixMultiplication' automatically.
INFO: [HLS 200-111] Finished Loop, function and other optimizations: CPU user time: 0.05 seconds. CPU system time: 0.01 seconds. Elapsed time: 0.06 seconds; current allocated memory: 230.859 MB.
WARNING: [HLS 200-960] Cannot flatten loop 'VITIS_LOOP_30_4' (HLS_Project/matrix_multiply.cpp:30:39) in function 'MatrixMultiplication' more than one sub loop.
WARNING: [HLS 200-960] Cannot flatten loop 'VITIS_LOOP_28_3' (HLS_Project/matrix_multiply.cpp:28:38) in function 'MatrixMultiplication' more than one sub loop.
INFO: [HLS 200-472] Inferring partial write operation for 'A' 
INFO: [HLS 200-472] Inferring partial write operation for 'B' 
INFO: [HLS 200-472] Inferring partial write operation for 'C' 
INFO: [HLS 200-472] Inferring partial write operation for 'A' (HLS_Project/matrix_multiply.cpp:21:8)
INFO: [HLS 200-472] Inferring partial write operation for 'B' (HLS_Project/matrix_multiply.cpp:25:8)
INFO: [HLS 200-472] Inferring partial write operation for 'acc' 
INFO: [HLS 200-472] Inferring partial write operation for 'acc' (HLS_Project/matrix_multiply.cpp:32:12)
INFO: [HLS 200-472] Inferring partial write operation for 'C' (HLS_Project/matrix_multiply.cpp:35:23)
INFO: [HLS 200-111] Finished Architecture Synthesis: CPU user time: 0.06 seconds. CPU system time: 0.03 seconds. Elapsed time: 0.1 seconds; current allocated memory: 308.488 MB.
INFO: [HLS 200-10] Starting hardware synthesis ...
INFO: [HLS 200-10] Synthesizing 'MatrixMultiplication' ...
INFO: [HLS 200-10] ----------------------------------------------------------------
INFO: [HLS 200-42] -- Implementing module 'MatrixMultiplication_Pipeline_1' 
INFO: [HLS 200-10] ----------------------------------------------------------------
INFO: [SCHED 204-11] Starting scheduling ...
INFO: [SCHED 204-61] Pipelining loop 'Loop 1'.
INFO: [HLS 200-1470] Pipelining result : Target II = NA, Final II = 1, Depth = 1, loop 'Loop 1'
INFO: [SCHED 204-11] Finished scheduling.
INFO: [HLS 200-111] Finished Scheduling: CPU user time: 0.02 seconds. CPU system time: 0.03 seconds. Elapsed time: 0.06 seconds; current allocated memory: 309.824 MB.
INFO: [BIND 205-100] Starting micro-architecture generation ...
INFO: [BIND 205-101] Performing variable lifetime analysis.
INFO: [BIND 205-101] Exploring resource sharing.
INFO: [BIND 205-101] Binding ...
INFO: [BIND 205-100] Finished micro-architecture generation.
INFO: [HLS 200-111] Finished Binding: CPU user time: 0.01 seconds. CPU system time: 0 seconds. Elapsed time: 0.01 seconds; current allocated memory: 309.824 MB.
INFO: [HLS 200-10] ----------------------------------------------------------------
INFO: [HLS 200-42] -- Implementing module 'MatrixMultiplication_Pipeline_2' 
INFO: [HLS 200-10] ----------------------------------------------------------------
INFO: [SCHED 204-11] Starting scheduling ...
INFO: [SCHED 204-61] Pipelining loop 'Loop 1'.
INFO: [HLS 200-1470] Pipelining result : Target II = NA, Final II = 1, Depth = 1, loop 'Loop 1'
INFO: [SCHED 204-11] Finished scheduling.
INFO: [HLS 200-111] Finished Scheduling: CPU user time: 0.02 seconds. CPU system time: 0 seconds. Elapsed time: 0.02 seconds; current allocated memory: 310.129 MB.
INFO: [BIND 205-100] Starting micro-architecture generation ...
INFO: [BIND 205-101] Performing variable lifetime analysis.
INFO: [BIND 205-101] Exploring resource sharing.
INFO: [BIND 205-101] Binding ...
INFO: [BIND 205-100] Finished micro-architecture generation.
INFO: [HLS 200-111] Finished Binding: CPU user time: 0.01 seconds. CPU system time: 0 seconds. Elapsed time: 0.01 seconds; current allocated memory: 310.129 MB.
INFO: [HLS 200-10] ----------------------------------------------------------------
INFO: [HLS 200-42] -- Implementing module 'MatrixMultiplication_Pipeline_3' 
INFO: [HLS 200-10] ----------------------------------------------------------------
INFO: [SCHED 204-11] Starting scheduling ...
INFO: [SCHED 204-61] Pipelining loop 'Loop 1'.
INFO: [HLS 200-1470] Pipelining result : Target II = NA, Final II = 1, Depth = 1, loop 'Loop 1'
INFO: [SCHED 204-11] Finished scheduling.
INFO: [HLS 200-111] Finished Scheduling: CPU user time: 0.02 seconds. CPU system time: 0 seconds. Elapsed time: 0.02 seconds; current allocated memory: 310.355 MB.
INFO: [BIND 205-100] Starting micro-architecture generation ...
INFO: [BIND 205-101] Performing variable lifetime analysis.
INFO: [BIND 205-101] Exploring resource sharing.
INFO: [BIND 205-101] Binding ...
INFO: [BIND 205-100] Finished micro-architecture generation.
INFO: [HLS 200-111] Finished Binding: CPU user time: 0.01 seconds. CPU system time: 0 seconds. Elapsed time: 0.01 seconds; current allocated memory: 310.355 MB.
INFO: [HLS 200-10] ----------------------------------------------------------------
INFO: [HLS 200-42] -- Implementing module 'MatrixMultiplication_Pipeline_VITIS_LOOP_20_1' 
INFO: [HLS 200-10] ----------------------------------------------------------------
INFO: [SCHED 204-11] Starting scheduling ...
INFO: [SCHED 204-61] Pipelining loop 'VITIS_LOOP_20_1'.
INFO: [HLS 200-1470] Pipelining result : Target II = NA, Final II = 1, Depth = 3, loop 'VITIS_LOOP_20_1'
INFO: [SCHED 204-11] Finished scheduling.
INFO: [HLS 200-111] Finished Scheduling: CPU user time: 0.03 seconds. CPU system time: 0 seconds. Elapsed time: 0.03 seconds; current allocated memory: 310.520 MB.
INFO: [BIND 205-100] Starting micro-architecture generation ...
INFO: [BIND 205-101] Performing variable lifetime analysis.
INFO: [BIND 205-101] Exploring resource sharing.
INFO: [BIND 205-101] Binding ...
INFO: [BIND 205-100] Finished micro-architecture generation.
INFO: [HLS 200-111] Finished Binding: CPU user time: 0.01 seconds. CPU system time: 0 seconds. Elapsed time: 0.01 seconds; current allocated memory: 310.520 MB.
INFO: [HLS 200-10] ----------------------------------------------------------------
INFO: [HLS 200-42] -- Implementing module 'MatrixMultiplication_Pipeline_VITIS_LOOP_24_2' 
INFO: [HLS 200-10] ----------------------------------------------------------------
INFO: [SCHED 204-11] Starting scheduling ...
INFO: [SCHED 204-61] Pipelining loop 'VITIS_LOOP_24_2'.
INFO: [HLS 200-1470] Pipelining result : Target II = NA, Final II = 1, Depth = 3, loop 'VITIS_LOOP_24_2'
INFO: [SCHED 204-11] Finished scheduling.
INFO: [HLS 200-111] Finished Scheduling: CPU user time: 0.03 seconds. CPU system time: 0 seconds. Elapsed time: 0.02 seconds; current allocated memory: 310.898 MB.
INFO: [BIND 205-100] Starting micro-architecture generation ...
INFO: [BIND 205-101] Performing variable lifetime analysis.
INFO: [BIND 205-101] Exploring resource sharing.
INFO: [BIND 205-101] Binding ...
INFO: [BIND 205-100] Finished micro-architecture generation.
INFO: [HLS 200-111] Finished Binding: CPU user time: 0.02 seconds. CPU system time: 0 seconds. Elapsed time: 0.02 seconds; current allocated memory: 310.898 MB.
INFO: [HLS 200-10] ----------------------------------------------------------------
INFO: [HLS 200-42] -- Implementing module 'MatrixMultiplication_Pipeline_6' 
INFO: [HLS 200-10] ----------------------------------------------------------------
INFO: [SCHED 204-11] Starting scheduling ...
INFO: [SCHED 204-61] Pipelining loop 'Loop 1'.
INFO: [HLS 200-1470] Pipelining result : Target II = NA, Final II = 1, Depth = 1, loop 'Loop 1'
INFO: [SCHED 204-11] Finished scheduling.
INFO: [HLS 200-111] Finished Scheduling: CPU user time: 0.02 seconds. CPU system time: 0.01 seconds. Elapsed time: 0.02 seconds; current allocated memory: 311.176 MB.
INFO: [BIND 205-100] Starting micro-architecture generation ...
INFO: [BIND 205-101] Performing variable lifetime analysis.
INFO: [BIND 205-101] Exploring resource sharing.
INFO: [BIND 205-101] Binding ...
INFO: [BIND 205-100] Finished micro-architecture generation.
INFO: [HLS 200-111] Finished Binding: CPU user time: 0.01 seconds. CPU system time: 0 seconds. Elapsed time: 0.02 seconds; current allocated memory: 311.176 MB.
INFO: [HLS 200-10] ----------------------------------------------------------------
INFO: [HLS 200-42] -- Implementing module 'MatrixMultiplication_Pipeline_VITIS_LOOP_31_5' 
INFO: [HLS 200-10] ----------------------------------------------------------------
INFO: [SCHED 204-11] Starting scheduling ...
INFO: [SCHED 204-61] Pipelining loop 'VITIS_LOOP_31_5'.
INFO: [HLS 200-1470] Pipelining result : Target II = NA, Final II = 1, Depth = 5, loop 'VITIS_LOOP_31_5'
INFO: [SCHED 204-11] Finished scheduling.
INFO: [HLS 200-111] Finished Scheduling: CPU user time: 0.03 seconds. CPU system time: 0.01 seconds. Elapsed time: 0.04 seconds; current allocated memory: 311.477 MB.
INFO: [BIND 205-100] Starting micro-architecture generation ...
INFO: [BIND 205-101] Performing variable lifetime analysis.
INFO: [BIND 205-101] Exploring resource sharing.
INFO: [BIND 205-101] Binding ...
INFO: [BIND 205-100] Finished micro-architecture generation.
INFO: [HLS 200-111] Finished Binding: CPU user time: 0.03 seconds. CPU system time: 0 seconds. Elapsed time: 0.03 seconds; current allocated memory: 311.477 MB.
INFO: [HLS 200-10] ----------------------------------------------------------------
INFO: [HLS 200-42] -- Implementing module 'MatrixMultiplication_Pipeline_VITIS_LOOP_34_6' 
INFO: [HLS 200-10] ----------------------------------------------------------------
INFO: [SCHED 204-11] Starting scheduling ...
INFO: [SCHED 204-61] Pipelining loop 'VITIS_LOOP_34_6'.
WARNING: [HLS 200-880] The II Violation in module 'MatrixMultiplication_Pipeline_VITIS_LOOP_34_6' (loop 'VITIS_LOOP_34_6'): Unable to enforce a carried dependence constraint (II = 1, distance = 1, offset = 0) between 'store' operation ('add4518_write_ln34', HLS_Project/matrix_multiply.cpp:34) of variable 'add', HLS_Project/matrix_multiply.cpp:35 on local variable 'add4518' and 'load' operation ('add4518_load', HLS_Project/matrix_multiply.cpp:35) on local variable 'add4518'.
WARNING: [HLS 200-880] The II Violation in module 'MatrixMultiplication_Pipeline_VITIS_LOOP_34_6' (loop 'VITIS_LOOP_34_6'): Unable to enforce a carried dependence constraint (II = 2, distance = 1, offset = 0) between 'store' operation ('add4518_write_ln34', HLS_Project/matrix_multiply.cpp:34) of variable 'add', HLS_Project/matrix_multiply.cpp:35 on local variable 'add4518' and 'load' operation ('add4518_load', HLS_Project/matrix_multiply.cpp:35) on local variable 'add4518'.
WARNING: [HLS 200-880] The II Violation in module 'MatrixMultiplication_Pipeline_VITIS_LOOP_34_6' (loop 'VITIS_LOOP_34_6'): Unable to enforce a carried dependence constraint (II = 3, distance = 1, offset = 0) between 'store' operation ('add4518_write_ln34', HLS_Project/matrix_multiply.cpp:34) of variable 'add', HLS_Project/matrix_multiply.cpp:35 on local variable 'add4518' and 'load' operation ('add4518_load', HLS_Project/matrix_multiply.cpp:35) on local variable 'add4518'.
INFO: [HLS 200-1470] Pipelining result : Target II = NA, Final II = 4, Depth = 6, loop 'VITIS_LOOP_34_6'
INFO: [SCHED 204-11] Finished scheduling.
INFO: [HLS 200-111] Finished Scheduling: CPU user time: 0.06 seconds. CPU system time: 0 seconds. Elapsed time: 0.06 seconds; current allocated memory: 311.844 MB.
INFO: [BIND 205-100] Starting micro-architecture generation ...
INFO: [BIND 205-101] Performing variable lifetime analysis.
INFO: [BIND 205-101] Exploring resource sharing.
INFO: [BIND 205-101] Binding ...
INFO: [BIND 205-100] Finished micro-architecture generation.
INFO: [HLS 200-111] Finished Binding: CPU user time: 0.04 seconds. CPU system time: 0 seconds. Elapsed time: 0.04 seconds; current allocated memory: 311.844 MB.
INFO: [HLS 200-10] ----------------------------------------------------------------
INFO: [HLS 200-42] -- Implementing module 'MatrixMultiplication_Pipeline_VITIS_LOOP_41_7' 
INFO: [HLS 200-10] ----------------------------------------------------------------
INFO: [SCHED 204-11] Starting scheduling ...
INFO: [SCHED 204-61] Pipelining loop 'VITIS_LOOP_41_7'.
INFO: [HLS 200-1470] Pipelining result : Target II = NA, Final II = 1, Depth = 3, loop 'VITIS_LOOP_41_7'
INFO: [SCHED 204-11] Finished scheduling.
INFO: [HLS 200-111] Finished Scheduling: CPU user time: 0.03 seconds. CPU system time: 0 seconds. Elapsed time: 0.04 seconds; current allocated memory: 312.219 MB.
INFO: [BIND 205-100] Starting micro-architecture generation ...
INFO: [BIND 205-101] Performing variable lifetime analysis.
INFO: [BIND 205-101] Exploring resource sharing.
INFO: [BIND 205-101] Binding ...
INFO: [BIND 205-100] Finished micro-architecture generation.
INFO: [HLS 200-111] Finished Binding: CPU user time: 0.01 seconds. CPU system time: 0 seconds. Elapsed time: 0.02 seconds; current allocated memory: 312.219 MB.
INFO: [HLS 200-10] ----------------------------------------------------------------
INFO: [HLS 200-42] -- Implementing module 'MatrixMultiplication' 
INFO: [HLS 200-10] ----------------------------------------------------------------
INFO: [SCHED 204-11] Starting scheduling ...
INFO: [SCHED 204-11] Finished scheduling.
INFO: [HLS 200-111] Finished Scheduling: CPU user time: 0.24 seconds. CPU system time: 0.02 seconds. Elapsed time: 0.25 seconds; current allocated memory: 312.797 MB.
INFO: [BIND 205-100] Starting micro-architecture generation ...
INFO: [BIND 205-101] Performing variable lifetime analysis.
INFO: [BIND 205-101] Exploring resource sharing.
INFO: [BIND 205-101] Binding ...
INFO: [BIND 205-100] Finished micro-architecture generation.
INFO: [HLS 200-111] Finished Binding: CPU user time: 0.59 seconds. CPU system time: 0 seconds. Elapsed time: 0.6 seconds; current allocated memory: 313.199 MB.
INFO: [HLS 200-10] ----------------------------------------------------------------
INFO: [HLS 200-10] -- Generating RTL for module 'MatrixMultiplication_Pipeline_1' 
INFO: [HLS 200-10] ----------------------------------------------------------------
INFO: [RTGEN 206-100] Finished creating RTL model for 'MatrixMultiplication_Pipeline_1'.
INFO: [HLS 200-111] Finished Creating RTL model: CPU user time: 0.17 seconds. CPU system time: 0 seconds. Elapsed time: 0.17 seconds; current allocated memory: 313.602 MB.
INFO: [HLS 200-10] ----------------------------------------------------------------
INFO: [HLS 200-10] -- Generating RTL for module 'MatrixMultiplication_Pipeline_2' 
INFO: [HLS 200-10] ----------------------------------------------------------------
INFO: [RTGEN 206-100] Finished creating RTL model for 'MatrixMultiplication_Pipeline_2'.
INFO: [HLS 200-111] Finished Creating RTL model: CPU user time: 0.03 seconds. CPU system time: 0 seconds. Elapsed time: 0.04 seconds; current allocated memory: 314.320 MB.
INFO: [HLS 200-10] ----------------------------------------------------------------
INFO: [HLS 200-10] -- Generating RTL for module 'MatrixMultiplication_Pipeline_3' 
INFO: [HLS 200-10] ----------------------------------------------------------------
INFO: [RTGEN 206-100] Finished creating RTL model for 'MatrixMultiplication_Pipeline_3'.
INFO: [HLS 200-111] Finished Creating RTL model: CPU user time: 0.03 seconds. CPU system time: 0.01 seconds. Elapsed time: 0.03 seconds; current allocated memory: 314.926 MB.
INFO: [HLS 200-10] ----------------------------------------------------------------
INFO: [HLS 200-10] -- Generating RTL for module 'MatrixMultiplication_Pipeline_VITIS_LOOP_20_1' 
INFO: [HLS 200-10] ----------------------------------------------------------------
INFO: [HLS 200-1030] Apply Unified Pipeline Control on module 'MatrixMultiplication_Pipeline_VITIS_LOOP_20_1' pipeline 'VITIS_LOOP_20_1' pipeline type 'loop pipeline'
WARNING: [RTGEN 206-101] Setting dangling out port 'MatrixMultiplication_Pipeline_VITIS_LOOP_20_1/m_axi_arrays_ARVALID' to 0.
WARNING: [RTGEN 206-101] Setting dangling out port 'MatrixMultiplication_Pipeline_VITIS_LOOP_20_1/m_axi_arrays_ARADDR' to 0.
WARNING: [RTGEN 206-101] Setting dangling out port 'MatrixMultiplication_Pipeline_VITIS_LOOP_20_1/m_axi_arrays_ARID' to 0.
WARNING: [RTGEN 206-101] Setting dangling out port 'MatrixMultiplication_Pipeline_VITIS_LOOP_20_1/m_axi_arrays_ARLEN' to 0.
WARNING: [RTGEN 206-101] Setting dangling out port 'MatrixMultiplication_Pipeline_VITIS_LOOP_20_1/m_axi_arrays_ARSIZE' to 0.
WARNING: [RTGEN 206-101] Setting dangling out port 'MatrixMultiplication_Pipeline_VITIS_LOOP_20_1/m_axi_arrays_ARBURST' to 0.
WARNING: [RTGEN 206-101] Setting dangling out port 'MatrixMultiplication_Pipeline_VITIS_LOOP_20_1/m_axi_arrays_ARLOCK' to 0.
WARNING: [RTGEN 206-101] Setting dangling out port 'MatrixMultiplication_Pipeline_VITIS_LOOP_20_1/m_axi_arrays_ARCACHE' to 0.
WARNING: [RTGEN 206-101] Setting dangling out port 'MatrixMultiplication_Pipeline_VITIS_LOOP_20_1/m_axi_arrays_ARPROT' to 0.
WARNING: [RTGEN 206-101] Setting dangling out port 'MatrixMultiplication_Pipeline_VITIS_LOOP_20_1/m_axi_arrays_ARQOS' to 0.
WARNING: [RTGEN 206-101] Setting dangling out port 'MatrixMultiplication_Pipeline_VITIS_LOOP_20_1/m_axi_arrays_ARREGION' to 0.
WARNING: [RTGEN 206-101] Setting dangling out port 'MatrixMultiplication_Pipeline_VITIS_LOOP_20_1/m_axi_arrays_ARUSER' to 0.
INFO: [RTGEN 206-100] Finished creating RTL model for 'MatrixMultiplication_Pipeline_VITIS_LOOP_20_1'.
INFO: [HLS 200-111] Finished Creating RTL model: CPU user time: 0.04 seconds. CPU system time: 0 seconds. Elapsed time: 0.06 seconds; current allocated memory: 315.809 MB.
INFO: [HLS 200-10] ----------------------------------------------------------------
INFO: [HLS 200-10] -- Generating RTL for module 'MatrixMultiplication_Pipeline_VITIS_LOOP_24_2' 
INFO: [HLS 200-10] ----------------------------------------------------------------
INFO: [HLS 200-1030] Apply Unified Pipeline Control on module 'MatrixMultiplication_Pipeline_VITIS_LOOP_24_2' pipeline 'VITIS_LOOP_24_2' pipeline type 'loop pipeline'
WARNING: [RTGEN 206-101] Setting dangling out port 'MatrixMultiplication_Pipeline_VITIS_LOOP_24_2/m_axi_arrays_ARVALID' to 0.
WARNING: [RTGEN 206-101] Setting dangling out port 'MatrixMultiplication_Pipeline_VITIS_LOOP_24_2/m_axi_arrays_ARADDR' to 0.
WARNING: [RTGEN 206-101] Setting dangling out port 'MatrixMultiplication_Pipeline_VITIS_LOOP_24_2/m_axi_arrays_ARID' to 0.
WARNING: [RTGEN 206-101] Setting dangling out port 'MatrixMultiplication_Pipeline_VITIS_LOOP_24_2/m_axi_arrays_ARLEN' to 0.
WARNING: [RTGEN 206-101] Setting dangling out port 'MatrixMultiplication_Pipeline_VITIS_LOOP_24_2/m_axi_arrays_ARSIZE' to 0.
WARNING: [RTGEN 206-101] Setting dangling out port 'MatrixMultiplication_Pipeline_VITIS_LOOP_24_2/m_axi_arrays_ARBURST' to 0.
WARNING: [RTGEN 206-101] Setting dangling out port 'MatrixMultiplication_Pipeline_VITIS_LOOP_24_2/m_axi_arrays_ARLOCK' to 0.
WARNING: [RTGEN 206-101] Setting dangling out port 'MatrixMultiplication_Pipeline_VITIS_LOOP_24_2/m_axi_arrays_ARCACHE' to 0.
WARNING: [RTGEN 206-101] Setting dangling out port 'MatrixMultiplication_Pipeline_VITIS_LOOP_24_2/m_axi_arrays_ARPROT' to 0.
WARNING: [RTGEN 206-101] Setting dangling out port 'MatrixMultiplication_Pipeline_VITIS_LOOP_24_2/m_axi_arrays_ARQOS' to 0.
WARNING: [RTGEN 206-101] Setting dangling out port 'MatrixMultiplication_Pipeline_VITIS_LOOP_24_2/m_axi_arrays_ARREGION' to 0.
WARNING: [RTGEN 206-101] Setting dangling out port 'MatrixMultiplication_Pipeline_VITIS_LOOP_24_2/m_axi_arrays_ARUSER' to 0.
INFO: [RTGEN 206-100] Finished creating RTL model for 'MatrixMultiplication_Pipeline_VITIS_LOOP_24_2'.
INFO: [HLS 200-111] Finished Creating RTL model: CPU user time: 0.09 seconds. CPU system time: 0 seconds. Elapsed time: 0.1 seconds; current allocated memory: 316.805 MB.
INFO: [HLS 200-10] ----------------------------------------------------------------
INFO: [HLS 200-10] -- Generating RTL for module 'MatrixMultiplication_Pipeline_6' 
INFO: [HLS 200-10] ----------------------------------------------------------------
INFO: [RTGEN 206-100] Finished creating RTL model for 'MatrixMultiplication_Pipeline_6'.
==============================================================
Vitis HLS - High-Level Synthesis from C, C++ and OpenCL v2022.2 (64-bit)
Tool Version Limit: 2019.12
Copyright 1986-2022 Xilinx, Inc. All Rights Reserved.
==============================================================
