

================================================================
== Vitis HLS Report for 'Block_split13108_proc'
================================================================
* Date:           Fri May 19 07:25:41 2023

* Version:        2020.1 (Build 2902540 on Wed May 27 20:16:15 MDT 2020)
* Project:        uz_VSD
* Solution:       solution1 (Vivado IP Flow Target)
* Product family: zynquplus
* Target device:  xczu19eg-ffve1924-2-e


================================================================
== Performance Estimates
================================================================
+ Timing: 
    * Summary: 
    +--------+----------+----------+------------+
    |  Clock |  Target  | Estimated| Uncertainty|
    +--------+----------+----------+------------+
    |ap_clk  | 10.00 ns | 6.437 ns |   2.70 ns  |
    +--------+----------+----------+------------+

+ Latency: 
    * Summary: 
    +---------+---------+-----------+-----------+-----+-----+---------+
    |  Latency (cycles) |   Latency (absolute)  |  Interval | Pipeline|
    |   min   |   max   |    min    |    max    | min | max |   Type  |
    +---------+---------+-----------+-----------+-----+-----+---------+
    |        4|        4| 40.000 ns | 40.000 ns |    4|    4|   none  |
    +---------+---------+-----------+-----------+-----+-----+---------+

    + Detail: 
        * Instance: 
        N/A

        * Loop: 
        N/A



================================================================
== Utilization Estimates
================================================================
* Summary: 
+-----------------+---------+------+---------+--------+-----+
|       Name      | BRAM_18K|  DSP |    FF   |   LUT  | URAM|
+-----------------+---------+------+---------+--------+-----+
|DSP              |        -|     -|        -|       -|    -|
|Expression       |        -|     -|        0|       2|    -|
|FIFO             |        -|     -|        -|       -|    -|
|Instance         |        -|     2|      227|     214|    -|
|Memory           |        -|     -|        -|       -|    -|
|Multiplexer      |        -|     -|        -|      60|    -|
|Register         |        -|     -|       70|       -|    -|
+-----------------+---------+------+---------+--------+-----+
|Total            |        0|     2|      297|     276|    0|
+-----------------+---------+------+---------+--------+-----+
|Available        |     1968|  1968|  1045440|  522720|  128|
+-----------------+---------+------+---------+--------+-----+
|Utilization (%)  |        0|  ~0  |    ~0   |   ~0   |    0|
+-----------------+---------+------+---------+--------+-----+

+ Detail: 
    * Instance: 
    +-------------------------------------+--------------------------------+---------+----+-----+-----+-----+
    |               Instance              |             Module             | BRAM_18K| DSP|  FF | LUT | URAM|
    +-------------------------------------+--------------------------------+---------+----+-----+-----+-----+
    |fadd_32ns_32ns_32_4_full_dsp_1_U262  |fadd_32ns_32ns_32_4_full_dsp_1  |        0|   2|  227|  214|    0|
    +-------------------------------------+--------------------------------+---------+----+-----+-----+-----+
    |Total                                |                                |        0|   2|  227|  214|    0|
    +-------------------------------------+--------------------------------+---------+----+-----+-----+-----+

    * DSP: 
    N/A

    * Memory: 
    N/A

    * FIFO: 
    N/A

    * Expression: 
    +-----------------+----------+----+---+----+------------+------------+
    |  Variable Name  | Operation| DSP| FF| LUT| Bitwidth P0| Bitwidth P1|
    +-----------------+----------+----+---+----+------------+------------+
    |ap_block_state1  |    or    |   0|  0|   2|           1|           1|
    +-----------------+----------+----+---+----+------------+------------+
    |Total            |          |   0|  0|   2|           1|           1|
    +-----------------+----------+----+---+----+------------+------------+

    * Multiplexer: 
    +------------------+----+-----------+-----+-----------+
    |       Name       | LUT| Input Size| Bits| Total Bits|
    +------------------+----+-----------+-----+-----------+
    |ap_NS_fsm         |  33|          6|    1|          6|
    |ap_done           |   9|          2|    1|          2|
    |ap_return         |   9|          2|   32|         64|
    |products_2_blk_n  |   9|          2|    1|          2|
    +------------------+----+-----------+-----+-----------+
    |Total             |  60|         12|   35|         74|
    +------------------+----+-----------+-----+-----------+

    * Register: 
    +------------------------+----+----+-----+-----------+
    |          Name          | FF | LUT| Bits| Const Bits|
    +------------------------+----+----+-----+-----------+
    |ap_CS_fsm               |   5|   0|    5|          0|
    |ap_done_reg             |   1|   0|    1|          0|
    |ap_return_preg          |  32|   0|   32|          0|
    |products_2_read_reg_39  |  32|   0|   32|          0|
    +------------------------+----+----+-----+-----------+
    |Total                   |  70|   0|   70|          0|
    +------------------------+----+----+-----+-----------+



================================================================
== Interface
================================================================
* Summary: 
+--------------------+-----+-----+------------+------------------------+--------------+
|      RTL Ports     | Dir | Bits|  Protocol  |      Source Object     |    C Type    |
+--------------------+-----+-----+------------+------------------------+--------------+
|ap_clk              |  in |    1| ap_ctrl_hs | Block_.split13108_proc | return value |
|ap_rst              |  in |    1| ap_ctrl_hs | Block_.split13108_proc | return value |
|ap_start            |  in |    1| ap_ctrl_hs | Block_.split13108_proc | return value |
|ap_done             | out |    1| ap_ctrl_hs | Block_.split13108_proc | return value |
|ap_continue         |  in |    1| ap_ctrl_hs | Block_.split13108_proc | return value |
|ap_idle             | out |    1| ap_ctrl_hs | Block_.split13108_proc | return value |
|ap_ready            | out |    1| ap_ctrl_hs | Block_.split13108_proc | return value |
|ap_return           | out |   32| ap_ctrl_hs | Block_.split13108_proc | return value |
|products_2_dout     |  in |   32|   ap_fifo  |       products_2       |    pointer   |
|products_2_empty_n  |  in |    1|   ap_fifo  |       products_2       |    pointer   |
|products_2_read     | out |    1|   ap_fifo  |       products_2       |    pointer   |
|p_read              |  in |   32|   ap_none  |         p_read         |    scalar    |
+--------------------+-----+-----+------------+------------------------+--------------+

