

================================================================
== Vitis HLS Report for 'multiply_line12_entry155'
================================================================
* Date:           Fri May 19 07:25:34 2023

* Version:        2020.1 (Build 2902540 on Wed May 27 20:16:15 MDT 2020)
* Project:        uz_VSD
* Solution:       solution1 (Vivado IP Flow Target)
* Product family: zynquplus
* Target device:  xczu19eg-ffve1924-2-e


================================================================
== Performance Estimates
================================================================
+ Timing: 
    * Summary: 
    +--------+----------+----------+------------+
    |  Clock |  Target  | Estimated| Uncertainty|
    +--------+----------+----------+------------+
    |ap_clk  | 10.00 ns | 3.676 ns |   2.70 ns  |
    +--------+----------+----------+------------+

+ Latency: 
    * Summary: 
    +---------+---------+----------+----------+-----+-----+---------+
    |  Latency (cycles) |  Latency (absolute) |  Interval | Pipeline|
    |   min   |   max   |    min   |    max   | min | max |   Type  |
    +---------+---------+----------+----------+-----+-----+---------+
    |        0|        0|   0 ns   |   0 ns   |    0|    0|   none  |
    +---------+---------+----------+----------+-----+-----+---------+

    + Detail: 
        * Instance: 
        N/A

        * Loop: 
        N/A



================================================================
== Utilization Estimates
================================================================
* Summary: 
+-----------------+---------+------+---------+--------+-----+
|       Name      | BRAM_18K|  DSP |    FF   |   LUT  | URAM|
+-----------------+---------+------+---------+--------+-----+
|DSP              |        -|     -|        -|       -|    -|
|Expression       |        -|     -|        0|       2|    -|
|FIFO             |        -|     -|        -|       -|    -|
|Instance         |        -|     -|        -|       -|    -|
|Memory           |        -|     -|        -|       -|    -|
|Multiplexer      |        -|     -|        -|     126|    -|
|Register         |        -|     -|        3|       -|    -|
+-----------------+---------+------+---------+--------+-----+
|Total            |        0|     0|        3|     128|    0|
+-----------------+---------+------+---------+--------+-----+
|Available        |     1968|  1968|  1045440|  522720|  128|
+-----------------+---------+------+---------+--------+-----+
|Utilization (%)  |        0|     0|    ~0   |   ~0   |    0|
+-----------------+---------+------+---------+--------+-----+

+ Detail: 
    * Instance: 
    N/A

    * DSP: 
    N/A

    * Memory: 
    N/A

    * FIFO: 
    N/A

    * Expression: 
    +-----------------+----------+----+---+----+------------+------------+
    |  Variable Name  | Operation| DSP| FF| LUT| Bitwidth P0| Bitwidth P1|
    +-----------------+----------+----+---+----+------------+------------+
    |ap_block_state1  |    or    |   0|  0|   2|           1|           1|
    +-----------------+----------+----+---+----+------------+------------+
    |Total            |          |   0|  0|   2|           1|           1|
    +-----------------+----------+----+---+----+------------+------------+

    * Multiplexer: 
    +------------------------+----+-----------+-----+-----------+
    |          Name          | LUT| Input Size| Bits| Total Bits|
    +------------------------+----+-----------+-----+-----------+
    |ap_done                 |   9|          2|    1|          2|
    |real_start              |   9|          2|    1|          2|
    |scalar_val_0_blk_n      |   9|          2|    1|          2|
    |scalar_val_0_out_blk_n  |   9|          2|    1|          2|
    |scalar_val_1_blk_n      |   9|          2|    1|          2|
    |scalar_val_1_out_blk_n  |   9|          2|    1|          2|
    |scalar_val_2_blk_n      |   9|          2|    1|          2|
    |scalar_val_2_out_blk_n  |   9|          2|    1|          2|
    |scalar_val_3_blk_n      |   9|          2|    1|          2|
    |scalar_val_3_out_blk_n  |   9|          2|    1|          2|
    |scalar_val_4_blk_n      |   9|          2|    1|          2|
    |scalar_val_4_out_blk_n  |   9|          2|    1|          2|
    |scalar_val_5_blk_n      |   9|          2|    1|          2|
    |scalar_val_5_out_blk_n  |   9|          2|    1|          2|
    +------------------------+----+-----------+-----+-----------+
    |Total                   | 126|         28|   14|         28|
    +------------------------+----+-----------+-----+-----------+

    * Register: 
    +----------------+---+----+-----+-----------+
    |      Name      | FF| LUT| Bits| Const Bits|
    +----------------+---+----+-----+-----------+
    |ap_CS_fsm       |  1|   0|    1|          0|
    |ap_done_reg     |  1|   0|    1|          0|
    |start_once_reg  |  1|   0|    1|          0|
    +----------------+---+----+-----+-----------+
    |Total           |  3|   0|    3|          0|
    +----------------+---+----+-----+-----------+



================================================================
== Interface
================================================================
* Summary: 
+-------------------------+-----+-----+------------+--------------------------+--------------+
|        RTL Ports        | Dir | Bits|  Protocol  |       Source Object      |    C Type    |
+-------------------------+-----+-----+------------+--------------------------+--------------+
|ap_clk                   |  in |    1| ap_ctrl_hs | multiply_line12.entry155 | return value |
|ap_rst                   |  in |    1| ap_ctrl_hs | multiply_line12.entry155 | return value |
|ap_start                 |  in |    1| ap_ctrl_hs | multiply_line12.entry155 | return value |
|start_full_n             |  in |    1| ap_ctrl_hs | multiply_line12.entry155 | return value |
|ap_done                  | out |    1| ap_ctrl_hs | multiply_line12.entry155 | return value |
|ap_continue              |  in |    1| ap_ctrl_hs | multiply_line12.entry155 | return value |
|ap_idle                  | out |    1| ap_ctrl_hs | multiply_line12.entry155 | return value |
|ap_ready                 | out |    1| ap_ctrl_hs | multiply_line12.entry155 | return value |
|start_out                | out |    1| ap_ctrl_hs | multiply_line12.entry155 | return value |
|start_write              | out |    1| ap_ctrl_hs | multiply_line12.entry155 | return value |
|scalar_val_5_dout        |  in |   32|   ap_fifo  |       scalar_val_5       |    pointer   |
|scalar_val_5_empty_n     |  in |    1|   ap_fifo  |       scalar_val_5       |    pointer   |
|scalar_val_5_read        | out |    1|   ap_fifo  |       scalar_val_5       |    pointer   |
|scalar_val_4_dout        |  in |   32|   ap_fifo  |       scalar_val_4       |    pointer   |
|scalar_val_4_empty_n     |  in |    1|   ap_fifo  |       scalar_val_4       |    pointer   |
|scalar_val_4_read        | out |    1|   ap_fifo  |       scalar_val_4       |    pointer   |
|scalar_val_3_dout        |  in |   32|   ap_fifo  |       scalar_val_3       |    pointer   |
|scalar_val_3_empty_n     |  in |    1|   ap_fifo  |       scalar_val_3       |    pointer   |
|scalar_val_3_read        | out |    1|   ap_fifo  |       scalar_val_3       |    pointer   |
|scalar_val_2_dout        |  in |   32|   ap_fifo  |       scalar_val_2       |    pointer   |
|scalar_val_2_empty_n     |  in |    1|   ap_fifo  |       scalar_val_2       |    pointer   |
|scalar_val_2_read        | out |    1|   ap_fifo  |       scalar_val_2       |    pointer   |
|scalar_val_1_dout        |  in |   32|   ap_fifo  |       scalar_val_1       |    pointer   |
|scalar_val_1_empty_n     |  in |    1|   ap_fifo  |       scalar_val_1       |    pointer   |
|scalar_val_1_read        | out |    1|   ap_fifo  |       scalar_val_1       |    pointer   |
|scalar_val_0_dout        |  in |   32|   ap_fifo  |       scalar_val_0       |    pointer   |
|scalar_val_0_empty_n     |  in |    1|   ap_fifo  |       scalar_val_0       |    pointer   |
|scalar_val_0_read        | out |    1|   ap_fifo  |       scalar_val_0       |    pointer   |
|scalar_val_5_out_din     | out |   32|   ap_fifo  |     scalar_val_5_out     |    pointer   |
|scalar_val_5_out_full_n  |  in |    1|   ap_fifo  |     scalar_val_5_out     |    pointer   |
|scalar_val_5_out_write   | out |    1|   ap_fifo  |     scalar_val_5_out     |    pointer   |
|scalar_val_4_out_din     | out |   32|   ap_fifo  |     scalar_val_4_out     |    pointer   |
|scalar_val_4_out_full_n  |  in |    1|   ap_fifo  |     scalar_val_4_out     |    pointer   |
|scalar_val_4_out_write   | out |    1|   ap_fifo  |     scalar_val_4_out     |    pointer   |
|scalar_val_3_out_din     | out |   32|   ap_fifo  |     scalar_val_3_out     |    pointer   |
|scalar_val_3_out_full_n  |  in |    1|   ap_fifo  |     scalar_val_3_out     |    pointer   |
|scalar_val_3_out_write   | out |    1|   ap_fifo  |     scalar_val_3_out     |    pointer   |
|scalar_val_2_out_din     | out |   32|   ap_fifo  |     scalar_val_2_out     |    pointer   |
|scalar_val_2_out_full_n  |  in |    1|   ap_fifo  |     scalar_val_2_out     |    pointer   |
|scalar_val_2_out_write   | out |    1|   ap_fifo  |     scalar_val_2_out     |    pointer   |
|scalar_val_1_out_din     | out |   32|   ap_fifo  |     scalar_val_1_out     |    pointer   |
|scalar_val_1_out_full_n  |  in |    1|   ap_fifo  |     scalar_val_1_out     |    pointer   |
|scalar_val_1_out_write   | out |    1|   ap_fifo  |     scalar_val_1_out     |    pointer   |
|scalar_val_0_out_din     | out |   32|   ap_fifo  |     scalar_val_0_out     |    pointer   |
|scalar_val_0_out_full_n  |  in |    1|   ap_fifo  |     scalar_val_0_out     |    pointer   |
|scalar_val_0_out_write   | out |    1|   ap_fifo  |     scalar_val_0_out     |    pointer   |
+-------------------------+-----+-----+------------+--------------------------+--------------+

