#-----------------------------------------------------------
# Vivado v2020.1.1 (64-bit)
# SW Build 2960000 on Wed Aug  5 22:57:20 MDT 2020
# IP Build 2956692 on Thu Aug  6 01:41:30 MDT 2020
# Start of session at: Tue May 18 17:03:15 2021
# Process ID: 10228
# Current directory: E:/01_Repos/Ultrazohm/ultrazohm_sw/ip_cores/Temperature_Card_Interfrace_V1/Temp_Card_Interface_V1_PRJ/Temp_Card_Interface_V1_PRJ.runs/synth_1
# Command line: vivado.exe -log Temperature_Card_Interface_v1_0.vds -product Vivado -mode batch -messageDb vivado.pb -notrace -source Temperature_Card_Interface_v1_0.tcl
# Log file: E:/01_Repos/Ultrazohm/ultrazohm_sw/ip_cores/Temperature_Card_Interfrace_V1/Temp_Card_Interface_V1_PRJ/Temp_Card_Interface_V1_PRJ.runs/synth_1/Temperature_Card_Interface_v1_0.vds
# Journal file: E:/01_Repos/Ultrazohm/ultrazohm_sw/ip_cores/Temperature_Card_Interfrace_V1/Temp_Card_Interface_V1_PRJ/Temp_Card_Interface_V1_PRJ.runs/synth_1\vivado.jou
#-----------------------------------------------------------
source Temperature_Card_Interface_v1_0.tcl -notrace
