/home/hufnagelde/ultrazohm_sw/ip_cores/uz_Matrix_Multi/HLS_Project/solution1/csynth.tcl:17:9: warning: HLS pragma dump _XLX_SEP_ PragmaIsValid=1_XLX_SEP_ PragmaType=top_XLX_SEP_ PragmaContext=directive_XLX_SEP_ PragmaFunction=MatrixMultiplication_XLX_SEP_ PragmaOptions=name=MatrixMultiplication_XLX_SEP_ [-Wdump-hls-pragmas]
#pragma HLSDIRECTIVE TOP name=MatrixMultiplication
        ^
/home/hufnagelde/ultrazohm_sw/ip_cores/uz_Matrix_Multi/HLS_Project/solution1/directives.tcl:6:9: warning: HLS pragma dump _XLX_SEP_ PragmaIsValid=1_XLX_SEP_ PragmaType=top_XLX_SEP_ PragmaContext=directive_XLX_SEP_ PragmaFunction=MatrixMultiplication_XLX_SEP_ PragmaOptions=name=MatrixMultiplication_XLX_SEP_ [-Wdump-hls-pragmas]
#pragma HLSDIRECTIVE TOP name=MatrixMultiplication
        ^
HLS_Project/matrix_multiply.cpp:5:9: warning: HLS pragma dump _XLX_SEP_ PragmaIsValid=1_XLX_SEP_ PragmaType=interface_XLX_SEP_ PragmaContext=_XLX_SEP_ PragmaFunction=MatrixMultiplication_XLX_SEP_ PragmaOptions=m_axi port=A_input bundle=arrays depth=32 offset=slave_XLX_SEP_ [-Wdump-hls-pragmas]
#pragma HLS INTERFACE m_axi port=A_input bundle=arrays depth=32 offset=slave
        ^
HLS_Project/matrix_multiply.cpp:6:9: warning: HLS pragma dump _XLX_SEP_ PragmaIsValid=1_XLX_SEP_ PragmaType=interface_XLX_SEP_ PragmaContext=_XLX_SEP_ PragmaFunction=MatrixMultiplication_XLX_SEP_ PragmaOptions=m_axi port=B_input bundle=arrays depth=32 offset=slave_XLX_SEP_ [-Wdump-hls-pragmas]
#pragma HLS INTERFACE m_axi port=B_input bundle=arrays depth=32 offset=slave
        ^
HLS_Project/matrix_multiply.cpp:7:9: warning: HLS pragma dump _XLX_SEP_ PragmaIsValid=1_XLX_SEP_ PragmaType=interface_XLX_SEP_ PragmaContext=_XLX_SEP_ PragmaFunction=MatrixMultiplication_XLX_SEP_ PragmaOptions=m_axi port=C_output bundle=arrays depth=32 offset=slave_XLX_SEP_ [-Wdump-hls-pragmas]
#pragma HLS INTERFACE m_axi port=C_output bundle=arrays depth=32 offset=slave
        ^
HLS_Project/matrix_multiply.cpp:8:9: warning: HLS pragma dump _XLX_SEP_ PragmaIsValid=1_XLX_SEP_ PragmaType=interface_XLX_SEP_ PragmaContext=_XLX_SEP_ PragmaFunction=MatrixMultiplication_XLX_SEP_ PragmaOptions=s_axilite port=A_rows_XLX_SEP_ [-Wdump-hls-pragmas]
#pragma HLS INTERFACE s_axilite port=A_rows
        ^
HLS_Project/matrix_multiply.cpp:9:9: warning: HLS pragma dump _XLX_SEP_ PragmaIsValid=1_XLX_SEP_ PragmaType=interface_XLX_SEP_ PragmaContext=_XLX_SEP_ PragmaFunction=MatrixMultiplication_XLX_SEP_ PragmaOptions=s_axilite port=B_rows_XLX_SEP_ [-Wdump-hls-pragmas]
#pragma HLS INTERFACE s_axilite port=B_rows
        ^
HLS_Project/matrix_multiply.cpp:10:9: warning: HLS pragma dump _XLX_SEP_ PragmaIsValid=1_XLX_SEP_ PragmaType=interface_XLX_SEP_ PragmaContext=_XLX_SEP_ PragmaFunction=MatrixMultiplication_XLX_SEP_ PragmaOptions=s_axilite port=B_columns_XLX_SEP_ [-Wdump-hls-pragmas]
#pragma HLS INTERFACE s_axilite port=B_columns
        ^
HLS_Project/matrix_multiply.cpp:11:9: warning: HLS pragma dump _XLX_SEP_ PragmaIsValid=1_XLX_SEP_ PragmaType=interface_XLX_SEP_ PragmaContext=_XLX_SEP_ PragmaFunction=MatrixMultiplication_XLX_SEP_ PragmaOptions=mode=ap_ctrl_chain port=return_XLX_SEP_ [-Wdump-hls-pragmas]
#pragma HLS INTERFACE mode=ap_ctrl_chain port=return
        ^
9 warnings generated.
