

================================================================
== Vitis HLS Report for 'MatrixMultiplication_Pipeline_VITIS_LOOP_16_1'
================================================================
* Date:           Fri Nov 24 09:55:18 2023

* Version:        2022.2 (Build 3670227 on Oct 13 2022)
* Project:        HLS_Project
* Solution:       solution1 (Vitis Kernel Flow Target)
* Product family: zynquplus
* Target device:  xczu9eg-ffvc900-1-e


================================================================
== Performance Estimates
================================================================
+ Timing: 
    * Summary: 
    +--------+----------+----------+------------+
    |  Clock |  Target  | Estimated| Uncertainty|
    +--------+----------+----------+------------+
    |ap_clk  |  10.00 ns|  2.271 ns|     2.70 ns|
    +--------+----------+----------+------------+

+ Latency: 
    * Summary: 
    +---------+---------+----------+----------+-----+-----+---------+
    |  Latency (cycles) |  Latency (absolute) |  Interval | Pipeline|
    |   min   |   max   |    min   |    max   | min | max |   Type  |
    +---------+---------+----------+----------+-----+-----+---------+
    |        ?|        ?|         ?|         ?|    ?|    ?|       no|
    +---------+---------+----------+----------+-----+-----+---------+

    + Detail: 
        * Instance: 
        N/A

        * Loop: 
        +-------------------+---------+---------+----------+-----------+-----------+------+----------+
        |                   |  Latency (cycles) | Iteration|  Initiation Interval  | Trip |          |
        |     Loop Name     |   min   |   max   |  Latency |  achieved |   target  | Count| Pipelined|
        +-------------------+---------+---------+----------+-----------+-----------+------+----------+
        |- VITIS_LOOP_16_1  |        ?|        ?|         2|          1|          1|     ?|       yes|
        +-------------------+---------+---------+----------+-----------+-----------+------+----------+

============================================================
+ Verbose Summary: Synthesis Manager
============================================================
InlineROM: 1
ExposeGlobal: 0
============================================================
+ Verbose Summary: CDFG Model
============================================================
IsTopModel: 0
ResetActiveHigh: 1
IsCombinational: 0
IsDatapathOnly: 0
HasWiredReturn: 1
HasMFsm: 2
HasVarLatency: 1
IsPipeline: 0
IsRtlPipelined: 0
IsInstanceOverlapped: 0
IsDontTouch: 0
HasImplIP: 0
IsGatedGlobalClock: 0

+ Individual pipeline summary: 
  * Pipeline-0: initiation interval (II) = 1, depth = 3


============================================================
+ Verbose Summary: Schedule
============================================================
* Number of FSM states : 3
* Pipeline : 1
  Pipeline-0 : II = 1, D = 3, States = { 1 2 3 }
* Dataflow Pipeline: 0

* FSM state transitions: 
1 --> 2 
2 --> 3 
3 --> 

* FSM state operations: 

State 1 <SV = 0> <Delay = 0.48>
ST_1 : Operation 5 [1/1] (0.00ns)   --->   "%n = alloca i32 1"   --->   Operation 5 'alloca' 'n' <Predicate = true> <Delay = 0.00>
ST_1 : Operation 6 [1/1] (0.00ns)   --->   "%specmemcore_ln0 = specmemcore void @_ssdm_op_SpecMemCore, i32 %C_out, i64 666, i64 207, i64 1"   --->   Operation 6 'specmemcore' 'specmemcore_ln0' <Predicate = true> <Delay = 0.00>
ST_1 : Operation 7 [1/1] (0.00ns)   --->   "%specinterface_ln0 = specinterface void @_ssdm_op_SpecInterface, i32 %C_out, void @empty_9, i32 0, i32 0, void @empty_3, i32 1, i32 0, void @empty_3, void @empty_3, void @empty_3, i32 0, i32 0, i32 0, i32 0, void @empty_3, void @empty_3, i32 4294967295, i32 0"   --->   Operation 7 'specinterface' 'specinterface_ln0' <Predicate = true> <Delay = 0.00>
ST_1 : Operation 8 [1/1] (0.00ns)   --->   "%B_rows_read = read i64 @_ssdm_op_Read.ap_auto.i64, i64 %B_rows"   --->   Operation 8 'read' 'B_rows_read' <Predicate = true> <Delay = 0.00>
ST_1 : Operation 9 [1/1] (0.48ns)   --->   "%store_ln0 = store i64 0, i64 %n"   --->   Operation 9 'store' 'store_ln0' <Predicate = true> <Delay = 0.48>
ST_1 : Operation 10 [1/1] (0.00ns)   --->   "%br_ln0 = br void %for.inc"   --->   Operation 10 'br' 'br_ln0' <Predicate = true> <Delay = 0.00>

State 2 <SV = 1> <Delay = 2.27>
ST_2 : Operation 11 [1/1] (0.00ns)   --->   "%n_4 = load i64 %n" [HLS_Project/matrix_multiply.cpp:17]   --->   Operation 11 'load' 'n_4' <Predicate = true> <Delay = 0.00>
ST_2 : Operation 12 [1/1] (0.00ns)   --->   "%specpipeline_ln0 = specpipeline void @_ssdm_op_SpecPipeline, i32 4294967295, i32 0, i32 1, i32 0, void @p_str"   --->   Operation 12 'specpipeline' 'specpipeline_ln0' <Predicate = true> <Delay = 0.00>
ST_2 : Operation 13 [1/1] (1.48ns)   --->   "%icmp_ln16 = icmp_eq  i64 %n_4, i64 %B_rows_read" [HLS_Project/matrix_multiply.cpp:16]   --->   Operation 13 'icmp' 'icmp_ln16' <Predicate = true> <Delay = 1.48> <CoreInst = "Cmp">   --->   Core 9 'Cmp' <Latency = 0> <II = 1> <Delay = 1.48> <FuncUnit> <Opcode : 'icmp'> <InPorts = 2> <OutPorts = 1>
ST_2 : Operation 14 [1/1] (1.47ns)   --->   "%n_5 = add i64 %n_4, i64 1" [HLS_Project/matrix_multiply.cpp:16]   --->   Operation 14 'add' 'n_5' <Predicate = true> <Delay = 1.47> <CoreInst = "Adder">   --->   Core 1 'Adder' <Latency = 0> <II = 1> <Delay = 1.47> <FuncUnit> <Opcode : 'add' 'sub'> <InPorts = 2> <OutPorts = 1>
ST_2 : Operation 15 [1/1] (0.00ns)   --->   "%br_ln16 = br i1 %icmp_ln16, void %for.inc.split, void %for.body4.preheader.exitStub" [HLS_Project/matrix_multiply.cpp:16]   --->   Operation 15 'br' 'br_ln16' <Predicate = true> <Delay = 0.00>
ST_2 : Operation 16 [1/1] (0.00ns)   --->   "%trunc_ln17 = trunc i64 %n_4" [HLS_Project/matrix_multiply.cpp:17]   --->   Operation 16 'trunc' 'trunc_ln17' <Predicate = (!icmp_ln16)> <Delay = 0.00>
ST_2 : Operation 17 [1/1] (0.00ns)   --->   "%zext_ln17 = zext i3 %trunc_ln17" [HLS_Project/matrix_multiply.cpp:17]   --->   Operation 17 'zext' 'zext_ln17' <Predicate = (!icmp_ln16)> <Delay = 0.00>
ST_2 : Operation 18 [1/1] (0.00ns)   --->   "%C_out_addr = getelementptr i32 %C_out, i64 0, i64 %zext_ln17" [HLS_Project/matrix_multiply.cpp:17]   --->   Operation 18 'getelementptr' 'C_out_addr' <Predicate = (!icmp_ln16)> <Delay = 0.00>
ST_2 : Operation 19 [2/2] (0.79ns)   --->   "%store_ln17 = store i32 0, i3 %C_out_addr" [HLS_Project/matrix_multiply.cpp:17]   --->   Operation 19 'store' 'store_ln17' <Predicate = (!icmp_ln16)> <Delay = 0.79> <CoreInst = "RAM_1P">   --->   Core 88 'RAM_1P' <Latency = 1> <II = 1> <Delay = 0.79> <Storage> <Opcode : 'load' 'store'> <Ports = 1> <Width = 32> <Depth = 5> <RAM>
ST_2 : Operation 20 [1/1] (0.48ns)   --->   "%store_ln16 = store i64 %n_5, i64 %n" [HLS_Project/matrix_multiply.cpp:16]   --->   Operation 20 'store' 'store_ln16' <Predicate = (!icmp_ln16)> <Delay = 0.48>
ST_2 : Operation 24 [1/1] (0.00ns)   --->   "%ret_ln0 = ret"   --->   Operation 24 'ret' 'ret_ln0' <Predicate = (icmp_ln16)> <Delay = 0.00>

State 3 <SV = 2> <Delay = 0.79>
ST_3 : Operation 21 [1/1] (0.00ns)   --->   "%specloopname_ln16 = specloopname void @_ssdm_op_SpecLoopName, void @empty_12" [HLS_Project/matrix_multiply.cpp:16]   --->   Operation 21 'specloopname' 'specloopname_ln16' <Predicate = true> <Delay = 0.00>
ST_3 : Operation 22 [1/2] (0.79ns)   --->   "%store_ln17 = store i32 0, i3 %C_out_addr" [HLS_Project/matrix_multiply.cpp:17]   --->   Operation 22 'store' 'store_ln17' <Predicate = true> <Delay = 0.79> <CoreInst = "RAM_1P">   --->   Core 88 'RAM_1P' <Latency = 1> <II = 1> <Delay = 0.79> <Storage> <Opcode : 'load' 'store'> <Ports = 1> <Width = 32> <Depth = 5> <RAM>
ST_3 : Operation 23 [1/1] (0.00ns)   --->   "%br_ln16 = br void %for.inc" [HLS_Project/matrix_multiply.cpp:16]   --->   Operation 23 'br' 'br_ln16' <Predicate = true> <Delay = 0.00>


============================================================
+ Verbose Summary: Timing violations
============================================================
Target clock period: 10ns, clock uncertainty: 2.7ns.

 <State 1>: 0.489ns
The critical path consists of the following:
	'alloca' operation ('n') [3]  (0 ns)
	'store' operation ('store_ln0') of constant 0 on local variable 'n' [7]  (0.489 ns)

 <State 2>: 2.27ns
The critical path consists of the following:
	'load' operation ('n', HLS_Project/matrix_multiply.cpp:17) on local variable 'n' [10]  (0 ns)
	'add' operation ('n', HLS_Project/matrix_multiply.cpp:16) [13]  (1.47 ns)
	'store' operation ('store_ln16', HLS_Project/matrix_multiply.cpp:16) of variable 'n', HLS_Project/matrix_multiply.cpp:16 on local variable 'n' [21]  (0.489 ns)
	blocking operation 0.312 ns on control path)

 <State 3>: 0.79ns
The critical path consists of the following:
	'store' operation ('store_ln17', HLS_Project/matrix_multiply.cpp:17) of constant 0 on array 'C_out' [20]  (0.79 ns)


============================================================
+ Verbose Summary: Binding
============================================================
N/A
* FSMD analyzer results:
  - Output states:
 - Input state : 
  - Chain level:
	State 1
	State 2
	State 3


============================================================
+ Verbose Summary: Datapath Resource usage 
============================================================
N/A
