

================================================================
== Vitis HLS Report for 'MatrixMultiplication_Pipeline_VITIS_LOOP_20_1'
================================================================
* Date:           Fri Nov 24 13:07:10 2023

* Version:        2022.2 (Build 3670227 on Oct 13 2022)
* Project:        HLS_Project
* Solution:       solution1 (Vitis Kernel Flow Target)
* Product family: zynquplus
* Target device:  xczu9eg-ffvc900-1-e


================================================================
== Performance Estimates
================================================================
+ Timing: 
    * Summary: 
    +--------+----------+----------+------------+
    |  Clock |  Target  | Estimated| Uncertainty|
    +--------+----------+----------+------------+
    |ap_clk  |  10.00 ns|  7.300 ns|     2.70 ns|
    +--------+----------+----------+------------+

+ Latency: 
    * Summary: 
    +---------+---------+-----------+-----------+-----+-----+---------+
    |  Latency (cycles) |   Latency (absolute)  |  Interval | Pipeline|
    |   min   |   max   |    min    |    max    | min | max |   Type  |
    +---------+---------+-----------+-----------+-----+-----+---------+
    |        8|        8|  80.000 ns|  80.000 ns|    8|    8|       no|
    +---------+---------+-----------+-----------+-----+-----+---------+

    + Detail: 
        * Instance: 
        N/A

        * Loop: 
        +-------------------+---------+---------+----------+-----------+-----------+------+----------+
        |                   |  Latency (cycles) | Iteration|  Initiation Interval  | Trip |          |
        |     Loop Name     |   min   |   max   |  Latency |  achieved |   target  | Count| Pipelined|
        +-------------------+---------+---------+----------+-----------+-----------+------+----------+
        |- VITIS_LOOP_20_1  |        6|        6|         3|          1|          1|     5|       yes|
        +-------------------+---------+---------+----------+-----------+-----------+------+----------+

============================================================
+ Verbose Summary: Synthesis Manager
============================================================
InlineROM: 1
ExposeGlobal: 0
============================================================
+ Verbose Summary: CDFG Model
============================================================
IsTopModel: 0
ResetActiveHigh: 1
IsCombinational: 0
IsDatapathOnly: 0
HasWiredReturn: 1
HasMFsm: 2
HasVarLatency: 1
IsPipeline: 0
IsRtlPipelined: 0
IsInstanceOverlapped: 0
IsDontTouch: 0
HasImplIP: 0
IsGatedGlobalClock: 0

+ Individual pipeline summary: 
  * Pipeline-0: initiation interval (II) = 1, depth = 3


============================================================
+ Verbose Summary: Schedule
============================================================
* Number of FSM states : 3
* Pipeline : 1
  Pipeline-0 : II = 1, D = 3, States = { 1 2 3 }
* Dataflow Pipeline: 0

* FSM state transitions: 
1 --> 2 
2 --> 3 
3 --> 

* FSM state operations: 

State 1 <SV = 0> <Delay = 1.23>
ST_1 : Operation 6 [1/1] (0.00ns)   --->   "%i = alloca i32 1"   --->   Operation 6 'alloca' 'i' <Predicate = true> <Delay = 0.00>
ST_1 : Operation 7 [1/1] (0.00ns)   --->   "%sext_ln20_read = read i62 @_ssdm_op_Read.ap_auto.i62, i62 %sext_ln20"   --->   Operation 7 'read' 'sext_ln20_read' <Predicate = true> <Delay = 0.00>
ST_1 : Operation 8 [1/1] (0.00ns)   --->   "%sext_ln20_cast = sext i62 %sext_ln20_read"   --->   Operation 8 'sext' 'sext_ln20_cast' <Predicate = true> <Delay = 0.00>
ST_1 : Operation 9 [1/1] (0.00ns)   --->   "%specinterface_ln0 = specinterface void @_ssdm_op_SpecInterface, i32 %arrays, void @empty_5, i32 0, i32 0, void @empty_6, i32 64, i32 32, void @empty_7, void @empty_8, void @empty_6, i32 16, i32 16, i32 16, i32 16, void @empty_6, void @empty_6, i32 4294967295, i32 0"   --->   Operation 9 'specinterface' 'specinterface_ln0' <Predicate = true> <Delay = 0.00>
ST_1 : Operation 10 [1/1] (0.48ns)   --->   "%store_ln0 = store i3 0, i3 %i"   --->   Operation 10 'store' 'store_ln0' <Predicate = true> <Delay = 0.48>
ST_1 : Operation 11 [1/1] (0.00ns)   --->   "%br_ln0 = br void %for.inc"   --->   Operation 11 'br' 'br_ln0' <Predicate = true> <Delay = 0.00>
ST_1 : Operation 12 [1/1] (0.00ns)   --->   "%i_2 = load i3 %i" [HLS_Project/matrix_multiply.cpp:20]   --->   Operation 12 'load' 'i_2' <Predicate = true> <Delay = 0.00>
ST_1 : Operation 13 [1/1] (0.69ns)   --->   "%icmp_ln20 = icmp_eq  i3 %i_2, i3 5" [HLS_Project/matrix_multiply.cpp:20]   --->   Operation 13 'icmp' 'icmp_ln20' <Predicate = true> <Delay = 0.69> <CoreInst = "Cmp">   --->   Core 9 'Cmp' <Latency = 0> <II = 1> <Delay = 0.69> <FuncUnit> <Opcode : 'icmp'> <InPorts = 2> <OutPorts = 1>
ST_1 : Operation 14 [1/1] (0.74ns)   --->   "%add_ln20 = add i3 %i_2, i3 1" [HLS_Project/matrix_multiply.cpp:20]   --->   Operation 14 'add' 'add_ln20' <Predicate = true> <Delay = 0.74> <CoreInst = "Adder">   --->   Core 1 'Adder' <Latency = 0> <II = 1> <Delay = 0.74> <FuncUnit> <Opcode : 'add' 'sub'> <InPorts = 2> <OutPorts = 1>
ST_1 : Operation 15 [1/1] (0.00ns)   --->   "%br_ln20 = br i1 %icmp_ln20, void %for.inc.split, void %VITIS_LOOP_24_2.exitStub" [HLS_Project/matrix_multiply.cpp:20]   --->   Operation 15 'br' 'br_ln20' <Predicate = true> <Delay = 0.00>
ST_1 : Operation 16 [1/1] (0.48ns)   --->   "%store_ln20 = store i3 %add_ln20, i3 %i" [HLS_Project/matrix_multiply.cpp:20]   --->   Operation 16 'store' 'store_ln20' <Predicate = (!icmp_ln20)> <Delay = 0.48>

State 2 <SV = 1> <Delay = 7.30>
ST_2 : Operation 17 [1/1] (0.00ns)   --->   "%specbitsmap_ln0 = specbitsmap void @_ssdm_op_SpecBitsMap, i32 %arrays"   --->   Operation 17 'specbitsmap' 'specbitsmap_ln0' <Predicate = true> <Delay = 0.00>
ST_2 : Operation 18 [1/1] (0.00ns)   --->   "%arrays_addr = getelementptr i32 %arrays, i64 %sext_ln20_cast" [HLS_Project/matrix_multiply.cpp:20]   --->   Operation 18 'getelementptr' 'arrays_addr' <Predicate = true> <Delay = 0.00>
ST_2 : Operation 19 [1/1] (0.00ns)   --->   "%specpipeline_ln0 = specpipeline void @_ssdm_op_SpecPipeline, i32 4294967295, i32 0, i32 1, i32 0, void @p_str"   --->   Operation 19 'specpipeline' 'specpipeline_ln0' <Predicate = true> <Delay = 0.00>
ST_2 : Operation 20 [1/1] (0.00ns)   --->   "%empty = speclooptripcount i32 @_ssdm_op_SpecLoopTripCount, i64 5, i64 5, i64 5"   --->   Operation 20 'speclooptripcount' 'empty' <Predicate = true> <Delay = 0.00>
ST_2 : Operation 21 [1/1] (7.30ns)   --->   "%arrays_addr_read = read i32 @_ssdm_op_Read.m_axi.p1i32, i32 %arrays_addr" [HLS_Project/matrix_multiply.cpp:21]   --->   Operation 21 'read' 'arrays_addr_read' <Predicate = (!icmp_ln20)> <Delay = 7.30> <CoreInst = "m_axi">   --->   Core 121 'm_axi' <Latency = 0> <II = 1> <Delay = 1.00> <Adapter> <Opcode : 'read' 'write' 'readreq' 'writereq' 'writeresp'>
ST_2 : Operation 28 [1/1] (0.00ns)   --->   "%ret_ln0 = ret"   --->   Operation 28 'ret' 'ret_ln0' <Predicate = (icmp_ln20)> <Delay = 0.00>

State 3 <SV = 2> <Delay = 0.79>
ST_3 : Operation 22 [1/1] (0.00ns)   --->   "%i_cast = zext i3 %i_2" [HLS_Project/matrix_multiply.cpp:20]   --->   Operation 22 'zext' 'i_cast' <Predicate = true> <Delay = 0.00>
ST_3 : Operation 23 [1/1] (0.00ns)   --->   "%specloopname_ln20 = specloopname void @_ssdm_op_SpecLoopName, void @empty_21" [HLS_Project/matrix_multiply.cpp:20]   --->   Operation 23 'specloopname' 'specloopname_ln20' <Predicate = true> <Delay = 0.00>
ST_3 : Operation 24 [1/1] (0.00ns)   --->   "%bitcast_ln21 = bitcast i32 %arrays_addr_read" [HLS_Project/matrix_multiply.cpp:21]   --->   Operation 24 'bitcast' 'bitcast_ln21' <Predicate = true> <Delay = 0.00>
ST_3 : Operation 25 [1/1] (0.00ns)   --->   "%A_addr = getelementptr i32 %A, i64 0, i64 %i_cast" [HLS_Project/matrix_multiply.cpp:21]   --->   Operation 25 'getelementptr' 'A_addr' <Predicate = true> <Delay = 0.00>
ST_3 : Operation 26 [1/1] (0.79ns)   --->   "%store_ln21 = store i32 %bitcast_ln21, i3 %A_addr" [HLS_Project/matrix_multiply.cpp:21]   --->   Operation 26 'store' 'store_ln21' <Predicate = true> <Delay = 0.79> <CoreInst = "RAM">   --->   Core 83 'RAM' <Latency = 1> <II = 1> <Delay = 0.79> <Storage> <Opcode : 'load' 'store'> <Ports = 2> <Width = 32> <Depth = 5> <RAM>
ST_3 : Operation 27 [1/1] (0.00ns)   --->   "%br_ln20 = br void %for.inc" [HLS_Project/matrix_multiply.cpp:20]   --->   Operation 27 'br' 'br_ln20' <Predicate = true> <Delay = 0.00>


============================================================
+ Verbose Summary: Timing violations
============================================================
Target clock period: 10ns, clock uncertainty: 2.7ns.

 <State 1>: 1.24ns
The critical path consists of the following:
	'alloca' operation ('i') [4]  (0 ns)
	'load' operation ('i', HLS_Project/matrix_multiply.cpp:20) on local variable 'i' [11]  (0 ns)
	'add' operation ('add_ln20', HLS_Project/matrix_multiply.cpp:20) [17]  (0.746 ns)
	'store' operation ('store_ln20', HLS_Project/matrix_multiply.cpp:20) of variable 'add_ln20', HLS_Project/matrix_multiply.cpp:20 on local variable 'i' [26]  (0.489 ns)

 <State 2>: 7.3ns
The critical path consists of the following:
	'getelementptr' operation ('arrays_addr', HLS_Project/matrix_multiply.cpp:20) [13]  (0 ns)
	bus read operation ('arrays_addr_read', HLS_Project/matrix_multiply.cpp:21) on port 'arrays' (HLS_Project/matrix_multiply.cpp:21) [22]  (7.3 ns)

 <State 3>: 0.79ns
The critical path consists of the following:
	'getelementptr' operation ('A_addr', HLS_Project/matrix_multiply.cpp:21) [24]  (0 ns)
	'store' operation ('store_ln21', HLS_Project/matrix_multiply.cpp:21) of variable 'bitcast_ln21', HLS_Project/matrix_multiply.cpp:21 on array 'A' [25]  (0.79 ns)


============================================================
+ Verbose Summary: Binding
============================================================
N/A
* FSMD analyzer results:
  - Output states:
 - Input state : 
  - Chain level:
	State 1
	State 2
	State 3


============================================================
+ Verbose Summary: Datapath Resource usage 
============================================================
N/A
