

================================================================
== Vitis HLS Report for 'MatrixMultiplication_Pipeline_VITIS_LOOP_41_7'
================================================================
* Date:           Fri Nov 24 13:07:10 2023

* Version:        2022.2 (Build 3670227 on Oct 13 2022)
* Project:        HLS_Project
* Solution:       solution1 (Vitis Kernel Flow Target)
* Product family: zynquplus
* Target device:  xczu9eg-ffvc900-1-e


================================================================
== Performance Estimates
================================================================
+ Timing: 
    * Summary: 
    +--------+----------+----------+------------+
    |  Clock |  Target  | Estimated| Uncertainty|
    +--------+----------+----------+------------+
    |ap_clk  |  10.00 ns|  7.300 ns|     2.70 ns|
    +--------+----------+----------+------------+

+ Latency: 
    * Summary: 
    +---------+---------+-----------+-----------+-----+-----+---------+
    |  Latency (cycles) |   Latency (absolute)  |  Interval | Pipeline|
    |   min   |   max   |    min    |    max    | min | max |   Type  |
    +---------+---------+-----------+-----------+-----+-----+---------+
    |        8|        8|  80.000 ns|  80.000 ns|    8|    8|       no|
    +---------+---------+-----------+-----------+-----+-----+---------+

    + Detail: 
        * Instance: 
        N/A

        * Loop: 
        +-------------------+---------+---------+----------+-----------+-----------+------+----------+
        |                   |  Latency (cycles) | Iteration|  Initiation Interval  | Trip |          |
        |     Loop Name     |   min   |   max   |  Latency |  achieved |   target  | Count| Pipelined|
        +-------------------+---------+---------+----------+-----------+-----------+------+----------+
        |- VITIS_LOOP_41_7  |        6|        6|         3|          1|          1|     5|       yes|
        +-------------------+---------+---------+----------+-----------+-----------+------+----------+

============================================================
+ Verbose Summary: Synthesis Manager
============================================================
InlineROM: 1
ExposeGlobal: 0
============================================================
+ Verbose Summary: CDFG Model
============================================================
IsTopModel: 0
ResetActiveHigh: 1
IsCombinational: 0
IsDatapathOnly: 0
HasWiredReturn: 1
HasMFsm: 2
HasVarLatency: 1
IsPipeline: 0
IsRtlPipelined: 0
IsInstanceOverlapped: 0
IsDontTouch: 0
HasImplIP: 0
IsGatedGlobalClock: 0

+ Individual pipeline summary: 
  * Pipeline-0: initiation interval (II) = 1, depth = 3


============================================================
+ Verbose Summary: Schedule
============================================================
* Number of FSM states : 3
* Pipeline : 1
  Pipeline-0 : II = 1, D = 3, States = { 1 2 3 }
* Dataflow Pipeline: 0

* FSM state transitions: 
1 --> 2 
2 --> 3 
3 --> 

* FSM state operations: 

State 1 <SV = 0> <Delay = 1.23>
ST_1 : Operation 6 [1/1] (0.00ns)   --->   "%i = alloca i32 1"   --->   Operation 6 'alloca' 'i' <Predicate = true> <Delay = 0.00>
ST_1 : Operation 7 [1/1] (0.00ns)   --->   "%sext_ln41_read = read i62 @_ssdm_op_Read.ap_auto.i62, i62 %sext_ln41"   --->   Operation 7 'read' 'sext_ln41_read' <Predicate = true> <Delay = 0.00>
ST_1 : Operation 8 [1/1] (0.00ns)   --->   "%sext_ln41_cast = sext i62 %sext_ln41_read"   --->   Operation 8 'sext' 'sext_ln41_cast' <Predicate = true> <Delay = 0.00>
ST_1 : Operation 9 [1/1] (0.00ns)   --->   "%specinterface_ln0 = specinterface void @_ssdm_op_SpecInterface, i32 %arrays, void @empty_5, i32 0, i32 0, void @empty_6, i32 64, i32 32, void @empty_7, void @empty_8, void @empty_6, i32 16, i32 16, i32 16, i32 16, void @empty_6, void @empty_6, i32 4294967295, i32 0"   --->   Operation 9 'specinterface' 'specinterface_ln0' <Predicate = true> <Delay = 0.00>
ST_1 : Operation 10 [1/1] (0.48ns)   --->   "%store_ln0 = store i3 0, i3 %i"   --->   Operation 10 'store' 'store_ln0' <Predicate = true> <Delay = 0.48>
ST_1 : Operation 11 [1/1] (0.00ns)   --->   "%br_ln0 = br void %for.inc64"   --->   Operation 11 'br' 'br_ln0' <Predicate = true> <Delay = 0.00>
ST_1 : Operation 12 [1/1] (0.00ns)   --->   "%i_1 = load i3 %i" [HLS_Project/matrix_multiply.cpp:41]   --->   Operation 12 'load' 'i_1' <Predicate = true> <Delay = 0.00>
ST_1 : Operation 13 [1/1] (0.69ns)   --->   "%icmp_ln41 = icmp_eq  i3 %i_1, i3 5" [HLS_Project/matrix_multiply.cpp:41]   --->   Operation 13 'icmp' 'icmp_ln41' <Predicate = true> <Delay = 0.69> <CoreInst = "Cmp">   --->   Core 9 'Cmp' <Latency = 0> <II = 1> <Delay = 0.69> <FuncUnit> <Opcode : 'icmp'> <InPorts = 2> <OutPorts = 1>
ST_1 : Operation 14 [1/1] (0.74ns)   --->   "%add_ln41 = add i3 %i_1, i3 1" [HLS_Project/matrix_multiply.cpp:41]   --->   Operation 14 'add' 'add_ln41' <Predicate = true> <Delay = 0.74> <CoreInst = "Adder">   --->   Core 1 'Adder' <Latency = 0> <II = 1> <Delay = 0.74> <FuncUnit> <Opcode : 'add' 'sub'> <InPorts = 2> <OutPorts = 1>
ST_1 : Operation 15 [1/1] (0.00ns)   --->   "%br_ln41 = br i1 %icmp_ln41, void %for.inc64.split, void %for.end66.exitStub" [HLS_Project/matrix_multiply.cpp:41]   --->   Operation 15 'br' 'br_ln41' <Predicate = true> <Delay = 0.00>
ST_1 : Operation 16 [1/1] (0.00ns)   --->   "%i_2_cast = zext i3 %i_1" [HLS_Project/matrix_multiply.cpp:41]   --->   Operation 16 'zext' 'i_2_cast' <Predicate = (!icmp_ln41)> <Delay = 0.00>
ST_1 : Operation 17 [1/1] (0.00ns)   --->   "%C_addr = getelementptr i32 %C, i64 0, i64 %i_2_cast" [HLS_Project/matrix_multiply.cpp:42]   --->   Operation 17 'getelementptr' 'C_addr' <Predicate = (!icmp_ln41)> <Delay = 0.00>
ST_1 : Operation 18 [2/2] (0.79ns)   --->   "%C_load = load i3 %C_addr" [HLS_Project/matrix_multiply.cpp:42]   --->   Operation 18 'load' 'C_load' <Predicate = (!icmp_ln41)> <Delay = 0.79> <CoreInst = "RAM">   --->   Core 83 'RAM' <Latency = 1> <II = 1> <Delay = 0.79> <Storage> <Opcode : 'load' 'store'> <Ports = 2> <Width = 32> <Depth = 5> <RAM>
ST_1 : Operation 19 [1/1] (0.48ns)   --->   "%store_ln41 = store i3 %add_ln41, i3 %i" [HLS_Project/matrix_multiply.cpp:41]   --->   Operation 19 'store' 'store_ln41' <Predicate = (!icmp_ln41)> <Delay = 0.48>

State 2 <SV = 1> <Delay = 0.79>
ST_2 : Operation 20 [1/1] (0.00ns)   --->   "%specbitsmap_ln0 = specbitsmap void @_ssdm_op_SpecBitsMap, i32 %arrays"   --->   Operation 20 'specbitsmap' 'specbitsmap_ln0' <Predicate = true> <Delay = 0.00>
ST_2 : Operation 21 [1/1] (0.00ns)   --->   "%arrays_addr = getelementptr i32 %arrays, i64 %sext_ln41_cast" [HLS_Project/matrix_multiply.cpp:41]   --->   Operation 21 'getelementptr' 'arrays_addr' <Predicate = true> <Delay = 0.00>
ST_2 : Operation 22 [1/1] (0.00ns)   --->   "%specpipeline_ln0 = specpipeline void @_ssdm_op_SpecPipeline, i32 4294967295, i32 0, i32 1, i32 0, void @p_str"   --->   Operation 22 'specpipeline' 'specpipeline_ln0' <Predicate = true> <Delay = 0.00>
ST_2 : Operation 23 [1/1] (0.00ns)   --->   "%empty = speclooptripcount i32 @_ssdm_op_SpecLoopTripCount, i64 5, i64 5, i64 5"   --->   Operation 23 'speclooptripcount' 'empty' <Predicate = true> <Delay = 0.00>
ST_2 : Operation 24 [1/2] (0.79ns)   --->   "%C_load = load i3 %C_addr" [HLS_Project/matrix_multiply.cpp:42]   --->   Operation 24 'load' 'C_load' <Predicate = (!icmp_ln41)> <Delay = 0.79> <CoreInst = "RAM">   --->   Core 83 'RAM' <Latency = 1> <II = 1> <Delay = 0.79> <Storage> <Opcode : 'load' 'store'> <Ports = 2> <Width = 32> <Depth = 5> <RAM>
ST_2 : Operation 29 [1/1] (0.00ns)   --->   "%ret_ln0 = ret"   --->   Operation 29 'ret' 'ret_ln0' <Predicate = (icmp_ln41)> <Delay = 0.00>

State 3 <SV = 2> <Delay = 7.30>
ST_3 : Operation 25 [1/1] (0.00ns)   --->   "%specloopname_ln41 = specloopname void @_ssdm_op_SpecLoopName, void @empty_16" [HLS_Project/matrix_multiply.cpp:41]   --->   Operation 25 'specloopname' 'specloopname_ln41' <Predicate = true> <Delay = 0.00>
ST_3 : Operation 26 [1/1] (0.00ns)   --->   "%bitcast_ln42 = bitcast i32 %C_load" [HLS_Project/matrix_multiply.cpp:42]   --->   Operation 26 'bitcast' 'bitcast_ln42' <Predicate = true> <Delay = 0.00>
ST_3 : Operation 27 [1/1] (7.30ns)   --->   "%write_ln42 = write void @_ssdm_op_Write.m_axi.p1i32, i32 %arrays_addr, i32 %bitcast_ln42, i4 15" [HLS_Project/matrix_multiply.cpp:42]   --->   Operation 27 'write' 'write_ln42' <Predicate = true> <Delay = 7.30> <CoreInst = "m_axi">   --->   Core 121 'm_axi' <Latency = 0> <II = 1> <Delay = 1.00> <Adapter> <Opcode : 'read' 'write' 'readreq' 'writereq' 'writeresp'>
ST_3 : Operation 28 [1/1] (0.00ns)   --->   "%br_ln41 = br void %for.inc64" [HLS_Project/matrix_multiply.cpp:41]   --->   Operation 28 'br' 'br_ln41' <Predicate = true> <Delay = 0.00>


============================================================
+ Verbose Summary: Binding
============================================================
STG Binding: 
---------------- STG Properties BEGIN ----------------
- Is combinational: 0
- Is one-state seq: 0
- Is datapath-only: 0
- Is pipelined: 0
- Is top level: 0
Port [ Return ] is wired: 1; IO mode=ap_ctrl_hs:ce=0
Port [ arrays]:  wired=1; compound=1; hidden=0; nouse=0; global=0; static=0; extern=0; dir=1; type=4; pingpong=0; private_global=0; IO mode=m_axi:ce=0
Port [ sext_ln41]:  wired=1; compound=0; hidden=0; nouse=0; global=0; static=0; extern=0; dir=0; type=0; pingpong=0; private_global=0; IO mode=ap_none:ce=0
Port [ C]:  wired=1; compound=1; hidden=0; nouse=0; global=0; static=0; extern=0; dir=0; type=1; pingpong=0; private_global=0; MemPort=[13]; IO mode=ap_memory:ce=0
---------------- STG Properties END ------------------

---------------- Datapath Model BEGIN ----------------

<LifeTime>
<method=bitvector/>
i                 (alloca           ) [ 0100]
sext_ln41_read    (read             ) [ 0000]
sext_ln41_cast    (sext             ) [ 0110]
specinterface_ln0 (specinterface    ) [ 0000]
store_ln0         (store            ) [ 0000]
br_ln0            (br               ) [ 0000]
i_1               (load             ) [ 0000]
icmp_ln41         (icmp             ) [ 0110]
add_ln41          (add              ) [ 0000]
br_ln41           (br               ) [ 0000]
i_2_cast          (zext             ) [ 0000]
C_addr            (getelementptr    ) [ 0110]
store_ln41        (store            ) [ 0000]
specbitsmap_ln0   (specbitsmap      ) [ 0000]
arrays_addr       (getelementptr    ) [ 0101]
specpipeline_ln0  (specpipeline     ) [ 0000]
empty             (speclooptripcount) [ 0000]
C_load            (load             ) [ 0101]
specloopname_ln41 (specloopname     ) [ 0000]
bitcast_ln42      (bitcast          ) [ 0000]
write_ln42        (write            ) [ 0000]
br_ln41           (br               ) [ 0000]
ret_ln0           (ret              ) [ 0000]
</LifeTime>

<model>

<comp_list>
<comp id="0" class="1000" name="arrays">
<pin_list>
<pin id="1" dir="1" index="0" bw="1" slack="0"/>
</pin_list>
<bind>
<StgValue><ssdm name="arrays"/></StgValue>
</bind>
</comp>

<comp id="2" class="1000" name="sext_ln41">
<pin_list>
<pin id="3" dir="1" index="0" bw="1" slack="0"/>
</pin_list>
<bind>
<StgValue><ssdm name="sext_ln41"/></StgValue>
</bind>
</comp>

<comp id="4" class="1000" name="C">
<pin_list>
<pin id="5" dir="1" index="0" bw="1" slack="0"/>
</pin_list>
<bind>
<StgValue><ssdm name="C"/><MemPortTyVec>1 3 </MemPortTyVec>
</StgValue>
</bind>
</comp>

<comp id="6" class="1001" name="const_6">
<pin_list>
<pin id="7" dir="1" index="0" bw="1" slack="0"/>
</pin_list>
<bind>
<StgValue><ssdm name=""/></StgValue>
</bind>
</comp>

<comp id="8" class="1001" name="const_8">
<pin_list>
<pin id="9" dir="1" index="0" bw="1" slack="0"/>
</pin_list>
<bind>
<StgValue><ssdm name="_ssdm_op_Read.ap_auto.i62"/></StgValue>
</bind>
</comp>

<comp id="10" class="1001" name="const_10">
<pin_list>
<pin id="11" dir="1" index="0" bw="1" slack="2147483647"/>
</pin_list>
<bind>
<StgValue><ssdm name="_ssdm_op_SpecInterface"/></StgValue>
</bind>
</comp>

<comp id="12" class="1001" name="const_12">
<pin_list>
<pin id="13" dir="1" index="0" bw="1" slack="2147483647"/>
</pin_list>
<bind>
<StgValue><ssdm name="empty_5"/></StgValue>
</bind>
</comp>

<comp id="14" class="1001" name="const_14">
<pin_list>
<pin id="15" dir="1" index="0" bw="1" slack="2147483647"/>
</pin_list>
<bind>
<StgValue><ssdm name=""/></StgValue>
</bind>
</comp>

<comp id="16" class="1001" name="const_16">
<pin_list>
<pin id="17" dir="1" index="0" bw="1" slack="2147483647"/>
</pin_list>
<bind>
<StgValue><ssdm name="empty_6"/></StgValue>
</bind>
</comp>

<comp id="18" class="1001" name="const_18">
<pin_list>
<pin id="19" dir="1" index="0" bw="1" slack="2147483647"/>
</pin_list>
<bind>
<StgValue><ssdm name=""/></StgValue>
</bind>
</comp>

<comp id="20" class="1001" name="const_20">
<pin_list>
<pin id="21" dir="1" index="0" bw="1" slack="2147483647"/>
</pin_list>
<bind>
<StgValue><ssdm name=""/></StgValue>
</bind>
</comp>

<comp id="22" class="1001" name="const_22">
<pin_list>
<pin id="23" dir="1" index="0" bw="1" slack="2147483647"/>
</pin_list>
<bind>
<StgValue><ssdm name="empty_7"/></StgValue>
</bind>
</comp>

<comp id="24" class="1001" name="const_24">
<pin_list>
<pin id="25" dir="1" index="0" bw="1" slack="2147483647"/>
</pin_list>
<bind>
<StgValue><ssdm name="empty_8"/></StgValue>
</bind>
</comp>

<comp id="26" class="1001" name="const_26">
<pin_list>
<pin id="27" dir="1" index="0" bw="1" slack="2147483647"/>
</pin_list>
<bind>
<StgValue><ssdm name=""/></StgValue>
</bind>
</comp>

<comp id="28" class="1001" name="const_28">
<pin_list>
<pin id="29" dir="1" index="0" bw="1" slack="2147483647"/>
</pin_list>
<bind>
<StgValue><ssdm name=""/></StgValue>
</bind>
</comp>

<comp id="30" class="1001" name="const_30">
<pin_list>
<pin id="31" dir="1" index="0" bw="1" slack="0"/>
</pin_list>
<bind>
<StgValue><ssdm name=""/></StgValue>
</bind>
</comp>

<comp id="32" class="1001" name="const_32">
<pin_list>
<pin id="33" dir="1" index="0" bw="1" slack="0"/>
</pin_list>
<bind>
<StgValue><ssdm name=""/></StgValue>
</bind>
</comp>

<comp id="34" class="1001" name="const_34">
<pin_list>
<pin id="35" dir="1" index="0" bw="1" slack="0"/>
</pin_list>
<bind>
<StgValue><ssdm name=""/></StgValue>
</bind>
</comp>

<comp id="36" class="1001" name="const_36">
<pin_list>
<pin id="37" dir="1" index="0" bw="1" slack="0"/>
</pin_list>
<bind>
<StgValue><ssdm name=""/></StgValue>
</bind>
</comp>

<comp id="38" class="1001" name="const_38">
<pin_list>
<pin id="39" dir="1" index="0" bw="1" slack="2147483647"/>
</pin_list>
<bind>
<StgValue><ssdm name="_ssdm_op_SpecBitsMap"/></StgValue>
</bind>
</comp>

<comp id="40" class="1001" name="const_40">
<pin_list>
<pin id="41" dir="1" index="0" bw="1" slack="2147483647"/>
</pin_list>
<bind>
<StgValue><ssdm name="_ssdm_op_SpecPipeline"/></StgValue>
</bind>
</comp>

<comp id="42" class="1001" name="const_42">
<pin_list>
<pin id="43" dir="1" index="0" bw="1" slack="2147483647"/>
</pin_list>
<bind>
<StgValue><ssdm name="p_str"/></StgValue>
</bind>
</comp>

<comp id="44" class="1001" name="const_44">
<pin_list>
<pin id="45" dir="1" index="0" bw="1" slack="2147483647"/>
</pin_list>
<bind>
<StgValue><ssdm name="_ssdm_op_SpecLoopTripCount"/></StgValue>
</bind>
</comp>

<comp id="46" class="1001" name="const_46">
<pin_list>
<pin id="47" dir="1" index="0" bw="1" slack="2147483647"/>
</pin_list>
<bind>
<StgValue><ssdm name=""/></StgValue>
</bind>
</comp>

<comp id="48" class="1001" name="const_48">
<pin_list>
<pin id="49" dir="1" index="0" bw="1" slack="2147483647"/>
</pin_list>
<bind>
<StgValue><ssdm name="_ssdm_op_SpecLoopName"/></StgValue>
</bind>
</comp>

<comp id="50" class="1001" name="const_50">
<pin_list>
<pin id="51" dir="1" index="0" bw="1" slack="2147483647"/>
</pin_list>
<bind>
<StgValue><ssdm name="empty_16"/></StgValue>
</bind>
</comp>

<comp id="52" class="1001" name="const_52">
<pin_list>
<pin id="53" dir="1" index="0" bw="1" slack="0"/>
</pin_list>
<bind>
<StgValue><ssdm name="_ssdm_op_Write.m_axi.p1i32"/></StgValue>
</bind>
</comp>

<comp id="54" class="1001" name="const_54">
<pin_list>
<pin id="55" dir="1" index="0" bw="1" slack="0"/>
</pin_list>
<bind>
<StgValue><ssdm name=""/></StgValue>
</bind>
</comp>

<comp id="56" class="1004" name="i_fu_56">
<pin_list>
<pin id="57" dir="0" index="0" bw="1" slack="0"/>
<pin id="58" dir="1" index="1" bw="3" slack="0"/>
</pin_list>
<bind>
<opcode="alloca(26) " fcode="alloca"/>
<opset="i/1 "/>
</bind>
</comp>

<comp id="60" class="1004" name="sext_ln41_read_read_fu_60">
<pin_list>
<pin id="61" dir="0" index="0" bw="62" slack="0"/>
<pin id="62" dir="0" index="1" bw="62" slack="0"/>
<pin id="63" dir="1" index="2" bw="62" slack="0"/>
</pin_list>
<bind>
<opcode="read(1150) " fcode="read"/>
<opset="sext_ln41_read/1 "/>
</bind>
</comp>

<comp id="66" class="1004" name="write_ln42_write_fu_66">
<pin_list>
<pin id="67" dir="0" index="0" bw="0" slack="0"/>
<pin id="68" dir="0" index="1" bw="32" slack="1"/>
<pin id="69" dir="0" index="2" bw="32" slack="0"/>
<pin id="70" dir="0" index="3" bw="1" slack="0"/>
<pin id="71" dir="1" index="4" bw="0" slack="2147483647"/>
</pin_list>
<bind>
<opcode="write(1151) " fcode="write"/>
<opset="write_ln42/3 "/>
</bind>
</comp>

<comp id="74" class="1004" name="C_addr_gep_fu_74">
<pin_list>
<pin id="75" dir="0" index="0" bw="32" slack="0"/>
<pin id="76" dir="0" index="1" bw="1" slack="0"/>
<pin id="77" dir="0" index="2" bw="3" slack="0"/>
<pin id="78" dir="1" index="3" bw="3" slack="0"/>
</pin_list>
<bind>
<opcode="getelementptr(29) " fcode="getelementptr"/>
<opset="C_addr/1 "/>
</bind>
</comp>

<comp id="81" class="1004" name="grp_access_fu_81">
<pin_list>
<pin id="82" dir="0" index="0" bw="3" slack="0"/>
<pin id="83" dir="0" index="1" bw="32" slack="2147483647"/>
<pin id="84" dir="0" index="2" bw="0" slack="2147483647"/>
<pin id="85" dir="1" index="3" bw="32" slack="1"/>
</pin_list>
<bind>
<opcode="load(27) " fcode="load"/>
<opset="C_load/1 "/>
</bind>
</comp>

<comp id="87" class="1004" name="sext_ln41_cast_fu_87">
<pin_list>
<pin id="88" dir="0" index="0" bw="62" slack="0"/>
<pin id="89" dir="1" index="1" bw="64" slack="1"/>
</pin_list>
<bind>
<opcode="sext(35) " fcode="sext"/>
<opset="sext_ln41_cast/1 "/>
</bind>
</comp>

<comp id="91" class="1004" name="store_ln0_store_fu_91">
<pin_list>
<pin id="92" dir="0" index="0" bw="1" slack="0"/>
<pin id="93" dir="0" index="1" bw="3" slack="0"/>
<pin id="94" dir="1" index="2" bw="0" slack="2147483647"/>
</pin_list>
<bind>
<opcode="store(28) " fcode="store"/>
<opset="store_ln0/1 "/>
</bind>
</comp>

<comp id="96" class="1004" name="i_1_load_fu_96">
<pin_list>
<pin id="97" dir="0" index="0" bw="3" slack="0"/>
<pin id="98" dir="1" index="1" bw="3" slack="0"/>
</pin_list>
<bind>
<opcode="load(27) " fcode="load"/>
<opset="i_1/1 "/>
</bind>
</comp>

<comp id="99" class="1004" name="icmp_ln41_fu_99">
<pin_list>
<pin id="100" dir="0" index="0" bw="3" slack="0"/>
<pin id="101" dir="0" index="1" bw="3" slack="0"/>
<pin id="102" dir="1" index="2" bw="1" slack="1"/>
</pin_list>
<bind>
<opcode="icmp(45) " fcode="icmp"/>
<opset="icmp_ln41/1 "/>
</bind>
</comp>

<comp id="105" class="1004" name="add_ln41_fu_105">
<pin_list>
<pin id="106" dir="0" index="0" bw="3" slack="0"/>
<pin id="107" dir="0" index="1" bw="1" slack="0"/>
<pin id="108" dir="1" index="2" bw="3" slack="0"/>
</pin_list>
<bind>
<opcode="add(8) " fcode="add"/>
<opset="add_ln41/1 "/>
</bind>
</comp>

<comp id="111" class="1004" name="i_2_cast_fu_111">
<pin_list>
<pin id="112" dir="0" index="0" bw="3" slack="0"/>
<pin id="113" dir="1" index="1" bw="64" slack="0"/>
</pin_list>
<bind>
<opcode="zext(34) " fcode="zext"/>
<opset="i_2_cast/1 "/>
</bind>
</comp>

<comp id="116" class="1004" name="store_ln41_store_fu_116">
<pin_list>
<pin id="117" dir="0" index="0" bw="3" slack="0"/>
<pin id="118" dir="0" index="1" bw="3" slack="0"/>
<pin id="119" dir="1" index="2" bw="0" slack="2147483647"/>
</pin_list>
<bind>
<opcode="store(28) " fcode="store"/>
<opset="store_ln41/1 "/>
</bind>
</comp>

<comp id="121" class="1004" name="arrays_addr_fu_121">
<pin_list>
<pin id="122" dir="0" index="0" bw="32" slack="0"/>
<pin id="123" dir="0" index="1" bw="62" slack="1"/>
<pin id="124" dir="1" index="2" bw="32" slack="1"/>
</pin_list>
<bind>
<opcode="getelementptr(29) " fcode="getelementptr"/>
<opset="arrays_addr/2 "/>
</bind>
</comp>

<comp id="126" class="1004" name="bitcast_ln42_fu_126">
<pin_list>
<pin id="127" dir="0" index="0" bw="32" slack="1"/>
<pin id="128" dir="1" index="1" bw="32" slack="0"/>
</pin_list>
<bind>
<opcode="bitcast(44) " fcode="bitcast"/>
<opset="bitcast_ln42/3 "/>
</bind>
</comp>

<comp id="130" class="1005" name="i_reg_130">
<pin_list>
<pin id="131" dir="0" index="0" bw="3" slack="0"/>
<pin id="132" dir="1" index="1" bw="3" slack="0"/>
</pin_list>
<bind>
<opset="i "/>
</bind>
</comp>

<comp id="137" class="1005" name="sext_ln41_cast_reg_137">
<pin_list>
<pin id="138" dir="0" index="0" bw="64" slack="1"/>
<pin id="139" dir="1" index="1" bw="64" slack="1"/>
</pin_list>
<bind>
<opset="sext_ln41_cast "/>
</bind>
</comp>

<comp id="142" class="1005" name="icmp_ln41_reg_142">
<pin_list>
<pin id="143" dir="0" index="0" bw="1" slack="1"/>
<pin id="144" dir="1" index="1" bw="1" slack="2147483647"/>
</pin_list>
<bind>
<opset="icmp_ln41 "/>
</bind>
</comp>

<comp id="146" class="1005" name="C_addr_reg_146">
<pin_list>
<pin id="147" dir="0" index="0" bw="3" slack="1"/>
<pin id="148" dir="1" index="1" bw="3" slack="1"/>
</pin_list>
<bind>
<opset="C_addr "/>
</bind>
</comp>

<comp id="151" class="1005" name="arrays_addr_reg_151">
<pin_list>
<pin id="152" dir="0" index="0" bw="32" slack="1"/>
<pin id="153" dir="1" index="1" bw="32" slack="1"/>
</pin_list>
<bind>
<opset="arrays_addr "/>
</bind>
</comp>

<comp id="156" class="1005" name="C_load_reg_156">
<pin_list>
<pin id="157" dir="0" index="0" bw="32" slack="1"/>
<pin id="158" dir="1" index="1" bw="32" slack="1"/>
</pin_list>
<bind>
<opset="C_load "/>
</bind>
</comp>

</comp_list>

<net_list>
<net id="59"><net_src comp="6" pin="0"/><net_sink comp="56" pin=0"/></net>

<net id="64"><net_src comp="8" pin="0"/><net_sink comp="60" pin=0"/></net>

<net id="65"><net_src comp="2" pin="0"/><net_sink comp="60" pin=1"/></net>

<net id="72"><net_src comp="52" pin="0"/><net_sink comp="66" pin=0"/></net>

<net id="73"><net_src comp="54" pin="0"/><net_sink comp="66" pin=3"/></net>

<net id="79"><net_src comp="4" pin="0"/><net_sink comp="74" pin=0"/></net>

<net id="80"><net_src comp="36" pin="0"/><net_sink comp="74" pin=1"/></net>

<net id="86"><net_src comp="74" pin="3"/><net_sink comp="81" pin=0"/></net>

<net id="90"><net_src comp="60" pin="2"/><net_sink comp="87" pin=0"/></net>

<net id="95"><net_src comp="30" pin="0"/><net_sink comp="91" pin=0"/></net>

<net id="103"><net_src comp="96" pin="1"/><net_sink comp="99" pin=0"/></net>

<net id="104"><net_src comp="32" pin="0"/><net_sink comp="99" pin=1"/></net>

<net id="109"><net_src comp="96" pin="1"/><net_sink comp="105" pin=0"/></net>

<net id="110"><net_src comp="34" pin="0"/><net_sink comp="105" pin=1"/></net>

<net id="114"><net_src comp="96" pin="1"/><net_sink comp="111" pin=0"/></net>

<net id="115"><net_src comp="111" pin="1"/><net_sink comp="74" pin=2"/></net>

<net id="120"><net_src comp="105" pin="2"/><net_sink comp="116" pin=0"/></net>

<net id="125"><net_src comp="0" pin="0"/><net_sink comp="121" pin=0"/></net>

<net id="129"><net_src comp="126" pin="1"/><net_sink comp="66" pin=2"/></net>

<net id="133"><net_src comp="56" pin="1"/><net_sink comp="130" pin=0"/></net>

<net id="134"><net_src comp="130" pin="1"/><net_sink comp="91" pin=1"/></net>

<net id="135"><net_src comp="130" pin="1"/><net_sink comp="96" pin=0"/></net>

<net id="136"><net_src comp="130" pin="1"/><net_sink comp="116" pin=1"/></net>

<net id="140"><net_src comp="87" pin="1"/><net_sink comp="137" pin=0"/></net>

<net id="141"><net_src comp="137" pin="1"/><net_sink comp="121" pin=1"/></net>

<net id="145"><net_src comp="99" pin="2"/><net_sink comp="142" pin=0"/></net>

<net id="149"><net_src comp="74" pin="3"/><net_sink comp="146" pin=0"/></net>

<net id="150"><net_src comp="146" pin="1"/><net_sink comp="81" pin=0"/></net>

<net id="154"><net_src comp="121" pin="2"/><net_sink comp="151" pin=0"/></net>

<net id="155"><net_src comp="151" pin="1"/><net_sink comp="66" pin=1"/></net>

<net id="159"><net_src comp="81" pin="3"/><net_sink comp="156" pin=0"/></net>

<net id="160"><net_src comp="156" pin="1"/><net_sink comp="126" pin=0"/></net>

</net_list>

</model> 
---------------- Datapath Model END ------------------

* FSMD analyzer results:
  - Output states:
	Port: arrays | {3 }
 - Input state : 
	Port: MatrixMultiplication_Pipeline_VITIS_LOOP_41_7 : sext_ln41 | {1 }
	Port: MatrixMultiplication_Pipeline_VITIS_LOOP_41_7 : C | {1 2 }
  - Chain level:
	State 1
		store_ln0 : 1
		i_1 : 1
		icmp_ln41 : 2
		add_ln41 : 2
		br_ln41 : 3
		i_2_cast : 2
		C_addr : 3
		C_load : 4
		store_ln41 : 3
	State 2
	State 3
		write_ln42 : 1


============================================================
+ Verbose Summary: Datapath Resource usage 
============================================================

* Functional unit list:
|----------|---------------------------|---------|---------|
| Operation|      Functional Unit      |    FF   |   LUT   |
|----------|---------------------------|---------|---------|
|    add   |      add_ln41_fu_105      |    0    |    10   |
|----------|---------------------------|---------|---------|
|   icmp   |      icmp_ln41_fu_99      |    0    |    8    |
|----------|---------------------------|---------|---------|
|   read   | sext_ln41_read_read_fu_60 |    0    |    0    |
|----------|---------------------------|---------|---------|
|   write  |   write_ln42_write_fu_66  |    0    |    0    |
|----------|---------------------------|---------|---------|
|   sext   |    sext_ln41_cast_fu_87   |    0    |    0    |
|----------|---------------------------|---------|---------|
|   zext   |      i_2_cast_fu_111      |    0    |    0    |
|----------|---------------------------|---------|---------|
|   Total  |                           |    0    |    18   |
|----------|---------------------------|---------|---------|

Memories:
N/A

* Register list:
+----------------------+--------+
|                      |   FF   |
+----------------------+--------+
|    C_addr_reg_146    |    3   |
|    C_load_reg_156    |   32   |
|  arrays_addr_reg_151 |   32   |
|       i_reg_130      |    3   |
|   icmp_ln41_reg_142  |    1   |
|sext_ln41_cast_reg_137|   64   |
+----------------------+--------+
|         Total        |   135  |
+----------------------+--------+

* Multiplexer (MUX) list: 
|------------------|------|------|------|--------||---------||---------|
|       Comp       |  Pin | Size |  BW  | S x BW ||  Delay  ||   LUT   |
|------------------|------|------|------|--------||---------||---------|
| grp_access_fu_81 |  p0  |   2  |   3  |    6   ||    9    |
|------------------|------|------|------|--------||---------||---------|
|       Total      |      |      |      |    6   ||  0.489  ||    9    |
|------------------|------|------|------|--------||---------||---------|



* Summary:
+-----------+--------+--------+--------+
|           |  Delay |   FF   |   LUT  |
+-----------+--------+--------+--------+
|  Function |    -   |    0   |   18   |
|   Memory  |    -   |    -   |    -   |
|Multiplexer|    0   |    -   |    9   |
|  Register |    -   |   135  |    -   |
+-----------+--------+--------+--------+
|   Total   |    0   |   135  |   27   |
+-----------+--------+--------+--------+
