/home/hufnagelde/ultrazohm_sw/ip_cores/uz_Matrix_Multi/HLS_Project/solution1/.autopilot/db/matrix_multiply.pp.0.cpp:1158:2: warning: Added loop label VITIS_LOOP_20_1:   [xilinx-label-all-loops]
 for(int i=0; i < 5; i++) {
 ^~~
 VITIS_LOOP_20_1: 
/home/hufnagelde/ultrazohm_sw/ip_cores/uz_Matrix_Multi/HLS_Project/solution1/.autopilot/db/matrix_multiply.pp.0.cpp:1158:2: note: FIX-IT applied suggested code changes
/home/hufnagelde/ultrazohm_sw/ip_cores/uz_Matrix_Multi/HLS_Project/solution1/.autopilot/db/matrix_multiply.pp.0.cpp:1162:2: warning: Added loop label VITIS_LOOP_24_2:   [xilinx-label-all-loops]
 for(int i=0; i < 25; i++) {
 ^~~
 VITIS_LOOP_24_2: 
/home/hufnagelde/ultrazohm_sw/ip_cores/uz_Matrix_Multi/HLS_Project/solution1/.autopilot/db/matrix_multiply.pp.0.cpp:1162:2: note: FIX-IT applied suggested code changes
/home/hufnagelde/ultrazohm_sw/ip_cores/uz_Matrix_Multi/HLS_Project/solution1/.autopilot/db/matrix_multiply.pp.0.cpp:1166:2: warning: Added loop label VITIS_LOOP_28_3:   [xilinx-label-all-loops]
 for (uint_fast32_t m = 0; m < M; m++) {
 ^~~
 VITIS_LOOP_28_3: 
/home/hufnagelde/ultrazohm_sw/ip_cores/uz_Matrix_Multi/HLS_Project/solution1/.autopilot/db/matrix_multiply.pp.0.cpp:1166:2: note: FIX-IT applied suggested code changes
/home/hufnagelde/ultrazohm_sw/ip_cores/uz_Matrix_Multi/HLS_Project/solution1/.autopilot/db/matrix_multiply.pp.0.cpp:1168:3: warning: Added loop label VITIS_LOOP_30_4:   [xilinx-label-all-loops]
  for (uint_fast32_t k = 0; k < K; k++) {
  ^~~
  VITIS_LOOP_30_4: 
/home/hufnagelde/ultrazohm_sw/ip_cores/uz_Matrix_Multi/HLS_Project/solution1/.autopilot/db/matrix_multiply.pp.0.cpp:1168:3: note: FIX-IT applied suggested code changes
/home/hufnagelde/ultrazohm_sw/ip_cores/uz_Matrix_Multi/HLS_Project/solution1/.autopilot/db/matrix_multiply.pp.0.cpp:1169:4: warning: Added loop label VITIS_LOOP_31_5:   [xilinx-label-all-loops]
   for (uint_fast32_t n = 0; n < N; n++) {
   ^~~
   VITIS_LOOP_31_5: 
/home/hufnagelde/ultrazohm_sw/ip_cores/uz_Matrix_Multi/HLS_Project/solution1/.autopilot/db/matrix_multiply.pp.0.cpp:1169:4: note: FIX-IT applied suggested code changes
/home/hufnagelde/ultrazohm_sw/ip_cores/uz_Matrix_Multi/HLS_Project/solution1/.autopilot/db/matrix_multiply.pp.0.cpp:1172:7: warning: Added loop label VITIS_LOOP_34_6:   [xilinx-label-all-loops]
      for (uint_fast32_t n = 0; n < N; n++) {
      ^~~
      VITIS_LOOP_34_6: 
/home/hufnagelde/ultrazohm_sw/ip_cores/uz_Matrix_Multi/HLS_Project/solution1/.autopilot/db/matrix_multiply.pp.0.cpp:1172:7: note: FIX-IT applied suggested code changes
/home/hufnagelde/ultrazohm_sw/ip_cores/uz_Matrix_Multi/HLS_Project/solution1/.autopilot/db/matrix_multiply.pp.0.cpp:1179:2: warning: Added loop label VITIS_LOOP_41_7:   [xilinx-label-all-loops]
 for(int i=0; i < 5; i++) {
 ^~~
 VITIS_LOOP_41_7: 
/home/hufnagelde/ultrazohm_sw/ip_cores/uz_Matrix_Multi/HLS_Project/solution1/.autopilot/db/matrix_multiply.pp.0.cpp:1179:2: note: FIX-IT applied suggested code changes
