

================================================================
== Vitis HLS Report for 'MatrixMultiplication_Pipeline_VITIS_LOOP_25_5'
================================================================
* Date:           Fri Nov 24 09:55:19 2023

* Version:        2022.2 (Build 3670227 on Oct 13 2022)
* Project:        HLS_Project
* Solution:       solution1 (Vitis Kernel Flow Target)
* Product family: zynquplus
* Target device:  xczu9eg-ffvc900-1-e


================================================================
== Performance Estimates
================================================================
+ Timing: 
    * Summary: 
    +--------+----------+----------+------------+
    |  Clock |  Target  | Estimated| Uncertainty|
    +--------+----------+----------+------------+
    |ap_clk  |  10.00 ns|  6.808 ns|     2.70 ns|
    +--------+----------+----------+------------+

+ Latency: 
    * Summary: 
    +---------+---------+-----------+----------+-----+-----+---------+
    |  Latency (cycles) |  Latency (absolute)  |  Interval | Pipeline|
    |   min   |   max   |    min    |    max   | min | max |   Type  |
    +---------+---------+-----------+----------+-----+-----+---------+
    |        2|      127|  20.000 ns|  1.270 us|    2|  127|       no|
    +---------+---------+-----------+----------+-----+-----+---------+

    + Detail: 
        * Instance: 
        N/A

        * Loop: 
        +-------------------+---------+---------+----------+-----------+-----------+--------+----------+
        |                   |  Latency (cycles) | Iteration|  Initiation Interval  |  Trip  |          |
        |     Loop Name     |   min   |   max   |  Latency |  achieved |   target  |  Count | Pipelined|
        +-------------------+---------+---------+----------+-----------+-----------+--------+----------+
        |- VITIS_LOOP_25_5  |        0|      125|         6|          4|          1|  0 ~ 31|       yes|
        +-------------------+---------+---------+----------+-----------+-----------+--------+----------+



================================================================
== Utilization Estimates
================================================================
* Summary: 
+-----------------+---------+------+--------+--------+-----+
|       Name      | BRAM_18K|  DSP |   FF   |   LUT  | URAM|
+-----------------+---------+------+--------+--------+-----+
|DSP              |        -|     -|       -|       -|    -|
|Expression       |        -|     -|       0|      43|    -|
|FIFO             |        -|     -|       -|       -|    -|
|Instance         |        -|     2|     205|     206|    -|
|Memory           |        -|     -|       -|       -|    -|
|Multiplexer      |        -|     -|       -|      98|    -|
|Register         |        -|     -|      45|       -|    -|
+-----------------+---------+------+--------+--------+-----+
|Total            |        0|     2|     250|     347|    0|
+-----------------+---------+------+--------+--------+-----+
|Available        |     1824|  2520|  548160|  274080|    0|
+-----------------+---------+------+--------+--------+-----+
|Utilization (%)  |        0|    ~0|      ~0|      ~0|    0|
+-----------------+---------+------+--------+--------+-----+

+ Detail: 
    * Instance: 
    +------------------------------------+--------------------------------+---------+----+-----+-----+-----+
    |              Instance              |             Module             | BRAM_18K| DSP|  FF | LUT | URAM|
    +------------------------------------+--------------------------------+---------+----+-----+-----+-----+
    |fadd_32ns_32ns_32_5_full_dsp_1_U13  |fadd_32ns_32ns_32_5_full_dsp_1  |        0|   2|  205|  206|    0|
    +------------------------------------+--------------------------------+---------+----+-----+-----+-----+
    |Total                               |                                |        0|   2|  205|  206|    0|
    +------------------------------------+--------------------------------+---------+----+-----+-----+-----+

    * DSP: 
    N/A

    * Memory: 
    N/A

    * FIFO: 
    N/A

    * Expression: 
    +---------------------+----------+----+---+----+------------+------------+
    |    Variable Name    | Operation| DSP| FF| LUT| Bitwidth P0| Bitwidth P1|
    +---------------------+----------+----+---+----+------------+------------+
    |n_2_fu_107_p2        |         +|   0|  0|  12|           5|           1|
    |icmp_ln25_fu_101_p2  |      icmp|   0|  0|  29|          64|          64|
    |ap_enable_pp0        |       xor|   0|  0|   2|           1|           2|
    +---------------------+----------+----+---+----+------------+------------+
    |Total                |          |   0|  0|  43|          70|          67|
    +---------------------+----------+----+---+----+------------+------------+

    * Multiplexer: 
    +-------------------------------+----+-----------+-----+-----------+
    |              Name             | LUT| Input Size| Bits| Total Bits|
    +-------------------------------+----+-----------+-----+-----------+
    |add3211_fu_42                  |   9|          2|   32|         64|
    |ap_NS_fsm                      |  26|          5|    1|          5|
    |ap_done_int                    |   9|          2|    1|          2|
    |ap_enable_reg_pp0_iter0        |   9|          2|    1|          2|
    |ap_enable_reg_pp0_iter0_reg    |   9|          2|    1|          2|
    |ap_enable_reg_pp0_iter1        |   9|          2|    1|          2|
    |ap_sig_allocacmp_add3211_load  |   9|          2|   32|         64|
    |ap_sig_allocacmp_n_1           |   9|          2|    5|         10|
    |n_fu_38                        |   9|          2|    5|         10|
    +-------------------------------+----+-----------+-----+-----------+
    |Total                          |  98|         21|   79|        161|
    +-------------------------------+----+-----------+-----+-----------+

    * Register: 
    +-----------------------------+----+----+-----+-----------+
    |             Name            | FF | LUT| Bits| Const Bits|
    +-----------------------------+----+----+-----+-----------+
    |add3211_fu_42                |  32|   0|   32|          0|
    |ap_CS_fsm                    |   4|   0|    4|          0|
    |ap_done_reg                  |   1|   0|    1|          0|
    |ap_enable_reg_pp0_iter0_reg  |   1|   0|    1|          0|
    |ap_enable_reg_pp0_iter1      |   1|   0|    1|          0|
    |icmp_ln25_reg_146            |   1|   0|    1|          0|
    |n_fu_38                      |   5|   0|    5|          0|
    +-----------------------------+----+----+-----+-----------+
    |Total                        |  45|   0|   45|          0|
    +-----------------------------+----+----+-----+-----------+



================================================================
== Interface
================================================================
* Summary: 
+--------------------+-----+-----+------------+-----------------------------------------------+--------------+
|      RTL Ports     | Dir | Bits|  Protocol  |                 Source Object                 |    C Type    |
+--------------------+-----+-----+------------+-----------------------------------------------+--------------+
|ap_clk              |   in|    1|  ap_ctrl_hs|  MatrixMultiplication_Pipeline_VITIS_LOOP_25_5|  return value|
|ap_rst              |   in|    1|  ap_ctrl_hs|  MatrixMultiplication_Pipeline_VITIS_LOOP_25_5|  return value|
|ap_start            |   in|    1|  ap_ctrl_hs|  MatrixMultiplication_Pipeline_VITIS_LOOP_25_5|  return value|
|ap_done             |  out|    1|  ap_ctrl_hs|  MatrixMultiplication_Pipeline_VITIS_LOOP_25_5|  return value|
|ap_idle             |  out|    1|  ap_ctrl_hs|  MatrixMultiplication_Pipeline_VITIS_LOOP_25_5|  return value|
|ap_ready            |  out|    1|  ap_ctrl_hs|  MatrixMultiplication_Pipeline_VITIS_LOOP_25_5|  return value|
|bitcast_ln26        |   in|   32|     ap_none|                                   bitcast_ln26|        scalar|
|B_rows              |   in|   64|     ap_none|                                         B_rows|        scalar|
|acc_address0        |  out|    5|   ap_memory|                                            acc|         array|
|acc_ce0             |  out|    1|   ap_memory|                                            acc|         array|
|acc_q0              |   in|   32|   ap_memory|                                            acc|         array|
|add3211_out         |  out|   32|      ap_vld|                                    add3211_out|       pointer|
|add3211_out_ap_vld  |  out|    1|      ap_vld|                                    add3211_out|       pointer|
+--------------------+-----+-----+------------+-----------------------------------------------+--------------+

============================================================
+ Verbose Summary: Synthesis Manager
============================================================
InlineROM: 1
ExposeGlobal: 0
============================================================
+ Verbose Summary: CDFG Model
============================================================
IsTopModel: 0
ResetActiveHigh: 1
IsCombinational: 2
IsDatapathOnly: 2
HasWiredReturn: 1
HasMFsm: 2
HasVarLatency: 1
IsPipeline: 0
IsRtlPipelined: 0
IsInstanceOverlapped: 0
IsDontTouch: 0
HasImplIP: 0
IsGatedGlobalClock: 0

+ Individual pipeline summary: 
  * Pipeline-0: initiation interval (II) = 4, depth = 6


============================================================
+ Verbose Summary: Schedule
============================================================
* Number of FSM states : 6
* Pipeline : 1
  Pipeline-0 : II = 4, D = 6, States = { 1 2 3 4 5 6 }
* Dataflow Pipeline: 0

* FSM state transitions: 
1 --> 2 
2 --> 3 
3 --> 4 
4 --> 5 
5 --> 6 
6 --> 

* FSM state operations: 

State 1 <SV = 0> <Delay = 1.97>
ST_1 : Operation 9 [1/1] (0.00ns)   --->   "%n = alloca i32 1"   --->   Operation 9 'alloca' 'n' <Predicate = true> <Delay = 0.00>
ST_1 : Operation 10 [1/1] (0.00ns)   --->   "%add3211 = alloca i32 1"   --->   Operation 10 'alloca' 'add3211' <Predicate = true> <Delay = 0.00>
ST_1 : Operation 11 [1/1] (0.00ns)   --->   "%B_rows_read = read i64 @_ssdm_op_Read.ap_auto.i64, i64 %B_rows"   --->   Operation 11 'read' 'B_rows_read' <Predicate = true> <Delay = 0.00>
ST_1 : Operation 12 [1/1] (0.00ns)   --->   "%bitcast_ln26_read = read i32 @_ssdm_op_Read.ap_auto.float, i32 %bitcast_ln26"   --->   Operation 12 'read' 'bitcast_ln26_read' <Predicate = true> <Delay = 0.00>
ST_1 : Operation 13 [1/1] (0.48ns)   --->   "%store_ln0 = store i32 %bitcast_ln26_read, i32 %add3211"   --->   Operation 13 'store' 'store_ln0' <Predicate = true> <Delay = 0.48>
ST_1 : Operation 14 [1/1] (0.48ns)   --->   "%store_ln0 = store i5 0, i5 %n"   --->   Operation 14 'store' 'store_ln0' <Predicate = true> <Delay = 0.48>
ST_1 : Operation 15 [1/1] (0.00ns)   --->   "%br_ln0 = br void %for.inc33"   --->   Operation 15 'br' 'br_ln0' <Predicate = true> <Delay = 0.00>
ST_1 : Operation 16 [1/1] (0.00ns)   --->   "%n_1 = load i5 %n" [HLS_Project/matrix_multiply.cpp:25]   --->   Operation 16 'load' 'n_1' <Predicate = true> <Delay = 0.00>
ST_1 : Operation 17 [1/1] (0.00ns)   --->   "%n_4_cast = zext i5 %n_1" [HLS_Project/matrix_multiply.cpp:25]   --->   Operation 17 'zext' 'n_4_cast' <Predicate = true> <Delay = 0.00>
ST_1 : Operation 18 [1/1] (0.00ns)   --->   "%specpipeline_ln0 = specpipeline void @_ssdm_op_SpecPipeline, i32 4294967295, i32 0, i32 1, i32 0, void @p_str"   --->   Operation 18 'specpipeline' 'specpipeline_ln0' <Predicate = true> <Delay = 0.00>
ST_1 : Operation 19 [1/1] (1.48ns)   --->   "%icmp_ln25 = icmp_eq  i64 %n_4_cast, i64 %B_rows_read" [HLS_Project/matrix_multiply.cpp:25]   --->   Operation 19 'icmp' 'icmp_ln25' <Predicate = true> <Delay = 1.48> <CoreInst = "Cmp">   --->   Core 9 'Cmp' <Latency = 0> <II = 1> <Delay = 1.48> <FuncUnit> <Opcode : 'icmp'> <InPorts = 2> <OutPorts = 1>
ST_1 : Operation 20 [1/1] (0.00ns)   --->   "%empty = speclooptripcount i32 @_ssdm_op_SpecLoopTripCount, i64 0, i64 31, i64 0"   --->   Operation 20 'speclooptripcount' 'empty' <Predicate = true> <Delay = 0.00>
ST_1 : Operation 21 [1/1] (0.87ns)   --->   "%n_2 = add i5 %n_1, i5 1" [HLS_Project/matrix_multiply.cpp:25]   --->   Operation 21 'add' 'n_2' <Predicate = true> <Delay = 0.87> <CoreInst = "Adder">   --->   Core 1 'Adder' <Latency = 0> <II = 1> <Delay = 0.87> <FuncUnit> <Opcode : 'add' 'sub'> <InPorts = 2> <OutPorts = 1>
ST_1 : Operation 22 [1/1] (0.00ns)   --->   "%br_ln25 = br i1 %icmp_ln25, void %for.inc33.split, void %for.inc36.loopexit.exitStub" [HLS_Project/matrix_multiply.cpp:25]   --->   Operation 22 'br' 'br_ln25' <Predicate = true> <Delay = 0.00>
ST_1 : Operation 23 [1/1] (0.00ns)   --->   "%acc_addr = getelementptr i32 %acc, i64 0, i64 %n_4_cast" [HLS_Project/matrix_multiply.cpp:26]   --->   Operation 23 'getelementptr' 'acc_addr' <Predicate = (!icmp_ln25)> <Delay = 0.00>
ST_1 : Operation 24 [2/2] (0.79ns)   --->   "%acc_load = load i5 %acc_addr" [HLS_Project/matrix_multiply.cpp:26]   --->   Operation 24 'load' 'acc_load' <Predicate = (!icmp_ln25)> <Delay = 0.79> <CoreInst = "RAM">   --->   Core 83 'RAM' <Latency = 1> <II = 1> <Delay = 0.79> <Storage> <Opcode : 'load' 'store'> <Ports = 2> <Width = 32> <Depth = 25> <RAM>
ST_1 : Operation 25 [1/1] (0.48ns)   --->   "%store_ln25 = store i5 %n_2, i5 %n" [HLS_Project/matrix_multiply.cpp:25]   --->   Operation 25 'store' 'store_ln25' <Predicate = (!icmp_ln25)> <Delay = 0.48>

State 2 <SV = 1> <Delay = 6.80>
ST_2 : Operation 26 [1/1] (0.00ns)   --->   "%add3211_load = load i32 %add3211" [HLS_Project/matrix_multiply.cpp:26]   --->   Operation 26 'load' 'add3211_load' <Predicate = (!icmp_ln25)> <Delay = 0.00>
ST_2 : Operation 27 [1/2] (0.79ns)   --->   "%acc_load = load i5 %acc_addr" [HLS_Project/matrix_multiply.cpp:26]   --->   Operation 27 'load' 'acc_load' <Predicate = (!icmp_ln25)> <Delay = 0.79> <CoreInst = "RAM">   --->   Core 83 'RAM' <Latency = 1> <II = 1> <Delay = 0.79> <Storage> <Opcode : 'load' 'store'> <Ports = 2> <Width = 32> <Depth = 25> <RAM>
ST_2 : Operation 28 [5/5] (6.01ns)   --->   "%add = fadd i32 %add3211_load, i32 %acc_load" [HLS_Project/matrix_multiply.cpp:26]   --->   Operation 28 'fadd' 'add' <Predicate = (!icmp_ln25)> <Delay = 6.01> <CoreInst = "FAddSub_fulldsp">   --->   Core 18 'FAddSub_fulldsp' <Latency = 4> <II = 1> <Delay = 6.01> <FuncUnit> <Opcode : 'fadd' 'fsub'> <InPorts = 2> <OutPorts = 1>
ST_2 : Operation 36 [1/1] (0.00ns)   --->   "%add3211_load_1 = load i32 %add3211"   --->   Operation 36 'load' 'add3211_load_1' <Predicate = (icmp_ln25)> <Delay = 0.00>
ST_2 : Operation 37 [1/1] (0.00ns)   --->   "%write_ln0 = write void @_ssdm_op_Write.ap_auto.floatP0A, i32 %add3211_out, i32 %add3211_load_1"   --->   Operation 37 'write' 'write_ln0' <Predicate = (icmp_ln25)> <Delay = 0.00>
ST_2 : Operation 38 [1/1] (0.00ns)   --->   "%ret_ln0 = ret"   --->   Operation 38 'ret' 'ret_ln0' <Predicate = (icmp_ln25)> <Delay = 0.00>

State 3 <SV = 2> <Delay = 6.01>
ST_3 : Operation 29 [4/5] (6.01ns)   --->   "%add = fadd i32 %add3211_load, i32 %acc_load" [HLS_Project/matrix_multiply.cpp:26]   --->   Operation 29 'fadd' 'add' <Predicate = (!icmp_ln25)> <Delay = 6.01> <CoreInst = "FAddSub_fulldsp">   --->   Core 18 'FAddSub_fulldsp' <Latency = 4> <II = 1> <Delay = 6.01> <FuncUnit> <Opcode : 'fadd' 'fsub'> <InPorts = 2> <OutPorts = 1>

State 4 <SV = 3> <Delay = 6.01>
ST_4 : Operation 30 [3/5] (6.01ns)   --->   "%add = fadd i32 %add3211_load, i32 %acc_load" [HLS_Project/matrix_multiply.cpp:26]   --->   Operation 30 'fadd' 'add' <Predicate = (!icmp_ln25)> <Delay = 6.01> <CoreInst = "FAddSub_fulldsp">   --->   Core 18 'FAddSub_fulldsp' <Latency = 4> <II = 1> <Delay = 6.01> <FuncUnit> <Opcode : 'fadd' 'fsub'> <InPorts = 2> <OutPorts = 1>

State 5 <SV = 4> <Delay = 6.01>
ST_5 : Operation 31 [2/5] (6.01ns)   --->   "%add = fadd i32 %add3211_load, i32 %acc_load" [HLS_Project/matrix_multiply.cpp:26]   --->   Operation 31 'fadd' 'add' <Predicate = true> <Delay = 6.01> <CoreInst = "FAddSub_fulldsp">   --->   Core 18 'FAddSub_fulldsp' <Latency = 4> <II = 1> <Delay = 6.01> <FuncUnit> <Opcode : 'fadd' 'fsub'> <InPorts = 2> <OutPorts = 1>

State 6 <SV = 5> <Delay = 6.50>
ST_6 : Operation 32 [1/1] (0.00ns)   --->   "%specloopname_ln25 = specloopname void @_ssdm_op_SpecLoopName, void @empty_10" [HLS_Project/matrix_multiply.cpp:25]   --->   Operation 32 'specloopname' 'specloopname_ln25' <Predicate = true> <Delay = 0.00>
ST_6 : Operation 33 [1/5] (6.01ns)   --->   "%add = fadd i32 %add3211_load, i32 %acc_load" [HLS_Project/matrix_multiply.cpp:26]   --->   Operation 33 'fadd' 'add' <Predicate = true> <Delay = 6.01> <CoreInst = "FAddSub_fulldsp">   --->   Core 18 'FAddSub_fulldsp' <Latency = 4> <II = 1> <Delay = 6.01> <FuncUnit> <Opcode : 'fadd' 'fsub'> <InPorts = 2> <OutPorts = 1>
ST_6 : Operation 34 [1/1] (0.48ns)   --->   "%store_ln25 = store i32 %add, i32 %add3211" [HLS_Project/matrix_multiply.cpp:25]   --->   Operation 34 'store' 'store_ln25' <Predicate = true> <Delay = 0.48>
ST_6 : Operation 35 [1/1] (0.00ns)   --->   "%br_ln25 = br void %for.inc33" [HLS_Project/matrix_multiply.cpp:25]   --->   Operation 35 'br' 'br_ln25' <Predicate = true> <Delay = 0.00>


============================================================
+ Verbose Summary: Binding
============================================================
STG Binding: 
---------------- STG Properties BEGIN ----------------
- Is combinational: 0
- Is one-state seq: 0
- Is datapath-only: 0
- Is pipelined: 0
- Is top level: 0
Port [ Return ] is wired: 1; IO mode=ap_ctrl_hs:ce=0
Port [ bitcast_ln26]:  wired=1; compound=0; hidden=0; nouse=0; global=0; static=0; extern=0; dir=0; type=0; pingpong=0; private_global=0; IO mode=ap_none:ce=0
Port [ B_rows]:  wired=1; compound=0; hidden=0; nouse=0; global=0; static=0; extern=0; dir=0; type=0; pingpong=0; private_global=0; IO mode=ap_none:ce=0
Port [ acc]:  wired=1; compound=1; hidden=0; nouse=0; global=0; static=0; extern=0; dir=0; type=1; pingpong=0; private_global=0; MemPort=[13]; IO mode=ap_memory:ce=0
Port [ add3211_out]:  wired=1; compound=0; hidden=0; nouse=0; global=0; static=0; extern=0; dir=1; type=0; pingpong=0; private_global=0; IO mode=ap_vld:ce=0
---------------- STG Properties END ------------------

---------------- Datapath Model BEGIN ----------------

<LifeTime>
<method=bitvector/>
n                 (alloca           ) [ 0100000]
add3211           (alloca           ) [ 0111111]
B_rows_read       (read             ) [ 0000000]
bitcast_ln26_read (read             ) [ 0000000]
store_ln0         (store            ) [ 0000000]
store_ln0         (store            ) [ 0000000]
br_ln0            (br               ) [ 0000000]
n_1               (load             ) [ 0000000]
n_4_cast          (zext             ) [ 0000000]
specpipeline_ln0  (specpipeline     ) [ 0000000]
icmp_ln25         (icmp             ) [ 0111100]
empty             (speclooptripcount) [ 0000000]
n_2               (add              ) [ 0000000]
br_ln25           (br               ) [ 0000000]
acc_addr          (getelementptr    ) [ 0010000]
store_ln25        (store            ) [ 0000000]
add3211_load      (load             ) [ 0111111]
acc_load          (load             ) [ 0111111]
specloopname_ln25 (specloopname     ) [ 0000000]
add               (fadd             ) [ 0000000]
store_ln25        (store            ) [ 0000000]
br_ln25           (br               ) [ 0000000]
add3211_load_1    (load             ) [ 0000000]
write_ln0         (write            ) [ 0000000]
ret_ln0           (ret              ) [ 0000000]
</LifeTime>

<model>

<comp_list>
<comp id="0" class="1000" name="bitcast_ln26">
<pin_list>
<pin id="1" dir="1" index="0" bw="1" slack="0"/>
</pin_list>
<bind>
<StgValue><ssdm name="bitcast_ln26"/></StgValue>
</bind>
</comp>

<comp id="2" class="1000" name="B_rows">
<pin_list>
<pin id="3" dir="1" index="0" bw="1" slack="0"/>
</pin_list>
<bind>
<StgValue><ssdm name="B_rows"/></StgValue>
</bind>
</comp>

<comp id="4" class="1000" name="acc">
<pin_list>
<pin id="5" dir="1" index="0" bw="1" slack="0"/>
</pin_list>
<bind>
<StgValue><ssdm name="acc"/><MemPortTyVec>1 3 </MemPortTyVec>
</StgValue>
</bind>
</comp>

<comp id="6" class="1000" name="add3211_out">
<pin_list>
<pin id="7" dir="1" index="0" bw="1" slack="0"/>
</pin_list>
<bind>
<StgValue><ssdm name="add3211_out"/></StgValue>
</bind>
</comp>

<comp id="8" class="1001" name="const_8">
<pin_list>
<pin id="9" dir="1" index="0" bw="1" slack="0"/>
</pin_list>
<bind>
<StgValue><ssdm name=""/></StgValue>
</bind>
</comp>

<comp id="10" class="1001" name="const_10">
<pin_list>
<pin id="11" dir="1" index="0" bw="1" slack="0"/>
</pin_list>
<bind>
<StgValue><ssdm name="_ssdm_op_Read.ap_auto.i64"/></StgValue>
</bind>
</comp>

<comp id="12" class="1001" name="const_12">
<pin_list>
<pin id="13" dir="1" index="0" bw="1" slack="0"/>
</pin_list>
<bind>
<StgValue><ssdm name="_ssdm_op_Read.ap_auto.float"/></StgValue>
</bind>
</comp>

<comp id="14" class="1001" name="const_14">
<pin_list>
<pin id="15" dir="1" index="0" bw="1" slack="0"/>
</pin_list>
<bind>
<StgValue><ssdm name=""/></StgValue>
</bind>
</comp>

<comp id="16" class="1001" name="const_16">
<pin_list>
<pin id="17" dir="1" index="0" bw="1" slack="2147483647"/>
</pin_list>
<bind>
<StgValue><ssdm name="_ssdm_op_SpecPipeline"/></StgValue>
</bind>
</comp>

<comp id="18" class="1001" name="const_18">
<pin_list>
<pin id="19" dir="1" index="0" bw="1" slack="2147483647"/>
</pin_list>
<bind>
<StgValue><ssdm name=""/></StgValue>
</bind>
</comp>

<comp id="20" class="1001" name="const_20">
<pin_list>
<pin id="21" dir="1" index="0" bw="1" slack="2147483647"/>
</pin_list>
<bind>
<StgValue><ssdm name=""/></StgValue>
</bind>
</comp>

<comp id="22" class="1001" name="const_22">
<pin_list>
<pin id="23" dir="1" index="0" bw="1" slack="2147483647"/>
</pin_list>
<bind>
<StgValue><ssdm name="p_str"/></StgValue>
</bind>
</comp>

<comp id="24" class="1001" name="const_24">
<pin_list>
<pin id="25" dir="1" index="0" bw="1" slack="2147483647"/>
</pin_list>
<bind>
<StgValue><ssdm name="_ssdm_op_SpecLoopTripCount"/></StgValue>
</bind>
</comp>

<comp id="26" class="1001" name="const_26">
<pin_list>
<pin id="27" dir="1" index="0" bw="1" slack="0"/>
</pin_list>
<bind>
<StgValue><ssdm name=""/></StgValue>
</bind>
</comp>

<comp id="28" class="1001" name="const_28">
<pin_list>
<pin id="29" dir="1" index="0" bw="1" slack="2147483647"/>
</pin_list>
<bind>
<StgValue><ssdm name=""/></StgValue>
</bind>
</comp>

<comp id="30" class="1001" name="const_30">
<pin_list>
<pin id="31" dir="1" index="0" bw="1" slack="0"/>
</pin_list>
<bind>
<StgValue><ssdm name=""/></StgValue>
</bind>
</comp>

<comp id="32" class="1001" name="const_32">
<pin_list>
<pin id="33" dir="1" index="0" bw="1" slack="2147483647"/>
</pin_list>
<bind>
<StgValue><ssdm name="_ssdm_op_SpecLoopName"/></StgValue>
</bind>
</comp>

<comp id="34" class="1001" name="const_34">
<pin_list>
<pin id="35" dir="1" index="0" bw="1" slack="2147483647"/>
</pin_list>
<bind>
<StgValue><ssdm name="empty_10"/></StgValue>
</bind>
</comp>

<comp id="36" class="1001" name="const_36">
<pin_list>
<pin id="37" dir="1" index="0" bw="1" slack="0"/>
</pin_list>
<bind>
<StgValue><ssdm name="_ssdm_op_Write.ap_auto.floatP0A"/></StgValue>
</bind>
</comp>

<comp id="38" class="1004" name="n_fu_38">
<pin_list>
<pin id="39" dir="0" index="0" bw="1" slack="0"/>
<pin id="40" dir="1" index="1" bw="5" slack="0"/>
</pin_list>
<bind>
<opcode="alloca(26) " fcode="alloca"/>
<opset="n/1 "/>
</bind>
</comp>

<comp id="42" class="1004" name="add3211_fu_42">
<pin_list>
<pin id="43" dir="0" index="0" bw="1" slack="0"/>
<pin id="44" dir="1" index="1" bw="32" slack="0"/>
</pin_list>
<bind>
<opcode="alloca(26) " fcode="alloca"/>
<opset="add3211/1 "/>
</bind>
</comp>

<comp id="46" class="1004" name="B_rows_read_read_fu_46">
<pin_list>
<pin id="47" dir="0" index="0" bw="64" slack="0"/>
<pin id="48" dir="0" index="1" bw="64" slack="0"/>
<pin id="49" dir="1" index="2" bw="64" slack="0"/>
</pin_list>
<bind>
<opcode="read(1150) " fcode="read"/>
<opset="B_rows_read/1 "/>
</bind>
</comp>

<comp id="52" class="1004" name="bitcast_ln26_read_read_fu_52">
<pin_list>
<pin id="53" dir="0" index="0" bw="32" slack="0"/>
<pin id="54" dir="0" index="1" bw="32" slack="0"/>
<pin id="55" dir="1" index="2" bw="32" slack="0"/>
</pin_list>
<bind>
<opcode="read(1150) " fcode="read"/>
<opset="bitcast_ln26_read/1 "/>
</bind>
</comp>

<comp id="58" class="1004" name="write_ln0_write_fu_58">
<pin_list>
<pin id="59" dir="0" index="0" bw="0" slack="0"/>
<pin id="60" dir="0" index="1" bw="32" slack="0"/>
<pin id="61" dir="0" index="2" bw="32" slack="0"/>
<pin id="62" dir="1" index="3" bw="0" slack="2147483647"/>
</pin_list>
<bind>
<opcode="write(1151) " fcode="write"/>
<opset="write_ln0/2 "/>
</bind>
</comp>

<comp id="65" class="1004" name="acc_addr_gep_fu_65">
<pin_list>
<pin id="66" dir="0" index="0" bw="32" slack="0"/>
<pin id="67" dir="0" index="1" bw="1" slack="0"/>
<pin id="68" dir="0" index="2" bw="5" slack="0"/>
<pin id="69" dir="1" index="3" bw="5" slack="0"/>
</pin_list>
<bind>
<opcode="getelementptr(29) " fcode="getelementptr"/>
<opset="acc_addr/1 "/>
</bind>
</comp>

<comp id="72" class="1004" name="grp_access_fu_72">
<pin_list>
<pin id="73" dir="0" index="0" bw="5" slack="0"/>
<pin id="74" dir="0" index="1" bw="32" slack="2147483647"/>
<pin id="75" dir="0" index="2" bw="0" slack="2147483647"/>
<pin id="76" dir="1" index="3" bw="32" slack="0"/>
</pin_list>
<bind>
<opcode="load(27) " fcode="load"/>
<opset="acc_load/1 "/>
</bind>
</comp>

<comp id="78" class="1004" name="grp_fu_78">
<pin_list>
<pin id="79" dir="0" index="0" bw="32" slack="0"/>
<pin id="80" dir="0" index="1" bw="32" slack="0"/>
<pin id="81" dir="1" index="2" bw="32" slack="0"/>
</pin_list>
<bind>
<opcode="fadd(9) " fcode="fadd"/>
<opset="add/2 "/>
</bind>
</comp>

<comp id="83" class="1004" name="store_ln0_store_fu_83">
<pin_list>
<pin id="84" dir="0" index="0" bw="32" slack="0"/>
<pin id="85" dir="0" index="1" bw="32" slack="0"/>
<pin id="86" dir="1" index="2" bw="0" slack="2147483647"/>
</pin_list>
<bind>
<opcode="store(28) " fcode="store"/>
<opset="store_ln0/1 "/>
</bind>
</comp>

<comp id="88" class="1004" name="store_ln0_store_fu_88">
<pin_list>
<pin id="89" dir="0" index="0" bw="1" slack="0"/>
<pin id="90" dir="0" index="1" bw="5" slack="0"/>
<pin id="91" dir="1" index="2" bw="0" slack="2147483647"/>
</pin_list>
<bind>
<opcode="store(28) " fcode="store"/>
<opset="store_ln0/1 "/>
</bind>
</comp>

<comp id="93" class="1004" name="n_1_load_fu_93">
<pin_list>
<pin id="94" dir="0" index="0" bw="5" slack="0"/>
<pin id="95" dir="1" index="1" bw="5" slack="0"/>
</pin_list>
<bind>
<opcode="load(27) " fcode="load"/>
<opset="n_1/1 "/>
</bind>
</comp>

<comp id="96" class="1004" name="n_4_cast_fu_96">
<pin_list>
<pin id="97" dir="0" index="0" bw="5" slack="0"/>
<pin id="98" dir="1" index="1" bw="64" slack="0"/>
</pin_list>
<bind>
<opcode="zext(34) " fcode="zext"/>
<opset="n_4_cast/1 "/>
</bind>
</comp>

<comp id="101" class="1004" name="icmp_ln25_fu_101">
<pin_list>
<pin id="102" dir="0" index="0" bw="64" slack="0"/>
<pin id="103" dir="0" index="1" bw="64" slack="0"/>
<pin id="104" dir="1" index="2" bw="1" slack="1"/>
</pin_list>
<bind>
<opcode="icmp(45) " fcode="icmp"/>
<opset="icmp_ln25/1 "/>
</bind>
</comp>

<comp id="107" class="1004" name="n_2_fu_107">
<pin_list>
<pin id="108" dir="0" index="0" bw="5" slack="0"/>
<pin id="109" dir="0" index="1" bw="1" slack="0"/>
<pin id="110" dir="1" index="2" bw="5" slack="0"/>
</pin_list>
<bind>
<opcode="add(8) " fcode="add"/>
<opset="n_2/1 "/>
</bind>
</comp>

<comp id="113" class="1004" name="store_ln25_store_fu_113">
<pin_list>
<pin id="114" dir="0" index="0" bw="5" slack="0"/>
<pin id="115" dir="0" index="1" bw="5" slack="0"/>
<pin id="116" dir="1" index="2" bw="0" slack="2147483647"/>
</pin_list>
<bind>
<opcode="store(28) " fcode="store"/>
<opset="store_ln25/1 "/>
</bind>
</comp>

<comp id="118" class="1004" name="add3211_load_load_fu_118">
<pin_list>
<pin id="119" dir="0" index="0" bw="32" slack="1"/>
<pin id="120" dir="1" index="1" bw="32" slack="0"/>
</pin_list>
<bind>
<opcode="load(27) " fcode="load"/>
<opset="add3211_load/2 "/>
</bind>
</comp>

<comp id="122" class="1004" name="store_ln25_store_fu_122">
<pin_list>
<pin id="123" dir="0" index="0" bw="32" slack="0"/>
<pin id="124" dir="0" index="1" bw="32" slack="5"/>
<pin id="125" dir="1" index="2" bw="0" slack="2147483647"/>
</pin_list>
<bind>
<opcode="store(28) " fcode="store"/>
<opset="store_ln25/6 "/>
</bind>
</comp>

<comp id="127" class="1004" name="add3211_load_1_load_fu_127">
<pin_list>
<pin id="128" dir="0" index="0" bw="32" slack="1"/>
<pin id="129" dir="1" index="1" bw="32" slack="0"/>
</pin_list>
<bind>
<opcode="load(27) " fcode="load"/>
<opset="add3211_load_1/2 "/>
</bind>
</comp>

<comp id="131" class="1005" name="n_reg_131">
<pin_list>
<pin id="132" dir="0" index="0" bw="5" slack="0"/>
<pin id="133" dir="1" index="1" bw="5" slack="0"/>
</pin_list>
<bind>
<opset="n "/>
</bind>
</comp>

<comp id="138" class="1005" name="add3211_reg_138">
<pin_list>
<pin id="139" dir="0" index="0" bw="32" slack="0"/>
<pin id="140" dir="1" index="1" bw="32" slack="0"/>
</pin_list>
<bind>
<opset="add3211 "/>
</bind>
</comp>

<comp id="146" class="1005" name="icmp_ln25_reg_146">
<pin_list>
<pin id="147" dir="0" index="0" bw="1" slack="1"/>
<pin id="148" dir="1" index="1" bw="1" slack="2147483647"/>
</pin_list>
<bind>
<opset="icmp_ln25 "/>
</bind>
</comp>

<comp id="150" class="1005" name="acc_addr_reg_150">
<pin_list>
<pin id="151" dir="0" index="0" bw="5" slack="1"/>
<pin id="152" dir="1" index="1" bw="5" slack="1"/>
</pin_list>
<bind>
<opset="acc_addr "/>
</bind>
</comp>

<comp id="155" class="1005" name="add3211_load_reg_155">
<pin_list>
<pin id="156" dir="0" index="0" bw="32" slack="1"/>
<pin id="157" dir="1" index="1" bw="32" slack="1"/>
</pin_list>
<bind>
<opset="add3211_load "/>
</bind>
</comp>

<comp id="160" class="1005" name="acc_load_reg_160">
<pin_list>
<pin id="161" dir="0" index="0" bw="32" slack="1"/>
<pin id="162" dir="1" index="1" bw="32" slack="1"/>
</pin_list>
<bind>
<opset="acc_load "/>
</bind>
</comp>

</comp_list>

<net_list>
<net id="41"><net_src comp="8" pin="0"/><net_sink comp="38" pin=0"/></net>

<net id="45"><net_src comp="8" pin="0"/><net_sink comp="42" pin=0"/></net>

<net id="50"><net_src comp="10" pin="0"/><net_sink comp="46" pin=0"/></net>

<net id="51"><net_src comp="2" pin="0"/><net_sink comp="46" pin=1"/></net>

<net id="56"><net_src comp="12" pin="0"/><net_sink comp="52" pin=0"/></net>

<net id="57"><net_src comp="0" pin="0"/><net_sink comp="52" pin=1"/></net>

<net id="63"><net_src comp="36" pin="0"/><net_sink comp="58" pin=0"/></net>

<net id="64"><net_src comp="6" pin="0"/><net_sink comp="58" pin=1"/></net>

<net id="70"><net_src comp="4" pin="0"/><net_sink comp="65" pin=0"/></net>

<net id="71"><net_src comp="26" pin="0"/><net_sink comp="65" pin=1"/></net>

<net id="77"><net_src comp="65" pin="3"/><net_sink comp="72" pin=0"/></net>

<net id="82"><net_src comp="72" pin="3"/><net_sink comp="78" pin=1"/></net>

<net id="87"><net_src comp="52" pin="2"/><net_sink comp="83" pin=0"/></net>

<net id="92"><net_src comp="14" pin="0"/><net_sink comp="88" pin=0"/></net>

<net id="99"><net_src comp="93" pin="1"/><net_sink comp="96" pin=0"/></net>

<net id="100"><net_src comp="96" pin="1"/><net_sink comp="65" pin=2"/></net>

<net id="105"><net_src comp="96" pin="1"/><net_sink comp="101" pin=0"/></net>

<net id="106"><net_src comp="46" pin="2"/><net_sink comp="101" pin=1"/></net>

<net id="111"><net_src comp="93" pin="1"/><net_sink comp="107" pin=0"/></net>

<net id="112"><net_src comp="30" pin="0"/><net_sink comp="107" pin=1"/></net>

<net id="117"><net_src comp="107" pin="2"/><net_sink comp="113" pin=0"/></net>

<net id="121"><net_src comp="118" pin="1"/><net_sink comp="78" pin=0"/></net>

<net id="126"><net_src comp="78" pin="2"/><net_sink comp="122" pin=0"/></net>

<net id="130"><net_src comp="127" pin="1"/><net_sink comp="58" pin=2"/></net>

<net id="134"><net_src comp="38" pin="1"/><net_sink comp="131" pin=0"/></net>

<net id="135"><net_src comp="131" pin="1"/><net_sink comp="88" pin=1"/></net>

<net id="136"><net_src comp="131" pin="1"/><net_sink comp="93" pin=0"/></net>

<net id="137"><net_src comp="131" pin="1"/><net_sink comp="113" pin=1"/></net>

<net id="141"><net_src comp="42" pin="1"/><net_sink comp="138" pin=0"/></net>

<net id="142"><net_src comp="138" pin="1"/><net_sink comp="83" pin=1"/></net>

<net id="143"><net_src comp="138" pin="1"/><net_sink comp="118" pin=0"/></net>

<net id="144"><net_src comp="138" pin="1"/><net_sink comp="122" pin=1"/></net>

<net id="145"><net_src comp="138" pin="1"/><net_sink comp="127" pin=0"/></net>

<net id="149"><net_src comp="101" pin="2"/><net_sink comp="146" pin=0"/></net>

<net id="153"><net_src comp="65" pin="3"/><net_sink comp="150" pin=0"/></net>

<net id="154"><net_src comp="150" pin="1"/><net_sink comp="72" pin=0"/></net>

<net id="158"><net_src comp="118" pin="1"/><net_sink comp="155" pin=0"/></net>

<net id="159"><net_src comp="155" pin="1"/><net_sink comp="78" pin=0"/></net>

<net id="163"><net_src comp="72" pin="3"/><net_sink comp="160" pin=0"/></net>

<net id="164"><net_src comp="160" pin="1"/><net_sink comp="78" pin=1"/></net>

</net_list>

</model> 
---------------- Datapath Model END ------------------

* FSMD analyzer results:
  - Output states:
	Port: add3211_out | {2 }
 - Input state : 
	Port: MatrixMultiplication_Pipeline_VITIS_LOOP_25_5 : bitcast_ln26 | {1 }
	Port: MatrixMultiplication_Pipeline_VITIS_LOOP_25_5 : B_rows | {1 }
	Port: MatrixMultiplication_Pipeline_VITIS_LOOP_25_5 : acc | {1 2 }
  - Chain level:
	State 1
		store_ln0 : 1
		n_1 : 1
		n_4_cast : 2
		icmp_ln25 : 3
		n_2 : 2
		br_ln25 : 4
		acc_addr : 3
		acc_load : 4
		store_ln25 : 3
	State 2
		add : 1
		write_ln0 : 1
	State 3
	State 4
	State 5
	State 6
		store_ln25 : 1


============================================================
+ Verbose Summary: Datapath Resource usage 
============================================================

* Functional unit list:
|----------|------------------------------|---------|---------|---------|
| Operation|        Functional Unit       |   DSP   |    FF   |   LUT   |
|----------|------------------------------|---------|---------|---------|
|   fadd   |           grp_fu_78          |    2    |   205   |   206   |
|----------|------------------------------|---------|---------|---------|
|   icmp   |       icmp_ln25_fu_101       |    0    |    0    |    29   |
|----------|------------------------------|---------|---------|---------|
|    add   |          n_2_fu_107          |    0    |    0    |    12   |
|----------|------------------------------|---------|---------|---------|
|   read   |    B_rows_read_read_fu_46    |    0    |    0    |    0    |
|          | bitcast_ln26_read_read_fu_52 |    0    |    0    |    0    |
|----------|------------------------------|---------|---------|---------|
|   write  |     write_ln0_write_fu_58    |    0    |    0    |    0    |
|----------|------------------------------|---------|---------|---------|
|   zext   |        n_4_cast_fu_96        |    0    |    0    |    0    |
|----------|------------------------------|---------|---------|---------|
|   Total  |                              |    2    |   205   |   247   |
|----------|------------------------------|---------|---------|---------|

Memories:
N/A

* Register list:
+--------------------+--------+
|                    |   FF   |
+--------------------+--------+
|  acc_addr_reg_150  |    5   |
|  acc_load_reg_160  |   32   |
|add3211_load_reg_155|   32   |
|   add3211_reg_138  |   32   |
|  icmp_ln25_reg_146 |    1   |
|      n_reg_131     |    5   |
+--------------------+--------+
|        Total       |   107  |
+--------------------+--------+

* Multiplexer (MUX) list: 
|------------------|------|------|------|--------||---------||---------|
|       Comp       |  Pin | Size |  BW  | S x BW ||  Delay  ||   LUT   |
|------------------|------|------|------|--------||---------||---------|
| grp_access_fu_72 |  p0  |   2  |   5  |   10   ||    9    |
|     grp_fu_78    |  p0  |   2  |  32  |   64   ||    9    |
|     grp_fu_78    |  p1  |   2  |  32  |   64   ||    9    |
|------------------|------|------|------|--------||---------||---------|
|       Total      |      |      |      |   138  ||  1.467  ||    27   |
|------------------|------|------|------|--------||---------||---------|



* Summary:
+-----------+--------+--------+--------+--------+
|           |   DSP  |  Delay |   FF   |   LUT  |
+-----------+--------+--------+--------+--------+
|  Function |    2   |    -   |   205  |   247  |
|   Memory  |    -   |    -   |    -   |    -   |
|Multiplexer|    -   |    1   |    -   |   27   |
|  Register |    -   |    -   |   107  |    -   |
+-----------+--------+--------+--------+--------+
|   Total   |    2   |    1   |   312  |   274  |
+-----------+--------+--------+--------+--------+
