

================================================================
== Vitis HLS Report for 'MatrixMultiplication_Pipeline_VITIS_LOOP_22_4'
================================================================
* Date:           Fri Nov 24 09:55:18 2023

* Version:        2022.2 (Build 3670227 on Oct 13 2022)
* Project:        HLS_Project
* Solution:       solution1 (Vitis Kernel Flow Target)
* Product family: zynquplus
* Target device:  xczu9eg-ffvc900-1-e


================================================================
== Performance Estimates
================================================================
+ Timing: 
    * Summary: 
    +--------+----------+----------+------------+
    |  Clock |  Target  | Estimated| Uncertainty|
    +--------+----------+----------+------------+
    |ap_clk  |  10.00 ns|  5.461 ns|     2.70 ns|
    +--------+----------+----------+------------+

+ Latency: 
    * Summary: 
    +---------+---------+----------+----------+-----+-----+---------+
    |  Latency (cycles) |  Latency (absolute) |  Interval | Pipeline|
    |   min   |   max   |    min   |    max   | min | max |   Type  |
    +---------+---------+----------+----------+-----+-----+---------+
    |        ?|        ?|         ?|         ?|    ?|    ?|       no|
    +---------+---------+----------+----------+-----+-----+---------+

    + Detail: 
        * Instance: 
        N/A

        * Loop: 
        +-------------------+---------+---------+----------+-----------+-----------+------+----------+
        |                   |  Latency (cycles) | Iteration|  Initiation Interval  | Trip |          |
        |     Loop Name     |   min   |   max   |  Latency |  achieved |   target  | Count| Pipelined|
        +-------------------+---------+---------+----------+-----------+-----------+------+----------+
        |- VITIS_LOOP_22_4  |        ?|        ?|         5|          1|          1|     ?|       yes|
        +-------------------+---------+---------+----------+-----------+-----------+------+----------+

============================================================
+ Verbose Summary: Synthesis Manager
============================================================
InlineROM: 1
ExposeGlobal: 0
============================================================
+ Verbose Summary: CDFG Model
============================================================
IsTopModel: 0
ResetActiveHigh: 1
IsCombinational: 0
IsDatapathOnly: 0
HasWiredReturn: 1
HasMFsm: 2
HasVarLatency: 1
IsPipeline: 0
IsRtlPipelined: 0
IsInstanceOverlapped: 0
IsDontTouch: 0
HasImplIP: 0
IsGatedGlobalClock: 0

+ Individual pipeline summary: 
  * Pipeline-0: initiation interval (II) = 1, depth = 5


============================================================
+ Verbose Summary: Schedule
============================================================
* Number of FSM states : 5
* Pipeline : 1
  Pipeline-0 : II = 1, D = 5, States = { 1 2 3 4 5 }
* Dataflow Pipeline: 0

* FSM state transitions: 
1 --> 2 
2 --> 3 
3 --> 4 
4 --> 5 
5 --> 

* FSM state operations: 

State 1 <SV = 0> <Delay = 1.97>
ST_1 : Operation 8 [1/1] (0.00ns)   --->   "%phi_mul = alloca i32 1"   --->   Operation 8 'alloca' 'phi_mul' <Predicate = true> <Delay = 0.00>
ST_1 : Operation 9 [1/1] (0.00ns)   --->   "%n_2 = alloca i32 1"   --->   Operation 9 'alloca' 'n_2' <Predicate = true> <Delay = 0.00>
ST_1 : Operation 10 [1/1] (0.00ns)   --->   "%specmemcore_ln0 = specmemcore void @_ssdm_op_SpecMemCore, i32 %B, i64 666, i64 207, i64 1"   --->   Operation 10 'specmemcore' 'specmemcore_ln0' <Predicate = true> <Delay = 0.00>
ST_1 : Operation 11 [1/1] (0.00ns)   --->   "%specmemcore_ln0 = specmemcore void @_ssdm_op_SpecMemCore, i32 %A, i64 666, i64 207, i64 1"   --->   Operation 11 'specmemcore' 'specmemcore_ln0' <Predicate = true> <Delay = 0.00>
ST_1 : Operation 12 [1/1] (0.00ns)   --->   "%specinterface_ln0 = specinterface void @_ssdm_op_SpecInterface, i32 %B, void @empty_9, i32 0, i32 0, void @empty_3, i32 1, i32 0, void @empty_3, void @empty_3, void @empty_3, i32 0, i32 0, i32 0, i32 0, void @empty_3, void @empty_3, i32 4294967295, i32 0"   --->   Operation 12 'specinterface' 'specinterface_ln0' <Predicate = true> <Delay = 0.00>
ST_1 : Operation 13 [1/1] (0.00ns)   --->   "%specinterface_ln0 = specinterface void @_ssdm_op_SpecInterface, i32 %A, void @empty_9, i32 0, i32 0, void @empty_3, i32 1, i32 0, void @empty_3, void @empty_3, void @empty_3, i32 0, i32 0, i32 0, i32 0, void @empty_3, void @empty_3, i32 4294967295, i32 0"   --->   Operation 13 'specinterface' 'specinterface_ln0' <Predicate = true> <Delay = 0.00>
ST_1 : Operation 14 [1/1] (0.00ns)   --->   "%trunc_ln2_read = read i5 @_ssdm_op_Read.ap_auto.i5, i5 %trunc_ln2"   --->   Operation 14 'read' 'trunc_ln2_read' <Predicate = true> <Delay = 0.00>
ST_1 : Operation 15 [1/1] (0.00ns)   --->   "%trunc_ln4_read = read i5 @_ssdm_op_Read.ap_auto.i5, i5 %trunc_ln4"   --->   Operation 15 'read' 'trunc_ln4_read' <Predicate = true> <Delay = 0.00>
ST_1 : Operation 16 [1/1] (0.00ns)   --->   "%mul_read = read i3 @_ssdm_op_Read.ap_auto.i3, i3 %mul"   --->   Operation 16 'read' 'mul_read' <Predicate = true> <Delay = 0.00>
ST_1 : Operation 17 [1/1] (0.00ns)   --->   "%B_rows_read = read i64 @_ssdm_op_Read.ap_auto.i64, i64 %B_rows"   --->   Operation 17 'read' 'B_rows_read' <Predicate = true> <Delay = 0.00>
ST_1 : Operation 18 [1/1] (0.48ns)   --->   "%store_ln0 = store i5 0, i5 %n_2"   --->   Operation 18 'store' 'store_ln0' <Predicate = true> <Delay = 0.48>
ST_1 : Operation 19 [1/1] (0.48ns)   --->   "%store_ln0 = store i5 0, i5 %phi_mul"   --->   Operation 19 'store' 'store_ln0' <Predicate = true> <Delay = 0.48>
ST_1 : Operation 20 [1/1] (0.00ns)   --->   "%br_ln0 = br void %for.inc20"   --->   Operation 20 'br' 'br_ln0' <Predicate = true> <Delay = 0.00>
ST_1 : Operation 21 [1/1] (0.00ns)   --->   "%n = load i5 %n_2"   --->   Operation 21 'load' 'n' <Predicate = true> <Delay = 0.00>
ST_1 : Operation 22 [1/1] (0.00ns)   --->   "%n_2_cast3 = zext i5 %n"   --->   Operation 22 'zext' 'n_2_cast3' <Predicate = true> <Delay = 0.00>
ST_1 : Operation 23 [1/1] (0.00ns)   --->   "%specpipeline_ln0 = specpipeline void @_ssdm_op_SpecPipeline, i32 4294967295, i32 0, i32 1, i32 0, void @p_str"   --->   Operation 23 'specpipeline' 'specpipeline_ln0' <Predicate = true> <Delay = 0.00>
ST_1 : Operation 24 [1/1] (1.48ns)   --->   "%icmp_ln22 = icmp_eq  i64 %n_2_cast3, i64 %B_rows_read" [HLS_Project/matrix_multiply.cpp:22]   --->   Operation 24 'icmp' 'icmp_ln22' <Predicate = true> <Delay = 1.48> <CoreInst = "Cmp">   --->   Core 9 'Cmp' <Latency = 0> <II = 1> <Delay = 1.48> <FuncUnit> <Opcode : 'icmp'> <InPorts = 2> <OutPorts = 1>
ST_1 : Operation 25 [1/1] (0.87ns)   --->   "%n_3 = add i5 %n, i5 1" [HLS_Project/matrix_multiply.cpp:22]   --->   Operation 25 'add' 'n_3' <Predicate = true> <Delay = 0.87> <CoreInst = "Adder">   --->   Core 1 'Adder' <Latency = 0> <II = 1> <Delay = 0.87> <FuncUnit> <Opcode : 'add' 'sub'> <InPorts = 2> <OutPorts = 1>
ST_1 : Operation 26 [1/1] (0.00ns)   --->   "%br_ln22 = br i1 %icmp_ln22, void %for.inc20.split, void %VITIS_LOOP_25_5.loopexit.exitStub" [HLS_Project/matrix_multiply.cpp:22]   --->   Operation 26 'br' 'br_ln22' <Predicate = true> <Delay = 0.00>
ST_1 : Operation 27 [1/1] (0.00ns)   --->   "%phi_mul_load = load i5 %phi_mul" [HLS_Project/matrix_multiply.cpp:23]   --->   Operation 27 'load' 'phi_mul_load' <Predicate = (!icmp_ln22)> <Delay = 0.00>
ST_1 : Operation 28 [1/1] (0.00ns)   --->   "%empty = trunc i5 %n"   --->   Operation 28 'trunc' 'empty' <Predicate = (!icmp_ln22)> <Delay = 0.00>
ST_1 : Operation 29 [1/1] (0.74ns)   --->   "%add_ln23 = add i3 %empty, i3 %mul_read" [HLS_Project/matrix_multiply.cpp:23]   --->   Operation 29 'add' 'add_ln23' <Predicate = (!icmp_ln22)> <Delay = 0.74> <CoreInst = "Adder">   --->   Core 1 'Adder' <Latency = 0> <II = 1> <Delay = 0.74> <FuncUnit> <Opcode : 'add' 'sub'> <InPorts = 2> <OutPorts = 1>
ST_1 : Operation 30 [1/1] (0.00ns)   --->   "%zext_ln23 = zext i3 %add_ln23" [HLS_Project/matrix_multiply.cpp:23]   --->   Operation 30 'zext' 'zext_ln23' <Predicate = (!icmp_ln22)> <Delay = 0.00>
ST_1 : Operation 31 [1/1] (0.00ns)   --->   "%A_addr = getelementptr i32 %A, i64 0, i64 %zext_ln23" [HLS_Project/matrix_multiply.cpp:23]   --->   Operation 31 'getelementptr' 'A_addr' <Predicate = (!icmp_ln22)> <Delay = 0.00>
ST_1 : Operation 32 [2/2] (0.79ns)   --->   "%A_load = load i3 %A_addr" [HLS_Project/matrix_multiply.cpp:23]   --->   Operation 32 'load' 'A_load' <Predicate = (!icmp_ln22)> <Delay = 0.79> <CoreInst = "RAM_1P">   --->   Core 88 'RAM_1P' <Latency = 1> <II = 1> <Delay = 0.79> <Storage> <Opcode : 'load' 'store'> <Ports = 1> <Width = 32> <Depth = 5> <RAM>
ST_1 : Operation 33 [1/1] (0.87ns)   --->   "%add_ln23_2 = add i5 %phi_mul_load, i5 %trunc_ln4_read" [HLS_Project/matrix_multiply.cpp:23]   --->   Operation 33 'add' 'add_ln23_2' <Predicate = (!icmp_ln22)> <Delay = 0.87> <CoreInst = "Adder">   --->   Core 1 'Adder' <Latency = 0> <II = 1> <Delay = 0.87> <FuncUnit> <Opcode : 'add' 'sub'> <InPorts = 2> <OutPorts = 1>
ST_1 : Operation 34 [1/1] (0.87ns)   --->   "%add_ln23_1 = add i5 %phi_mul_load, i5 %trunc_ln2_read" [HLS_Project/matrix_multiply.cpp:23]   --->   Operation 34 'add' 'add_ln23_1' <Predicate = (!icmp_ln22)> <Delay = 0.87> <CoreInst = "Adder">   --->   Core 1 'Adder' <Latency = 0> <II = 1> <Delay = 0.87> <FuncUnit> <Opcode : 'add' 'sub'> <InPorts = 2> <OutPorts = 1>
ST_1 : Operation 35 [1/1] (0.00ns)   --->   "%zext_ln23_1 = zext i5 %add_ln23_1" [HLS_Project/matrix_multiply.cpp:23]   --->   Operation 35 'zext' 'zext_ln23_1' <Predicate = (!icmp_ln22)> <Delay = 0.00>
ST_1 : Operation 36 [1/1] (0.00ns)   --->   "%B_addr = getelementptr i32 %B, i64 0, i64 %zext_ln23_1" [HLS_Project/matrix_multiply.cpp:23]   --->   Operation 36 'getelementptr' 'B_addr' <Predicate = (!icmp_ln22)> <Delay = 0.00>
ST_1 : Operation 37 [2/2] (0.79ns)   --->   "%B_load = load i5 %B_addr" [HLS_Project/matrix_multiply.cpp:23]   --->   Operation 37 'load' 'B_load' <Predicate = (!icmp_ln22)> <Delay = 0.79> <CoreInst = "RAM_1P">   --->   Core 88 'RAM_1P' <Latency = 1> <II = 1> <Delay = 0.79> <Storage> <Opcode : 'load' 'store'> <Ports = 1> <Width = 32> <Depth = 25> <RAM>
ST_1 : Operation 38 [1/1] (0.48ns)   --->   "%store_ln22 = store i5 %n_3, i5 %n_2" [HLS_Project/matrix_multiply.cpp:22]   --->   Operation 38 'store' 'store_ln22' <Predicate = (!icmp_ln22)> <Delay = 0.48>
ST_1 : Operation 39 [1/1] (0.48ns)   --->   "%store_ln22 = store i5 %add_ln23_2, i5 %phi_mul" [HLS_Project/matrix_multiply.cpp:22]   --->   Operation 39 'store' 'store_ln22' <Predicate = (!icmp_ln22)> <Delay = 0.48>

State 2 <SV = 1> <Delay = 5.46>
ST_2 : Operation 40 [1/2] (0.79ns)   --->   "%A_load = load i3 %A_addr" [HLS_Project/matrix_multiply.cpp:23]   --->   Operation 40 'load' 'A_load' <Predicate = true> <Delay = 0.79> <CoreInst = "RAM_1P">   --->   Core 88 'RAM_1P' <Latency = 1> <II = 1> <Delay = 0.79> <Storage> <Opcode : 'load' 'store'> <Ports = 1> <Width = 32> <Depth = 5> <RAM>
ST_2 : Operation 41 [1/1] (0.00ns)   --->   "%bitcast_ln23 = bitcast i32 %A_load" [HLS_Project/matrix_multiply.cpp:23]   --->   Operation 41 'bitcast' 'bitcast_ln23' <Predicate = true> <Delay = 0.00>
ST_2 : Operation 42 [1/2] (0.79ns)   --->   "%B_load = load i5 %B_addr" [HLS_Project/matrix_multiply.cpp:23]   --->   Operation 42 'load' 'B_load' <Predicate = true> <Delay = 0.79> <CoreInst = "RAM_1P">   --->   Core 88 'RAM_1P' <Latency = 1> <II = 1> <Delay = 0.79> <Storage> <Opcode : 'load' 'store'> <Ports = 1> <Width = 32> <Depth = 25> <RAM>
ST_2 : Operation 43 [1/1] (0.00ns)   --->   "%bitcast_ln23_1 = bitcast i32 %B_load" [HLS_Project/matrix_multiply.cpp:23]   --->   Operation 43 'bitcast' 'bitcast_ln23_1' <Predicate = true> <Delay = 0.00>
ST_2 : Operation 44 [4/4] (4.67ns)   --->   "%mul1 = fmul i32 %bitcast_ln23, i32 %bitcast_ln23_1" [HLS_Project/matrix_multiply.cpp:23]   --->   Operation 44 'fmul' 'mul1' <Predicate = true> <Delay = 4.67> <CoreInst = "FMul_maxdsp">   --->   Core 30 'FMul_maxdsp' <Latency = 3> <II = 1> <Delay = 4.67> <FuncUnit> <Opcode : 'fmul'> <InPorts = 2> <OutPorts = 1>

State 3 <SV = 2> <Delay = 4.67>
ST_3 : Operation 45 [3/4] (4.67ns)   --->   "%mul1 = fmul i32 %bitcast_ln23, i32 %bitcast_ln23_1" [HLS_Project/matrix_multiply.cpp:23]   --->   Operation 45 'fmul' 'mul1' <Predicate = true> <Delay = 4.67> <CoreInst = "FMul_maxdsp">   --->   Core 30 'FMul_maxdsp' <Latency = 3> <II = 1> <Delay = 4.67> <FuncUnit> <Opcode : 'fmul'> <InPorts = 2> <OutPorts = 1>

State 4 <SV = 3> <Delay = 4.67>
ST_4 : Operation 46 [2/4] (4.67ns)   --->   "%mul1 = fmul i32 %bitcast_ln23, i32 %bitcast_ln23_1" [HLS_Project/matrix_multiply.cpp:23]   --->   Operation 46 'fmul' 'mul1' <Predicate = true> <Delay = 4.67> <CoreInst = "FMul_maxdsp">   --->   Core 30 'FMul_maxdsp' <Latency = 3> <II = 1> <Delay = 4.67> <FuncUnit> <Opcode : 'fmul'> <InPorts = 2> <OutPorts = 1>
ST_4 : Operation 52 [1/1] (0.00ns)   --->   "%ret_ln0 = ret"   --->   Operation 52 'ret' 'ret_ln0' <Predicate = (icmp_ln22)> <Delay = 0.00>

State 5 <SV = 4> <Delay = 5.46>
ST_5 : Operation 47 [1/1] (0.00ns)   --->   "%specloopname_ln22 = specloopname void @_ssdm_op_SpecLoopName, void @empty_8" [HLS_Project/matrix_multiply.cpp:22]   --->   Operation 47 'specloopname' 'specloopname_ln22' <Predicate = true> <Delay = 0.00>
ST_5 : Operation 48 [1/4] (4.67ns)   --->   "%mul1 = fmul i32 %bitcast_ln23, i32 %bitcast_ln23_1" [HLS_Project/matrix_multiply.cpp:23]   --->   Operation 48 'fmul' 'mul1' <Predicate = true> <Delay = 4.67> <CoreInst = "FMul_maxdsp">   --->   Core 30 'FMul_maxdsp' <Latency = 3> <II = 1> <Delay = 4.67> <FuncUnit> <Opcode : 'fmul'> <InPorts = 2> <OutPorts = 1>
ST_5 : Operation 49 [1/1] (0.00ns)   --->   "%acc_addr = getelementptr i32 %acc, i64 0, i64 %n_2_cast3" [HLS_Project/matrix_multiply.cpp:23]   --->   Operation 49 'getelementptr' 'acc_addr' <Predicate = true> <Delay = 0.00>
ST_5 : Operation 50 [1/1] (0.79ns)   --->   "%store_ln23 = store i32 %mul1, i5 %acc_addr" [HLS_Project/matrix_multiply.cpp:23]   --->   Operation 50 'store' 'store_ln23' <Predicate = true> <Delay = 0.79> <CoreInst = "RAM">   --->   Core 83 'RAM' <Latency = 1> <II = 1> <Delay = 0.79> <Storage> <Opcode : 'load' 'store'> <Ports = 2> <Width = 32> <Depth = 25> <RAM>
ST_5 : Operation 51 [1/1] (0.00ns)   --->   "%br_ln22 = br void %for.inc20" [HLS_Project/matrix_multiply.cpp:22]   --->   Operation 51 'br' 'br_ln22' <Predicate = true> <Delay = 0.00>


============================================================
+ Verbose Summary: Timing violations
============================================================
Target clock period: 10ns, clock uncertainty: 2.7ns.

 <State 1>: 1.97ns
The critical path consists of the following:
	'alloca' operation ('phi_mul') [8]  (0 ns)
	'load' operation ('phi_mul_load', HLS_Project/matrix_multiply.cpp:23) on local variable 'phi_mul' [29]  (0 ns)
	'add' operation ('add_ln23_1', HLS_Project/matrix_multiply.cpp:23) [38]  (0.878 ns)
	'getelementptr' operation ('B_addr', HLS_Project/matrix_multiply.cpp:23) [40]  (0 ns)
	'load' operation ('B_load', HLS_Project/matrix_multiply.cpp:23) on array 'B' [41]  (0.79 ns)
	blocking operation 0.302 ns on control path)

 <State 2>: 5.46ns
The critical path consists of the following:
	'load' operation ('A_load', HLS_Project/matrix_multiply.cpp:23) on array 'A' [35]  (0.79 ns)
	'fmul' operation ('mul1', HLS_Project/matrix_multiply.cpp:23) [43]  (4.67 ns)

 <State 3>: 4.67ns
The critical path consists of the following:
	'fmul' operation ('mul1', HLS_Project/matrix_multiply.cpp:23) [43]  (4.67 ns)

 <State 4>: 4.67ns
The critical path consists of the following:
	'fmul' operation ('mul1', HLS_Project/matrix_multiply.cpp:23) [43]  (4.67 ns)

 <State 5>: 5.46ns
The critical path consists of the following:
	'fmul' operation ('mul1', HLS_Project/matrix_multiply.cpp:23) [43]  (4.67 ns)
	'store' operation ('store_ln23', HLS_Project/matrix_multiply.cpp:23) of variable 'mul1', HLS_Project/matrix_multiply.cpp:23 on array 'acc' [45]  (0.79 ns)


============================================================
+ Verbose Summary: Binding
============================================================
N/A
* FSMD analyzer results:
  - Output states:
 - Input state : 
  - Chain level:
	State 1
	State 2
	State 3
	State 4
	State 5


============================================================
+ Verbose Summary: Datapath Resource usage 
============================================================
N/A
