

================================================================
== Vitis HLS Report for 'MatrixMultiplication_Pipeline_VITIS_LOOP_20_1'
================================================================
* Date:           Fri Nov 24 13:07:11 2023

* Version:        2022.2 (Build 3670227 on Oct 13 2022)
* Project:        HLS_Project
* Solution:       solution1 (Vitis Kernel Flow Target)
* Product family: zynquplus
* Target device:  xczu9eg-ffvc900-1-e


================================================================
== Performance Estimates
================================================================
+ Timing: 
    * Summary: 
    +--------+----------+----------+------------+
    |  Clock |  Target  | Estimated| Uncertainty|
    +--------+----------+----------+------------+
    |ap_clk  |  10.00 ns|  7.300 ns|     2.70 ns|
    +--------+----------+----------+------------+

+ Latency: 
    * Summary: 
    +---------+---------+-----------+-----------+-----+-----+---------+
    |  Latency (cycles) |   Latency (absolute)  |  Interval | Pipeline|
    |   min   |   max   |    min    |    max    | min | max |   Type  |
    +---------+---------+-----------+-----------+-----+-----+---------+
    |        8|        8|  80.000 ns|  80.000 ns|    8|    8|       no|
    +---------+---------+-----------+-----------+-----+-----+---------+

    + Detail: 
        * Instance: 
        N/A

        * Loop: 
        +-------------------+---------+---------+----------+-----------+-----------+------+----------+
        |                   |  Latency (cycles) | Iteration|  Initiation Interval  | Trip |          |
        |     Loop Name     |   min   |   max   |  Latency |  achieved |   target  | Count| Pipelined|
        +-------------------+---------+---------+----------+-----------+-----------+------+----------+
        |- VITIS_LOOP_20_1  |        6|        6|         3|          1|          1|     5|       yes|
        +-------------------+---------+---------+----------+-----------+-----------+------+----------+



================================================================
== Utilization Estimates
================================================================
* Summary: 
+-----------------+---------+------+--------+--------+-----+
|       Name      | BRAM_18K|  DSP |   FF   |   LUT  | URAM|
+-----------------+---------+------+--------+--------+-----+
|DSP              |        -|     -|       -|       -|    -|
|Expression       |        -|     -|       0|      24|    -|
|FIFO             |        -|     -|       -|       -|    -|
|Instance         |        -|     -|       -|       -|    -|
|Memory           |        -|     -|       -|       -|    -|
|Multiplexer      |        -|     -|       -|      45|    -|
|Register         |        -|     -|      47|       -|    -|
+-----------------+---------+------+--------+--------+-----+
|Total            |        0|     0|      47|      69|    0|
+-----------------+---------+------+--------+--------+-----+
|Available        |     1824|  2520|  548160|  274080|    0|
+-----------------+---------+------+--------+--------+-----+
|Utilization (%)  |        0|     0|      ~0|      ~0|    0|
+-----------------+---------+------+--------+--------+-----+

+ Detail: 
    * Instance: 
    N/A

    * DSP: 
    N/A

    * Memory: 
    N/A

    * FIFO: 
    N/A

    * Expression: 
    +----------------------------------+----------+----+---+----+------------+------------+
    |           Variable Name          | Operation| DSP| FF| LUT| Bitwidth P0| Bitwidth P1|
    +----------------------------------+----------+----+---+----+------------+------------+
    |add_ln20_fu_100_p2                |         +|   0|  0|  10|           3|           1|
    |ap_block_pp0_stage0_11001         |       and|   0|  0|   2|           1|           1|
    |ap_block_state2_pp0_stage0_iter1  |       and|   0|  0|   2|           1|           1|
    |icmp_ln20_fu_94_p2                |      icmp|   0|  0|   8|           3|           3|
    |ap_enable_pp0                     |       xor|   0|  0|   2|           1|           2|
    +----------------------------------+----------+----+---+----+------------+------------+
    |Total                             |          |   0|  0|  24|           9|           8|
    +----------------------------------+----------+----+---+----+------------+------------+

    * Multiplexer: 
    +-------------------------+----+-----------+-----+-----------+
    |           Name          | LUT| Input Size| Bits| Total Bits|
    +-------------------------+----+-----------+-----+-----------+
    |ap_done_int              |   9|          2|    1|          2|
    |ap_enable_reg_pp0_iter2  |   9|          2|    1|          2|
    |ap_sig_allocacmp_i_2     |   9|          2|    3|          6|
    |arrays_blk_n_R           |   9|          2|    1|          2|
    |i_fu_54                  |   9|          2|    3|          6|
    +-------------------------+----+-----------+-----+-----------+
    |Total                    |  45|         10|    9|         18|
    +-------------------------+----+-----------+-----+-----------+

    * Register: 
    +----------------------------------+----+----+-----+-----------+
    |               Name               | FF | LUT| Bits| Const Bits|
    +----------------------------------+----+----+-----+-----------+
    |ap_CS_fsm                         |   1|   0|    1|          0|
    |ap_done_reg                       |   1|   0|    1|          0|
    |ap_enable_reg_pp0_iter1           |   1|   0|    1|          0|
    |ap_enable_reg_pp0_iter2           |   1|   0|    1|          0|
    |ap_loop_exit_ready_pp0_iter1_reg  |   1|   0|    1|          0|
    |arrays_addr_read_reg_146          |  32|   0|   32|          0|
    |i_2_reg_137                       |   3|   0|    3|          0|
    |i_2_reg_137_pp0_iter1_reg         |   3|   0|    3|          0|
    |i_fu_54                           |   3|   0|    3|          0|
    |icmp_ln20_reg_142                 |   1|   0|    1|          0|
    +----------------------------------+----+----+-----+-----------+
    |Total                             |  47|   0|   47|          0|
    +----------------------------------+----+----+-----+-----------+



================================================================
== Interface
================================================================
* Summary: 
+-----------------------+-----+-----+------------+-----------------------------------------------+--------------+
|       RTL Ports       | Dir | Bits|  Protocol  |                 Source Object                 |    C Type    |
+-----------------------+-----+-----+------------+-----------------------------------------------+--------------+
|ap_clk                 |   in|    1|  ap_ctrl_hs|  MatrixMultiplication_Pipeline_VITIS_LOOP_20_1|  return value|
|ap_rst                 |   in|    1|  ap_ctrl_hs|  MatrixMultiplication_Pipeline_VITIS_LOOP_20_1|  return value|
|ap_start               |   in|    1|  ap_ctrl_hs|  MatrixMultiplication_Pipeline_VITIS_LOOP_20_1|  return value|
|ap_done                |  out|    1|  ap_ctrl_hs|  MatrixMultiplication_Pipeline_VITIS_LOOP_20_1|  return value|
|ap_idle                |  out|    1|  ap_ctrl_hs|  MatrixMultiplication_Pipeline_VITIS_LOOP_20_1|  return value|
|ap_ready               |  out|    1|  ap_ctrl_hs|  MatrixMultiplication_Pipeline_VITIS_LOOP_20_1|  return value|
|m_axi_arrays_AWVALID   |  out|    1|       m_axi|                                         arrays|       pointer|
|m_axi_arrays_AWREADY   |   in|    1|       m_axi|                                         arrays|       pointer|
|m_axi_arrays_AWADDR    |  out|   64|       m_axi|                                         arrays|       pointer|
|m_axi_arrays_AWID      |  out|    1|       m_axi|                                         arrays|       pointer|
|m_axi_arrays_AWLEN     |  out|   32|       m_axi|                                         arrays|       pointer|
|m_axi_arrays_AWSIZE    |  out|    3|       m_axi|                                         arrays|       pointer|
|m_axi_arrays_AWBURST   |  out|    2|       m_axi|                                         arrays|       pointer|
|m_axi_arrays_AWLOCK    |  out|    2|       m_axi|                                         arrays|       pointer|
|m_axi_arrays_AWCACHE   |  out|    4|       m_axi|                                         arrays|       pointer|
|m_axi_arrays_AWPROT    |  out|    3|       m_axi|                                         arrays|       pointer|
|m_axi_arrays_AWQOS     |  out|    4|       m_axi|                                         arrays|       pointer|
|m_axi_arrays_AWREGION  |  out|    4|       m_axi|                                         arrays|       pointer|
|m_axi_arrays_AWUSER    |  out|    1|       m_axi|                                         arrays|       pointer|
|m_axi_arrays_WVALID    |  out|    1|       m_axi|                                         arrays|       pointer|
|m_axi_arrays_WREADY    |   in|    1|       m_axi|                                         arrays|       pointer|
|m_axi_arrays_WDATA     |  out|   32|       m_axi|                                         arrays|       pointer|
|m_axi_arrays_WSTRB     |  out|    4|       m_axi|                                         arrays|       pointer|
|m_axi_arrays_WLAST     |  out|    1|       m_axi|                                         arrays|       pointer|
|m_axi_arrays_WID       |  out|    1|       m_axi|                                         arrays|       pointer|
|m_axi_arrays_WUSER     |  out|    1|       m_axi|                                         arrays|       pointer|
|m_axi_arrays_ARVALID   |  out|    1|       m_axi|                                         arrays|       pointer|
|m_axi_arrays_ARREADY   |   in|    1|       m_axi|                                         arrays|       pointer|
|m_axi_arrays_ARADDR    |  out|   64|       m_axi|                                         arrays|       pointer|
|m_axi_arrays_ARID      |  out|    1|       m_axi|                                         arrays|       pointer|
|m_axi_arrays_ARLEN     |  out|   32|       m_axi|                                         arrays|       pointer|
|m_axi_arrays_ARSIZE    |  out|    3|       m_axi|                                         arrays|       pointer|
|m_axi_arrays_ARBURST   |  out|    2|       m_axi|                                         arrays|       pointer|
|m_axi_arrays_ARLOCK    |  out|    2|       m_axi|                                         arrays|       pointer|
|m_axi_arrays_ARCACHE   |  out|    4|       m_axi|                                         arrays|       pointer|
|m_axi_arrays_ARPROT    |  out|    3|       m_axi|                                         arrays|       pointer|
|m_axi_arrays_ARQOS     |  out|    4|       m_axi|                                         arrays|       pointer|
|m_axi_arrays_ARREGION  |  out|    4|       m_axi|                                         arrays|       pointer|
|m_axi_arrays_ARUSER    |  out|    1|       m_axi|                                         arrays|       pointer|
|m_axi_arrays_RVALID    |   in|    1|       m_axi|                                         arrays|       pointer|
|m_axi_arrays_RREADY    |  out|    1|       m_axi|                                         arrays|       pointer|
|m_axi_arrays_RDATA     |   in|   32|       m_axi|                                         arrays|       pointer|
|m_axi_arrays_RLAST     |   in|    1|       m_axi|                                         arrays|       pointer|
|m_axi_arrays_RID       |   in|    1|       m_axi|                                         arrays|       pointer|
|m_axi_arrays_RFIFONUM  |   in|    9|       m_axi|                                         arrays|       pointer|
|m_axi_arrays_RUSER     |   in|    1|       m_axi|                                         arrays|       pointer|
|m_axi_arrays_RRESP     |   in|    2|       m_axi|                                         arrays|       pointer|
|m_axi_arrays_BVALID    |   in|    1|       m_axi|                                         arrays|       pointer|
|m_axi_arrays_BREADY    |  out|    1|       m_axi|                                         arrays|       pointer|
|m_axi_arrays_BRESP     |   in|    2|       m_axi|                                         arrays|       pointer|
|m_axi_arrays_BID       |   in|    1|       m_axi|                                         arrays|       pointer|
|m_axi_arrays_BUSER     |   in|    1|       m_axi|                                         arrays|       pointer|
|sext_ln20              |   in|   62|     ap_none|                                      sext_ln20|        scalar|
|A_address0             |  out|    3|   ap_memory|                                              A|         array|
|A_ce0                  |  out|    1|   ap_memory|                                              A|         array|
|A_we0                  |  out|    1|   ap_memory|                                              A|         array|
|A_d0                   |  out|   32|   ap_memory|                                              A|         array|
+-----------------------+-----+-----+------------+-----------------------------------------------+--------------+

============================================================
+ Verbose Summary: Synthesis Manager
============================================================
InlineROM: 1
ExposeGlobal: 0
============================================================
+ Verbose Summary: CDFG Model
============================================================
IsTopModel: 0
ResetActiveHigh: 1
IsCombinational: 2
IsDatapathOnly: 2
HasWiredReturn: 1
HasMFsm: 2
HasVarLatency: 1
IsPipeline: 0
IsRtlPipelined: 0
IsInstanceOverlapped: 0
IsDontTouch: 0
HasImplIP: 0
IsGatedGlobalClock: 0

+ Individual pipeline summary: 
  * Pipeline-0: initiation interval (II) = 1, depth = 3


============================================================
+ Verbose Summary: Schedule
============================================================
* Number of FSM states : 3
* Pipeline : 1
  Pipeline-0 : II = 1, D = 3, States = { 1 2 3 }
* Dataflow Pipeline: 0

* FSM state transitions: 
1 --> 2 
2 --> 3 
3 --> 

* FSM state operations: 

State 1 <SV = 0> <Delay = 1.23>
ST_1 : Operation 6 [1/1] (0.00ns)   --->   "%i = alloca i32 1"   --->   Operation 6 'alloca' 'i' <Predicate = true> <Delay = 0.00>
ST_1 : Operation 7 [1/1] (0.00ns)   --->   "%sext_ln20_read = read i62 @_ssdm_op_Read.ap_auto.i62, i62 %sext_ln20"   --->   Operation 7 'read' 'sext_ln20_read' <Predicate = true> <Delay = 0.00>
ST_1 : Operation 8 [1/1] (0.00ns)   --->   "%sext_ln20_cast = sext i62 %sext_ln20_read"   --->   Operation 8 'sext' 'sext_ln20_cast' <Predicate = true> <Delay = 0.00>
ST_1 : Operation 9 [1/1] (0.00ns)   --->   "%specinterface_ln0 = specinterface void @_ssdm_op_SpecInterface, i32 %arrays, void @empty_5, i32 0, i32 0, void @empty_6, i32 64, i32 32, void @empty_7, void @empty_8, void @empty_6, i32 16, i32 16, i32 16, i32 16, void @empty_6, void @empty_6, i32 4294967295, i32 0"   --->   Operation 9 'specinterface' 'specinterface_ln0' <Predicate = true> <Delay = 0.00>
ST_1 : Operation 10 [1/1] (0.48ns)   --->   "%store_ln0 = store i3 0, i3 %i"   --->   Operation 10 'store' 'store_ln0' <Predicate = true> <Delay = 0.48>
ST_1 : Operation 11 [1/1] (0.00ns)   --->   "%br_ln0 = br void %for.inc"   --->   Operation 11 'br' 'br_ln0' <Predicate = true> <Delay = 0.00>
ST_1 : Operation 12 [1/1] (0.00ns)   --->   "%i_2 = load i3 %i" [HLS_Project/matrix_multiply.cpp:20]   --->   Operation 12 'load' 'i_2' <Predicate = true> <Delay = 0.00>
ST_1 : Operation 13 [1/1] (0.69ns)   --->   "%icmp_ln20 = icmp_eq  i3 %i_2, i3 5" [HLS_Project/matrix_multiply.cpp:20]   --->   Operation 13 'icmp' 'icmp_ln20' <Predicate = true> <Delay = 0.69> <CoreInst = "Cmp">   --->   Core 9 'Cmp' <Latency = 0> <II = 1> <Delay = 0.69> <FuncUnit> <Opcode : 'icmp'> <InPorts = 2> <OutPorts = 1>
ST_1 : Operation 14 [1/1] (0.74ns)   --->   "%add_ln20 = add i3 %i_2, i3 1" [HLS_Project/matrix_multiply.cpp:20]   --->   Operation 14 'add' 'add_ln20' <Predicate = true> <Delay = 0.74> <CoreInst = "Adder">   --->   Core 1 'Adder' <Latency = 0> <II = 1> <Delay = 0.74> <FuncUnit> <Opcode : 'add' 'sub'> <InPorts = 2> <OutPorts = 1>
ST_1 : Operation 15 [1/1] (0.00ns)   --->   "%br_ln20 = br i1 %icmp_ln20, void %for.inc.split, void %VITIS_LOOP_24_2.exitStub" [HLS_Project/matrix_multiply.cpp:20]   --->   Operation 15 'br' 'br_ln20' <Predicate = true> <Delay = 0.00>
ST_1 : Operation 16 [1/1] (0.48ns)   --->   "%store_ln20 = store i3 %add_ln20, i3 %i" [HLS_Project/matrix_multiply.cpp:20]   --->   Operation 16 'store' 'store_ln20' <Predicate = (!icmp_ln20)> <Delay = 0.48>

State 2 <SV = 1> <Delay = 7.30>
ST_2 : Operation 17 [1/1] (0.00ns)   --->   "%specbitsmap_ln0 = specbitsmap void @_ssdm_op_SpecBitsMap, i32 %arrays"   --->   Operation 17 'specbitsmap' 'specbitsmap_ln0' <Predicate = true> <Delay = 0.00>
ST_2 : Operation 18 [1/1] (0.00ns)   --->   "%arrays_addr = getelementptr i32 %arrays, i64 %sext_ln20_cast" [HLS_Project/matrix_multiply.cpp:20]   --->   Operation 18 'getelementptr' 'arrays_addr' <Predicate = true> <Delay = 0.00>
ST_2 : Operation 19 [1/1] (0.00ns)   --->   "%specpipeline_ln0 = specpipeline void @_ssdm_op_SpecPipeline, i32 4294967295, i32 0, i32 1, i32 0, void @p_str"   --->   Operation 19 'specpipeline' 'specpipeline_ln0' <Predicate = true> <Delay = 0.00>
ST_2 : Operation 20 [1/1] (0.00ns)   --->   "%empty = speclooptripcount i32 @_ssdm_op_SpecLoopTripCount, i64 5, i64 5, i64 5"   --->   Operation 20 'speclooptripcount' 'empty' <Predicate = true> <Delay = 0.00>
ST_2 : Operation 21 [1/1] (7.30ns)   --->   "%arrays_addr_read = read i32 @_ssdm_op_Read.m_axi.p1i32, i64 %arrays_addr" [HLS_Project/matrix_multiply.cpp:21]   --->   Operation 21 'read' 'arrays_addr_read' <Predicate = (!icmp_ln20)> <Delay = 7.30> <CoreInst = "m_axi">   --->   Core 121 'm_axi' <Latency = 0> <II = 1> <Delay = 1.00> <Adapter> <Opcode : 'read' 'write' 'readreq' 'writereq' 'writeresp'>
ST_2 : Operation 28 [1/1] (0.00ns)   --->   "%ret_ln0 = ret"   --->   Operation 28 'ret' 'ret_ln0' <Predicate = (icmp_ln20)> <Delay = 0.00>

State 3 <SV = 2> <Delay = 0.79>
ST_3 : Operation 22 [1/1] (0.00ns)   --->   "%i_cast = zext i3 %i_2" [HLS_Project/matrix_multiply.cpp:20]   --->   Operation 22 'zext' 'i_cast' <Predicate = true> <Delay = 0.00>
ST_3 : Operation 23 [1/1] (0.00ns)   --->   "%specloopname_ln20 = specloopname void @_ssdm_op_SpecLoopName, void @empty_21" [HLS_Project/matrix_multiply.cpp:20]   --->   Operation 23 'specloopname' 'specloopname_ln20' <Predicate = true> <Delay = 0.00>
ST_3 : Operation 24 [1/1] (0.00ns)   --->   "%bitcast_ln21 = bitcast i32 %arrays_addr_read" [HLS_Project/matrix_multiply.cpp:21]   --->   Operation 24 'bitcast' 'bitcast_ln21' <Predicate = true> <Delay = 0.00>
ST_3 : Operation 25 [1/1] (0.00ns)   --->   "%A_addr = getelementptr i32 %A, i64 0, i64 %i_cast" [HLS_Project/matrix_multiply.cpp:21]   --->   Operation 25 'getelementptr' 'A_addr' <Predicate = true> <Delay = 0.00>
ST_3 : Operation 26 [1/1] (0.79ns)   --->   "%store_ln21 = store i32 %bitcast_ln21, i3 %A_addr" [HLS_Project/matrix_multiply.cpp:21]   --->   Operation 26 'store' 'store_ln21' <Predicate = true> <Delay = 0.79> <CoreInst = "RAM">   --->   Core 83 'RAM' <Latency = 1> <II = 1> <Delay = 0.79> <Storage> <Opcode : 'load' 'store'> <Ports = 2> <Width = 32> <Depth = 5> <RAM>
ST_3 : Operation 27 [1/1] (0.00ns)   --->   "%br_ln20 = br void %for.inc" [HLS_Project/matrix_multiply.cpp:20]   --->   Operation 27 'br' 'br_ln20' <Predicate = true> <Delay = 0.00>


============================================================
+ Verbose Summary: Binding
============================================================
STG Binding: 
---------------- STG Properties BEGIN ----------------
- Is combinational: 0
- Is one-state seq: 0
- Is datapath-only: 0
- Is pipelined: 0
- Is top level: 0
Port [ Return ] is wired: 1; IO mode=ap_ctrl_hs:ce=0
Port [ arrays]:  wired=1; compound=1; hidden=0; nouse=0; global=0; static=0; extern=0; dir=0; type=4; pingpong=0; private_global=0; IO mode=m_axi:ce=0
Port [ sext_ln20]:  wired=1; compound=0; hidden=0; nouse=0; global=0; static=0; extern=0; dir=0; type=0; pingpong=0; private_global=0; IO mode=ap_none:ce=0
Port [ A]:  wired=1; compound=1; hidden=0; nouse=0; global=0; static=0; extern=0; dir=1; type=1; pingpong=0; private_global=0; MemPort=[03]; IO mode=ap_memory:ce=0
---------------- STG Properties END ------------------

---------------- Datapath Model BEGIN ----------------

<LifeTime>
<method=bitvector/>
i                 (alloca           ) [ 0100]
sext_ln20_read    (read             ) [ 0000]
sext_ln20_cast    (sext             ) [ 0110]
specinterface_ln0 (specinterface    ) [ 0000]
store_ln0         (store            ) [ 0000]
br_ln0            (br               ) [ 0000]
i_2               (load             ) [ 0111]
icmp_ln20         (icmp             ) [ 0110]
add_ln20          (add              ) [ 0000]
br_ln20           (br               ) [ 0000]
store_ln20        (store            ) [ 0000]
specbitsmap_ln0   (specbitsmap      ) [ 0000]
arrays_addr       (getelementptr    ) [ 0000]
specpipeline_ln0  (specpipeline     ) [ 0000]
empty             (speclooptripcount) [ 0000]
arrays_addr_read  (read             ) [ 0101]
i_cast            (zext             ) [ 0000]
specloopname_ln20 (specloopname     ) [ 0000]
bitcast_ln21      (bitcast          ) [ 0000]
A_addr            (getelementptr    ) [ 0000]
store_ln21        (store            ) [ 0000]
br_ln20           (br               ) [ 0000]
ret_ln0           (ret              ) [ 0000]
</LifeTime>

<model>

<comp_list>
<comp id="0" class="1000" name="arrays">
<pin_list>
<pin id="1" dir="1" index="0" bw="1" slack="0"/>
</pin_list>
<bind>
<StgValue><ssdm name="arrays"/></StgValue>
</bind>
</comp>

<comp id="2" class="1000" name="sext_ln20">
<pin_list>
<pin id="3" dir="1" index="0" bw="1" slack="0"/>
</pin_list>
<bind>
<StgValue><ssdm name="sext_ln20"/></StgValue>
</bind>
</comp>

<comp id="4" class="1000" name="A">
<pin_list>
<pin id="5" dir="1" index="0" bw="1" slack="0"/>
</pin_list>
<bind>
<StgValue><ssdm name="A"/><MemPortTyVec>0 3 </MemPortTyVec>
</StgValue>
</bind>
</comp>

<comp id="6" class="1001" name="const_6">
<pin_list>
<pin id="7" dir="1" index="0" bw="1" slack="0"/>
</pin_list>
<bind>
<StgValue><ssdm name=""/></StgValue>
</bind>
</comp>

<comp id="8" class="1001" name="const_8">
<pin_list>
<pin id="9" dir="1" index="0" bw="1" slack="0"/>
</pin_list>
<bind>
<StgValue><ssdm name="_ssdm_op_Read.ap_auto.i62"/></StgValue>
</bind>
</comp>

<comp id="10" class="1001" name="const_10">
<pin_list>
<pin id="11" dir="1" index="0" bw="1" slack="2147483647"/>
</pin_list>
<bind>
<StgValue><ssdm name="_ssdm_op_SpecInterface"/></StgValue>
</bind>
</comp>

<comp id="12" class="1001" name="const_12">
<pin_list>
<pin id="13" dir="1" index="0" bw="1" slack="2147483647"/>
</pin_list>
<bind>
<StgValue><ssdm name="empty_5"/></StgValue>
</bind>
</comp>

<comp id="14" class="1001" name="const_14">
<pin_list>
<pin id="15" dir="1" index="0" bw="1" slack="2147483647"/>
</pin_list>
<bind>
<StgValue><ssdm name=""/></StgValue>
</bind>
</comp>

<comp id="16" class="1001" name="const_16">
<pin_list>
<pin id="17" dir="1" index="0" bw="1" slack="2147483647"/>
</pin_list>
<bind>
<StgValue><ssdm name="empty_6"/></StgValue>
</bind>
</comp>

<comp id="18" class="1001" name="const_18">
<pin_list>
<pin id="19" dir="1" index="0" bw="1" slack="2147483647"/>
</pin_list>
<bind>
<StgValue><ssdm name=""/></StgValue>
</bind>
</comp>

<comp id="20" class="1001" name="const_20">
<pin_list>
<pin id="21" dir="1" index="0" bw="1" slack="2147483647"/>
</pin_list>
<bind>
<StgValue><ssdm name=""/></StgValue>
</bind>
</comp>

<comp id="22" class="1001" name="const_22">
<pin_list>
<pin id="23" dir="1" index="0" bw="1" slack="2147483647"/>
</pin_list>
<bind>
<StgValue><ssdm name="empty_7"/></StgValue>
</bind>
</comp>

<comp id="24" class="1001" name="const_24">
<pin_list>
<pin id="25" dir="1" index="0" bw="1" slack="2147483647"/>
</pin_list>
<bind>
<StgValue><ssdm name="empty_8"/></StgValue>
</bind>
</comp>

<comp id="26" class="1001" name="const_26">
<pin_list>
<pin id="27" dir="1" index="0" bw="1" slack="2147483647"/>
</pin_list>
<bind>
<StgValue><ssdm name=""/></StgValue>
</bind>
</comp>

<comp id="28" class="1001" name="const_28">
<pin_list>
<pin id="29" dir="1" index="0" bw="1" slack="2147483647"/>
</pin_list>
<bind>
<StgValue><ssdm name=""/></StgValue>
</bind>
</comp>

<comp id="30" class="1001" name="const_30">
<pin_list>
<pin id="31" dir="1" index="0" bw="1" slack="0"/>
</pin_list>
<bind>
<StgValue><ssdm name=""/></StgValue>
</bind>
</comp>

<comp id="32" class="1001" name="const_32">
<pin_list>
<pin id="33" dir="1" index="0" bw="1" slack="0"/>
</pin_list>
<bind>
<StgValue><ssdm name=""/></StgValue>
</bind>
</comp>

<comp id="34" class="1001" name="const_34">
<pin_list>
<pin id="35" dir="1" index="0" bw="1" slack="0"/>
</pin_list>
<bind>
<StgValue><ssdm name=""/></StgValue>
</bind>
</comp>

<comp id="36" class="1001" name="const_36">
<pin_list>
<pin id="37" dir="1" index="0" bw="1" slack="2147483647"/>
</pin_list>
<bind>
<StgValue><ssdm name="_ssdm_op_SpecBitsMap"/></StgValue>
</bind>
</comp>

<comp id="38" class="1001" name="const_38">
<pin_list>
<pin id="39" dir="1" index="0" bw="1" slack="2147483647"/>
</pin_list>
<bind>
<StgValue><ssdm name="_ssdm_op_SpecPipeline"/></StgValue>
</bind>
</comp>

<comp id="40" class="1001" name="const_40">
<pin_list>
<pin id="41" dir="1" index="0" bw="1" slack="2147483647"/>
</pin_list>
<bind>
<StgValue><ssdm name="p_str"/></StgValue>
</bind>
</comp>

<comp id="42" class="1001" name="const_42">
<pin_list>
<pin id="43" dir="1" index="0" bw="1" slack="2147483647"/>
</pin_list>
<bind>
<StgValue><ssdm name="_ssdm_op_SpecLoopTripCount"/></StgValue>
</bind>
</comp>

<comp id="44" class="1001" name="const_44">
<pin_list>
<pin id="45" dir="1" index="0" bw="1" slack="2147483647"/>
</pin_list>
<bind>
<StgValue><ssdm name=""/></StgValue>
</bind>
</comp>

<comp id="46" class="1001" name="const_46">
<pin_list>
<pin id="47" dir="1" index="0" bw="1" slack="0"/>
</pin_list>
<bind>
<StgValue><ssdm name="_ssdm_op_Read.m_axi.p1i32"/></StgValue>
</bind>
</comp>

<comp id="48" class="1001" name="const_48">
<pin_list>
<pin id="49" dir="1" index="0" bw="1" slack="2147483647"/>
</pin_list>
<bind>
<StgValue><ssdm name="_ssdm_op_SpecLoopName"/></StgValue>
</bind>
</comp>

<comp id="50" class="1001" name="const_50">
<pin_list>
<pin id="51" dir="1" index="0" bw="1" slack="2147483647"/>
</pin_list>
<bind>
<StgValue><ssdm name="empty_21"/></StgValue>
</bind>
</comp>

<comp id="52" class="1001" name="const_52">
<pin_list>
<pin id="53" dir="1" index="0" bw="1" slack="0"/>
</pin_list>
<bind>
<StgValue><ssdm name=""/></StgValue>
</bind>
</comp>

<comp id="54" class="1004" name="i_fu_54">
<pin_list>
<pin id="55" dir="0" index="0" bw="1" slack="0"/>
<pin id="56" dir="1" index="1" bw="3" slack="0"/>
</pin_list>
<bind>
<opcode="alloca(26) " fcode="alloca"/>
<opset="i/1 "/>
</bind>
</comp>

<comp id="58" class="1004" name="sext_ln20_read_read_fu_58">
<pin_list>
<pin id="59" dir="0" index="0" bw="62" slack="0"/>
<pin id="60" dir="0" index="1" bw="62" slack="0"/>
<pin id="61" dir="1" index="2" bw="62" slack="0"/>
</pin_list>
<bind>
<opcode="read(1150) " fcode="read"/>
<opset="sext_ln20_read/1 "/>
</bind>
</comp>

<comp id="64" class="1004" name="arrays_addr_read_read_fu_64">
<pin_list>
<pin id="65" dir="0" index="0" bw="32" slack="0"/>
<pin id="66" dir="0" index="1" bw="32" slack="0"/>
<pin id="67" dir="1" index="2" bw="32" slack="1"/>
</pin_list>
<bind>
<opcode="read(1150) " fcode="read"/>
<opset="arrays_addr_read/2 "/>
</bind>
</comp>

<comp id="69" class="1004" name="A_addr_gep_fu_69">
<pin_list>
<pin id="70" dir="0" index="0" bw="32" slack="0"/>
<pin id="71" dir="0" index="1" bw="1" slack="0"/>
<pin id="72" dir="0" index="2" bw="3" slack="0"/>
<pin id="73" dir="1" index="3" bw="3" slack="0"/>
</pin_list>
<bind>
<opcode="getelementptr(29) " fcode="getelementptr"/>
<opset="A_addr/3 "/>
</bind>
</comp>

<comp id="76" class="1004" name="store_ln21_access_fu_76">
<pin_list>
<pin id="77" dir="0" index="0" bw="3" slack="0"/>
<pin id="78" dir="0" index="1" bw="32" slack="0"/>
<pin id="79" dir="0" index="2" bw="0" slack="2147483647"/>
<pin id="80" dir="1" index="3" bw="32" slack="2147483647"/>
</pin_list>
<bind>
<opcode="store(28) " fcode="store"/>
<opset="store_ln21/3 "/>
</bind>
</comp>

<comp id="82" class="1004" name="sext_ln20_cast_fu_82">
<pin_list>
<pin id="83" dir="0" index="0" bw="62" slack="0"/>
<pin id="84" dir="1" index="1" bw="64" slack="1"/>
</pin_list>
<bind>
<opcode="sext(35) " fcode="sext"/>
<opset="sext_ln20_cast/1 "/>
</bind>
</comp>

<comp id="86" class="1004" name="store_ln0_store_fu_86">
<pin_list>
<pin id="87" dir="0" index="0" bw="1" slack="0"/>
<pin id="88" dir="0" index="1" bw="3" slack="0"/>
<pin id="89" dir="1" index="2" bw="0" slack="2147483647"/>
</pin_list>
<bind>
<opcode="store(28) " fcode="store"/>
<opset="store_ln0/1 "/>
</bind>
</comp>

<comp id="91" class="1004" name="i_2_load_fu_91">
<pin_list>
<pin id="92" dir="0" index="0" bw="3" slack="0"/>
<pin id="93" dir="1" index="1" bw="3" slack="0"/>
</pin_list>
<bind>
<opcode="load(27) " fcode="load"/>
<opset="i_2/1 "/>
</bind>
</comp>

<comp id="94" class="1004" name="icmp_ln20_fu_94">
<pin_list>
<pin id="95" dir="0" index="0" bw="3" slack="0"/>
<pin id="96" dir="0" index="1" bw="3" slack="0"/>
<pin id="97" dir="1" index="2" bw="1" slack="1"/>
</pin_list>
<bind>
<opcode="icmp(45) " fcode="icmp"/>
<opset="icmp_ln20/1 "/>
</bind>
</comp>

<comp id="100" class="1004" name="add_ln20_fu_100">
<pin_list>
<pin id="101" dir="0" index="0" bw="3" slack="0"/>
<pin id="102" dir="0" index="1" bw="1" slack="0"/>
<pin id="103" dir="1" index="2" bw="3" slack="0"/>
</pin_list>
<bind>
<opcode="add(8) " fcode="add"/>
<opset="add_ln20/1 "/>
</bind>
</comp>

<comp id="106" class="1004" name="store_ln20_store_fu_106">
<pin_list>
<pin id="107" dir="0" index="0" bw="3" slack="0"/>
<pin id="108" dir="0" index="1" bw="3" slack="0"/>
<pin id="109" dir="1" index="2" bw="0" slack="2147483647"/>
</pin_list>
<bind>
<opcode="store(28) " fcode="store"/>
<opset="store_ln20/1 "/>
</bind>
</comp>

<comp id="111" class="1004" name="arrays_addr_fu_111">
<pin_list>
<pin id="112" dir="0" index="0" bw="64" slack="0"/>
<pin id="113" dir="0" index="1" bw="64" slack="1"/>
<pin id="114" dir="1" index="2" bw="64" slack="0"/>
</pin_list>
<bind>
<opcode="getelementptr(29) " fcode="getelementptr"/>
<opset="arrays_addr/2 "/>
</bind>
</comp>

<comp id="117" class="1004" name="i_cast_fu_117">
<pin_list>
<pin id="118" dir="0" index="0" bw="3" slack="2"/>
<pin id="119" dir="1" index="1" bw="64" slack="0"/>
</pin_list>
<bind>
<opcode="zext(34) " fcode="zext"/>
<opset="i_cast/3 "/>
</bind>
</comp>

<comp id="121" class="1004" name="bitcast_ln21_fu_121">
<pin_list>
<pin id="122" dir="0" index="0" bw="32" slack="1"/>
<pin id="123" dir="1" index="1" bw="32" slack="0"/>
</pin_list>
<bind>
<opcode="bitcast(44) " fcode="bitcast"/>
<opset="bitcast_ln21/3 "/>
</bind>
</comp>

<comp id="125" class="1005" name="i_reg_125">
<pin_list>
<pin id="126" dir="0" index="0" bw="3" slack="0"/>
<pin id="127" dir="1" index="1" bw="3" slack="0"/>
</pin_list>
<bind>
<opset="i "/>
</bind>
</comp>

<comp id="132" class="1005" name="sext_ln20_cast_reg_132">
<pin_list>
<pin id="133" dir="0" index="0" bw="64" slack="1"/>
<pin id="134" dir="1" index="1" bw="64" slack="1"/>
</pin_list>
<bind>
<opset="sext_ln20_cast "/>
</bind>
</comp>

<comp id="137" class="1005" name="i_2_reg_137">
<pin_list>
<pin id="138" dir="0" index="0" bw="3" slack="2"/>
<pin id="139" dir="1" index="1" bw="3" slack="2"/>
</pin_list>
<bind>
<opset="i_2 "/>
</bind>
</comp>

<comp id="142" class="1005" name="icmp_ln20_reg_142">
<pin_list>
<pin id="143" dir="0" index="0" bw="1" slack="1"/>
<pin id="144" dir="1" index="1" bw="1" slack="2147483647"/>
</pin_list>
<bind>
<opset="icmp_ln20 "/>
</bind>
</comp>

<comp id="146" class="1005" name="arrays_addr_read_reg_146">
<pin_list>
<pin id="147" dir="0" index="0" bw="32" slack="1"/>
<pin id="148" dir="1" index="1" bw="32" slack="1"/>
</pin_list>
<bind>
<opset="arrays_addr_read "/>
</bind>
</comp>

</comp_list>

<net_list>
<net id="57"><net_src comp="6" pin="0"/><net_sink comp="54" pin=0"/></net>

<net id="62"><net_src comp="8" pin="0"/><net_sink comp="58" pin=0"/></net>

<net id="63"><net_src comp="2" pin="0"/><net_sink comp="58" pin=1"/></net>

<net id="68"><net_src comp="46" pin="0"/><net_sink comp="64" pin=0"/></net>

<net id="74"><net_src comp="4" pin="0"/><net_sink comp="69" pin=0"/></net>

<net id="75"><net_src comp="52" pin="0"/><net_sink comp="69" pin=1"/></net>

<net id="81"><net_src comp="69" pin="3"/><net_sink comp="76" pin=0"/></net>

<net id="85"><net_src comp="58" pin="2"/><net_sink comp="82" pin=0"/></net>

<net id="90"><net_src comp="30" pin="0"/><net_sink comp="86" pin=0"/></net>

<net id="98"><net_src comp="91" pin="1"/><net_sink comp="94" pin=0"/></net>

<net id="99"><net_src comp="32" pin="0"/><net_sink comp="94" pin=1"/></net>

<net id="104"><net_src comp="91" pin="1"/><net_sink comp="100" pin=0"/></net>

<net id="105"><net_src comp="34" pin="0"/><net_sink comp="100" pin=1"/></net>

<net id="110"><net_src comp="100" pin="2"/><net_sink comp="106" pin=0"/></net>

<net id="115"><net_src comp="0" pin="0"/><net_sink comp="111" pin=0"/></net>

<net id="116"><net_src comp="111" pin="2"/><net_sink comp="64" pin=1"/></net>

<net id="120"><net_src comp="117" pin="1"/><net_sink comp="69" pin=2"/></net>

<net id="124"><net_src comp="121" pin="1"/><net_sink comp="76" pin=1"/></net>

<net id="128"><net_src comp="54" pin="1"/><net_sink comp="125" pin=0"/></net>

<net id="129"><net_src comp="125" pin="1"/><net_sink comp="86" pin=1"/></net>

<net id="130"><net_src comp="125" pin="1"/><net_sink comp="91" pin=0"/></net>

<net id="131"><net_src comp="125" pin="1"/><net_sink comp="106" pin=1"/></net>

<net id="135"><net_src comp="82" pin="1"/><net_sink comp="132" pin=0"/></net>

<net id="136"><net_src comp="132" pin="1"/><net_sink comp="111" pin=1"/></net>

<net id="140"><net_src comp="91" pin="1"/><net_sink comp="137" pin=0"/></net>

<net id="141"><net_src comp="137" pin="1"/><net_sink comp="117" pin=0"/></net>

<net id="145"><net_src comp="94" pin="2"/><net_sink comp="142" pin=0"/></net>

<net id="149"><net_src comp="64" pin="2"/><net_sink comp="146" pin=0"/></net>

<net id="150"><net_src comp="146" pin="1"/><net_sink comp="121" pin=0"/></net>

</net_list>

</model> 
---------------- Datapath Model END ------------------

* FSMD analyzer results:
  - Output states:
	Port: arrays | {}
	Port: A | {3 }
 - Input state : 
	Port: MatrixMultiplication_Pipeline_VITIS_LOOP_20_1 : arrays | {2 }
	Port: MatrixMultiplication_Pipeline_VITIS_LOOP_20_1 : sext_ln20 | {1 }
  - Chain level:
	State 1
		store_ln0 : 1
		i_2 : 1
		icmp_ln20 : 2
		add_ln20 : 2
		br_ln20 : 3
		store_ln20 : 3
	State 2
		arrays_addr_read : 1
	State 3
		A_addr : 1
		store_ln21 : 2


============================================================
+ Verbose Summary: Datapath Resource usage 
============================================================

* Functional unit list:
|----------|-----------------------------|---------|---------|
| Operation|       Functional Unit       |    FF   |   LUT   |
|----------|-----------------------------|---------|---------|
|    add   |       add_ln20_fu_100       |    0    |    10   |
|----------|-----------------------------|---------|---------|
|   icmp   |       icmp_ln20_fu_94       |    0    |    8    |
|----------|-----------------------------|---------|---------|
|   read   |  sext_ln20_read_read_fu_58  |    0    |    0    |
|          | arrays_addr_read_read_fu_64 |    0    |    0    |
|----------|-----------------------------|---------|---------|
|   sext   |     sext_ln20_cast_fu_82    |    0    |    0    |
|----------|-----------------------------|---------|---------|
|   zext   |        i_cast_fu_117        |    0    |    0    |
|----------|-----------------------------|---------|---------|
|   Total  |                             |    0    |    18   |
|----------|-----------------------------|---------|---------|

Memories:
N/A

* Register list:
+------------------------+--------+
|                        |   FF   |
+------------------------+--------+
|arrays_addr_read_reg_146|   32   |
|       i_2_reg_137      |    3   |
|        i_reg_125       |    3   |
|    icmp_ln20_reg_142   |    1   |
| sext_ln20_cast_reg_132 |   64   |
+------------------------+--------+
|          Total         |   103  |
+------------------------+--------+

* Multiplexer (MUX) list: 
|--------|------|------|------|--------|
|  Comp  |  Pin | Size |  BW  | S x BW |
|--------|------|------|------|--------|
|  Total |      |      |      |    0   |
|--------|------|------|------|--------|



* Summary:
+-----------+--------+--------+
|           |   FF   |   LUT  |
+-----------+--------+--------+
|  Function |    0   |   18   |
|   Memory  |    -   |    -   |
|Multiplexer|    -   |    -   |
|  Register |   103  |    -   |
+-----------+--------+--------+
|   Total   |   103  |   18   |
+-----------+--------+--------+
