

================================================================
== Vitis HLS Report for 'MatrixMultiplication_Pipeline_VITIS_LOOP_22_4'
================================================================
* Date:           Fri Nov 24 09:55:19 2023

* Version:        2022.2 (Build 3670227 on Oct 13 2022)
* Project:        HLS_Project
* Solution:       solution1 (Vitis Kernel Flow Target)
* Product family: zynquplus
* Target device:  xczu9eg-ffvc900-1-e


================================================================
== Performance Estimates
================================================================
+ Timing: 
    * Summary: 
    +--------+----------+----------+------------+
    |  Clock |  Target  | Estimated| Uncertainty|
    +--------+----------+----------+------------+
    |ap_clk  |  10.00 ns|  5.461 ns|     2.70 ns|
    +--------+----------+----------+------------+

+ Latency: 
    * Summary: 
    +---------+---------+----------+----------+-----+-----+---------+
    |  Latency (cycles) |  Latency (absolute) |  Interval | Pipeline|
    |   min   |   max   |    min   |    max   | min | max |   Type  |
    +---------+---------+----------+----------+-----+-----+---------+
    |        ?|        ?|         ?|         ?|    ?|    ?|       no|
    +---------+---------+----------+----------+-----+-----+---------+

    + Detail: 
        * Instance: 
        N/A

        * Loop: 
        +-------------------+---------+---------+----------+-----------+-----------+------+----------+
        |                   |  Latency (cycles) | Iteration|  Initiation Interval  | Trip |          |
        |     Loop Name     |   min   |   max   |  Latency |  achieved |   target  | Count| Pipelined|
        +-------------------+---------+---------+----------+-----------+-----------+------+----------+
        |- VITIS_LOOP_22_4  |        ?|        ?|         5|          1|          1|     ?|       yes|
        +-------------------+---------+---------+----------+-----------+-----------+------+----------+



================================================================
== Utilization Estimates
================================================================
* Summary: 
+-----------------+---------+------+--------+--------+-----+
|       Name      | BRAM_18K|  DSP |   FF   |   LUT  | URAM|
+-----------------+---------+------+--------+--------+-----+
|DSP              |        -|     -|       -|       -|    -|
|Expression       |        -|     -|       0|      77|    -|
|FIFO             |        -|     -|       -|       -|    -|
|Instance         |        -|     3|     143|     140|    -|
|Memory           |        -|     -|       -|       -|    -|
|Multiplexer      |        -|     -|       -|      54|    -|
|Register         |        -|     -|      88|      32|    -|
+-----------------+---------+------+--------+--------+-----+
|Total            |        0|     3|     231|     303|    0|
+-----------------+---------+------+--------+--------+-----+
|Available        |     1824|  2520|  548160|  274080|    0|
+-----------------+---------+------+--------+--------+-----+
|Utilization (%)  |        0|    ~0|      ~0|      ~0|    0|
+-----------------+---------+------+--------+--------+-----+

+ Detail: 
    * Instance: 
    +----------------------------------+-------------------------------+---------+----+-----+-----+-----+
    |             Instance             |             Module            | BRAM_18K| DSP|  FF | LUT | URAM|
    +----------------------------------+-------------------------------+---------+----+-----+-----+-----+
    |fmul_32ns_32ns_32_4_max_dsp_1_U4  |fmul_32ns_32ns_32_4_max_dsp_1  |        0|   3|  143|  140|    0|
    +----------------------------------+-------------------------------+---------+----+-----+-----+-----+
    |Total                             |                               |        0|   3|  143|  140|    0|
    +----------------------------------+-------------------------------+---------+----+-----+-----+-----+

    * DSP: 
    N/A

    * Memory: 
    N/A

    * FIFO: 
    N/A

    * Expression: 
    +----------------------+----------+----+---+----+------------+------------+
    |     Variable Name    | Operation| DSP| FF| LUT| Bitwidth P0| Bitwidth P1|
    +----------------------+----------+----+---+----+------------+------------+
    |add_ln23_1_fu_183_p2  |         +|   0|  0|  12|           5|           5|
    |add_ln23_2_fu_177_p2  |         +|   0|  0|  12|           5|           5|
    |add_ln23_fu_166_p2    |         +|   0|  0|  10|           3|           3|
    |n_3_fu_153_p2         |         +|   0|  0|  12|           5|           1|
    |icmp_ln22_fu_147_p2   |      icmp|   0|  0|  29|          64|          64|
    |ap_enable_pp0         |       xor|   0|  0|   2|           1|           2|
    +----------------------+----------+----+---+----+------------+------------+
    |Total                 |          |   0|  0|  77|          83|          80|
    +----------------------+----------+----+---+----+------------+------------+

    * Multiplexer: 
    +-------------------------------+----+-----------+-----+-----------+
    |              Name             | LUT| Input Size| Bits| Total Bits|
    +-------------------------------+----+-----------+-----+-----------+
    |ap_done_int                    |   9|          2|    1|          2|
    |ap_enable_reg_pp0_iter1        |   9|          2|    1|          2|
    |ap_sig_allocacmp_n             |   9|          2|    5|         10|
    |ap_sig_allocacmp_phi_mul_load  |   9|          2|    5|         10|
    |n_2_fu_58                      |   9|          2|    5|         10|
    |phi_mul_fu_54                  |   9|          2|    5|         10|
    +-------------------------------+----+-----------+-----+-----------+
    |Total                          |  54|         12|   22|         44|
    +-------------------------------+----+-----------+-----+-----------+

    * Register: 
    +----------------------------------+----+----+-----+-----------+
    |               Name               | FF | LUT| Bits| Const Bits|
    +----------------------------------+----+----+-----+-----------+
    |ap_CS_fsm                         |   1|   0|    1|          0|
    |ap_done_reg                       |   1|   0|    1|          0|
    |ap_enable_reg_pp0_iter1           |   1|   0|    1|          0|
    |ap_enable_reg_pp0_iter2           |   1|   0|    1|          0|
    |ap_enable_reg_pp0_iter3           |   1|   0|    1|          0|
    |ap_enable_reg_pp0_iter4           |   1|   0|    1|          0|
    |ap_loop_exit_ready_pp0_iter1_reg  |   1|   0|    1|          0|
    |ap_loop_exit_ready_pp0_iter2_reg  |   1|   0|    1|          0|
    |ap_loop_exit_ready_pp0_iter3_reg  |   1|   0|    1|          0|
    |n_2_cast3_reg_228                 |   5|   0|   64|         59|
    |n_2_fu_58                         |   5|   0|    5|          0|
    |phi_mul_fu_54                     |   5|   0|    5|          0|
    |n_2_cast3_reg_228                 |  64|  32|   64|         59|
    +----------------------------------+----+----+-----+-----------+
    |Total                             |  88|  32|  147|        118|
    +----------------------------------+----+----+-----+-----------+



================================================================
== Interface
================================================================
* Summary: 
+--------------+-----+-----+------------+-----------------------------------------------+--------------+
|   RTL Ports  | Dir | Bits|  Protocol  |                 Source Object                 |    C Type    |
+--------------+-----+-----+------------+-----------------------------------------------+--------------+
|ap_clk        |   in|    1|  ap_ctrl_hs|  MatrixMultiplication_Pipeline_VITIS_LOOP_22_4|  return value|
|ap_rst        |   in|    1|  ap_ctrl_hs|  MatrixMultiplication_Pipeline_VITIS_LOOP_22_4|  return value|
|ap_start      |   in|    1|  ap_ctrl_hs|  MatrixMultiplication_Pipeline_VITIS_LOOP_22_4|  return value|
|ap_done       |  out|    1|  ap_ctrl_hs|  MatrixMultiplication_Pipeline_VITIS_LOOP_22_4|  return value|
|ap_idle       |  out|    1|  ap_ctrl_hs|  MatrixMultiplication_Pipeline_VITIS_LOOP_22_4|  return value|
|ap_ready      |  out|    1|  ap_ctrl_hs|  MatrixMultiplication_Pipeline_VITIS_LOOP_22_4|  return value|
|B_rows        |   in|   64|     ap_none|                                         B_rows|        scalar|
|mul           |   in|    3|     ap_none|                                            mul|        scalar|
|A_address0    |  out|    3|   ap_memory|                                              A|         array|
|A_ce0         |  out|    1|   ap_memory|                                              A|         array|
|A_q0          |   in|   32|   ap_memory|                                              A|         array|
|trunc_ln4     |   in|    5|     ap_none|                                      trunc_ln4|        scalar|
|trunc_ln2     |   in|    5|     ap_none|                                      trunc_ln2|        scalar|
|B_address0    |  out|    5|   ap_memory|                                              B|         array|
|B_ce0         |  out|    1|   ap_memory|                                              B|         array|
|B_q0          |   in|   32|   ap_memory|                                              B|         array|
|acc_address0  |  out|    5|   ap_memory|                                            acc|         array|
|acc_ce0       |  out|    1|   ap_memory|                                            acc|         array|
|acc_we0       |  out|    1|   ap_memory|                                            acc|         array|
|acc_d0        |  out|   32|   ap_memory|                                            acc|         array|
+--------------+-----+-----+------------+-----------------------------------------------+--------------+

============================================================
+ Verbose Summary: Synthesis Manager
============================================================
InlineROM: 1
ExposeGlobal: 0
============================================================
+ Verbose Summary: CDFG Model
============================================================
IsTopModel: 0
ResetActiveHigh: 1
IsCombinational: 2
IsDatapathOnly: 2
HasWiredReturn: 1
HasMFsm: 2
HasVarLatency: 1
IsPipeline: 0
IsRtlPipelined: 0
IsInstanceOverlapped: 0
IsDontTouch: 0
HasImplIP: 0
IsGatedGlobalClock: 0

+ Individual pipeline summary: 
  * Pipeline-0: initiation interval (II) = 1, depth = 5


============================================================
+ Verbose Summary: Schedule
============================================================
* Number of FSM states : 5
* Pipeline : 1
  Pipeline-0 : II = 1, D = 5, States = { 1 2 3 4 5 }
* Dataflow Pipeline: 0

* FSM state transitions: 
1 --> 2 
2 --> 3 
3 --> 4 
4 --> 5 
5 --> 

* FSM state operations: 

State 1 <SV = 0> <Delay = 1.97>
ST_1 : Operation 8 [1/1] (0.00ns)   --->   "%phi_mul = alloca i32 1"   --->   Operation 8 'alloca' 'phi_mul' <Predicate = true> <Delay = 0.00>
ST_1 : Operation 9 [1/1] (0.00ns)   --->   "%n_2 = alloca i32 1"   --->   Operation 9 'alloca' 'n_2' <Predicate = true> <Delay = 0.00>
ST_1 : Operation 10 [1/1] (0.00ns)   --->   "%specmemcore_ln0 = specmemcore void @_ssdm_op_SpecMemCore, i32 %B, i64 666, i64 207, i64 1"   --->   Operation 10 'specmemcore' 'specmemcore_ln0' <Predicate = true> <Delay = 0.00>
ST_1 : Operation 11 [1/1] (0.00ns)   --->   "%specmemcore_ln0 = specmemcore void @_ssdm_op_SpecMemCore, i32 %A, i64 666, i64 207, i64 1"   --->   Operation 11 'specmemcore' 'specmemcore_ln0' <Predicate = true> <Delay = 0.00>
ST_1 : Operation 12 [1/1] (0.00ns)   --->   "%specinterface_ln0 = specinterface void @_ssdm_op_SpecInterface, i32 %B, void @empty_9, i32 0, i32 0, void @empty_3, i32 1, i32 0, void @empty_3, void @empty_3, void @empty_3, i32 0, i32 0, i32 0, i32 0, void @empty_3, void @empty_3, i32 4294967295, i32 0"   --->   Operation 12 'specinterface' 'specinterface_ln0' <Predicate = true> <Delay = 0.00>
ST_1 : Operation 13 [1/1] (0.00ns)   --->   "%specinterface_ln0 = specinterface void @_ssdm_op_SpecInterface, i32 %A, void @empty_9, i32 0, i32 0, void @empty_3, i32 1, i32 0, void @empty_3, void @empty_3, void @empty_3, i32 0, i32 0, i32 0, i32 0, void @empty_3, void @empty_3, i32 4294967295, i32 0"   --->   Operation 13 'specinterface' 'specinterface_ln0' <Predicate = true> <Delay = 0.00>
ST_1 : Operation 14 [1/1] (0.00ns)   --->   "%trunc_ln2_read = read i5 @_ssdm_op_Read.ap_auto.i5, i5 %trunc_ln2"   --->   Operation 14 'read' 'trunc_ln2_read' <Predicate = true> <Delay = 0.00>
ST_1 : Operation 15 [1/1] (0.00ns)   --->   "%trunc_ln4_read = read i5 @_ssdm_op_Read.ap_auto.i5, i5 %trunc_ln4"   --->   Operation 15 'read' 'trunc_ln4_read' <Predicate = true> <Delay = 0.00>
ST_1 : Operation 16 [1/1] (0.00ns)   --->   "%mul_read = read i3 @_ssdm_op_Read.ap_auto.i3, i3 %mul"   --->   Operation 16 'read' 'mul_read' <Predicate = true> <Delay = 0.00>
ST_1 : Operation 17 [1/1] (0.00ns)   --->   "%B_rows_read = read i64 @_ssdm_op_Read.ap_auto.i64, i64 %B_rows"   --->   Operation 17 'read' 'B_rows_read' <Predicate = true> <Delay = 0.00>
ST_1 : Operation 18 [1/1] (0.48ns)   --->   "%store_ln0 = store i5 0, i5 %n_2"   --->   Operation 18 'store' 'store_ln0' <Predicate = true> <Delay = 0.48>
ST_1 : Operation 19 [1/1] (0.48ns)   --->   "%store_ln0 = store i5 0, i5 %phi_mul"   --->   Operation 19 'store' 'store_ln0' <Predicate = true> <Delay = 0.48>
ST_1 : Operation 20 [1/1] (0.00ns)   --->   "%br_ln0 = br void %for.inc20"   --->   Operation 20 'br' 'br_ln0' <Predicate = true> <Delay = 0.00>
ST_1 : Operation 21 [1/1] (0.00ns)   --->   "%n = load i5 %n_2"   --->   Operation 21 'load' 'n' <Predicate = true> <Delay = 0.00>
ST_1 : Operation 22 [1/1] (0.00ns)   --->   "%n_2_cast3 = zext i5 %n"   --->   Operation 22 'zext' 'n_2_cast3' <Predicate = true> <Delay = 0.00>
ST_1 : Operation 23 [1/1] (0.00ns)   --->   "%specpipeline_ln0 = specpipeline void @_ssdm_op_SpecPipeline, i32 4294967295, i32 0, i32 1, i32 0, void @p_str"   --->   Operation 23 'specpipeline' 'specpipeline_ln0' <Predicate = true> <Delay = 0.00>
ST_1 : Operation 24 [1/1] (1.48ns)   --->   "%icmp_ln22 = icmp_eq  i64 %n_2_cast3, i64 %B_rows_read" [HLS_Project/matrix_multiply.cpp:22]   --->   Operation 24 'icmp' 'icmp_ln22' <Predicate = true> <Delay = 1.48> <CoreInst = "Cmp">   --->   Core 9 'Cmp' <Latency = 0> <II = 1> <Delay = 1.48> <FuncUnit> <Opcode : 'icmp'> <InPorts = 2> <OutPorts = 1>
ST_1 : Operation 25 [1/1] (0.87ns)   --->   "%n_3 = add i5 %n, i5 1" [HLS_Project/matrix_multiply.cpp:22]   --->   Operation 25 'add' 'n_3' <Predicate = true> <Delay = 0.87> <CoreInst = "Adder">   --->   Core 1 'Adder' <Latency = 0> <II = 1> <Delay = 0.87> <FuncUnit> <Opcode : 'add' 'sub'> <InPorts = 2> <OutPorts = 1>
ST_1 : Operation 26 [1/1] (0.00ns)   --->   "%br_ln22 = br i1 %icmp_ln22, void %for.inc20.split, void %VITIS_LOOP_25_5.loopexit.exitStub" [HLS_Project/matrix_multiply.cpp:22]   --->   Operation 26 'br' 'br_ln22' <Predicate = true> <Delay = 0.00>
ST_1 : Operation 27 [1/1] (0.00ns)   --->   "%phi_mul_load = load i5 %phi_mul" [HLS_Project/matrix_multiply.cpp:23]   --->   Operation 27 'load' 'phi_mul_load' <Predicate = (!icmp_ln22)> <Delay = 0.00>
ST_1 : Operation 28 [1/1] (0.00ns)   --->   "%empty = trunc i5 %n"   --->   Operation 28 'trunc' 'empty' <Predicate = (!icmp_ln22)> <Delay = 0.00>
ST_1 : Operation 29 [1/1] (0.74ns)   --->   "%add_ln23 = add i3 %empty, i3 %mul_read" [HLS_Project/matrix_multiply.cpp:23]   --->   Operation 29 'add' 'add_ln23' <Predicate = (!icmp_ln22)> <Delay = 0.74> <CoreInst = "Adder">   --->   Core 1 'Adder' <Latency = 0> <II = 1> <Delay = 0.74> <FuncUnit> <Opcode : 'add' 'sub'> <InPorts = 2> <OutPorts = 1>
ST_1 : Operation 30 [1/1] (0.00ns)   --->   "%zext_ln23 = zext i3 %add_ln23" [HLS_Project/matrix_multiply.cpp:23]   --->   Operation 30 'zext' 'zext_ln23' <Predicate = (!icmp_ln22)> <Delay = 0.00>
ST_1 : Operation 31 [1/1] (0.00ns)   --->   "%A_addr = getelementptr i32 %A, i64 0, i64 %zext_ln23" [HLS_Project/matrix_multiply.cpp:23]   --->   Operation 31 'getelementptr' 'A_addr' <Predicate = (!icmp_ln22)> <Delay = 0.00>
ST_1 : Operation 32 [2/2] (0.79ns)   --->   "%A_load = load i3 %A_addr" [HLS_Project/matrix_multiply.cpp:23]   --->   Operation 32 'load' 'A_load' <Predicate = (!icmp_ln22)> <Delay = 0.79> <CoreInst = "RAM_1P">   --->   Core 88 'RAM_1P' <Latency = 1> <II = 1> <Delay = 0.79> <Storage> <Opcode : 'load' 'store'> <Ports = 1> <Width = 32> <Depth = 5> <RAM>
ST_1 : Operation 33 [1/1] (0.87ns)   --->   "%add_ln23_2 = add i5 %phi_mul_load, i5 %trunc_ln4_read" [HLS_Project/matrix_multiply.cpp:23]   --->   Operation 33 'add' 'add_ln23_2' <Predicate = (!icmp_ln22)> <Delay = 0.87> <CoreInst = "Adder">   --->   Core 1 'Adder' <Latency = 0> <II = 1> <Delay = 0.87> <FuncUnit> <Opcode : 'add' 'sub'> <InPorts = 2> <OutPorts = 1>
ST_1 : Operation 34 [1/1] (0.87ns)   --->   "%add_ln23_1 = add i5 %phi_mul_load, i5 %trunc_ln2_read" [HLS_Project/matrix_multiply.cpp:23]   --->   Operation 34 'add' 'add_ln23_1' <Predicate = (!icmp_ln22)> <Delay = 0.87> <CoreInst = "Adder">   --->   Core 1 'Adder' <Latency = 0> <II = 1> <Delay = 0.87> <FuncUnit> <Opcode : 'add' 'sub'> <InPorts = 2> <OutPorts = 1>
ST_1 : Operation 35 [1/1] (0.00ns)   --->   "%zext_ln23_1 = zext i5 %add_ln23_1" [HLS_Project/matrix_multiply.cpp:23]   --->   Operation 35 'zext' 'zext_ln23_1' <Predicate = (!icmp_ln22)> <Delay = 0.00>
ST_1 : Operation 36 [1/1] (0.00ns)   --->   "%B_addr = getelementptr i32 %B, i64 0, i64 %zext_ln23_1" [HLS_Project/matrix_multiply.cpp:23]   --->   Operation 36 'getelementptr' 'B_addr' <Predicate = (!icmp_ln22)> <Delay = 0.00>
ST_1 : Operation 37 [2/2] (0.79ns)   --->   "%B_load = load i5 %B_addr" [HLS_Project/matrix_multiply.cpp:23]   --->   Operation 37 'load' 'B_load' <Predicate = (!icmp_ln22)> <Delay = 0.79> <CoreInst = "RAM_1P">   --->   Core 88 'RAM_1P' <Latency = 1> <II = 1> <Delay = 0.79> <Storage> <Opcode : 'load' 'store'> <Ports = 1> <Width = 32> <Depth = 25> <RAM>
ST_1 : Operation 38 [1/1] (0.48ns)   --->   "%store_ln22 = store i5 %n_3, i5 %n_2" [HLS_Project/matrix_multiply.cpp:22]   --->   Operation 38 'store' 'store_ln22' <Predicate = (!icmp_ln22)> <Delay = 0.48>
ST_1 : Operation 39 [1/1] (0.48ns)   --->   "%store_ln22 = store i5 %add_ln23_2, i5 %phi_mul" [HLS_Project/matrix_multiply.cpp:22]   --->   Operation 39 'store' 'store_ln22' <Predicate = (!icmp_ln22)> <Delay = 0.48>

State 2 <SV = 1> <Delay = 5.46>
ST_2 : Operation 40 [1/2] (0.79ns)   --->   "%A_load = load i3 %A_addr" [HLS_Project/matrix_multiply.cpp:23]   --->   Operation 40 'load' 'A_load' <Predicate = true> <Delay = 0.79> <CoreInst = "RAM_1P">   --->   Core 88 'RAM_1P' <Latency = 1> <II = 1> <Delay = 0.79> <Storage> <Opcode : 'load' 'store'> <Ports = 1> <Width = 32> <Depth = 5> <RAM>
ST_2 : Operation 41 [1/1] (0.00ns)   --->   "%bitcast_ln23 = bitcast i32 %A_load" [HLS_Project/matrix_multiply.cpp:23]   --->   Operation 41 'bitcast' 'bitcast_ln23' <Predicate = true> <Delay = 0.00>
ST_2 : Operation 42 [1/2] (0.79ns)   --->   "%B_load = load i5 %B_addr" [HLS_Project/matrix_multiply.cpp:23]   --->   Operation 42 'load' 'B_load' <Predicate = true> <Delay = 0.79> <CoreInst = "RAM_1P">   --->   Core 88 'RAM_1P' <Latency = 1> <II = 1> <Delay = 0.79> <Storage> <Opcode : 'load' 'store'> <Ports = 1> <Width = 32> <Depth = 25> <RAM>
ST_2 : Operation 43 [1/1] (0.00ns)   --->   "%bitcast_ln23_1 = bitcast i32 %B_load" [HLS_Project/matrix_multiply.cpp:23]   --->   Operation 43 'bitcast' 'bitcast_ln23_1' <Predicate = true> <Delay = 0.00>
ST_2 : Operation 44 [4/4] (4.67ns)   --->   "%mul1 = fmul i32 %bitcast_ln23, i32 %bitcast_ln23_1" [HLS_Project/matrix_multiply.cpp:23]   --->   Operation 44 'fmul' 'mul1' <Predicate = true> <Delay = 4.67> <CoreInst = "FMul_maxdsp">   --->   Core 30 'FMul_maxdsp' <Latency = 3> <II = 1> <Delay = 4.67> <FuncUnit> <Opcode : 'fmul'> <InPorts = 2> <OutPorts = 1>

State 3 <SV = 2> <Delay = 4.67>
ST_3 : Operation 45 [3/4] (4.67ns)   --->   "%mul1 = fmul i32 %bitcast_ln23, i32 %bitcast_ln23_1" [HLS_Project/matrix_multiply.cpp:23]   --->   Operation 45 'fmul' 'mul1' <Predicate = true> <Delay = 4.67> <CoreInst = "FMul_maxdsp">   --->   Core 30 'FMul_maxdsp' <Latency = 3> <II = 1> <Delay = 4.67> <FuncUnit> <Opcode : 'fmul'> <InPorts = 2> <OutPorts = 1>

State 4 <SV = 3> <Delay = 4.67>
ST_4 : Operation 46 [2/4] (4.67ns)   --->   "%mul1 = fmul i32 %bitcast_ln23, i32 %bitcast_ln23_1" [HLS_Project/matrix_multiply.cpp:23]   --->   Operation 46 'fmul' 'mul1' <Predicate = true> <Delay = 4.67> <CoreInst = "FMul_maxdsp">   --->   Core 30 'FMul_maxdsp' <Latency = 3> <II = 1> <Delay = 4.67> <FuncUnit> <Opcode : 'fmul'> <InPorts = 2> <OutPorts = 1>
ST_4 : Operation 52 [1/1] (0.00ns)   --->   "%ret_ln0 = ret"   --->   Operation 52 'ret' 'ret_ln0' <Predicate = (icmp_ln22)> <Delay = 0.00>

State 5 <SV = 4> <Delay = 5.46>
ST_5 : Operation 47 [1/1] (0.00ns)   --->   "%specloopname_ln22 = specloopname void @_ssdm_op_SpecLoopName, void @empty_8" [HLS_Project/matrix_multiply.cpp:22]   --->   Operation 47 'specloopname' 'specloopname_ln22' <Predicate = true> <Delay = 0.00>
ST_5 : Operation 48 [1/4] (4.67ns)   --->   "%mul1 = fmul i32 %bitcast_ln23, i32 %bitcast_ln23_1" [HLS_Project/matrix_multiply.cpp:23]   --->   Operation 48 'fmul' 'mul1' <Predicate = true> <Delay = 4.67> <CoreInst = "FMul_maxdsp">   --->   Core 30 'FMul_maxdsp' <Latency = 3> <II = 1> <Delay = 4.67> <FuncUnit> <Opcode : 'fmul'> <InPorts = 2> <OutPorts = 1>
ST_5 : Operation 49 [1/1] (0.00ns)   --->   "%acc_addr = getelementptr i32 %acc, i64 0, i64 %n_2_cast3" [HLS_Project/matrix_multiply.cpp:23]   --->   Operation 49 'getelementptr' 'acc_addr' <Predicate = true> <Delay = 0.00>
ST_5 : Operation 50 [1/1] (0.79ns)   --->   "%store_ln23 = store i32 %mul1, i5 %acc_addr" [HLS_Project/matrix_multiply.cpp:23]   --->   Operation 50 'store' 'store_ln23' <Predicate = true> <Delay = 0.79> <CoreInst = "RAM">   --->   Core 83 'RAM' <Latency = 1> <II = 1> <Delay = 0.79> <Storage> <Opcode : 'load' 'store'> <Ports = 2> <Width = 32> <Depth = 25> <RAM>
ST_5 : Operation 51 [1/1] (0.00ns)   --->   "%br_ln22 = br void %for.inc20" [HLS_Project/matrix_multiply.cpp:22]   --->   Operation 51 'br' 'br_ln22' <Predicate = true> <Delay = 0.00>


============================================================
+ Verbose Summary: Binding
============================================================
STG Binding: 
---------------- STG Properties BEGIN ----------------
- Is combinational: 0
- Is one-state seq: 0
- Is datapath-only: 0
- Is pipelined: 0
- Is top level: 0
Port [ Return ] is wired: 1; IO mode=ap_ctrl_hs:ce=0
Port [ B_rows]:  wired=1; compound=0; hidden=0; nouse=0; global=0; static=0; extern=0; dir=0; type=0; pingpong=0; private_global=0; IO mode=ap_none:ce=0
Port [ mul]:  wired=1; compound=0; hidden=0; nouse=0; global=0; static=0; extern=0; dir=0; type=0; pingpong=0; private_global=0; IO mode=ap_none:ce=0
Port [ A]:  wired=1; compound=1; hidden=0; nouse=0; global=0; static=0; extern=0; dir=0; type=1; pingpong=0; private_global=0; MemPort=[1]; IO mode=ap_memory:ce=0
Port [ trunc_ln4]:  wired=1; compound=0; hidden=0; nouse=0; global=0; static=0; extern=0; dir=0; type=0; pingpong=0; private_global=0; IO mode=ap_none:ce=0
Port [ trunc_ln2]:  wired=1; compound=0; hidden=0; nouse=0; global=0; static=0; extern=0; dir=0; type=0; pingpong=0; private_global=0; IO mode=ap_none:ce=0
Port [ B]:  wired=1; compound=1; hidden=0; nouse=0; global=0; static=0; extern=0; dir=0; type=1; pingpong=0; private_global=0; MemPort=[1]; IO mode=ap_memory:ce=0
Port [ acc]:  wired=1; compound=1; hidden=0; nouse=0; global=0; static=0; extern=0; dir=1; type=1; pingpong=0; private_global=0; MemPort=[03]; IO mode=ap_memory:ce=0
---------------- STG Properties END ------------------

---------------- Datapath Model BEGIN ----------------

<LifeTime>
<method=bitvector/>
phi_mul           (alloca       ) [ 010000]
n_2               (alloca       ) [ 010000]
specmemcore_ln0   (specmemcore  ) [ 000000]
specmemcore_ln0   (specmemcore  ) [ 000000]
specinterface_ln0 (specinterface) [ 000000]
specinterface_ln0 (specinterface) [ 000000]
trunc_ln2_read    (read         ) [ 000000]
trunc_ln4_read    (read         ) [ 000000]
mul_read          (read         ) [ 000000]
B_rows_read       (read         ) [ 000000]
store_ln0         (store        ) [ 000000]
store_ln0         (store        ) [ 000000]
br_ln0            (br           ) [ 000000]
n                 (load         ) [ 000000]
n_2_cast3         (zext         ) [ 011111]
specpipeline_ln0  (specpipeline ) [ 000000]
icmp_ln22         (icmp         ) [ 011110]
n_3               (add          ) [ 000000]
br_ln22           (br           ) [ 000000]
phi_mul_load      (load         ) [ 000000]
empty             (trunc        ) [ 000000]
add_ln23          (add          ) [ 000000]
zext_ln23         (zext         ) [ 000000]
A_addr            (getelementptr) [ 011000]
add_ln23_2        (add          ) [ 000000]
add_ln23_1        (add          ) [ 000000]
zext_ln23_1       (zext         ) [ 000000]
B_addr            (getelementptr) [ 011000]
store_ln22        (store        ) [ 000000]
store_ln22        (store        ) [ 000000]
A_load            (load         ) [ 000000]
bitcast_ln23      (bitcast      ) [ 010111]
B_load            (load         ) [ 000000]
bitcast_ln23_1    (bitcast      ) [ 010111]
specloopname_ln22 (specloopname ) [ 000000]
mul1              (fmul         ) [ 000000]
acc_addr          (getelementptr) [ 000000]
store_ln23        (store        ) [ 000000]
br_ln22           (br           ) [ 000000]
ret_ln0           (ret          ) [ 000000]
</LifeTime>

<model>

<comp_list>
<comp id="0" class="1000" name="B_rows">
<pin_list>
<pin id="1" dir="1" index="0" bw="1" slack="0"/>
</pin_list>
<bind>
<StgValue><ssdm name="B_rows"/></StgValue>
</bind>
</comp>

<comp id="2" class="1000" name="mul">
<pin_list>
<pin id="3" dir="1" index="0" bw="1" slack="0"/>
</pin_list>
<bind>
<StgValue><ssdm name="mul"/></StgValue>
</bind>
</comp>

<comp id="4" class="1000" name="A">
<pin_list>
<pin id="5" dir="1" index="0" bw="1" slack="0"/>
</pin_list>
<bind>
<StgValue><ssdm name="A"/><MemPortTyVec>1 </MemPortTyVec>
</StgValue>
</bind>
</comp>

<comp id="6" class="1000" name="trunc_ln4">
<pin_list>
<pin id="7" dir="1" index="0" bw="1" slack="0"/>
</pin_list>
<bind>
<StgValue><ssdm name="trunc_ln4"/></StgValue>
</bind>
</comp>

<comp id="8" class="1000" name="trunc_ln2">
<pin_list>
<pin id="9" dir="1" index="0" bw="1" slack="0"/>
</pin_list>
<bind>
<StgValue><ssdm name="trunc_ln2"/></StgValue>
</bind>
</comp>

<comp id="10" class="1000" name="B">
<pin_list>
<pin id="11" dir="1" index="0" bw="1" slack="0"/>
</pin_list>
<bind>
<StgValue><ssdm name="B"/><MemPortTyVec>1 </MemPortTyVec>
</StgValue>
</bind>
</comp>

<comp id="12" class="1000" name="acc">
<pin_list>
<pin id="13" dir="1" index="0" bw="1" slack="0"/>
</pin_list>
<bind>
<StgValue><ssdm name="acc"/><MemPortTyVec>0 3 </MemPortTyVec>
</StgValue>
</bind>
</comp>

<comp id="14" class="1001" name="const_14">
<pin_list>
<pin id="15" dir="1" index="0" bw="1" slack="0"/>
</pin_list>
<bind>
<StgValue><ssdm name=""/></StgValue>
</bind>
</comp>

<comp id="16" class="1001" name="const_16">
<pin_list>
<pin id="17" dir="1" index="0" bw="1" slack="2147483647"/>
</pin_list>
<bind>
<StgValue><ssdm name="_ssdm_op_SpecMemCore"/></StgValue>
</bind>
</comp>

<comp id="18" class="1001" name="const_18">
<pin_list>
<pin id="19" dir="1" index="0" bw="1" slack="2147483647"/>
</pin_list>
<bind>
<StgValue><ssdm name=""/></StgValue>
</bind>
</comp>

<comp id="20" class="1001" name="const_20">
<pin_list>
<pin id="21" dir="1" index="0" bw="1" slack="2147483647"/>
</pin_list>
<bind>
<StgValue><ssdm name=""/></StgValue>
</bind>
</comp>

<comp id="22" class="1001" name="const_22">
<pin_list>
<pin id="23" dir="1" index="0" bw="1" slack="2147483647"/>
</pin_list>
<bind>
<StgValue><ssdm name=""/></StgValue>
</bind>
</comp>

<comp id="24" class="1001" name="const_24">
<pin_list>
<pin id="25" dir="1" index="0" bw="1" slack="2147483647"/>
</pin_list>
<bind>
<StgValue><ssdm name="_ssdm_op_SpecInterface"/></StgValue>
</bind>
</comp>

<comp id="26" class="1001" name="const_26">
<pin_list>
<pin id="27" dir="1" index="0" bw="1" slack="2147483647"/>
</pin_list>
<bind>
<StgValue><ssdm name="empty_9"/></StgValue>
</bind>
</comp>

<comp id="28" class="1001" name="const_28">
<pin_list>
<pin id="29" dir="1" index="0" bw="1" slack="2147483647"/>
</pin_list>
<bind>
<StgValue><ssdm name=""/></StgValue>
</bind>
</comp>

<comp id="30" class="1001" name="const_30">
<pin_list>
<pin id="31" dir="1" index="0" bw="1" slack="2147483647"/>
</pin_list>
<bind>
<StgValue><ssdm name="empty_3"/></StgValue>
</bind>
</comp>

<comp id="32" class="1001" name="const_32">
<pin_list>
<pin id="33" dir="1" index="0" bw="1" slack="2147483647"/>
</pin_list>
<bind>
<StgValue><ssdm name=""/></StgValue>
</bind>
</comp>

<comp id="34" class="1001" name="const_34">
<pin_list>
<pin id="35" dir="1" index="0" bw="1" slack="0"/>
</pin_list>
<bind>
<StgValue><ssdm name="_ssdm_op_Read.ap_auto.i5"/></StgValue>
</bind>
</comp>

<comp id="36" class="1001" name="const_36">
<pin_list>
<pin id="37" dir="1" index="0" bw="1" slack="0"/>
</pin_list>
<bind>
<StgValue><ssdm name="_ssdm_op_Read.ap_auto.i3"/></StgValue>
</bind>
</comp>

<comp id="38" class="1001" name="const_38">
<pin_list>
<pin id="39" dir="1" index="0" bw="1" slack="0"/>
</pin_list>
<bind>
<StgValue><ssdm name="_ssdm_op_Read.ap_auto.i64"/></StgValue>
</bind>
</comp>

<comp id="40" class="1001" name="const_40">
<pin_list>
<pin id="41" dir="1" index="0" bw="1" slack="0"/>
</pin_list>
<bind>
<StgValue><ssdm name=""/></StgValue>
</bind>
</comp>

<comp id="42" class="1001" name="const_42">
<pin_list>
<pin id="43" dir="1" index="0" bw="1" slack="2147483647"/>
</pin_list>
<bind>
<StgValue><ssdm name="_ssdm_op_SpecPipeline"/></StgValue>
</bind>
</comp>

<comp id="44" class="1001" name="const_44">
<pin_list>
<pin id="45" dir="1" index="0" bw="1" slack="2147483647"/>
</pin_list>
<bind>
<StgValue><ssdm name="p_str"/></StgValue>
</bind>
</comp>

<comp id="46" class="1001" name="const_46">
<pin_list>
<pin id="47" dir="1" index="0" bw="1" slack="0"/>
</pin_list>
<bind>
<StgValue><ssdm name=""/></StgValue>
</bind>
</comp>

<comp id="48" class="1001" name="const_48">
<pin_list>
<pin id="49" dir="1" index="0" bw="1" slack="0"/>
</pin_list>
<bind>
<StgValue><ssdm name=""/></StgValue>
</bind>
</comp>

<comp id="50" class="1001" name="const_50">
<pin_list>
<pin id="51" dir="1" index="0" bw="1" slack="2147483647"/>
</pin_list>
<bind>
<StgValue><ssdm name="_ssdm_op_SpecLoopName"/></StgValue>
</bind>
</comp>

<comp id="52" class="1001" name="const_52">
<pin_list>
<pin id="53" dir="1" index="0" bw="1" slack="2147483647"/>
</pin_list>
<bind>
<StgValue><ssdm name="empty_8"/></StgValue>
</bind>
</comp>

<comp id="54" class="1004" name="phi_mul_fu_54">
<pin_list>
<pin id="55" dir="0" index="0" bw="1" slack="0"/>
<pin id="56" dir="1" index="1" bw="5" slack="0"/>
</pin_list>
<bind>
<opcode="alloca(26) " fcode="alloca"/>
<opset="phi_mul/1 "/>
</bind>
</comp>

<comp id="58" class="1004" name="n_2_fu_58">
<pin_list>
<pin id="59" dir="0" index="0" bw="1" slack="0"/>
<pin id="60" dir="1" index="1" bw="5" slack="0"/>
</pin_list>
<bind>
<opcode="alloca(26) " fcode="alloca"/>
<opset="n_2/1 "/>
</bind>
</comp>

<comp id="62" class="1004" name="trunc_ln2_read_read_fu_62">
<pin_list>
<pin id="63" dir="0" index="0" bw="5" slack="0"/>
<pin id="64" dir="0" index="1" bw="5" slack="0"/>
<pin id="65" dir="1" index="2" bw="5" slack="0"/>
</pin_list>
<bind>
<opcode="read(1150) " fcode="read"/>
<opset="trunc_ln2_read/1 "/>
</bind>
</comp>

<comp id="68" class="1004" name="trunc_ln4_read_read_fu_68">
<pin_list>
<pin id="69" dir="0" index="0" bw="5" slack="0"/>
<pin id="70" dir="0" index="1" bw="5" slack="0"/>
<pin id="71" dir="1" index="2" bw="5" slack="0"/>
</pin_list>
<bind>
<opcode="read(1150) " fcode="read"/>
<opset="trunc_ln4_read/1 "/>
</bind>
</comp>

<comp id="74" class="1004" name="mul_read_read_fu_74">
<pin_list>
<pin id="75" dir="0" index="0" bw="3" slack="0"/>
<pin id="76" dir="0" index="1" bw="3" slack="0"/>
<pin id="77" dir="1" index="2" bw="3" slack="0"/>
</pin_list>
<bind>
<opcode="read(1150) " fcode="read"/>
<opset="mul_read/1 "/>
</bind>
</comp>

<comp id="80" class="1004" name="B_rows_read_read_fu_80">
<pin_list>
<pin id="81" dir="0" index="0" bw="64" slack="0"/>
<pin id="82" dir="0" index="1" bw="64" slack="0"/>
<pin id="83" dir="1" index="2" bw="64" slack="0"/>
</pin_list>
<bind>
<opcode="read(1150) " fcode="read"/>
<opset="B_rows_read/1 "/>
</bind>
</comp>

<comp id="86" class="1004" name="A_addr_gep_fu_86">
<pin_list>
<pin id="87" dir="0" index="0" bw="32" slack="0"/>
<pin id="88" dir="0" index="1" bw="1" slack="0"/>
<pin id="89" dir="0" index="2" bw="3" slack="0"/>
<pin id="90" dir="1" index="3" bw="3" slack="0"/>
</pin_list>
<bind>
<opcode="getelementptr(29) " fcode="getelementptr"/>
<opset="A_addr/1 "/>
</bind>
</comp>

<comp id="93" class="1004" name="grp_access_fu_93">
<pin_list>
<pin id="94" dir="0" index="0" bw="3" slack="0"/>
<pin id="95" dir="0" index="1" bw="32" slack="2147483647"/>
<pin id="96" dir="0" index="2" bw="0" slack="2147483647"/>
<pin id="97" dir="1" index="3" bw="32" slack="0"/>
</pin_list>
<bind>
<opcode="load(27) " fcode="load"/>
<opset="A_load/1 "/>
</bind>
</comp>

<comp id="99" class="1004" name="B_addr_gep_fu_99">
<pin_list>
<pin id="100" dir="0" index="0" bw="32" slack="0"/>
<pin id="101" dir="0" index="1" bw="1" slack="0"/>
<pin id="102" dir="0" index="2" bw="5" slack="0"/>
<pin id="103" dir="1" index="3" bw="5" slack="0"/>
</pin_list>
<bind>
<opcode="getelementptr(29) " fcode="getelementptr"/>
<opset="B_addr/1 "/>
</bind>
</comp>

<comp id="106" class="1004" name="grp_access_fu_106">
<pin_list>
<pin id="107" dir="0" index="0" bw="5" slack="0"/>
<pin id="108" dir="0" index="1" bw="32" slack="2147483647"/>
<pin id="109" dir="0" index="2" bw="0" slack="2147483647"/>
<pin id="110" dir="1" index="3" bw="32" slack="0"/>
</pin_list>
<bind>
<opcode="load(27) " fcode="load"/>
<opset="B_load/1 "/>
</bind>
</comp>

<comp id="112" class="1004" name="acc_addr_gep_fu_112">
<pin_list>
<pin id="113" dir="0" index="0" bw="32" slack="0"/>
<pin id="114" dir="0" index="1" bw="1" slack="0"/>
<pin id="115" dir="0" index="2" bw="5" slack="4"/>
<pin id="116" dir="1" index="3" bw="5" slack="0"/>
</pin_list>
<bind>
<opcode="getelementptr(29) " fcode="getelementptr"/>
<opset="acc_addr/5 "/>
</bind>
</comp>

<comp id="119" class="1004" name="store_ln23_access_fu_119">
<pin_list>
<pin id="120" dir="0" index="0" bw="5" slack="0"/>
<pin id="121" dir="0" index="1" bw="32" slack="0"/>
<pin id="122" dir="0" index="2" bw="0" slack="2147483647"/>
<pin id="123" dir="1" index="3" bw="32" slack="2147483647"/>
</pin_list>
<bind>
<opcode="store(28) " fcode="store"/>
<opset="store_ln23/5 "/>
</bind>
</comp>

<comp id="125" class="1004" name="grp_fu_125">
<pin_list>
<pin id="126" dir="0" index="0" bw="32" slack="0"/>
<pin id="127" dir="0" index="1" bw="32" slack="0"/>
<pin id="128" dir="1" index="2" bw="32" slack="0"/>
</pin_list>
<bind>
<opcode="fmul(13) " fcode="fmul"/>
<opset="mul1/2 "/>
</bind>
</comp>

<comp id="130" class="1004" name="store_ln0_store_fu_130">
<pin_list>
<pin id="131" dir="0" index="0" bw="1" slack="0"/>
<pin id="132" dir="0" index="1" bw="5" slack="0"/>
<pin id="133" dir="1" index="2" bw="0" slack="2147483647"/>
</pin_list>
<bind>
<opcode="store(28) " fcode="store"/>
<opset="store_ln0/1 "/>
</bind>
</comp>

<comp id="135" class="1004" name="store_ln0_store_fu_135">
<pin_list>
<pin id="136" dir="0" index="0" bw="1" slack="0"/>
<pin id="137" dir="0" index="1" bw="5" slack="0"/>
<pin id="138" dir="1" index="2" bw="0" slack="2147483647"/>
</pin_list>
<bind>
<opcode="store(28) " fcode="store"/>
<opset="store_ln0/1 "/>
</bind>
</comp>

<comp id="140" class="1004" name="n_load_fu_140">
<pin_list>
<pin id="141" dir="0" index="0" bw="5" slack="0"/>
<pin id="142" dir="1" index="1" bw="5" slack="0"/>
</pin_list>
<bind>
<opcode="load(27) " fcode="load"/>
<opset="n/1 "/>
</bind>
</comp>

<comp id="143" class="1004" name="n_2_cast3_fu_143">
<pin_list>
<pin id="144" dir="0" index="0" bw="5" slack="0"/>
<pin id="145" dir="1" index="1" bw="64" slack="0"/>
</pin_list>
<bind>
<opcode="zext(34) " fcode="zext"/>
<opset="n_2_cast3/1 "/>
</bind>
</comp>

<comp id="147" class="1004" name="icmp_ln22_fu_147">
<pin_list>
<pin id="148" dir="0" index="0" bw="64" slack="0"/>
<pin id="149" dir="0" index="1" bw="64" slack="0"/>
<pin id="150" dir="1" index="2" bw="1" slack="3"/>
</pin_list>
<bind>
<opcode="icmp(45) " fcode="icmp"/>
<opset="icmp_ln22/1 "/>
</bind>
</comp>

<comp id="153" class="1004" name="n_3_fu_153">
<pin_list>
<pin id="154" dir="0" index="0" bw="5" slack="0"/>
<pin id="155" dir="0" index="1" bw="1" slack="0"/>
<pin id="156" dir="1" index="2" bw="5" slack="0"/>
</pin_list>
<bind>
<opcode="add(8) " fcode="add"/>
<opset="n_3/1 "/>
</bind>
</comp>

<comp id="159" class="1004" name="phi_mul_load_load_fu_159">
<pin_list>
<pin id="160" dir="0" index="0" bw="5" slack="0"/>
<pin id="161" dir="1" index="1" bw="5" slack="0"/>
</pin_list>
<bind>
<opcode="load(27) " fcode="load"/>
<opset="phi_mul_load/1 "/>
</bind>
</comp>

<comp id="162" class="1004" name="empty_fu_162">
<pin_list>
<pin id="163" dir="0" index="0" bw="5" slack="0"/>
<pin id="164" dir="1" index="1" bw="3" slack="0"/>
</pin_list>
<bind>
<opcode="trunc(33) " fcode="trunc"/>
<opset="empty/1 "/>
</bind>
</comp>

<comp id="166" class="1004" name="add_ln23_fu_166">
<pin_list>
<pin id="167" dir="0" index="0" bw="3" slack="0"/>
<pin id="168" dir="0" index="1" bw="3" slack="0"/>
<pin id="169" dir="1" index="2" bw="3" slack="0"/>
</pin_list>
<bind>
<opcode="add(8) " fcode="add"/>
<opset="add_ln23/1 "/>
</bind>
</comp>

<comp id="172" class="1004" name="zext_ln23_fu_172">
<pin_list>
<pin id="173" dir="0" index="0" bw="3" slack="0"/>
<pin id="174" dir="1" index="1" bw="64" slack="0"/>
</pin_list>
<bind>
<opcode="zext(34) " fcode="zext"/>
<opset="zext_ln23/1 "/>
</bind>
</comp>

<comp id="177" class="1004" name="add_ln23_2_fu_177">
<pin_list>
<pin id="178" dir="0" index="0" bw="5" slack="0"/>
<pin id="179" dir="0" index="1" bw="5" slack="0"/>
<pin id="180" dir="1" index="2" bw="5" slack="0"/>
</pin_list>
<bind>
<opcode="add(8) " fcode="add"/>
<opset="add_ln23_2/1 "/>
</bind>
</comp>

<comp id="183" class="1004" name="add_ln23_1_fu_183">
<pin_list>
<pin id="184" dir="0" index="0" bw="5" slack="0"/>
<pin id="185" dir="0" index="1" bw="5" slack="0"/>
<pin id="186" dir="1" index="2" bw="5" slack="0"/>
</pin_list>
<bind>
<opcode="add(8) " fcode="add"/>
<opset="add_ln23_1/1 "/>
</bind>
</comp>

<comp id="189" class="1004" name="zext_ln23_1_fu_189">
<pin_list>
<pin id="190" dir="0" index="0" bw="5" slack="0"/>
<pin id="191" dir="1" index="1" bw="64" slack="0"/>
</pin_list>
<bind>
<opcode="zext(34) " fcode="zext"/>
<opset="zext_ln23_1/1 "/>
</bind>
</comp>

<comp id="194" class="1004" name="store_ln22_store_fu_194">
<pin_list>
<pin id="195" dir="0" index="0" bw="5" slack="0"/>
<pin id="196" dir="0" index="1" bw="5" slack="0"/>
<pin id="197" dir="1" index="2" bw="0" slack="2147483647"/>
</pin_list>
<bind>
<opcode="store(28) " fcode="store"/>
<opset="store_ln22/1 "/>
</bind>
</comp>

<comp id="199" class="1004" name="store_ln22_store_fu_199">
<pin_list>
<pin id="200" dir="0" index="0" bw="5" slack="0"/>
<pin id="201" dir="0" index="1" bw="5" slack="0"/>
<pin id="202" dir="1" index="2" bw="0" slack="2147483647"/>
</pin_list>
<bind>
<opcode="store(28) " fcode="store"/>
<opset="store_ln22/1 "/>
</bind>
</comp>

<comp id="204" class="1004" name="bitcast_ln23_fu_204">
<pin_list>
<pin id="205" dir="0" index="0" bw="32" slack="0"/>
<pin id="206" dir="1" index="1" bw="32" slack="0"/>
</pin_list>
<bind>
<opcode="bitcast(44) " fcode="bitcast"/>
<opset="bitcast_ln23/2 "/>
</bind>
</comp>

<comp id="209" class="1004" name="bitcast_ln23_1_fu_209">
<pin_list>
<pin id="210" dir="0" index="0" bw="32" slack="0"/>
<pin id="211" dir="1" index="1" bw="32" slack="0"/>
</pin_list>
<bind>
<opcode="bitcast(44) " fcode="bitcast"/>
<opset="bitcast_ln23_1/2 "/>
</bind>
</comp>

<comp id="214" class="1005" name="phi_mul_reg_214">
<pin_list>
<pin id="215" dir="0" index="0" bw="5" slack="0"/>
<pin id="216" dir="1" index="1" bw="5" slack="0"/>
</pin_list>
<bind>
<opset="phi_mul "/>
</bind>
</comp>

<comp id="221" class="1005" name="n_2_reg_221">
<pin_list>
<pin id="222" dir="0" index="0" bw="5" slack="0"/>
<pin id="223" dir="1" index="1" bw="5" slack="0"/>
</pin_list>
<bind>
<opset="n_2 "/>
</bind>
</comp>

<comp id="228" class="1005" name="n_2_cast3_reg_228">
<pin_list>
<pin id="229" dir="0" index="0" bw="64" slack="4"/>
<pin id="230" dir="1" index="1" bw="64" slack="4"/>
</pin_list>
<bind>
<opset="n_2_cast3 "/>
</bind>
</comp>

<comp id="233" class="1005" name="icmp_ln22_reg_233">
<pin_list>
<pin id="234" dir="0" index="0" bw="1" slack="3"/>
<pin id="235" dir="1" index="1" bw="1" slack="2147483647"/>
</pin_list>
<bind>
<opset="icmp_ln22 "/>
</bind>
</comp>

<comp id="237" class="1005" name="A_addr_reg_237">
<pin_list>
<pin id="238" dir="0" index="0" bw="3" slack="1"/>
<pin id="239" dir="1" index="1" bw="3" slack="1"/>
</pin_list>
<bind>
<opset="A_addr "/>
</bind>
</comp>

<comp id="242" class="1005" name="B_addr_reg_242">
<pin_list>
<pin id="243" dir="0" index="0" bw="5" slack="1"/>
<pin id="244" dir="1" index="1" bw="5" slack="1"/>
</pin_list>
<bind>
<opset="B_addr "/>
</bind>
</comp>

<comp id="247" class="1005" name="bitcast_ln23_reg_247">
<pin_list>
<pin id="248" dir="0" index="0" bw="32" slack="1"/>
<pin id="249" dir="1" index="1" bw="32" slack="1"/>
</pin_list>
<bind>
<opset="bitcast_ln23 "/>
</bind>
</comp>

<comp id="252" class="1005" name="bitcast_ln23_1_reg_252">
<pin_list>
<pin id="253" dir="0" index="0" bw="32" slack="1"/>
<pin id="254" dir="1" index="1" bw="32" slack="1"/>
</pin_list>
<bind>
<opset="bitcast_ln23_1 "/>
</bind>
</comp>

</comp_list>

<net_list>
<net id="57"><net_src comp="14" pin="0"/><net_sink comp="54" pin=0"/></net>

<net id="61"><net_src comp="14" pin="0"/><net_sink comp="58" pin=0"/></net>

<net id="66"><net_src comp="34" pin="0"/><net_sink comp="62" pin=0"/></net>

<net id="67"><net_src comp="8" pin="0"/><net_sink comp="62" pin=1"/></net>

<net id="72"><net_src comp="34" pin="0"/><net_sink comp="68" pin=0"/></net>

<net id="73"><net_src comp="6" pin="0"/><net_sink comp="68" pin=1"/></net>

<net id="78"><net_src comp="36" pin="0"/><net_sink comp="74" pin=0"/></net>

<net id="79"><net_src comp="2" pin="0"/><net_sink comp="74" pin=1"/></net>

<net id="84"><net_src comp="38" pin="0"/><net_sink comp="80" pin=0"/></net>

<net id="85"><net_src comp="0" pin="0"/><net_sink comp="80" pin=1"/></net>

<net id="91"><net_src comp="4" pin="0"/><net_sink comp="86" pin=0"/></net>

<net id="92"><net_src comp="48" pin="0"/><net_sink comp="86" pin=1"/></net>

<net id="98"><net_src comp="86" pin="3"/><net_sink comp="93" pin=0"/></net>

<net id="104"><net_src comp="10" pin="0"/><net_sink comp="99" pin=0"/></net>

<net id="105"><net_src comp="48" pin="0"/><net_sink comp="99" pin=1"/></net>

<net id="111"><net_src comp="99" pin="3"/><net_sink comp="106" pin=0"/></net>

<net id="117"><net_src comp="12" pin="0"/><net_sink comp="112" pin=0"/></net>

<net id="118"><net_src comp="48" pin="0"/><net_sink comp="112" pin=1"/></net>

<net id="124"><net_src comp="112" pin="3"/><net_sink comp="119" pin=0"/></net>

<net id="129"><net_src comp="125" pin="2"/><net_sink comp="119" pin=1"/></net>

<net id="134"><net_src comp="40" pin="0"/><net_sink comp="130" pin=0"/></net>

<net id="139"><net_src comp="40" pin="0"/><net_sink comp="135" pin=0"/></net>

<net id="146"><net_src comp="140" pin="1"/><net_sink comp="143" pin=0"/></net>

<net id="151"><net_src comp="143" pin="1"/><net_sink comp="147" pin=0"/></net>

<net id="152"><net_src comp="80" pin="2"/><net_sink comp="147" pin=1"/></net>

<net id="157"><net_src comp="140" pin="1"/><net_sink comp="153" pin=0"/></net>

<net id="158"><net_src comp="46" pin="0"/><net_sink comp="153" pin=1"/></net>

<net id="165"><net_src comp="140" pin="1"/><net_sink comp="162" pin=0"/></net>

<net id="170"><net_src comp="162" pin="1"/><net_sink comp="166" pin=0"/></net>

<net id="171"><net_src comp="74" pin="2"/><net_sink comp="166" pin=1"/></net>

<net id="175"><net_src comp="166" pin="2"/><net_sink comp="172" pin=0"/></net>

<net id="176"><net_src comp="172" pin="1"/><net_sink comp="86" pin=2"/></net>

<net id="181"><net_src comp="159" pin="1"/><net_sink comp="177" pin=0"/></net>

<net id="182"><net_src comp="68" pin="2"/><net_sink comp="177" pin=1"/></net>

<net id="187"><net_src comp="159" pin="1"/><net_sink comp="183" pin=0"/></net>

<net id="188"><net_src comp="62" pin="2"/><net_sink comp="183" pin=1"/></net>

<net id="192"><net_src comp="183" pin="2"/><net_sink comp="189" pin=0"/></net>

<net id="193"><net_src comp="189" pin="1"/><net_sink comp="99" pin=2"/></net>

<net id="198"><net_src comp="153" pin="2"/><net_sink comp="194" pin=0"/></net>

<net id="203"><net_src comp="177" pin="2"/><net_sink comp="199" pin=0"/></net>

<net id="207"><net_src comp="93" pin="3"/><net_sink comp="204" pin=0"/></net>

<net id="208"><net_src comp="204" pin="1"/><net_sink comp="125" pin=0"/></net>

<net id="212"><net_src comp="106" pin="3"/><net_sink comp="209" pin=0"/></net>

<net id="213"><net_src comp="209" pin="1"/><net_sink comp="125" pin=1"/></net>

<net id="217"><net_src comp="54" pin="1"/><net_sink comp="214" pin=0"/></net>

<net id="218"><net_src comp="214" pin="1"/><net_sink comp="135" pin=1"/></net>

<net id="219"><net_src comp="214" pin="1"/><net_sink comp="159" pin=0"/></net>

<net id="220"><net_src comp="214" pin="1"/><net_sink comp="199" pin=1"/></net>

<net id="224"><net_src comp="58" pin="1"/><net_sink comp="221" pin=0"/></net>

<net id="225"><net_src comp="221" pin="1"/><net_sink comp="130" pin=1"/></net>

<net id="226"><net_src comp="221" pin="1"/><net_sink comp="140" pin=0"/></net>

<net id="227"><net_src comp="221" pin="1"/><net_sink comp="194" pin=1"/></net>

<net id="231"><net_src comp="143" pin="1"/><net_sink comp="228" pin=0"/></net>

<net id="232"><net_src comp="228" pin="1"/><net_sink comp="112" pin=2"/></net>

<net id="236"><net_src comp="147" pin="2"/><net_sink comp="233" pin=0"/></net>

<net id="240"><net_src comp="86" pin="3"/><net_sink comp="237" pin=0"/></net>

<net id="241"><net_src comp="237" pin="1"/><net_sink comp="93" pin=0"/></net>

<net id="245"><net_src comp="99" pin="3"/><net_sink comp="242" pin=0"/></net>

<net id="246"><net_src comp="242" pin="1"/><net_sink comp="106" pin=0"/></net>

<net id="250"><net_src comp="204" pin="1"/><net_sink comp="247" pin=0"/></net>

<net id="251"><net_src comp="247" pin="1"/><net_sink comp="125" pin=0"/></net>

<net id="255"><net_src comp="209" pin="1"/><net_sink comp="252" pin=0"/></net>

<net id="256"><net_src comp="252" pin="1"/><net_sink comp="125" pin=1"/></net>

</net_list>

</model> 
---------------- Datapath Model END ------------------

* FSMD analyzer results:
  - Output states:
	Port: A | {}
	Port: B | {}
	Port: acc | {5 }
 - Input state : 
	Port: MatrixMultiplication_Pipeline_VITIS_LOOP_22_4 : B_rows | {1 }
	Port: MatrixMultiplication_Pipeline_VITIS_LOOP_22_4 : mul | {1 }
	Port: MatrixMultiplication_Pipeline_VITIS_LOOP_22_4 : A | {1 2 }
	Port: MatrixMultiplication_Pipeline_VITIS_LOOP_22_4 : trunc_ln4 | {1 }
	Port: MatrixMultiplication_Pipeline_VITIS_LOOP_22_4 : trunc_ln2 | {1 }
	Port: MatrixMultiplication_Pipeline_VITIS_LOOP_22_4 : B | {1 2 }
  - Chain level:
	State 1
		store_ln0 : 1
		store_ln0 : 1
		n : 1
		n_2_cast3 : 2
		icmp_ln22 : 3
		n_3 : 2
		br_ln22 : 4
		phi_mul_load : 1
		empty : 2
		add_ln23 : 3
		zext_ln23 : 4
		A_addr : 5
		A_load : 6
		add_ln23_2 : 2
		add_ln23_1 : 2
		zext_ln23_1 : 3
		B_addr : 4
		B_load : 5
		store_ln22 : 3
		store_ln22 : 3
	State 2
		bitcast_ln23 : 1
		bitcast_ln23_1 : 1
		mul1 : 2
	State 3
	State 4
	State 5
		store_ln23 : 1


============================================================
+ Verbose Summary: Datapath Resource usage 
============================================================

* Functional unit list:
|----------|---------------------------|---------|---------|---------|
| Operation|      Functional Unit      |   DSP   |    FF   |   LUT   |
|----------|---------------------------|---------|---------|---------|
|   fmul   |         grp_fu_125        |    3    |   143   |   140   |
|----------|---------------------------|---------|---------|---------|
|          |         n_3_fu_153        |    0    |    0    |    12   |
|    add   |      add_ln23_fu_166      |    0    |    0    |    10   |
|          |     add_ln23_2_fu_177     |    0    |    0    |    12   |
|          |     add_ln23_1_fu_183     |    0    |    0    |    12   |
|----------|---------------------------|---------|---------|---------|
|   icmp   |      icmp_ln22_fu_147     |    0    |    0    |    29   |
|----------|---------------------------|---------|---------|---------|
|          | trunc_ln2_read_read_fu_62 |    0    |    0    |    0    |
|   read   | trunc_ln4_read_read_fu_68 |    0    |    0    |    0    |
|          |    mul_read_read_fu_74    |    0    |    0    |    0    |
|          |   B_rows_read_read_fu_80  |    0    |    0    |    0    |
|----------|---------------------------|---------|---------|---------|
|          |      n_2_cast3_fu_143     |    0    |    0    |    0    |
|   zext   |      zext_ln23_fu_172     |    0    |    0    |    0    |
|          |     zext_ln23_1_fu_189    |    0    |    0    |    0    |
|----------|---------------------------|---------|---------|---------|
|   trunc  |        empty_fu_162       |    0    |    0    |    0    |
|----------|---------------------------|---------|---------|---------|
|   Total  |                           |    3    |   143   |   215   |
|----------|---------------------------|---------|---------|---------|

Memories:
N/A

* Register list:
+----------------------+--------+
|                      |   FF   |
+----------------------+--------+
|    A_addr_reg_237    |    3   |
|    B_addr_reg_242    |    5   |
|bitcast_ln23_1_reg_252|   32   |
| bitcast_ln23_reg_247 |   32   |
|   icmp_ln22_reg_233  |    1   |
|   n_2_cast3_reg_228  |   64   |
|      n_2_reg_221     |    5   |
|    phi_mul_reg_214   |    5   |
+----------------------+--------+
|         Total        |   147  |
+----------------------+--------+

* Multiplexer (MUX) list: 
|-------------------|------|------|------|--------||---------||---------|
|        Comp       |  Pin | Size |  BW  | S x BW ||  Delay  ||   LUT   |
|-------------------|------|------|------|--------||---------||---------|
|  grp_access_fu_93 |  p0  |   2  |   3  |    6   ||    9    |
| grp_access_fu_106 |  p0  |   2  |   5  |   10   ||    9    |
|     grp_fu_125    |  p0  |   2  |  32  |   64   ||    9    |
|     grp_fu_125    |  p1  |   2  |  32  |   64   ||    9    |
|-------------------|------|------|------|--------||---------||---------|
|       Total       |      |      |      |   144  ||  1.956  ||    36   |
|-------------------|------|------|------|--------||---------||---------|



* Summary:
+-----------+--------+--------+--------+--------+
|           |   DSP  |  Delay |   FF   |   LUT  |
+-----------+--------+--------+--------+--------+
|  Function |    3   |    -   |   143  |   215  |
|   Memory  |    -   |    -   |    -   |    -   |
|Multiplexer|    -   |    1   |    -   |   36   |
|  Register |    -   |    -   |   147  |    -   |
+-----------+--------+--------+--------+--------+
|   Total   |    3   |    1   |   290  |   251  |
+-----------+--------+--------+--------+--------+
