

================================================================
== Vitis HLS Report for 'MatrixMultiplication'
================================================================
* Date:           Fri Nov 24 09:55:19 2023

* Version:        2022.2 (Build 3670227 on Oct 13 2022)
* Project:        HLS_Project
* Solution:       solution1 (Vitis Kernel Flow Target)
* Product family: zynquplus
* Target device:  xczu9eg-ffvc900-1-e


================================================================
== Performance Estimates
================================================================
+ Timing: 
    * Summary: 
    +--------+----------+----------+------------+
    |  Clock |  Target  | Estimated| Uncertainty|
    +--------+----------+----------+------------+
    |ap_clk  |  10.00 ns|  6.808 ns|     2.70 ns|
    +--------+----------+----------+------------+

+ Latency: 
    * Summary: 
    +---------+---------+----------+----------+-----+-----+---------+
    |  Latency (cycles) |  Latency (absolute) |  Interval | Pipeline|
    |   min   |   max   |    min   |    max   | min | max |   Type  |
    +---------+---------+----------+----------+-----+-----+---------+
    |        ?|        ?|         ?|         ?|    ?|    ?|       no|
    +---------+---------+----------+----------+-----+-----+---------+

    + Detail: 
        * Instance: 
        +----------------------------------------------------------+-----------------------------------------------+---------+---------+-----------+----------+-----+-----+---------+
        |                                                          |                                               |  Latency (cycles) |  Latency (absolute)  |  Interval | Pipeline|
        |                         Instance                         |                     Module                    |   min   |   max   |    min    |    max   | min | max |   Type  |
        +----------------------------------------------------------+-----------------------------------------------+---------+---------+-----------+----------+-----+-----+---------+
        |grp_MatrixMultiplication_Pipeline_VITIS_LOOP_16_1_fu_130  |MatrixMultiplication_Pipeline_VITIS_LOOP_16_1  |        ?|        ?|          ?|         ?|    ?|    ?|       no|
        |grp_MatrixMultiplication_Pipeline_2_fu_138                |MatrixMultiplication_Pipeline_2                |       27|       27|   0.270 us|  0.270 us|   27|   27|       no|
        |grp_MatrixMultiplication_Pipeline_VITIS_LOOP_22_4_fu_143  |MatrixMultiplication_Pipeline_VITIS_LOOP_22_4  |        ?|        ?|          ?|         ?|    ?|    ?|       no|
        |grp_MatrixMultiplication_Pipeline_VITIS_LOOP_25_5_fu_156  |MatrixMultiplication_Pipeline_VITIS_LOOP_25_5  |        2|      127|  20.000 ns|  1.270 us|    2|  127|       no|
        +----------------------------------------------------------+-----------------------------------------------+---------+---------+-----------+----------+-----+-----+---------+

        * Loop: 
        +--------------------+---------+---------+----------+-----------+-----------+------+----------+
        |                    |  Latency (cycles) | Iteration|  Initiation Interval  | Trip |          |
        |      Loop Name     |   min   |   max   |  Latency |  achieved |   target  | Count| Pipelined|
        +--------------------+---------+---------+----------+-----------+-----------+------+----------+
        |- VITIS_LOOP_19_2   |        ?|        ?|         ?|          -|          -|     ?|        no|
        | + VITIS_LOOP_21_3  |        ?|        ?|         ?|          -|          -|     ?|        no|
        +--------------------+---------+---------+----------+-----------+-----------+------+----------+



================================================================
== Utilization Estimates
================================================================
* Summary: 
+-----------------+---------+------+--------+--------+-----+
|       Name      | BRAM_18K|  DSP |   FF   |   LUT  | URAM|
+-----------------+---------+------+--------+--------+-----+
|DSP              |        -|     -|       -|       -|    -|
|Expression       |        -|     -|       0|     241|    -|
|FIFO             |        -|     -|       -|       -|    -|
|Instance         |        0|     5|    1042|    1505|    0|
|Memory           |        0|     -|      32|      13|    0|
|Multiplexer      |        -|     -|       -|     211|    -|
|Register         |        -|     -|     334|       -|    -|
+-----------------+---------+------+--------+--------+-----+
|Total            |        0|     5|    1408|    1970|    0|
+-----------------+---------+------+--------+--------+-----+
|Available        |     1824|  2520|  548160|  274080|    0|
+-----------------+---------+------+--------+--------+-----+
|Utilization (%)  |        0|    ~0|      ~0|      ~0|    0|
+-----------------+---------+------+--------+--------+-----+

+ Detail: 
    * Instance: 
    +----------------------------------------------------------+-----------------------------------------------+---------+----+-----+-----+-----+
    |                         Instance                         |                     Module                    | BRAM_18K| DSP|  FF | LUT | URAM|
    +----------------------------------------------------------+-----------------------------------------------+---------+----+-----+-----+-----+
    |grp_MatrixMultiplication_Pipeline_2_fu_138                |MatrixMultiplication_Pipeline_2                |        0|   0|    7|   48|    0|
    |grp_MatrixMultiplication_Pipeline_VITIS_LOOP_16_1_fu_130  |MatrixMultiplication_Pipeline_VITIS_LOOP_16_1  |        0|   0|   68|  138|    0|
    |grp_MatrixMultiplication_Pipeline_VITIS_LOOP_22_4_fu_143  |MatrixMultiplication_Pipeline_VITIS_LOOP_22_4  |        0|   3|  231|  303|    0|
    |grp_MatrixMultiplication_Pipeline_VITIS_LOOP_25_5_fu_156  |MatrixMultiplication_Pipeline_VITIS_LOOP_25_5  |        0|   2|  250|  347|    0|
    |control_s_axi_U                                           |control_s_axi                                  |        0|   0|  486|  653|    0|
    |mul_3s_3s_3_1_1_U19                                       |mul_3s_3s_3_1_1                                |        0|   0|    0|    8|    0|
    |mul_3s_3s_3_1_1_U20                                       |mul_3s_3s_3_1_1                                |        0|   0|    0|    8|    0|
    +----------------------------------------------------------+-----------------------------------------------+---------+----+-----+-----+-----+
    |Total                                                     |                                               |        0|   5| 1042| 1505|    0|
    +----------------------------------------------------------+-----------------------------------------------+---------+----+-----+-----+-----+

    * DSP: 
    N/A

    * Memory: 
    +-------+-------------------+---------+----+----+-----+------+-----+------+-------------+
    | Memory|       Module      | BRAM_18K| FF | LUT| URAM| Words| Bits| Banks| W*Bits*Banks|
    +-------+-------------------+---------+----+----+-----+------+-----+------+-------------+
    |acc_U  |acc_RAM_AUTO_1R1W  |        0|  32|  13|    0|    25|   32|     1|          800|
    +-------+-------------------+---------+----+----+-----+------+-----+------+-------------+
    |Total  |                   |        0|  32|  13|    0|    25|   32|     1|          800|
    +-------+-------------------+---------+----+----+-----+------+-----+------+-------------+

    * FIFO: 
    N/A

    * Expression: 
    +---------------------+----------+----+---+----+------------+------------+
    |    Variable Name    | Operation| DSP| FF| LUT| Bitwidth P0| Bitwidth P1|
    +---------------------+----------+----+---+----+------------+------------+
    |add305_fu_234_p2     |         +|   0|  0|  10|           3|           3|
    |k_1_fu_219_p2        |         +|   0|  0|  71|          64|           1|
    |m_2_fu_194_p2        |         +|   0|  0|  71|          64|           1|
    |icmp_ln16_fu_181_p2  |      icmp|   0|  0|  29|          64|           1|
    |icmp_ln19_fu_189_p2  |      icmp|   0|  0|  29|          64|          64|
    |icmp_ln21_fu_214_p2  |      icmp|   0|  0|  29|          64|          64|
    |ap_block_state1      |        or|   0|  0|   2|           1|           1|
    +---------------------+----------+----+---+----+------------+------------+
    |Total                |          |   0|  0| 241|         324|         135|
    +---------------------+----------+----+---+----+------------+------------+

    * Multiplexer: 
    +----------------+----+-----------+-----+-----------+
    |      Name      | LUT| Input Size| Bits| Total Bits|
    +----------------+----+-----------+-----+-----------+
    |C_out_address0  |  20|          4|    3|         12|
    |C_out_ce0       |  14|          3|    1|          3|
    |C_out_d0        |  14|          3|   32|         96|
    |C_out_we0       |  14|          3|    1|          3|
    |acc_address0    |  20|          4|    5|         20|
    |acc_ce0         |  20|          4|    1|          4|
    |acc_d0          |  14|          3|   32|         96|
    |acc_we0         |  14|          3|    1|          3|
    |ap_NS_fsm       |  54|         10|    1|         10|
    |ap_done         |   9|          2|    1|          2|
    |k_reg_119       |   9|          2|   64|        128|
    |m_fu_76         |   9|          2|   64|        128|
    +----------------+----+-----------+-----+-----------+
    |Total           | 211|         43|  206|        505|
    +----------------+----+-----------+-----+-----------+

    * Register: 
    +-----------------------------------------------------------------------+----+----+-----+-----------+
    |                                  Name                                 | FF | LUT| Bits| Const Bits|
    +-----------------------------------------------------------------------+----+----+-----+-----------+
    |C_out_addr_reg_346                                                     |   3|   0|    3|          0|
    |add305_reg_341                                                         |   3|   0|    3|          0|
    |ap_CS_fsm                                                              |   9|   0|    9|          0|
    |ap_done_reg                                                            |   1|   0|    1|          0|
    |ap_rst_n_inv                                                           |   1|   0|    1|          0|
    |ap_rst_reg_1                                                           |   1|   0|    1|          0|
    |ap_rst_reg_2                                                           |   1|   0|    1|          0|
    |bitcast_ln26_reg_351                                                   |  32|   0|   32|          0|
    |grp_MatrixMultiplication_Pipeline_2_fu_138_ap_start_reg                |   1|   0|    1|          0|
    |grp_MatrixMultiplication_Pipeline_VITIS_LOOP_16_1_fu_130_ap_start_reg  |   1|   0|    1|          0|
    |grp_MatrixMultiplication_Pipeline_VITIS_LOOP_22_4_fu_143_ap_start_reg  |   1|   0|    1|          0|
    |grp_MatrixMultiplication_Pipeline_VITIS_LOOP_25_5_fu_156_ap_start_reg  |   1|   0|    1|          0|
    |icmp_ln16_reg_306                                                      |   1|   0|    1|          0|
    |k_1_reg_331                                                            |  64|   0|   64|          0|
    |k_reg_119                                                              |  64|   0|   64|          0|
    |m_2_reg_313                                                            |  64|   0|   64|          0|
    |m_fu_76                                                                |  64|   0|   64|          0|
    |mul29_reg_323                                                          |   3|   0|    3|          0|
    |mul_reg_318                                                            |   3|   0|    3|          0|
    |trunc_ln21_reg_336                                                     |   5|   0|    5|          0|
    |trunc_ln4_1_reg_301                                                    |   3|   0|    3|          0|
    |trunc_ln4_2_reg_281                                                    |   3|   0|    3|          0|
    |trunc_ln4_reg_296                                                      |   5|   0|    5|          0|
    +-----------------------------------------------------------------------+----+----+-----+-----------+
    |Total                                                                  | 334|   0|  334|          0|
    +-----------------------------------------------------------------------+----+----+-----+-----------+



================================================================
== Interface
================================================================
* Summary: 
+-----------------------+-----+-----+---------------+----------------------+--------------+
|       RTL Ports       | Dir | Bits|    Protocol   |     Source Object    |    C Type    |
+-----------------------+-----+-----+---------------+----------------------+--------------+
|s_axi_control_AWVALID  |   in|    1|          s_axi|               control|         array|
|s_axi_control_AWREADY  |  out|    1|          s_axi|               control|         array|
|s_axi_control_AWADDR   |   in|    8|          s_axi|               control|         array|
|s_axi_control_WVALID   |   in|    1|          s_axi|               control|         array|
|s_axi_control_WREADY   |  out|    1|          s_axi|               control|         array|
|s_axi_control_WDATA    |   in|   32|          s_axi|               control|         array|
|s_axi_control_WSTRB    |   in|    4|          s_axi|               control|         array|
|s_axi_control_ARVALID  |   in|    1|          s_axi|               control|         array|
|s_axi_control_ARREADY  |  out|    1|          s_axi|               control|         array|
|s_axi_control_ARADDR   |   in|    8|          s_axi|               control|         array|
|s_axi_control_RVALID   |  out|    1|          s_axi|               control|         array|
|s_axi_control_RREADY   |   in|    1|          s_axi|               control|         array|
|s_axi_control_RDATA    |  out|   32|          s_axi|               control|         array|
|s_axi_control_RRESP    |  out|    2|          s_axi|               control|         array|
|s_axi_control_BVALID   |  out|    1|          s_axi|               control|         array|
|s_axi_control_BREADY   |   in|    1|          s_axi|               control|         array|
|s_axi_control_BRESP    |  out|    2|          s_axi|               control|         array|
|ap_clk                 |   in|    1|  ap_ctrl_chain|  MatrixMultiplication|  return value|
|ap_rst_n               |   in|    1|  ap_ctrl_chain|  MatrixMultiplication|  return value|
|interrupt              |  out|    1|  ap_ctrl_chain|  MatrixMultiplication|  return value|
+-----------------------+-----+-----+---------------+----------------------+--------------+

============================================================
+ Verbose Summary: Synthesis Manager
============================================================
InlineROM: 1
ExposeGlobal: 0
============================================================
+ Verbose Summary: CDFG Model
============================================================
IsTopModel: 1
ResetActiveHigh: 1
IsCombinational: 2
IsDatapathOnly: 2
HasWiredReturn: 1
HasMFsm: 0
HasVarLatency: 1
IsPipeline: 0
IsRtlPipelined: 0
IsInstanceOverlapped: 0
IsDontTouch: 0
HasImplIP: 0
IsGatedGlobalClock: 0


============================================================
+ Verbose Summary: Schedule
============================================================
* Number of FSM states : 9
* Pipeline : 0
* Dataflow Pipeline: 0

* FSM state transitions: 
1 --> 2 
2 --> 3 
3 --> 4 
4 --> 5 
5 --> 6 3 
6 --> 7 9 
7 --> 8 
8 --> 9 
9 --> 5 

* FSM state operations: 

State 1 <SV = 0> <Delay = 1.00>
ST_1 : Operation 10 [1/1] (0.00ns)   --->   "%m = alloca i32 1"   --->   Operation 10 'alloca' 'm' <Predicate = true> <Delay = 0.00>
ST_1 : Operation 11 [1/1] (1.00ns)   --->   "%B_rows_read = read i64 @_ssdm_op_Read.ap_none.i64, i64 %B_rows"   --->   Operation 11 'read' 'B_rows_read' <Predicate = true> <Delay = 1.00> <CoreInst = "s_axilite">   --->   Core 122 's_axilite' <Latency = 0> <II = 1> <Delay = 1.00> <Adapter> <Opcode : 'read' 'write'>
ST_1 : Operation 12 [1/1] (0.00ns)   --->   "%add3211_loc = alloca i64 1"   --->   Operation 12 'alloca' 'add3211_loc' <Predicate = true> <Delay = 0.00>
ST_1 : Operation 13 [1/1] (0.00ns)   --->   "%trunc_ln4_2 = trunc i64 %B_rows_read" [HLS_Project/matrix_multiply.cpp:4]   --->   Operation 13 'trunc' 'trunc_ln4_2' <Predicate = true> <Delay = 0.00>
ST_1 : Operation 14 [1/1] (0.79ns)   --->   "%acc = alloca i64 1" [HLS_Project/matrix_multiply.cpp:20]   --->   Operation 14 'alloca' 'acc' <Predicate = true> <Delay = 0.79>
ST_1 : Operation 15 [2/2] (0.00ns)   --->   "%call_ln0 = call void @MatrixMultiplication_Pipeline_VITIS_LOOP_16_1, i64 %B_rows_read, i32 %C_out"   --->   Operation 15 'call' 'call_ln0' <Predicate = true> <Delay = 0.00> <CoreType = "Generic">   --->   Core 0 '' <Latency = 0> <II = 1> <Delay = 1.00> <Generic> <Opcode : >
ST_1 : Operation 16 [1/1] (0.48ns)   --->   "%store_ln19 = store i64 0, i64 %m" [HLS_Project/matrix_multiply.cpp:19]   --->   Operation 16 'store' 'store_ln19' <Predicate = true> <Delay = 0.48>

State 2 <SV = 1> <Delay = 1.48>
ST_2 : Operation 17 [1/1] (1.00ns)   --->   "%B_columns_read = read i64 @_ssdm_op_Read.ap_none.i64, i64 %B_columns"   --->   Operation 17 'read' 'B_columns_read' <Predicate = true> <Delay = 1.00> <CoreInst = "s_axilite">   --->   Core 122 's_axilite' <Latency = 0> <II = 1> <Delay = 1.00> <Adapter> <Opcode : 'read' 'write'>
ST_2 : Operation 18 [1/1] (1.00ns)   --->   "%A_rows_read = read i64 @_ssdm_op_Read.ap_none.i64, i64 %A_rows"   --->   Operation 18 'read' 'A_rows_read' <Predicate = true> <Delay = 1.00> <CoreInst = "s_axilite">   --->   Core 122 's_axilite' <Latency = 0> <II = 1> <Delay = 1.00> <Adapter> <Opcode : 'read' 'write'>
ST_2 : Operation 19 [1/1] (0.00ns)   --->   "%trunc_ln4 = trunc i64 %B_columns_read" [HLS_Project/matrix_multiply.cpp:4]   --->   Operation 19 'trunc' 'trunc_ln4' <Predicate = true> <Delay = 0.00>
ST_2 : Operation 20 [1/1] (0.00ns)   --->   "%trunc_ln4_1 = trunc i64 %B_columns_read" [HLS_Project/matrix_multiply.cpp:4]   --->   Operation 20 'trunc' 'trunc_ln4_1' <Predicate = true> <Delay = 0.00>
ST_2 : Operation 21 [1/1] (0.00ns)   --->   "%spectopmodule_ln4 = spectopmodule void @_ssdm_op_SpecTopModule, void @empty_15" [HLS_Project/matrix_multiply.cpp:4]   --->   Operation 21 'spectopmodule' 'spectopmodule_ln4' <Predicate = true> <Delay = 0.00>
ST_2 : Operation 22 [1/1] (0.00ns)   --->   "%specinterface_ln4 = specinterface void @_ssdm_op_SpecInterface, i32 0, void @empty_16, i32 0, i32 0, void @empty_3, i32 0, i32 0, void @empty_3, void @empty_3, void @empty_3, i32 0, i32 0, i32 0, i32 0, void @empty_3, void @empty_3, i32 4294967295, i32 0" [HLS_Project/matrix_multiply.cpp:4]   --->   Operation 22 'specinterface' 'specinterface_ln4' <Predicate = true> <Delay = 0.00>
ST_2 : Operation 23 [1/1] (0.00ns)   --->   "%specinterface_ln0 = specinterface void @_ssdm_op_SpecInterface, i32 %A, void @empty_2, i32 0, i32 0, void @empty_3, i32 0, i32 0, void @empty_4, void @empty_5, void @empty_3, i32 0, i32 0, i32 0, i32 0, void @empty_3, void @empty_3, i32 4294967295, i32 0"   --->   Operation 23 'specinterface' 'specinterface_ln0' <Predicate = true> <Delay = 0.00>
ST_2 : Operation 24 [1/1] (0.00ns)   --->   "%specinterface_ln0 = specinterface void @_ssdm_op_SpecInterface, i32 %A, void @empty_9, i32 0, i32 0, void @empty_3, i32 1, i32 0, void @empty_3, void @empty_3, void @empty_3, i32 0, i32 0, i32 0, i32 0, void @empty_3, void @empty_3, i32 4294967295, i32 0"   --->   Operation 24 'specinterface' 'specinterface_ln0' <Predicate = true> <Delay = 0.00>
ST_2 : Operation 25 [1/1] (0.00ns)   --->   "%specmemcore_ln0 = specmemcore void @_ssdm_op_SpecMemCore, i32 %A, i64 666, i64 207, i64 1"   --->   Operation 25 'specmemcore' 'specmemcore_ln0' <Predicate = true> <Delay = 0.00>
ST_2 : Operation 26 [1/1] (0.00ns)   --->   "%specbitsmap_ln0 = specbitsmap void @_ssdm_op_SpecBitsMap, i32 %A"   --->   Operation 26 'specbitsmap' 'specbitsmap_ln0' <Predicate = true> <Delay = 0.00>
ST_2 : Operation 27 [1/1] (0.00ns)   --->   "%specinterface_ln0 = specinterface void @_ssdm_op_SpecInterface, i32 %B, void @empty_2, i32 0, i32 0, void @empty_3, i32 0, i32 0, void @empty_4, void @empty_7, void @empty_3, i32 0, i32 0, i32 0, i32 0, void @empty_3, void @empty_3, i32 4294967295, i32 0"   --->   Operation 27 'specinterface' 'specinterface_ln0' <Predicate = true> <Delay = 0.00>
ST_2 : Operation 28 [1/1] (0.00ns)   --->   "%specinterface_ln0 = specinterface void @_ssdm_op_SpecInterface, i32 %B, void @empty_9, i32 0, i32 0, void @empty_3, i32 1, i32 0, void @empty_3, void @empty_3, void @empty_3, i32 0, i32 0, i32 0, i32 0, void @empty_3, void @empty_3, i32 4294967295, i32 0"   --->   Operation 28 'specinterface' 'specinterface_ln0' <Predicate = true> <Delay = 0.00>
ST_2 : Operation 29 [1/1] (0.00ns)   --->   "%specmemcore_ln0 = specmemcore void @_ssdm_op_SpecMemCore, i32 %B, i64 666, i64 207, i64 1"   --->   Operation 29 'specmemcore' 'specmemcore_ln0' <Predicate = true> <Delay = 0.00>
ST_2 : Operation 30 [1/1] (0.00ns)   --->   "%specbitsmap_ln0 = specbitsmap void @_ssdm_op_SpecBitsMap, i32 %B"   --->   Operation 30 'specbitsmap' 'specbitsmap_ln0' <Predicate = true> <Delay = 0.00>
ST_2 : Operation 31 [1/1] (0.00ns)   --->   "%specinterface_ln0 = specinterface void @_ssdm_op_SpecInterface, i32 %C_out, void @empty_2, i32 0, i32 0, void @empty_3, i32 0, i32 0, void @empty_4, void @empty, void @empty_3, i32 0, i32 0, i32 0, i32 0, void @empty_3, void @empty_3, i32 4294967295, i32 0"   --->   Operation 31 'specinterface' 'specinterface_ln0' <Predicate = true> <Delay = 0.00>
ST_2 : Operation 32 [1/1] (0.00ns)   --->   "%specinterface_ln0 = specinterface void @_ssdm_op_SpecInterface, i32 %C_out, void @empty_9, i32 0, i32 0, void @empty_3, i32 1, i32 0, void @empty_3, void @empty_3, void @empty_3, i32 0, i32 0, i32 0, i32 0, void @empty_3, void @empty_3, i32 4294967295, i32 0"   --->   Operation 32 'specinterface' 'specinterface_ln0' <Predicate = true> <Delay = 0.00>
ST_2 : Operation 33 [1/1] (0.00ns)   --->   "%specmemcore_ln0 = specmemcore void @_ssdm_op_SpecMemCore, i32 %C_out, i64 666, i64 207, i64 1"   --->   Operation 33 'specmemcore' 'specmemcore_ln0' <Predicate = true> <Delay = 0.00>
ST_2 : Operation 34 [1/1] (0.00ns)   --->   "%specbitsmap_ln0 = specbitsmap void @_ssdm_op_SpecBitsMap, i32 %C_out"   --->   Operation 34 'specbitsmap' 'specbitsmap_ln0' <Predicate = true> <Delay = 0.00>
ST_2 : Operation 35 [1/1] (0.00ns)   --->   "%specbitsmap_ln0 = specbitsmap void @_ssdm_op_SpecBitsMap, i64 %A_rows"   --->   Operation 35 'specbitsmap' 'specbitsmap_ln0' <Predicate = true> <Delay = 0.00>
ST_2 : Operation 36 [1/1] (0.00ns)   --->   "%specinterface_ln0 = specinterface void @_ssdm_op_SpecInterface, i64 %A_rows, void @empty_2, i32 0, i32 0, void @empty_3, i32 0, i32 0, void @empty_4, void @empty_0, void @empty_3, i32 0, i32 0, i32 0, i32 0, void @empty_3, void @empty_3, i32 4294967295, i32 0"   --->   Operation 36 'specinterface' 'specinterface_ln0' <Predicate = true> <Delay = 0.00>
ST_2 : Operation 37 [1/1] (0.00ns)   --->   "%specinterface_ln0 = specinterface void @_ssdm_op_SpecInterface, i64 %A_rows, void @empty_1, i32 0, i32 0, void @empty_3, i32 0, i32 0, void @empty_3, void @empty_3, void @empty_3, i32 0, i32 0, i32 0, i32 0, void @empty_3, void @empty_3, i32 4294967295, i32 0"   --->   Operation 37 'specinterface' 'specinterface_ln0' <Predicate = true> <Delay = 0.00>
ST_2 : Operation 38 [1/1] (0.00ns)   --->   "%specbitsmap_ln0 = specbitsmap void @_ssdm_op_SpecBitsMap, i64 %B_rows"   --->   Operation 38 'specbitsmap' 'specbitsmap_ln0' <Predicate = true> <Delay = 0.00>
ST_2 : Operation 39 [1/1] (0.00ns)   --->   "%specinterface_ln0 = specinterface void @_ssdm_op_SpecInterface, i64 %B_rows, void @empty_2, i32 0, i32 0, void @empty_3, i32 0, i32 0, void @empty_4, void @empty_13, void @empty_3, i32 0, i32 0, i32 0, i32 0, void @empty_3, void @empty_3, i32 4294967295, i32 0"   --->   Operation 39 'specinterface' 'specinterface_ln0' <Predicate = true> <Delay = 0.00>
ST_2 : Operation 40 [1/1] (0.00ns)   --->   "%specinterface_ln0 = specinterface void @_ssdm_op_SpecInterface, i64 %B_rows, void @empty_1, i32 0, i32 0, void @empty_3, i32 0, i32 0, void @empty_3, void @empty_3, void @empty_3, i32 0, i32 0, i32 0, i32 0, void @empty_3, void @empty_3, i32 4294967295, i32 0"   --->   Operation 40 'specinterface' 'specinterface_ln0' <Predicate = true> <Delay = 0.00>
ST_2 : Operation 41 [1/1] (0.00ns)   --->   "%specbitsmap_ln0 = specbitsmap void @_ssdm_op_SpecBitsMap, i64 %B_columns"   --->   Operation 41 'specbitsmap' 'specbitsmap_ln0' <Predicate = true> <Delay = 0.00>
ST_2 : Operation 42 [1/1] (0.00ns)   --->   "%specinterface_ln0 = specinterface void @_ssdm_op_SpecInterface, i64 %B_columns, void @empty_2, i32 0, i32 0, void @empty_3, i32 0, i32 0, void @empty_4, void @empty_14, void @empty_3, i32 0, i32 0, i32 0, i32 0, void @empty_3, void @empty_3, i32 4294967295, i32 0"   --->   Operation 42 'specinterface' 'specinterface_ln0' <Predicate = true> <Delay = 0.00>
ST_2 : Operation 43 [1/1] (0.00ns)   --->   "%specinterface_ln0 = specinterface void @_ssdm_op_SpecInterface, i64 %B_columns, void @empty_1, i32 0, i32 0, void @empty_3, i32 0, i32 0, void @empty_3, void @empty_3, void @empty_3, i32 0, i32 0, i32 0, i32 0, void @empty_3, void @empty_3, i32 4294967295, i32 0"   --->   Operation 43 'specinterface' 'specinterface_ln0' <Predicate = true> <Delay = 0.00>
ST_2 : Operation 44 [1/1] (0.00ns)   --->   "%specinterface_ln0 = specinterface void @_ssdm_op_SpecInterface, i32 0, void @empty_2, i32 0, i32 0, void @empty_3, i32 0, i32 0, void @empty_4, void @empty_3, void @empty_3, i32 0, i32 0, i32 0, i32 0, void @empty_3, void @empty_3, i32 4294967295, i32 0"   --->   Operation 44 'specinterface' 'specinterface_ln0' <Predicate = true> <Delay = 0.00>
ST_2 : Operation 45 [1/1] (1.48ns)   --->   "%icmp_ln16 = icmp_eq  i64 %B_rows_read, i64 0" [HLS_Project/matrix_multiply.cpp:16]   --->   Operation 45 'icmp' 'icmp_ln16' <Predicate = true> <Delay = 1.48> <CoreInst = "Cmp">   --->   Core 9 'Cmp' <Latency = 0> <II = 1> <Delay = 1.48> <FuncUnit> <Opcode : 'icmp'> <InPorts = 2> <OutPorts = 1>
ST_2 : Operation 46 [1/2] (0.00ns)   --->   "%call_ln0 = call void @MatrixMultiplication_Pipeline_VITIS_LOOP_16_1, i64 %B_rows_read, i32 %C_out"   --->   Operation 46 'call' 'call_ln0' <Predicate = true> <Delay = 0.00> <CoreType = "Generic">   --->   Core 0 '' <Latency = 0> <II = 1> <Delay = 1.00> <Generic> <Opcode : >
ST_2 : Operation 47 [1/1] (0.00ns)   --->   "%br_ln19 = br void %for.body4" [HLS_Project/matrix_multiply.cpp:19]   --->   Operation 47 'br' 'br_ln19' <Predicate = true> <Delay = 0.00>

State 3 <SV = 2> <Delay = 1.48>
ST_3 : Operation 48 [1/1] (0.00ns)   --->   "%m_1 = load i64 %m" [HLS_Project/matrix_multiply.cpp:19]   --->   Operation 48 'load' 'm_1' <Predicate = true> <Delay = 0.00>
ST_3 : Operation 49 [1/1] (1.48ns)   --->   "%icmp_ln19 = icmp_eq  i64 %m_1, i64 %A_rows_read" [HLS_Project/matrix_multiply.cpp:19]   --->   Operation 49 'icmp' 'icmp_ln19' <Predicate = true> <Delay = 1.48> <CoreInst = "Cmp">   --->   Core 9 'Cmp' <Latency = 0> <II = 1> <Delay = 1.48> <FuncUnit> <Opcode : 'icmp'> <InPorts = 2> <OutPorts = 1>
ST_3 : Operation 50 [1/1] (1.47ns)   --->   "%m_2 = add i64 %m_1, i64 1" [HLS_Project/matrix_multiply.cpp:19]   --->   Operation 50 'add' 'm_2' <Predicate = true> <Delay = 1.47> <CoreInst = "Adder">   --->   Core 1 'Adder' <Latency = 0> <II = 1> <Delay = 1.47> <FuncUnit> <Opcode : 'add' 'sub'> <InPorts = 2> <OutPorts = 1>
ST_3 : Operation 51 [1/1] (0.00ns)   --->   "%br_ln19 = br i1 %icmp_ln19, void %for.body4.split, void %for.end41.loopexit" [HLS_Project/matrix_multiply.cpp:19]   --->   Operation 51 'br' 'br_ln19' <Predicate = true> <Delay = 0.00>
ST_3 : Operation 52 [1/1] (0.00ns)   --->   "%trunc_ln19 = trunc i64 %m_1" [HLS_Project/matrix_multiply.cpp:19]   --->   Operation 52 'trunc' 'trunc_ln19' <Predicate = (!icmp_ln19)> <Delay = 0.00>
ST_3 : Operation 53 [2/2] (0.00ns)   --->   "%call_ln0 = call void @MatrixMultiplication_Pipeline_2, i32 %acc"   --->   Operation 53 'call' 'call_ln0' <Predicate = (!icmp_ln19)> <Delay = 0.00> <CoreType = "Generic">   --->   Core 0 '' <Latency = 0> <II = 1> <Delay = 1.00> <Generic> <Opcode : >
ST_3 : Operation 54 [1/1] (0.58ns)   --->   "%mul = mul i3 %trunc_ln19, i3 %trunc_ln4_2" [HLS_Project/matrix_multiply.cpp:19]   --->   Operation 54 'mul' 'mul' <Predicate = (!icmp_ln19)> <Delay = 0.58> <CoreInst = "Multiplier">   --->   Core 3 'Multiplier' <Latency = 0> <II = 1> <Delay = 0.58> <FuncUnit> <Opcode : 'mul'> <InPorts = 2> <OutPorts = 1>
ST_3 : Operation 55 [1/1] (0.58ns)   --->   "%mul29 = mul i3 %trunc_ln19, i3 %trunc_ln4_1" [HLS_Project/matrix_multiply.cpp:19]   --->   Operation 55 'mul' 'mul29' <Predicate = (!icmp_ln19)> <Delay = 0.58> <CoreInst = "Multiplier">   --->   Core 3 'Multiplier' <Latency = 0> <II = 1> <Delay = 0.58> <FuncUnit> <Opcode : 'mul'> <InPorts = 2> <OutPorts = 1>
ST_3 : Operation 56 [1/1] (0.00ns)   --->   "%ret_ln31 = ret" [HLS_Project/matrix_multiply.cpp:31]   --->   Operation 56 'ret' 'ret_ln31' <Predicate = (icmp_ln19)> <Delay = 0.00>

State 4 <SV = 3> <Delay = 0.48>
ST_4 : Operation 57 [1/1] (0.00ns)   --->   "%specloopname_ln19 = specloopname void @_ssdm_op_SpecLoopName, void @empty_11" [HLS_Project/matrix_multiply.cpp:19]   --->   Operation 57 'specloopname' 'specloopname_ln19' <Predicate = true> <Delay = 0.00>
ST_4 : Operation 58 [1/2] (0.00ns)   --->   "%call_ln0 = call void @MatrixMultiplication_Pipeline_2, i32 %acc"   --->   Operation 58 'call' 'call_ln0' <Predicate = true> <Delay = 0.00> <CoreType = "Generic">   --->   Core 0 '' <Latency = 0> <II = 1> <Delay = 1.00> <Generic> <Opcode : >
ST_4 : Operation 59 [1/1] (0.48ns)   --->   "%br_ln21 = br void %VITIS_LOOP_22_4" [HLS_Project/matrix_multiply.cpp:21]   --->   Operation 59 'br' 'br_ln21' <Predicate = true> <Delay = 0.48>

State 5 <SV = 4> <Delay = 3.45>
ST_5 : Operation 60 [1/1] (0.00ns)   --->   "%k = phi i64 0, void %for.body4.split, i64 %k_1, void %for.inc36"   --->   Operation 60 'phi' 'k' <Predicate = true> <Delay = 0.00>
ST_5 : Operation 61 [1/1] (1.48ns)   --->   "%icmp_ln21 = icmp_eq  i64 %k, i64 %B_columns_read" [HLS_Project/matrix_multiply.cpp:21]   --->   Operation 61 'icmp' 'icmp_ln21' <Predicate = true> <Delay = 1.48> <CoreInst = "Cmp">   --->   Core 9 'Cmp' <Latency = 0> <II = 1> <Delay = 1.48> <FuncUnit> <Opcode : 'icmp'> <InPorts = 2> <OutPorts = 1>
ST_5 : Operation 62 [1/1] (1.47ns)   --->   "%k_1 = add i64 %k, i64 1" [HLS_Project/matrix_multiply.cpp:21]   --->   Operation 62 'add' 'k_1' <Predicate = true> <Delay = 1.47> <CoreInst = "Adder">   --->   Core 1 'Adder' <Latency = 0> <II = 1> <Delay = 1.47> <FuncUnit> <Opcode : 'add' 'sub'> <InPorts = 2> <OutPorts = 1>
ST_5 : Operation 63 [1/1] (0.00ns)   --->   "%br_ln21 = br i1 %icmp_ln21, void %VITIS_LOOP_22_4.split, void %for.inc39.loopexit" [HLS_Project/matrix_multiply.cpp:21]   --->   Operation 63 'br' 'br_ln21' <Predicate = true> <Delay = 0.00>
ST_5 : Operation 64 [1/1] (0.00ns)   --->   "%trunc_ln21 = trunc i64 %k" [HLS_Project/matrix_multiply.cpp:21]   --->   Operation 64 'trunc' 'trunc_ln21' <Predicate = (!icmp_ln21)> <Delay = 0.00>
ST_5 : Operation 65 [1/1] (0.00ns)   --->   "%trunc_ln21_1 = trunc i64 %k" [HLS_Project/matrix_multiply.cpp:21]   --->   Operation 65 'trunc' 'trunc_ln21_1' <Predicate = (!icmp_ln21)> <Delay = 0.00>
ST_5 : Operation 66 [2/2] (1.97ns)   --->   "%call_ln19 = call void @MatrixMultiplication_Pipeline_VITIS_LOOP_22_4, i64 %B_rows_read, i3 %mul, i32 %A, i5 %trunc_ln4, i5 %trunc_ln21, i32 %B, i32 %acc" [HLS_Project/matrix_multiply.cpp:19]   --->   Operation 66 'call' 'call_ln19' <Predicate = (!icmp_ln21)> <Delay = 1.97> <CoreType = "Generic">   --->   Core 0 '' <Latency = 0> <II = 1> <Delay = 1.00> <Generic> <Opcode : >
ST_5 : Operation 67 [1/1] (0.74ns)   --->   "%add305 = add i3 %trunc_ln21_1, i3 %mul29" [HLS_Project/matrix_multiply.cpp:21]   --->   Operation 67 'add' 'add305' <Predicate = (!icmp_ln21)> <Delay = 0.74> <CoreInst = "Adder">   --->   Core 1 'Adder' <Latency = 0> <II = 1> <Delay = 0.74> <FuncUnit> <Opcode : 'add' 'sub'> <InPorts = 2> <OutPorts = 1>
ST_5 : Operation 68 [1/1] (0.48ns)   --->   "%store_ln19 = store i64 %m_2, i64 %m" [HLS_Project/matrix_multiply.cpp:19]   --->   Operation 68 'store' 'store_ln19' <Predicate = (icmp_ln21)> <Delay = 0.48>
ST_5 : Operation 69 [1/1] (0.00ns)   --->   "%br_ln19 = br void %for.body4" [HLS_Project/matrix_multiply.cpp:19]   --->   Operation 69 'br' 'br_ln19' <Predicate = (icmp_ln21)> <Delay = 0.00>

State 6 <SV = 5> <Delay = 0.79>
ST_6 : Operation 70 [1/1] (0.00ns)   --->   "%specloopname_ln21 = specloopname void @_ssdm_op_SpecLoopName, void @empty_6" [HLS_Project/matrix_multiply.cpp:21]   --->   Operation 70 'specloopname' 'specloopname_ln21' <Predicate = true> <Delay = 0.00>
ST_6 : Operation 71 [1/2] (0.00ns)   --->   "%call_ln19 = call void @MatrixMultiplication_Pipeline_VITIS_LOOP_22_4, i64 %B_rows_read, i3 %mul, i32 %A, i5 %trunc_ln4, i5 %trunc_ln21, i32 %B, i32 %acc" [HLS_Project/matrix_multiply.cpp:19]   --->   Operation 71 'call' 'call_ln19' <Predicate = true> <Delay = 0.00> <CoreType = "Generic">   --->   Core 0 '' <Latency = 0> <II = 1> <Delay = 1.00> <Generic> <Opcode : >
ST_6 : Operation 72 [1/1] (0.00ns)   --->   "%br_ln25 = br i1 %icmp_ln16, void %for.body27.lr.ph, void %for.inc36" [HLS_Project/matrix_multiply.cpp:25]   --->   Operation 72 'br' 'br_ln25' <Predicate = true> <Delay = 0.00>
ST_6 : Operation 73 [1/1] (0.00ns)   --->   "%zext_ln26 = zext i3 %add305" [HLS_Project/matrix_multiply.cpp:26]   --->   Operation 73 'zext' 'zext_ln26' <Predicate = (!icmp_ln16)> <Delay = 0.00>
ST_6 : Operation 74 [1/1] (0.00ns)   --->   "%C_out_addr = getelementptr i32 %C_out, i64 0, i64 %zext_ln26" [HLS_Project/matrix_multiply.cpp:26]   --->   Operation 74 'getelementptr' 'C_out_addr' <Predicate = (!icmp_ln16)> <Delay = 0.00>
ST_6 : Operation 75 [2/2] (0.79ns)   --->   "%C_out_load = load i3 %C_out_addr" [HLS_Project/matrix_multiply.cpp:26]   --->   Operation 75 'load' 'C_out_load' <Predicate = (!icmp_ln16)> <Delay = 0.79> <CoreInst = "RAM_1P">   --->   Core 88 'RAM_1P' <Latency = 1> <II = 1> <Delay = 0.79> <Storage> <Opcode : 'load' 'store'> <Ports = 1> <Width = 32> <Depth = 5> <RAM>

State 7 <SV = 6> <Delay = 2.76>
ST_7 : Operation 76 [1/2] (0.79ns)   --->   "%C_out_load = load i3 %C_out_addr" [HLS_Project/matrix_multiply.cpp:26]   --->   Operation 76 'load' 'C_out_load' <Predicate = true> <Delay = 0.79> <CoreInst = "RAM_1P">   --->   Core 88 'RAM_1P' <Latency = 1> <II = 1> <Delay = 0.79> <Storage> <Opcode : 'load' 'store'> <Ports = 1> <Width = 32> <Depth = 5> <RAM>
ST_7 : Operation 77 [1/1] (0.00ns)   --->   "%bitcast_ln26 = bitcast i32 %C_out_load" [HLS_Project/matrix_multiply.cpp:26]   --->   Operation 77 'bitcast' 'bitcast_ln26' <Predicate = true> <Delay = 0.00>
ST_7 : Operation 78 [2/2] (1.97ns)   --->   "%call_ln26 = call void @MatrixMultiplication_Pipeline_VITIS_LOOP_25_5, i32 %bitcast_ln26, i64 %B_rows_read, i32 %acc, i32 %add3211_loc" [HLS_Project/matrix_multiply.cpp:26]   --->   Operation 78 'call' 'call_ln26' <Predicate = true> <Delay = 1.97> <CoreType = "Generic">   --->   Core 0 '' <Latency = 0> <II = 1> <Delay = 1.00> <Generic> <Opcode : >

State 8 <SV = 7> <Delay = 0.00>
ST_8 : Operation 79 [1/2] (0.00ns)   --->   "%call_ln26 = call void @MatrixMultiplication_Pipeline_VITIS_LOOP_25_5, i32 %bitcast_ln26, i64 %B_rows_read, i32 %acc, i32 %add3211_loc" [HLS_Project/matrix_multiply.cpp:26]   --->   Operation 79 'call' 'call_ln26' <Predicate = true> <Delay = 0.00> <CoreType = "Generic">   --->   Core 0 '' <Latency = 0> <II = 1> <Delay = 1.00> <Generic> <Opcode : >

State 9 <SV = 8> <Delay = 0.79>
ST_9 : Operation 80 [1/1] (0.00ns)   --->   "%add3211_loc_load = load i32 %add3211_loc"   --->   Operation 80 'load' 'add3211_loc_load' <Predicate = (!icmp_ln16)> <Delay = 0.00>
ST_9 : Operation 81 [1/1] (0.00ns)   --->   "%bitcast_ln26_1 = bitcast i32 %add3211_loc_load" [HLS_Project/matrix_multiply.cpp:26]   --->   Operation 81 'bitcast' 'bitcast_ln26_1' <Predicate = (!icmp_ln16)> <Delay = 0.00>
ST_9 : Operation 82 [1/1] (0.79ns)   --->   "%store_ln26 = store i32 %bitcast_ln26_1, i3 %C_out_addr" [HLS_Project/matrix_multiply.cpp:26]   --->   Operation 82 'store' 'store_ln26' <Predicate = (!icmp_ln16)> <Delay = 0.79> <CoreInst = "RAM_1P">   --->   Core 88 'RAM_1P' <Latency = 1> <II = 1> <Delay = 0.79> <Storage> <Opcode : 'load' 'store'> <Ports = 1> <Width = 32> <Depth = 5> <RAM>
ST_9 : Operation 83 [1/1] (0.00ns)   --->   "%br_ln21 = br void %for.inc36" [HLS_Project/matrix_multiply.cpp:21]   --->   Operation 83 'br' 'br_ln21' <Predicate = (!icmp_ln16)> <Delay = 0.00>
ST_9 : Operation 84 [1/1] (0.00ns)   --->   "%br_ln21 = br void %VITIS_LOOP_22_4" [HLS_Project/matrix_multiply.cpp:21]   --->   Operation 84 'br' 'br_ln21' <Predicate = true> <Delay = 0.00>


============================================================
+ Verbose Summary: Binding
============================================================
STG Binding: 
---------------- STG Properties BEGIN ----------------
- Is combinational: 0
- Is one-state seq: 0
- Is datapath-only: 0
- Is pipelined: 0
- Is top level: 1
Port [ Return ] is wired: 1; IO mode=ap_ctrl_chain:ce=0
Port [ A]:  wired=1; compound=1; hidden=0; nouse=0; global=0; static=0; extern=0; dir=0; type=1; pingpong=0; private_global=0; MemPort=[1]; IO mode=ap_memory:ce=0
Port [ B]:  wired=1; compound=1; hidden=0; nouse=0; global=0; static=0; extern=0; dir=0; type=1; pingpong=0; private_global=0; MemPort=[1]; IO mode=ap_memory:ce=0
Port [ C_out]:  wired=1; compound=1; hidden=0; nouse=0; global=0; static=0; extern=0; dir=2; type=1; pingpong=0; private_global=0; MemPort=[2]; IO mode=ap_memory:ce=0
Port [ A_rows]:  wired=1; compound=0; hidden=0; nouse=0; global=0; static=0; extern=0; dir=0; type=0; pingpong=0; private_global=0; IO mode=ap_none:ce=0
Port [ B_rows]:  wired=1; compound=0; hidden=0; nouse=0; global=0; static=0; extern=0; dir=0; type=0; pingpong=0; private_global=0; IO mode=ap_none:ce=0
Port [ B_columns]:  wired=1; compound=0; hidden=0; nouse=0; global=0; static=0; extern=0; dir=0; type=0; pingpong=0; private_global=0; IO mode=ap_none:ce=0
---------------- STG Properties END ------------------

---------------- Datapath Model BEGIN ----------------

<LifeTime>
<method=bitvector/>
m                 (alloca       ) [ 0111111111]
B_rows_read       (read         ) [ 0011111111]
add3211_loc       (alloca       ) [ 0011111111]
trunc_ln4_2       (trunc        ) [ 0011111111]
acc               (alloca       ) [ 0011111111]
store_ln19        (store        ) [ 0000000000]
B_columns_read    (read         ) [ 0001111111]
A_rows_read       (read         ) [ 0001111111]
trunc_ln4         (trunc        ) [ 0001111111]
trunc_ln4_1       (trunc        ) [ 0001111111]
spectopmodule_ln4 (spectopmodule) [ 0000000000]
specinterface_ln4 (specinterface) [ 0000000000]
specinterface_ln0 (specinterface) [ 0000000000]
specinterface_ln0 (specinterface) [ 0000000000]
specmemcore_ln0   (specmemcore  ) [ 0000000000]
specbitsmap_ln0   (specbitsmap  ) [ 0000000000]
specinterface_ln0 (specinterface) [ 0000000000]
specinterface_ln0 (specinterface) [ 0000000000]
specmemcore_ln0   (specmemcore  ) [ 0000000000]
specbitsmap_ln0   (specbitsmap  ) [ 0000000000]
specinterface_ln0 (specinterface) [ 0000000000]
specinterface_ln0 (specinterface) [ 0000000000]
specmemcore_ln0   (specmemcore  ) [ 0000000000]
specbitsmap_ln0   (specbitsmap  ) [ 0000000000]
specbitsmap_ln0   (specbitsmap  ) [ 0000000000]
specinterface_ln0 (specinterface) [ 0000000000]
specinterface_ln0 (specinterface) [ 0000000000]
specbitsmap_ln0   (specbitsmap  ) [ 0000000000]
specinterface_ln0 (specinterface) [ 0000000000]
specinterface_ln0 (specinterface) [ 0000000000]
specbitsmap_ln0   (specbitsmap  ) [ 0000000000]
specinterface_ln0 (specinterface) [ 0000000000]
specinterface_ln0 (specinterface) [ 0000000000]
specinterface_ln0 (specinterface) [ 0000000000]
icmp_ln16         (icmp         ) [ 0001111111]
call_ln0          (call         ) [ 0000000000]
br_ln19           (br           ) [ 0000000000]
m_1               (load         ) [ 0000000000]
icmp_ln19         (icmp         ) [ 0001111111]
m_2               (add          ) [ 0000111111]
br_ln19           (br           ) [ 0000000000]
trunc_ln19        (trunc        ) [ 0000000000]
mul               (mul          ) [ 0000111111]
mul29             (mul          ) [ 0000111111]
ret_ln31          (ret          ) [ 0000000000]
specloopname_ln19 (specloopname ) [ 0000000000]
call_ln0          (call         ) [ 0000000000]
br_ln21           (br           ) [ 0001111111]
k                 (phi          ) [ 0000010000]
icmp_ln21         (icmp         ) [ 0001111111]
k_1               (add          ) [ 0001111111]
br_ln21           (br           ) [ 0000000000]
trunc_ln21        (trunc        ) [ 0000001000]
trunc_ln21_1      (trunc        ) [ 0000000000]
add305            (add          ) [ 0000001000]
store_ln19        (store        ) [ 0000000000]
br_ln19           (br           ) [ 0000000000]
specloopname_ln21 (specloopname ) [ 0000000000]
call_ln19         (call         ) [ 0000000000]
br_ln25           (br           ) [ 0000000000]
zext_ln26         (zext         ) [ 0000000000]
C_out_addr        (getelementptr) [ 0000000111]
C_out_load        (load         ) [ 0000000000]
bitcast_ln26      (bitcast      ) [ 0000000010]
call_ln26         (call         ) [ 0000000000]
add3211_loc_load  (load         ) [ 0000000000]
bitcast_ln26_1    (bitcast      ) [ 0000000000]
store_ln26        (store        ) [ 0000000000]
br_ln21           (br           ) [ 0000000000]
br_ln21           (br           ) [ 0001111111]
</LifeTime>

<model>

<comp_list>
<comp id="0" class="1000" name="A">
<pin_list>
<pin id="1" dir="1" index="0" bw="1" slack="0"/>
</pin_list>
<bind>
<StgValue><ssdm name="A"/><MemPortTyVec>1 </MemPortTyVec>
</StgValue>
</bind>
</comp>

<comp id="2" class="1000" name="B">
<pin_list>
<pin id="3" dir="1" index="0" bw="1" slack="0"/>
</pin_list>
<bind>
<StgValue><ssdm name="B"/><MemPortTyVec>1 </MemPortTyVec>
</StgValue>
</bind>
</comp>

<comp id="4" class="1000" name="C_out">
<pin_list>
<pin id="5" dir="1" index="0" bw="1" slack="0"/>
</pin_list>
<bind>
<StgValue><ssdm name="C_out"/><MemPortTyVec>2 </MemPortTyVec>
</StgValue>
</bind>
</comp>

<comp id="6" class="1000" name="A_rows">
<pin_list>
<pin id="7" dir="1" index="0" bw="1" slack="0"/>
</pin_list>
<bind>
<StgValue><ssdm name="A_rows"/></StgValue>
</bind>
</comp>

<comp id="8" class="1000" name="B_rows">
<pin_list>
<pin id="9" dir="1" index="0" bw="1" slack="0"/>
</pin_list>
<bind>
<StgValue><ssdm name="B_rows"/></StgValue>
</bind>
</comp>

<comp id="10" class="1000" name="B_columns">
<pin_list>
<pin id="11" dir="1" index="0" bw="1" slack="0"/>
</pin_list>
<bind>
<StgValue><ssdm name="B_columns"/></StgValue>
</bind>
</comp>

<comp id="12" class="1001" name="const_12">
<pin_list>
<pin id="13" dir="1" index="0" bw="1" slack="0"/>
</pin_list>
<bind>
<StgValue><ssdm name=""/></StgValue>
</bind>
</comp>

<comp id="14" class="1001" name="const_14">
<pin_list>
<pin id="15" dir="1" index="0" bw="1" slack="0"/>
</pin_list>
<bind>
<StgValue><ssdm name="_ssdm_op_Read.ap_none.i64"/></StgValue>
</bind>
</comp>

<comp id="16" class="1001" name="const_16">
<pin_list>
<pin id="17" dir="1" index="0" bw="1" slack="0"/>
</pin_list>
<bind>
<StgValue><ssdm name=""/></StgValue>
</bind>
</comp>

<comp id="18" class="1001" name="const_18">
<pin_list>
<pin id="19" dir="1" index="0" bw="1" slack="0"/>
</pin_list>
<bind>
<StgValue><ssdm name="MatrixMultiplication_Pipeline_VITIS_LOOP_16_1"/></StgValue>
</bind>
</comp>

<comp id="20" class="1001" name="const_20">
<pin_list>
<pin id="21" dir="1" index="0" bw="1" slack="0"/>
</pin_list>
<bind>
<StgValue><ssdm name=""/></StgValue>
</bind>
</comp>

<comp id="22" class="1001" name="const_22">
<pin_list>
<pin id="23" dir="1" index="0" bw="1" slack="2147483647"/>
</pin_list>
<bind>
<StgValue><ssdm name="_ssdm_op_SpecTopModule"/></StgValue>
</bind>
</comp>

<comp id="24" class="1001" name="const_24">
<pin_list>
<pin id="25" dir="1" index="0" bw="1" slack="2147483647"/>
</pin_list>
<bind>
<StgValue><ssdm name="empty_15"/></StgValue>
</bind>
</comp>

<comp id="26" class="1001" name="const_26">
<pin_list>
<pin id="27" dir="1" index="0" bw="1" slack="2147483647"/>
</pin_list>
<bind>
<StgValue><ssdm name="_ssdm_op_SpecInterface"/></StgValue>
</bind>
</comp>

<comp id="28" class="1001" name="const_28">
<pin_list>
<pin id="29" dir="1" index="0" bw="1" slack="2147483647"/>
</pin_list>
<bind>
<StgValue><ssdm name=""/></StgValue>
</bind>
</comp>

<comp id="30" class="1001" name="const_30">
<pin_list>
<pin id="31" dir="1" index="0" bw="1" slack="2147483647"/>
</pin_list>
<bind>
<StgValue><ssdm name="empty_16"/></StgValue>
</bind>
</comp>

<comp id="32" class="1001" name="const_32">
<pin_list>
<pin id="33" dir="1" index="0" bw="1" slack="2147483647"/>
</pin_list>
<bind>
<StgValue><ssdm name="empty_3"/></StgValue>
</bind>
</comp>

<comp id="34" class="1001" name="const_34">
<pin_list>
<pin id="35" dir="1" index="0" bw="1" slack="2147483647"/>
</pin_list>
<bind>
<StgValue><ssdm name=""/></StgValue>
</bind>
</comp>

<comp id="36" class="1001" name="const_36">
<pin_list>
<pin id="37" dir="1" index="0" bw="1" slack="2147483647"/>
</pin_list>
<bind>
<StgValue><ssdm name="empty_2"/></StgValue>
</bind>
</comp>

<comp id="38" class="1001" name="const_38">
<pin_list>
<pin id="39" dir="1" index="0" bw="1" slack="2147483647"/>
</pin_list>
<bind>
<StgValue><ssdm name="empty_4"/></StgValue>
</bind>
</comp>

<comp id="40" class="1001" name="const_40">
<pin_list>
<pin id="41" dir="1" index="0" bw="1" slack="2147483647"/>
</pin_list>
<bind>
<StgValue><ssdm name="empty_5"/></StgValue>
</bind>
</comp>

<comp id="42" class="1001" name="const_42">
<pin_list>
<pin id="43" dir="1" index="0" bw="1" slack="2147483647"/>
</pin_list>
<bind>
<StgValue><ssdm name="empty_9"/></StgValue>
</bind>
</comp>

<comp id="44" class="1001" name="const_44">
<pin_list>
<pin id="45" dir="1" index="0" bw="1" slack="2147483647"/>
</pin_list>
<bind>
<StgValue><ssdm name="_ssdm_op_SpecMemCore"/></StgValue>
</bind>
</comp>

<comp id="46" class="1001" name="const_46">
<pin_list>
<pin id="47" dir="1" index="0" bw="1" slack="2147483647"/>
</pin_list>
<bind>
<StgValue><ssdm name=""/></StgValue>
</bind>
</comp>

<comp id="48" class="1001" name="const_48">
<pin_list>
<pin id="49" dir="1" index="0" bw="1" slack="2147483647"/>
</pin_list>
<bind>
<StgValue><ssdm name=""/></StgValue>
</bind>
</comp>

<comp id="50" class="1001" name="const_50">
<pin_list>
<pin id="51" dir="1" index="0" bw="1" slack="2147483647"/>
</pin_list>
<bind>
<StgValue><ssdm name="_ssdm_op_SpecBitsMap"/></StgValue>
</bind>
</comp>

<comp id="52" class="1001" name="const_52">
<pin_list>
<pin id="53" dir="1" index="0" bw="1" slack="2147483647"/>
</pin_list>
<bind>
<StgValue><ssdm name="empty_7"/></StgValue>
</bind>
</comp>

<comp id="54" class="1001" name="const_54">
<pin_list>
<pin id="55" dir="1" index="0" bw="1" slack="2147483647"/>
</pin_list>
<bind>
<StgValue><ssdm name="empty"/></StgValue>
</bind>
</comp>

<comp id="56" class="1001" name="const_56">
<pin_list>
<pin id="57" dir="1" index="0" bw="1" slack="2147483647"/>
</pin_list>
<bind>
<StgValue><ssdm name="empty_0"/></StgValue>
</bind>
</comp>

<comp id="58" class="1001" name="const_58">
<pin_list>
<pin id="59" dir="1" index="0" bw="1" slack="2147483647"/>
</pin_list>
<bind>
<StgValue><ssdm name="empty_1"/></StgValue>
</bind>
</comp>

<comp id="60" class="1001" name="const_60">
<pin_list>
<pin id="61" dir="1" index="0" bw="1" slack="2147483647"/>
</pin_list>
<bind>
<StgValue><ssdm name="empty_13"/></StgValue>
</bind>
</comp>

<comp id="62" class="1001" name="const_62">
<pin_list>
<pin id="63" dir="1" index="0" bw="1" slack="2147483647"/>
</pin_list>
<bind>
<StgValue><ssdm name="empty_14"/></StgValue>
</bind>
</comp>

<comp id="64" class="1001" name="const_64">
<pin_list>
<pin id="65" dir="1" index="0" bw="1" slack="0"/>
</pin_list>
<bind>
<StgValue><ssdm name="MatrixMultiplication_Pipeline_2"/></StgValue>
</bind>
</comp>

<comp id="66" class="1001" name="const_66">
<pin_list>
<pin id="67" dir="1" index="0" bw="1" slack="2147483647"/>
</pin_list>
<bind>
<StgValue><ssdm name="_ssdm_op_SpecLoopName"/></StgValue>
</bind>
</comp>

<comp id="68" class="1001" name="const_68">
<pin_list>
<pin id="69" dir="1" index="0" bw="1" slack="2147483647"/>
</pin_list>
<bind>
<StgValue><ssdm name="empty_11"/></StgValue>
</bind>
</comp>

<comp id="70" class="1001" name="const_70">
<pin_list>
<pin id="71" dir="1" index="0" bw="1" slack="0"/>
</pin_list>
<bind>
<StgValue><ssdm name="MatrixMultiplication_Pipeline_VITIS_LOOP_22_4"/></StgValue>
</bind>
</comp>

<comp id="72" class="1001" name="const_72">
<pin_list>
<pin id="73" dir="1" index="0" bw="1" slack="2147483647"/>
</pin_list>
<bind>
<StgValue><ssdm name="empty_6"/></StgValue>
</bind>
</comp>

<comp id="74" class="1001" name="const_74">
<pin_list>
<pin id="75" dir="1" index="0" bw="1" slack="0"/>
</pin_list>
<bind>
<StgValue><ssdm name="MatrixMultiplication_Pipeline_VITIS_LOOP_25_5"/></StgValue>
</bind>
</comp>

<comp id="76" class="1004" name="m_fu_76">
<pin_list>
<pin id="77" dir="0" index="0" bw="1" slack="0"/>
<pin id="78" dir="1" index="1" bw="64" slack="0"/>
</pin_list>
<bind>
<opcode="alloca(26) " fcode="alloca"/>
<opset="m/1 "/>
</bind>
</comp>

<comp id="80" class="1004" name="add3211_loc_fu_80">
<pin_list>
<pin id="81" dir="0" index="0" bw="1" slack="0"/>
<pin id="82" dir="1" index="1" bw="32" slack="6"/>
</pin_list>
<bind>
<opcode="alloca(26) " fcode="alloca"/>
<opset="add3211_loc/1 "/>
</bind>
</comp>

<comp id="84" class="1004" name="acc_alloca_fu_84">
<pin_list>
<pin id="85" dir="0" index="0" bw="1" slack="0"/>
<pin id="86" dir="1" index="1" bw="32" slack="2147483647"/>
</pin_list>
<bind>
<opcode="alloca(26) " fcode="alloca"/>
<opset="acc/1 "/>
</bind>
</comp>

<comp id="88" class="1004" name="B_rows_read_read_fu_88">
<pin_list>
<pin id="89" dir="0" index="0" bw="64" slack="0"/>
<pin id="90" dir="0" index="1" bw="64" slack="0"/>
<pin id="91" dir="1" index="2" bw="64" slack="0"/>
</pin_list>
<bind>
<opcode="read(1150) " fcode="read"/>
<opset="B_rows_read/1 "/>
</bind>
</comp>

<comp id="94" class="1004" name="B_columns_read_read_fu_94">
<pin_list>
<pin id="95" dir="0" index="0" bw="64" slack="0"/>
<pin id="96" dir="0" index="1" bw="64" slack="0"/>
<pin id="97" dir="1" index="2" bw="64" slack="0"/>
</pin_list>
<bind>
<opcode="read(1150) " fcode="read"/>
<opset="B_columns_read/2 "/>
</bind>
</comp>

<comp id="100" class="1004" name="A_rows_read_read_fu_100">
<pin_list>
<pin id="101" dir="0" index="0" bw="64" slack="0"/>
<pin id="102" dir="0" index="1" bw="64" slack="0"/>
<pin id="103" dir="1" index="2" bw="64" slack="1"/>
</pin_list>
<bind>
<opcode="read(1150) " fcode="read"/>
<opset="A_rows_read/2 "/>
</bind>
</comp>

<comp id="106" class="1004" name="C_out_addr_gep_fu_106">
<pin_list>
<pin id="107" dir="0" index="0" bw="32" slack="0"/>
<pin id="108" dir="0" index="1" bw="1" slack="0"/>
<pin id="109" dir="0" index="2" bw="3" slack="0"/>
<pin id="110" dir="1" index="3" bw="3" slack="0"/>
</pin_list>
<bind>
<opcode="getelementptr(29) " fcode="getelementptr"/>
<opset="C_out_addr/6 "/>
</bind>
</comp>

<comp id="113" class="1004" name="grp_access_fu_113">
<pin_list>
<pin id="114" dir="0" index="0" bw="3" slack="0"/>
<pin id="115" dir="0" index="1" bw="32" slack="0"/>
<pin id="116" dir="0" index="2" bw="0" slack="2147483647"/>
<pin id="117" dir="1" index="3" bw="32" slack="0"/>
</pin_list>
<bind>
<opcode="load(27) store(28) " fcode="store"/>
<opset="C_out_load/6 store_ln26/9 "/>
</bind>
</comp>

<comp id="119" class="1005" name="k_reg_119">
<pin_list>
<pin id="120" dir="0" index="0" bw="64" slack="1"/>
<pin id="121" dir="1" index="1" bw="64" slack="1"/>
</pin_list>
<bind>
<opset="k (phireg) "/>
</bind>
</comp>

<comp id="123" class="1004" name="k_phi_fu_123">
<pin_list>
<pin id="124" dir="0" index="0" bw="1" slack="1"/>
<pin id="125" dir="0" index="1" bw="0" slack="2147483647"/>
<pin id="126" dir="0" index="2" bw="64" slack="0"/>
<pin id="127" dir="0" index="3" bw="0" slack="2147483647"/>
<pin id="128" dir="1" index="4" bw="64" slack="0"/>
</pin_list>
<bind>
<opcode="phi(47) " fcode="phi"/>
<opset="k/5 "/>
</bind>
</comp>

<comp id="130" class="1004" name="grp_MatrixMultiplication_Pipeline_VITIS_LOOP_16_1_fu_130">
<pin_list>
<pin id="131" dir="0" index="0" bw="0" slack="0"/>
<pin id="132" dir="0" index="1" bw="64" slack="0"/>
<pin id="133" dir="0" index="2" bw="32" slack="0"/>
<pin id="134" dir="1" index="3" bw="0" slack="2147483647"/>
</pin_list>
<bind>
<opcode="call(48) " fcode="call"/>
<opset="call_ln0/1 "/>
</bind>
</comp>

<comp id="138" class="1004" name="grp_MatrixMultiplication_Pipeline_2_fu_138">
<pin_list>
<pin id="139" dir="0" index="0" bw="0" slack="0"/>
<pin id="140" dir="0" index="1" bw="32" slack="2147483647"/>
<pin id="141" dir="1" index="2" bw="0" slack="2147483647"/>
</pin_list>
<bind>
<opcode="call(48) " fcode="call"/>
<opset="call_ln0/3 "/>
</bind>
</comp>

<comp id="143" class="1004" name="grp_MatrixMultiplication_Pipeline_VITIS_LOOP_22_4_fu_143">
<pin_list>
<pin id="144" dir="0" index="0" bw="0" slack="0"/>
<pin id="145" dir="0" index="1" bw="64" slack="4"/>
<pin id="146" dir="0" index="2" bw="3" slack="2"/>
<pin id="147" dir="0" index="3" bw="32" slack="0"/>
<pin id="148" dir="0" index="4" bw="5" slack="3"/>
<pin id="149" dir="0" index="5" bw="5" slack="0"/>
<pin id="150" dir="0" index="6" bw="32" slack="0"/>
<pin id="151" dir="0" index="7" bw="32" slack="2147483647"/>
<pin id="152" dir="1" index="8" bw="0" slack="2147483647"/>
</pin_list>
<bind>
<opcode="call(48) " fcode="call"/>
<opset="call_ln19/5 "/>
</bind>
</comp>

<comp id="156" class="1004" name="grp_MatrixMultiplication_Pipeline_VITIS_LOOP_25_5_fu_156">
<pin_list>
<pin id="157" dir="0" index="0" bw="0" slack="0"/>
<pin id="158" dir="0" index="1" bw="32" slack="0"/>
<pin id="159" dir="0" index="2" bw="64" slack="6"/>
<pin id="160" dir="0" index="3" bw="32" slack="2147483647"/>
<pin id="161" dir="0" index="4" bw="32" slack="6"/>
<pin id="162" dir="1" index="5" bw="0" slack="2147483647"/>
</pin_list>
<bind>
<opcode="call(48) " fcode="call"/>
<opset="call_ln26/7 "/>
</bind>
</comp>

<comp id="164" class="1004" name="trunc_ln4_2_fu_164">
<pin_list>
<pin id="165" dir="0" index="0" bw="64" slack="0"/>
<pin id="166" dir="1" index="1" bw="3" slack="2"/>
</pin_list>
<bind>
<opcode="trunc(33) " fcode="trunc"/>
<opset="trunc_ln4_2/1 "/>
</bind>
</comp>

<comp id="168" class="1004" name="store_ln19_store_fu_168">
<pin_list>
<pin id="169" dir="0" index="0" bw="1" slack="0"/>
<pin id="170" dir="0" index="1" bw="64" slack="0"/>
<pin id="171" dir="1" index="2" bw="0" slack="2147483647"/>
</pin_list>
<bind>
<opcode="store(28) " fcode="store"/>
<opset="store_ln19/1 "/>
</bind>
</comp>

<comp id="173" class="1004" name="trunc_ln4_fu_173">
<pin_list>
<pin id="174" dir="0" index="0" bw="64" slack="0"/>
<pin id="175" dir="1" index="1" bw="5" slack="3"/>
</pin_list>
<bind>
<opcode="trunc(33) " fcode="trunc"/>
<opset="trunc_ln4/2 "/>
</bind>
</comp>

<comp id="177" class="1004" name="trunc_ln4_1_fu_177">
<pin_list>
<pin id="178" dir="0" index="0" bw="64" slack="0"/>
<pin id="179" dir="1" index="1" bw="3" slack="1"/>
</pin_list>
<bind>
<opcode="trunc(33) " fcode="trunc"/>
<opset="trunc_ln4_1/2 "/>
</bind>
</comp>

<comp id="181" class="1004" name="icmp_ln16_fu_181">
<pin_list>
<pin id="182" dir="0" index="0" bw="64" slack="1"/>
<pin id="183" dir="0" index="1" bw="64" slack="0"/>
<pin id="184" dir="1" index="2" bw="1" slack="4"/>
</pin_list>
<bind>
<opcode="icmp(45) " fcode="icmp"/>
<opset="icmp_ln16/2 "/>
</bind>
</comp>

<comp id="186" class="1004" name="m_1_load_fu_186">
<pin_list>
<pin id="187" dir="0" index="0" bw="64" slack="2"/>
<pin id="188" dir="1" index="1" bw="64" slack="0"/>
</pin_list>
<bind>
<opcode="load(27) " fcode="load"/>
<opset="m_1/3 "/>
</bind>
</comp>

<comp id="189" class="1004" name="icmp_ln19_fu_189">
<pin_list>
<pin id="190" dir="0" index="0" bw="64" slack="0"/>
<pin id="191" dir="0" index="1" bw="64" slack="1"/>
<pin id="192" dir="1" index="2" bw="1" slack="2147483647"/>
</pin_list>
<bind>
<opcode="icmp(45) " fcode="icmp"/>
<opset="icmp_ln19/3 "/>
</bind>
</comp>

<comp id="194" class="1004" name="m_2_fu_194">
<pin_list>
<pin id="195" dir="0" index="0" bw="64" slack="0"/>
<pin id="196" dir="0" index="1" bw="1" slack="0"/>
<pin id="197" dir="1" index="2" bw="64" slack="2"/>
</pin_list>
<bind>
<opcode="add(8) " fcode="add"/>
<opset="m_2/3 "/>
</bind>
</comp>

<comp id="200" class="1004" name="trunc_ln19_fu_200">
<pin_list>
<pin id="201" dir="0" index="0" bw="64" slack="0"/>
<pin id="202" dir="1" index="1" bw="3" slack="0"/>
</pin_list>
<bind>
<opcode="trunc(33) " fcode="trunc"/>
<opset="trunc_ln19/3 "/>
</bind>
</comp>

<comp id="204" class="1004" name="mul_fu_204">
<pin_list>
<pin id="205" dir="0" index="0" bw="3" slack="0"/>
<pin id="206" dir="0" index="1" bw="3" slack="2"/>
<pin id="207" dir="1" index="2" bw="3" slack="2"/>
</pin_list>
<bind>
<opcode="mul(12) " fcode="mul"/>
<opset="mul/3 "/>
</bind>
</comp>

<comp id="209" class="1004" name="mul29_fu_209">
<pin_list>
<pin id="210" dir="0" index="0" bw="3" slack="0"/>
<pin id="211" dir="0" index="1" bw="3" slack="1"/>
<pin id="212" dir="1" index="2" bw="3" slack="2"/>
</pin_list>
<bind>
<opcode="mul(12) " fcode="mul"/>
<opset="mul29/3 "/>
</bind>
</comp>

<comp id="214" class="1004" name="icmp_ln21_fu_214">
<pin_list>
<pin id="215" dir="0" index="0" bw="64" slack="0"/>
<pin id="216" dir="0" index="1" bw="64" slack="3"/>
<pin id="217" dir="1" index="2" bw="1" slack="2147483647"/>
</pin_list>
<bind>
<opcode="icmp(45) " fcode="icmp"/>
<opset="icmp_ln21/5 "/>
</bind>
</comp>

<comp id="219" class="1004" name="k_1_fu_219">
<pin_list>
<pin id="220" dir="0" index="0" bw="64" slack="0"/>
<pin id="221" dir="0" index="1" bw="1" slack="0"/>
<pin id="222" dir="1" index="2" bw="64" slack="0"/>
</pin_list>
<bind>
<opcode="add(8) " fcode="add"/>
<opset="k_1/5 "/>
</bind>
</comp>

<comp id="225" class="1004" name="trunc_ln21_fu_225">
<pin_list>
<pin id="226" dir="0" index="0" bw="64" slack="0"/>
<pin id="227" dir="1" index="1" bw="5" slack="0"/>
</pin_list>
<bind>
<opcode="trunc(33) " fcode="trunc"/>
<opset="trunc_ln21/5 "/>
</bind>
</comp>

<comp id="230" class="1004" name="trunc_ln21_1_fu_230">
<pin_list>
<pin id="231" dir="0" index="0" bw="64" slack="0"/>
<pin id="232" dir="1" index="1" bw="3" slack="0"/>
</pin_list>
<bind>
<opcode="trunc(33) " fcode="trunc"/>
<opset="trunc_ln21_1/5 "/>
</bind>
</comp>

<comp id="234" class="1004" name="add305_fu_234">
<pin_list>
<pin id="235" dir="0" index="0" bw="3" slack="0"/>
<pin id="236" dir="0" index="1" bw="3" slack="2"/>
<pin id="237" dir="1" index="2" bw="3" slack="1"/>
</pin_list>
<bind>
<opcode="add(8) " fcode="add"/>
<opset="add305/5 "/>
</bind>
</comp>

<comp id="239" class="1004" name="store_ln19_store_fu_239">
<pin_list>
<pin id="240" dir="0" index="0" bw="64" slack="2"/>
<pin id="241" dir="0" index="1" bw="64" slack="4"/>
<pin id="242" dir="1" index="2" bw="0" slack="2147483647"/>
</pin_list>
<bind>
<opcode="store(28) " fcode="store"/>
<opset="store_ln19/5 "/>
</bind>
</comp>

<comp id="243" class="1004" name="zext_ln26_fu_243">
<pin_list>
<pin id="244" dir="0" index="0" bw="3" slack="1"/>
<pin id="245" dir="1" index="1" bw="64" slack="0"/>
</pin_list>
<bind>
<opcode="zext(34) " fcode="zext"/>
<opset="zext_ln26/6 "/>
</bind>
</comp>

<comp id="247" class="1004" name="bitcast_ln26_fu_247">
<pin_list>
<pin id="248" dir="0" index="0" bw="32" slack="0"/>
<pin id="249" dir="1" index="1" bw="32" slack="0"/>
</pin_list>
<bind>
<opcode="bitcast(44) " fcode="bitcast"/>
<opset="bitcast_ln26/7 "/>
</bind>
</comp>

<comp id="252" class="1004" name="add3211_loc_load_load_fu_252">
<pin_list>
<pin id="253" dir="0" index="0" bw="32" slack="8"/>
<pin id="254" dir="1" index="1" bw="32" slack="0"/>
</pin_list>
<bind>
<opcode="load(27) " fcode="load"/>
<opset="add3211_loc_load/9 "/>
</bind>
</comp>

<comp id="255" class="1004" name="bitcast_ln26_1_fu_255">
<pin_list>
<pin id="256" dir="0" index="0" bw="32" slack="0"/>
<pin id="257" dir="1" index="1" bw="32" slack="0"/>
</pin_list>
<bind>
<opcode="bitcast(44) " fcode="bitcast"/>
<opset="bitcast_ln26_1/9 "/>
</bind>
</comp>

<comp id="260" class="1005" name="m_reg_260">
<pin_list>
<pin id="261" dir="0" index="0" bw="64" slack="0"/>
<pin id="262" dir="1" index="1" bw="64" slack="0"/>
</pin_list>
<bind>
<opset="m "/>
</bind>
</comp>

<comp id="267" class="1005" name="B_rows_read_reg_267">
<pin_list>
<pin id="268" dir="0" index="0" bw="64" slack="1"/>
<pin id="269" dir="1" index="1" bw="64" slack="1"/>
</pin_list>
<bind>
<opset="B_rows_read "/>
</bind>
</comp>

<comp id="275" class="1005" name="add3211_loc_reg_275">
<pin_list>
<pin id="276" dir="0" index="0" bw="32" slack="6"/>
<pin id="277" dir="1" index="1" bw="32" slack="6"/>
</pin_list>
<bind>
<opset="add3211_loc "/>
</bind>
</comp>

<comp id="281" class="1005" name="trunc_ln4_2_reg_281">
<pin_list>
<pin id="282" dir="0" index="0" bw="3" slack="2"/>
<pin id="283" dir="1" index="1" bw="3" slack="2"/>
</pin_list>
<bind>
<opset="trunc_ln4_2 "/>
</bind>
</comp>

<comp id="286" class="1005" name="B_columns_read_reg_286">
<pin_list>
<pin id="287" dir="0" index="0" bw="64" slack="3"/>
<pin id="288" dir="1" index="1" bw="64" slack="3"/>
</pin_list>
<bind>
<opset="B_columns_read "/>
</bind>
</comp>

<comp id="291" class="1005" name="A_rows_read_reg_291">
<pin_list>
<pin id="292" dir="0" index="0" bw="64" slack="1"/>
<pin id="293" dir="1" index="1" bw="64" slack="1"/>
</pin_list>
<bind>
<opset="A_rows_read "/>
</bind>
</comp>

<comp id="296" class="1005" name="trunc_ln4_reg_296">
<pin_list>
<pin id="297" dir="0" index="0" bw="5" slack="3"/>
<pin id="298" dir="1" index="1" bw="5" slack="3"/>
</pin_list>
<bind>
<opset="trunc_ln4 "/>
</bind>
</comp>

<comp id="301" class="1005" name="trunc_ln4_1_reg_301">
<pin_list>
<pin id="302" dir="0" index="0" bw="3" slack="1"/>
<pin id="303" dir="1" index="1" bw="3" slack="1"/>
</pin_list>
<bind>
<opset="trunc_ln4_1 "/>
</bind>
</comp>

<comp id="306" class="1005" name="icmp_ln16_reg_306">
<pin_list>
<pin id="307" dir="0" index="0" bw="1" slack="4"/>
<pin id="308" dir="1" index="1" bw="1" slack="2147483647"/>
</pin_list>
<bind>
<opset="icmp_ln16 "/>
</bind>
</comp>

<comp id="313" class="1005" name="m_2_reg_313">
<pin_list>
<pin id="314" dir="0" index="0" bw="64" slack="2"/>
<pin id="315" dir="1" index="1" bw="64" slack="2"/>
</pin_list>
<bind>
<opset="m_2 "/>
</bind>
</comp>

<comp id="318" class="1005" name="mul_reg_318">
<pin_list>
<pin id="319" dir="0" index="0" bw="3" slack="2"/>
<pin id="320" dir="1" index="1" bw="3" slack="2"/>
</pin_list>
<bind>
<opset="mul "/>
</bind>
</comp>

<comp id="323" class="1005" name="mul29_reg_323">
<pin_list>
<pin id="324" dir="0" index="0" bw="3" slack="2"/>
<pin id="325" dir="1" index="1" bw="3" slack="2"/>
</pin_list>
<bind>
<opset="mul29 "/>
</bind>
</comp>

<comp id="331" class="1005" name="k_1_reg_331">
<pin_list>
<pin id="332" dir="0" index="0" bw="64" slack="0"/>
<pin id="333" dir="1" index="1" bw="64" slack="0"/>
</pin_list>
<bind>
<opset="k_1 "/>
</bind>
</comp>

<comp id="336" class="1005" name="trunc_ln21_reg_336">
<pin_list>
<pin id="337" dir="0" index="0" bw="5" slack="1"/>
<pin id="338" dir="1" index="1" bw="5" slack="1"/>
</pin_list>
<bind>
<opset="trunc_ln21 "/>
</bind>
</comp>

<comp id="341" class="1005" name="add305_reg_341">
<pin_list>
<pin id="342" dir="0" index="0" bw="3" slack="1"/>
<pin id="343" dir="1" index="1" bw="3" slack="1"/>
</pin_list>
<bind>
<opset="add305 "/>
</bind>
</comp>

<comp id="346" class="1005" name="C_out_addr_reg_346">
<pin_list>
<pin id="347" dir="0" index="0" bw="3" slack="1"/>
<pin id="348" dir="1" index="1" bw="3" slack="1"/>
</pin_list>
<bind>
<opset="C_out_addr "/>
</bind>
</comp>

<comp id="351" class="1005" name="bitcast_ln26_reg_351">
<pin_list>
<pin id="352" dir="0" index="0" bw="32" slack="1"/>
<pin id="353" dir="1" index="1" bw="32" slack="1"/>
</pin_list>
<bind>
<opset="bitcast_ln26 "/>
</bind>
</comp>

</comp_list>

<net_list>
<net id="79"><net_src comp="12" pin="0"/><net_sink comp="76" pin=0"/></net>

<net id="83"><net_src comp="16" pin="0"/><net_sink comp="80" pin=0"/></net>

<net id="87"><net_src comp="16" pin="0"/><net_sink comp="84" pin=0"/></net>

<net id="92"><net_src comp="14" pin="0"/><net_sink comp="88" pin=0"/></net>

<net id="93"><net_src comp="8" pin="0"/><net_sink comp="88" pin=1"/></net>

<net id="98"><net_src comp="14" pin="0"/><net_sink comp="94" pin=0"/></net>

<net id="99"><net_src comp="10" pin="0"/><net_sink comp="94" pin=1"/></net>

<net id="104"><net_src comp="14" pin="0"/><net_sink comp="100" pin=0"/></net>

<net id="105"><net_src comp="6" pin="0"/><net_sink comp="100" pin=1"/></net>

<net id="111"><net_src comp="4" pin="0"/><net_sink comp="106" pin=0"/></net>

<net id="112"><net_src comp="20" pin="0"/><net_sink comp="106" pin=1"/></net>

<net id="118"><net_src comp="106" pin="3"/><net_sink comp="113" pin=0"/></net>

<net id="122"><net_src comp="20" pin="0"/><net_sink comp="119" pin=0"/></net>

<net id="129"><net_src comp="119" pin="1"/><net_sink comp="123" pin=0"/></net>

<net id="135"><net_src comp="18" pin="0"/><net_sink comp="130" pin=0"/></net>

<net id="136"><net_src comp="88" pin="2"/><net_sink comp="130" pin=1"/></net>

<net id="137"><net_src comp="4" pin="0"/><net_sink comp="130" pin=2"/></net>

<net id="142"><net_src comp="64" pin="0"/><net_sink comp="138" pin=0"/></net>

<net id="153"><net_src comp="70" pin="0"/><net_sink comp="143" pin=0"/></net>

<net id="154"><net_src comp="0" pin="0"/><net_sink comp="143" pin=3"/></net>

<net id="155"><net_src comp="2" pin="0"/><net_sink comp="143" pin=6"/></net>

<net id="163"><net_src comp="74" pin="0"/><net_sink comp="156" pin=0"/></net>

<net id="167"><net_src comp="88" pin="2"/><net_sink comp="164" pin=0"/></net>

<net id="172"><net_src comp="20" pin="0"/><net_sink comp="168" pin=0"/></net>

<net id="176"><net_src comp="94" pin="2"/><net_sink comp="173" pin=0"/></net>

<net id="180"><net_src comp="94" pin="2"/><net_sink comp="177" pin=0"/></net>

<net id="185"><net_src comp="20" pin="0"/><net_sink comp="181" pin=1"/></net>

<net id="193"><net_src comp="186" pin="1"/><net_sink comp="189" pin=0"/></net>

<net id="198"><net_src comp="186" pin="1"/><net_sink comp="194" pin=0"/></net>

<net id="199"><net_src comp="16" pin="0"/><net_sink comp="194" pin=1"/></net>

<net id="203"><net_src comp="186" pin="1"/><net_sink comp="200" pin=0"/></net>

<net id="208"><net_src comp="200" pin="1"/><net_sink comp="204" pin=0"/></net>

<net id="213"><net_src comp="200" pin="1"/><net_sink comp="209" pin=0"/></net>

<net id="218"><net_src comp="123" pin="4"/><net_sink comp="214" pin=0"/></net>

<net id="223"><net_src comp="123" pin="4"/><net_sink comp="219" pin=0"/></net>

<net id="224"><net_src comp="16" pin="0"/><net_sink comp="219" pin=1"/></net>

<net id="228"><net_src comp="123" pin="4"/><net_sink comp="225" pin=0"/></net>

<net id="229"><net_src comp="225" pin="1"/><net_sink comp="143" pin=5"/></net>

<net id="233"><net_src comp="123" pin="4"/><net_sink comp="230" pin=0"/></net>

<net id="238"><net_src comp="230" pin="1"/><net_sink comp="234" pin=0"/></net>

<net id="246"><net_src comp="243" pin="1"/><net_sink comp="106" pin=2"/></net>

<net id="250"><net_src comp="113" pin="3"/><net_sink comp="247" pin=0"/></net>

<net id="251"><net_src comp="247" pin="1"/><net_sink comp="156" pin=1"/></net>

<net id="258"><net_src comp="252" pin="1"/><net_sink comp="255" pin=0"/></net>

<net id="259"><net_src comp="255" pin="1"/><net_sink comp="113" pin=1"/></net>

<net id="263"><net_src comp="76" pin="1"/><net_sink comp="260" pin=0"/></net>

<net id="264"><net_src comp="260" pin="1"/><net_sink comp="168" pin=1"/></net>

<net id="265"><net_src comp="260" pin="1"/><net_sink comp="186" pin=0"/></net>

<net id="266"><net_src comp="260" pin="1"/><net_sink comp="239" pin=1"/></net>

<net id="270"><net_src comp="88" pin="2"/><net_sink comp="267" pin=0"/></net>

<net id="271"><net_src comp="267" pin="1"/><net_sink comp="181" pin=0"/></net>

<net id="272"><net_src comp="267" pin="1"/><net_sink comp="130" pin=1"/></net>

<net id="273"><net_src comp="267" pin="1"/><net_sink comp="143" pin=1"/></net>

<net id="274"><net_src comp="267" pin="1"/><net_sink comp="156" pin=2"/></net>

<net id="278"><net_src comp="80" pin="1"/><net_sink comp="275" pin=0"/></net>

<net id="279"><net_src comp="275" pin="1"/><net_sink comp="156" pin=4"/></net>

<net id="280"><net_src comp="275" pin="1"/><net_sink comp="252" pin=0"/></net>

<net id="284"><net_src comp="164" pin="1"/><net_sink comp="281" pin=0"/></net>

<net id="285"><net_src comp="281" pin="1"/><net_sink comp="204" pin=1"/></net>

<net id="289"><net_src comp="94" pin="2"/><net_sink comp="286" pin=0"/></net>

<net id="290"><net_src comp="286" pin="1"/><net_sink comp="214" pin=1"/></net>

<net id="294"><net_src comp="100" pin="2"/><net_sink comp="291" pin=0"/></net>

<net id="295"><net_src comp="291" pin="1"/><net_sink comp="189" pin=1"/></net>

<net id="299"><net_src comp="173" pin="1"/><net_sink comp="296" pin=0"/></net>

<net id="300"><net_src comp="296" pin="1"/><net_sink comp="143" pin=4"/></net>

<net id="304"><net_src comp="177" pin="1"/><net_sink comp="301" pin=0"/></net>

<net id="305"><net_src comp="301" pin="1"/><net_sink comp="209" pin=1"/></net>

<net id="309"><net_src comp="181" pin="2"/><net_sink comp="306" pin=0"/></net>

<net id="316"><net_src comp="194" pin="2"/><net_sink comp="313" pin=0"/></net>

<net id="317"><net_src comp="313" pin="1"/><net_sink comp="239" pin=0"/></net>

<net id="321"><net_src comp="204" pin="2"/><net_sink comp="318" pin=0"/></net>

<net id="322"><net_src comp="318" pin="1"/><net_sink comp="143" pin=2"/></net>

<net id="326"><net_src comp="209" pin="2"/><net_sink comp="323" pin=0"/></net>

<net id="327"><net_src comp="323" pin="1"/><net_sink comp="234" pin=1"/></net>

<net id="334"><net_src comp="219" pin="2"/><net_sink comp="331" pin=0"/></net>

<net id="335"><net_src comp="331" pin="1"/><net_sink comp="123" pin=2"/></net>

<net id="339"><net_src comp="225" pin="1"/><net_sink comp="336" pin=0"/></net>

<net id="340"><net_src comp="336" pin="1"/><net_sink comp="143" pin=5"/></net>

<net id="344"><net_src comp="234" pin="2"/><net_sink comp="341" pin=0"/></net>

<net id="345"><net_src comp="341" pin="1"/><net_sink comp="243" pin=0"/></net>

<net id="349"><net_src comp="106" pin="3"/><net_sink comp="346" pin=0"/></net>

<net id="350"><net_src comp="346" pin="1"/><net_sink comp="113" pin=0"/></net>

<net id="354"><net_src comp="247" pin="1"/><net_sink comp="351" pin=0"/></net>

<net id="355"><net_src comp="351" pin="1"/><net_sink comp="156" pin=1"/></net>

</net_list>

</model> 
---------------- Datapath Model END ------------------

* FSMD analyzer results:
  - Output states:
	Port: C_out | {1 2 9 }
 - Input state : 
	Port: MatrixMultiplication : A | {5 6 }
	Port: MatrixMultiplication : B | {5 6 }
	Port: MatrixMultiplication : C_out | {6 7 }
	Port: MatrixMultiplication : A_rows | {2 }
	Port: MatrixMultiplication : B_rows | {1 }
	Port: MatrixMultiplication : B_columns | {2 }
  - Chain level:
	State 1
		store_ln19 : 1
	State 2
	State 3
		icmp_ln19 : 1
		m_2 : 1
		br_ln19 : 2
		trunc_ln19 : 1
		mul : 2
		mul29 : 2
	State 4
	State 5
		icmp_ln21 : 1
		k_1 : 1
		br_ln21 : 2
		trunc_ln21 : 1
		trunc_ln21_1 : 1
		call_ln19 : 2
		add305 : 2
	State 6
		C_out_addr : 1
		C_out_load : 2
	State 7
		bitcast_ln26 : 1
		call_ln26 : 2
	State 8
	State 9
		bitcast_ln26_1 : 1
		store_ln26 : 2


============================================================
+ Verbose Summary: Datapath Resource usage 
============================================================

* Functional unit list:
|----------|----------------------------------------------------------|---------|---------|---------|---------|
| Operation|                      Functional Unit                     |   DSP   |  Delay  |    FF   |   LUT   |
|----------|----------------------------------------------------------|---------|---------|---------|---------|
|          | grp_MatrixMultiplication_Pipeline_VITIS_LOOP_16_1_fu_130 |    0    |  0.489  |   131   |   109   |
|   call   |        grp_MatrixMultiplication_Pipeline_2_fu_138        |    0    |    0    |    5    |    21   |
|          | grp_MatrixMultiplication_Pipeline_VITIS_LOOP_22_4_fu_143 |    3    |  1.956  |   290   |   251   |
|          | grp_MatrixMultiplication_Pipeline_VITIS_LOOP_25_5_fu_156 |    2    |  1.467  |   312   |   274   |
|----------|----------------------------------------------------------|---------|---------|---------|---------|
|          |                        m_2_fu_194                        |    0    |    0    |    0    |    71   |
|    add   |                        k_1_fu_219                        |    0    |    0    |    0    |    71   |
|          |                       add305_fu_234                      |    0    |    0    |    0    |    10   |
|----------|----------------------------------------------------------|---------|---------|---------|---------|
|          |                     icmp_ln16_fu_181                     |    0    |    0    |    0    |    29   |
|   icmp   |                     icmp_ln19_fu_189                     |    0    |    0    |    0    |    29   |
|          |                     icmp_ln21_fu_214                     |    0    |    0    |    0    |    29   |
|----------|----------------------------------------------------------|---------|---------|---------|---------|
|    mul   |                        mul_fu_204                        |    0    |    0    |    0    |    8    |
|          |                       mul29_fu_209                       |    0    |    0    |    0    |    8    |
|----------|----------------------------------------------------------|---------|---------|---------|---------|
|          |                  B_rows_read_read_fu_88                  |    0    |    0    |    0    |    0    |
|   read   |                 B_columns_read_read_fu_94                |    0    |    0    |    0    |    0    |
|          |                  A_rows_read_read_fu_100                 |    0    |    0    |    0    |    0    |
|----------|----------------------------------------------------------|---------|---------|---------|---------|
|          |                    trunc_ln4_2_fu_164                    |    0    |    0    |    0    |    0    |
|          |                     trunc_ln4_fu_173                     |    0    |    0    |    0    |    0    |
|   trunc  |                    trunc_ln4_1_fu_177                    |    0    |    0    |    0    |    0    |
|          |                     trunc_ln19_fu_200                    |    0    |    0    |    0    |    0    |
|          |                     trunc_ln21_fu_225                    |    0    |    0    |    0    |    0    |
|          |                    trunc_ln21_1_fu_230                   |    0    |    0    |    0    |    0    |
|----------|----------------------------------------------------------|---------|---------|---------|---------|
|   zext   |                     zext_ln26_fu_243                     |    0    |    0    |    0    |    0    |
|----------|----------------------------------------------------------|---------|---------|---------|---------|
|   Total  |                                                          |    5    |  3.912  |   738   |   910   |
|----------|----------------------------------------------------------|---------|---------|---------|---------|

Memories:
+----+--------+--------+--------+--------+
|    |  BRAM  |   FF   |   LUT  |  URAM  |
+----+--------+--------+--------+--------+
| acc|    0   |   32   |   13   |    0   |
+----+--------+--------+--------+--------+
|Total|    0   |   32   |   13   |    0   |
+----+--------+--------+--------+--------+

* Register list:
+----------------------+--------+
|                      |   FF   |
+----------------------+--------+
|  A_rows_read_reg_291 |   64   |
|B_columns_read_reg_286|   64   |
|  B_rows_read_reg_267 |   64   |
|  C_out_addr_reg_346  |    3   |
|    add305_reg_341    |    3   |
|  add3211_loc_reg_275 |   32   |
| bitcast_ln26_reg_351 |   32   |
|   icmp_ln16_reg_306  |    1   |
|      k_1_reg_331     |   64   |
|       k_reg_119      |   64   |
|      m_2_reg_313     |   64   |
|       m_reg_260      |   64   |
|     mul29_reg_323    |    3   |
|      mul_reg_318     |    3   |
|  trunc_ln21_reg_336  |    5   |
|  trunc_ln4_1_reg_301 |    3   |
|  trunc_ln4_2_reg_281 |    3   |
|   trunc_ln4_reg_296  |    5   |
+----------------------+--------+
|         Total        |   541  |
+----------------------+--------+

* Multiplexer (MUX) list: 
|----------------------------------------------------------|------|------|------|--------||---------||---------|
|                           Comp                           |  Pin | Size |  BW  | S x BW ||  Delay  ||   LUT   |
|----------------------------------------------------------|------|------|------|--------||---------||---------|
|                     grp_access_fu_113                    |  p0  |   2  |   3  |    6   ||    9    |
| grp_MatrixMultiplication_Pipeline_VITIS_LOOP_16_1_fu_130 |  p1  |   2  |  64  |   128  ||    9    |
| grp_MatrixMultiplication_Pipeline_VITIS_LOOP_22_4_fu_143 |  p5  |   2  |   5  |   10   ||    9    |
| grp_MatrixMultiplication_Pipeline_VITIS_LOOP_25_5_fu_156 |  p1  |   2  |  32  |   64   ||    9    |
|----------------------------------------------------------|------|------|------|--------||---------||---------|
|                           Total                          |      |      |      |   208  ||  1.956  ||    36   |
|----------------------------------------------------------|------|------|------|--------||---------||---------|



* Summary:
+-----------+--------+--------+--------+--------+--------+--------+
|           |  BRAM  |   DSP  |  Delay |   FF   |   LUT  |  URAM  |
+-----------+--------+--------+--------+--------+--------+--------+
|  Function |    -   |    5   |    3   |   738  |   910  |    -   |
|   Memory  |    0   |    -   |    -   |   32   |   13   |    0   |
|Multiplexer|    -   |    -   |    1   |    -   |   36   |    -   |
|  Register |    -   |    -   |    -   |   541  |    -   |    -   |
+-----------+--------+--------+--------+--------+--------+--------+
|   Total   |    0   |    5   |    5   |  1311  |   959  |    0   |
+-----------+--------+--------+--------+--------+--------+--------+
