

================================================================
== Vitis HLS Report for 'MatrixMultiplication_Pipeline_VITIS_LOOP_31_5'
================================================================
* Date:           Fri Nov 24 13:07:12 2023

* Version:        2022.2 (Build 3670227 on Oct 13 2022)
* Project:        HLS_Project
* Solution:       solution1 (Vitis Kernel Flow Target)
* Product family: zynquplus
* Target device:  xczu9eg-ffvc900-1-e


================================================================
== Performance Estimates
================================================================
+ Timing: 
    * Summary: 
    +--------+----------+----------+------------+
    |  Clock |  Target  | Estimated| Uncertainty|
    +--------+----------+----------+------------+
    |ap_clk  |  10.00 ns|  5.461 ns|     2.70 ns|
    +--------+----------+----------+------------+

+ Latency: 
    * Summary: 
    +---------+---------+----------+----------+-----+-----+---------+
    |  Latency (cycles) |  Latency (absolute) |  Interval | Pipeline|
    |   min   |   max   |    min   |    max   | min | max |   Type  |
    +---------+---------+----------+----------+-----+-----+---------+
    |        ?|        ?|         ?|         ?|    ?|    ?|       no|
    +---------+---------+----------+----------+-----+-----+---------+

    + Detail: 
        * Instance: 
        N/A

        * Loop: 
        +-------------------+---------+---------+----------+-----------+-----------+------+----------+
        |                   |  Latency (cycles) | Iteration|  Initiation Interval  | Trip |          |
        |     Loop Name     |   min   |   max   |  Latency |  achieved |   target  | Count| Pipelined|
        +-------------------+---------+---------+----------+-----------+-----------+------+----------+
        |- VITIS_LOOP_31_5  |        ?|        ?|         5|          1|          1|     ?|       yes|
        +-------------------+---------+---------+----------+-----------+-----------+------+----------+



================================================================
== Utilization Estimates
================================================================
* Summary: 
+-----------------+---------+------+--------+--------+-----+
|       Name      | BRAM_18K|  DSP |   FF   |   LUT  | URAM|
+-----------------+---------+------+--------+--------+-----+
|DSP              |        -|     -|       -|       -|    -|
|Expression       |        -|     -|       0|      77|    -|
|FIFO             |        -|     -|       -|       -|    -|
|Instance         |        -|     3|     143|     140|    -|
|Memory           |        -|     -|       -|       -|    -|
|Multiplexer      |        -|     -|       -|      54|    -|
|Register         |        -|     -|      88|      32|    -|
+-----------------+---------+------+--------+--------+-----+
|Total            |        0|     3|     231|     303|    0|
+-----------------+---------+------+--------+--------+-----+
|Available        |     1824|  2520|  548160|  274080|    0|
+-----------------+---------+------+--------+--------+-----+
|Utilization (%)  |        0|    ~0|      ~0|      ~0|    0|
+-----------------+---------+------+--------+--------+-----+

+ Detail: 
    * Instance: 
    +-----------------------------------+-------------------------------+---------+----+-----+-----+-----+
    |              Instance             |             Module            | BRAM_18K| DSP|  FF | LUT | URAM|
    +-----------------------------------+-------------------------------+---------+----+-----+-----+-----+
    |fmul_32ns_32ns_32_4_max_dsp_1_U11  |fmul_32ns_32ns_32_4_max_dsp_1  |        0|   3|  143|  140|    0|
    +-----------------------------------+-------------------------------+---------+----+-----+-----+-----+
    |Total                              |                               |        0|   3|  143|  140|    0|
    +-----------------------------------+-------------------------------+---------+----+-----+-----+-----+

    * DSP: 
    N/A

    * Memory: 
    N/A

    * FIFO: 
    N/A

    * Expression: 
    +----------------------+----------+----+---+----+------------+------------+
    |     Variable Name    | Operation| DSP| FF| LUT| Bitwidth P0| Bitwidth P1|
    +----------------------+----------+----+---+----+------------+------------+
    |add_ln32_1_fu_171_p2  |         +|   0|  0|  12|           5|           5|
    |add_ln32_2_fu_165_p2  |         +|   0|  0|  12|           5|           5|
    |add_ln32_fu_154_p2    |         +|   0|  0|  10|           3|           3|
    |n_4_fu_141_p2         |         +|   0|  0|  12|           5|           1|
    |icmp_ln31_fu_135_p2   |      icmp|   0|  0|  29|          64|          64|
    |ap_enable_pp0         |       xor|   0|  0|   2|           1|           2|
    +----------------------+----------+----+---+----+------------+------------+
    |Total                 |          |   0|  0|  77|          83|          80|
    +----------------------+----------+----+---+----+------------+------------+

    * Multiplexer: 
    +-------------------------------+----+-----------+-----+-----------+
    |              Name             | LUT| Input Size| Bits| Total Bits|
    +-------------------------------+----+-----------+-----+-----------+
    |ap_done_int                    |   9|          2|    1|          2|
    |ap_enable_reg_pp0_iter1        |   9|          2|    1|          2|
    |ap_sig_allocacmp_n_3           |   9|          2|    5|         10|
    |ap_sig_allocacmp_phi_mul_load  |   9|          2|    5|         10|
    |n_fu_44                        |   9|          2|    5|         10|
    |phi_mul_fu_40                  |   9|          2|    5|         10|
    +-------------------------------+----+-----------+-----+-----------+
    |Total                          |  54|         12|   22|         44|
    +-------------------------------+----+-----------+-----+-----------+

    * Register: 
    +----------------------------------+----+----+-----+-----------+
    |               Name               | FF | LUT| Bits| Const Bits|
    +----------------------------------+----+----+-----+-----------+
    |ap_CS_fsm                         |   1|   0|    1|          0|
    |ap_done_reg                       |   1|   0|    1|          0|
    |ap_enable_reg_pp0_iter1           |   1|   0|    1|          0|
    |ap_enable_reg_pp0_iter2           |   1|   0|    1|          0|
    |ap_enable_reg_pp0_iter3           |   1|   0|    1|          0|
    |ap_enable_reg_pp0_iter4           |   1|   0|    1|          0|
    |ap_loop_exit_ready_pp0_iter1_reg  |   1|   0|    1|          0|
    |ap_loop_exit_ready_pp0_iter2_reg  |   1|   0|    1|          0|
    |ap_loop_exit_ready_pp0_iter3_reg  |   1|   0|    1|          0|
    |n_cast6_reg_206                   |   5|   0|   64|         59|
    |n_fu_44                           |   5|   0|    5|          0|
    |phi_mul_fu_40                     |   5|   0|    5|          0|
    |n_cast6_reg_206                   |  64|  32|   64|         59|
    +----------------------------------+----+----+-----+-----------+
    |Total                             |  88|  32|  147|        118|
    +----------------------------------+----+----+-----+-----------+



================================================================
== Interface
================================================================
* Summary: 
+--------------+-----+-----+------------+-----------------------------------------------+--------------+
|   RTL Ports  | Dir | Bits|  Protocol  |                 Source Object                 |    C Type    |
+--------------+-----+-----+------------+-----------------------------------------------+--------------+
|ap_clk        |   in|    1|  ap_ctrl_hs|  MatrixMultiplication_Pipeline_VITIS_LOOP_31_5|  return value|
|ap_rst        |   in|    1|  ap_ctrl_hs|  MatrixMultiplication_Pipeline_VITIS_LOOP_31_5|  return value|
|ap_start      |   in|    1|  ap_ctrl_hs|  MatrixMultiplication_Pipeline_VITIS_LOOP_31_5|  return value|
|ap_done       |  out|    1|  ap_ctrl_hs|  MatrixMultiplication_Pipeline_VITIS_LOOP_31_5|  return value|
|ap_idle       |  out|    1|  ap_ctrl_hs|  MatrixMultiplication_Pipeline_VITIS_LOOP_31_5|  return value|
|ap_ready      |  out|    1|  ap_ctrl_hs|  MatrixMultiplication_Pipeline_VITIS_LOOP_31_5|  return value|
|B_rows        |   in|   64|     ap_none|                                         B_rows|        scalar|
|mul           |   in|    3|     ap_none|                                            mul|        scalar|
|A_address0    |  out|    3|   ap_memory|                                              A|         array|
|A_ce0         |  out|    1|   ap_memory|                                              A|         array|
|A_q0          |   in|   32|   ap_memory|                                              A|         array|
|trunc_ln4     |   in|    5|     ap_none|                                      trunc_ln4|        scalar|
|trunc_ln5     |   in|    5|     ap_none|                                      trunc_ln5|        scalar|
|B_address0    |  out|    5|   ap_memory|                                              B|         array|
|B_ce0         |  out|    1|   ap_memory|                                              B|         array|
|B_q0          |   in|   32|   ap_memory|                                              B|         array|
|acc_address0  |  out|    5|   ap_memory|                                            acc|         array|
|acc_ce0       |  out|    1|   ap_memory|                                            acc|         array|
|acc_we0       |  out|    1|   ap_memory|                                            acc|         array|
|acc_d0        |  out|   32|   ap_memory|                                            acc|         array|
+--------------+-----+-----+------------+-----------------------------------------------+--------------+

============================================================
+ Verbose Summary: Synthesis Manager
============================================================
InlineROM: 1
ExposeGlobal: 0
============================================================
+ Verbose Summary: CDFG Model
============================================================
IsTopModel: 0
ResetActiveHigh: 1
IsCombinational: 2
IsDatapathOnly: 2
HasWiredReturn: 1
HasMFsm: 2
HasVarLatency: 1
IsPipeline: 0
IsRtlPipelined: 0
IsInstanceOverlapped: 0
IsDontTouch: 0
HasImplIP: 0
IsGatedGlobalClock: 0

+ Individual pipeline summary: 
  * Pipeline-0: initiation interval (II) = 1, depth = 5


============================================================
+ Verbose Summary: Schedule
============================================================
* Number of FSM states : 5
* Pipeline : 1
  Pipeline-0 : II = 1, D = 5, States = { 1 2 3 4 5 }
* Dataflow Pipeline: 0

* FSM state transitions: 
1 --> 2 
2 --> 3 
3 --> 4 
4 --> 5 
5 --> 

* FSM state operations: 

State 1 <SV = 0> <Delay = 1.97>
ST_1 : Operation 8 [1/1] (0.00ns)   --->   "%phi_mul = alloca i32 1"   --->   Operation 8 'alloca' 'phi_mul' <Predicate = true> <Delay = 0.00>
ST_1 : Operation 9 [1/1] (0.00ns)   --->   "%n = alloca i32 1"   --->   Operation 9 'alloca' 'n' <Predicate = true> <Delay = 0.00>
ST_1 : Operation 10 [1/1] (0.00ns)   --->   "%trunc_ln5_read = read i5 @_ssdm_op_Read.ap_auto.i5, i5 %trunc_ln5"   --->   Operation 10 'read' 'trunc_ln5_read' <Predicate = true> <Delay = 0.00>
ST_1 : Operation 11 [1/1] (0.00ns)   --->   "%trunc_ln4_read = read i5 @_ssdm_op_Read.ap_auto.i5, i5 %trunc_ln4"   --->   Operation 11 'read' 'trunc_ln4_read' <Predicate = true> <Delay = 0.00>
ST_1 : Operation 12 [1/1] (0.00ns)   --->   "%mul_read = read i3 @_ssdm_op_Read.ap_auto.i3, i3 %mul"   --->   Operation 12 'read' 'mul_read' <Predicate = true> <Delay = 0.00>
ST_1 : Operation 13 [1/1] (0.00ns)   --->   "%B_rows_read = read i64 @_ssdm_op_Read.ap_auto.i64, i64 %B_rows"   --->   Operation 13 'read' 'B_rows_read' <Predicate = true> <Delay = 0.00>
ST_1 : Operation 14 [1/1] (0.48ns)   --->   "%store_ln0 = store i5 0, i5 %n"   --->   Operation 14 'store' 'store_ln0' <Predicate = true> <Delay = 0.48>
ST_1 : Operation 15 [1/1] (0.48ns)   --->   "%store_ln0 = store i5 0, i5 %phi_mul"   --->   Operation 15 'store' 'store_ln0' <Predicate = true> <Delay = 0.48>
ST_1 : Operation 16 [1/1] (0.00ns)   --->   "%br_ln0 = br void %for.inc33"   --->   Operation 16 'br' 'br_ln0' <Predicate = true> <Delay = 0.00>
ST_1 : Operation 17 [1/1] (0.00ns)   --->   "%n_3 = load i5 %n"   --->   Operation 17 'load' 'n_3' <Predicate = true> <Delay = 0.00>
ST_1 : Operation 18 [1/1] (0.00ns)   --->   "%n_cast6 = zext i5 %n_3"   --->   Operation 18 'zext' 'n_cast6' <Predicate = true> <Delay = 0.00>
ST_1 : Operation 19 [1/1] (0.00ns)   --->   "%specpipeline_ln0 = specpipeline void @_ssdm_op_SpecPipeline, i32 4294967295, i32 0, i32 1, i32 0, void @p_str"   --->   Operation 19 'specpipeline' 'specpipeline_ln0' <Predicate = true> <Delay = 0.00>
ST_1 : Operation 20 [1/1] (1.48ns)   --->   "%icmp_ln31 = icmp_eq  i64 %n_cast6, i64 %B_rows_read" [HLS_Project/matrix_multiply.cpp:31]   --->   Operation 20 'icmp' 'icmp_ln31' <Predicate = true> <Delay = 1.48> <CoreInst = "Cmp">   --->   Core 9 'Cmp' <Latency = 0> <II = 1> <Delay = 1.48> <FuncUnit> <Opcode : 'icmp'> <InPorts = 2> <OutPorts = 1>
ST_1 : Operation 21 [1/1] (0.87ns)   --->   "%n_4 = add i5 %n_3, i5 1" [HLS_Project/matrix_multiply.cpp:31]   --->   Operation 21 'add' 'n_4' <Predicate = true> <Delay = 0.87> <CoreInst = "Adder">   --->   Core 1 'Adder' <Latency = 0> <II = 1> <Delay = 0.87> <FuncUnit> <Opcode : 'add' 'sub'> <InPorts = 2> <OutPorts = 1>
ST_1 : Operation 22 [1/1] (0.00ns)   --->   "%br_ln31 = br i1 %icmp_ln31, void %for.inc33.split, void %VITIS_LOOP_34_6.loopexit.exitStub" [HLS_Project/matrix_multiply.cpp:31]   --->   Operation 22 'br' 'br_ln31' <Predicate = true> <Delay = 0.00>
ST_1 : Operation 23 [1/1] (0.00ns)   --->   "%phi_mul_load = load i5 %phi_mul" [HLS_Project/matrix_multiply.cpp:32]   --->   Operation 23 'load' 'phi_mul_load' <Predicate = (!icmp_ln31)> <Delay = 0.00>
ST_1 : Operation 24 [1/1] (0.00ns)   --->   "%empty = trunc i5 %n_3"   --->   Operation 24 'trunc' 'empty' <Predicate = (!icmp_ln31)> <Delay = 0.00>
ST_1 : Operation 25 [1/1] (0.74ns)   --->   "%add_ln32 = add i3 %empty, i3 %mul_read" [HLS_Project/matrix_multiply.cpp:32]   --->   Operation 25 'add' 'add_ln32' <Predicate = (!icmp_ln31)> <Delay = 0.74> <CoreInst = "Adder">   --->   Core 1 'Adder' <Latency = 0> <II = 1> <Delay = 0.74> <FuncUnit> <Opcode : 'add' 'sub'> <InPorts = 2> <OutPorts = 1>
ST_1 : Operation 26 [1/1] (0.00ns)   --->   "%zext_ln32 = zext i3 %add_ln32" [HLS_Project/matrix_multiply.cpp:32]   --->   Operation 26 'zext' 'zext_ln32' <Predicate = (!icmp_ln31)> <Delay = 0.00>
ST_1 : Operation 27 [1/1] (0.00ns)   --->   "%A_addr = getelementptr i32 %A, i64 0, i64 %zext_ln32" [HLS_Project/matrix_multiply.cpp:32]   --->   Operation 27 'getelementptr' 'A_addr' <Predicate = (!icmp_ln31)> <Delay = 0.00>
ST_1 : Operation 28 [2/2] (0.79ns)   --->   "%A_load = load i3 %A_addr" [HLS_Project/matrix_multiply.cpp:32]   --->   Operation 28 'load' 'A_load' <Predicate = (!icmp_ln31)> <Delay = 0.79> <CoreInst = "RAM">   --->   Core 83 'RAM' <Latency = 1> <II = 1> <Delay = 0.79> <Storage> <Opcode : 'load' 'store'> <Ports = 2> <Width = 32> <Depth = 5> <RAM>
ST_1 : Operation 29 [1/1] (0.87ns)   --->   "%add_ln32_2 = add i5 %phi_mul_load, i5 %trunc_ln4_read" [HLS_Project/matrix_multiply.cpp:32]   --->   Operation 29 'add' 'add_ln32_2' <Predicate = (!icmp_ln31)> <Delay = 0.87> <CoreInst = "Adder">   --->   Core 1 'Adder' <Latency = 0> <II = 1> <Delay = 0.87> <FuncUnit> <Opcode : 'add' 'sub'> <InPorts = 2> <OutPorts = 1>
ST_1 : Operation 30 [1/1] (0.87ns)   --->   "%add_ln32_1 = add i5 %phi_mul_load, i5 %trunc_ln5_read" [HLS_Project/matrix_multiply.cpp:32]   --->   Operation 30 'add' 'add_ln32_1' <Predicate = (!icmp_ln31)> <Delay = 0.87> <CoreInst = "Adder">   --->   Core 1 'Adder' <Latency = 0> <II = 1> <Delay = 0.87> <FuncUnit> <Opcode : 'add' 'sub'> <InPorts = 2> <OutPorts = 1>
ST_1 : Operation 31 [1/1] (0.00ns)   --->   "%zext_ln32_1 = zext i5 %add_ln32_1" [HLS_Project/matrix_multiply.cpp:32]   --->   Operation 31 'zext' 'zext_ln32_1' <Predicate = (!icmp_ln31)> <Delay = 0.00>
ST_1 : Operation 32 [1/1] (0.00ns)   --->   "%B_addr = getelementptr i32 %B, i64 0, i64 %zext_ln32_1" [HLS_Project/matrix_multiply.cpp:32]   --->   Operation 32 'getelementptr' 'B_addr' <Predicate = (!icmp_ln31)> <Delay = 0.00>
ST_1 : Operation 33 [2/2] (0.79ns)   --->   "%B_load = load i5 %B_addr" [HLS_Project/matrix_multiply.cpp:32]   --->   Operation 33 'load' 'B_load' <Predicate = (!icmp_ln31)> <Delay = 0.79> <CoreInst = "RAM">   --->   Core 83 'RAM' <Latency = 1> <II = 1> <Delay = 0.79> <Storage> <Opcode : 'load' 'store'> <Ports = 2> <Width = 32> <Depth = 25> <RAM>
ST_1 : Operation 34 [1/1] (0.48ns)   --->   "%store_ln31 = store i5 %n_4, i5 %n" [HLS_Project/matrix_multiply.cpp:31]   --->   Operation 34 'store' 'store_ln31' <Predicate = (!icmp_ln31)> <Delay = 0.48>
ST_1 : Operation 35 [1/1] (0.48ns)   --->   "%store_ln31 = store i5 %add_ln32_2, i5 %phi_mul" [HLS_Project/matrix_multiply.cpp:31]   --->   Operation 35 'store' 'store_ln31' <Predicate = (!icmp_ln31)> <Delay = 0.48>

State 2 <SV = 1> <Delay = 5.46>
ST_2 : Operation 36 [1/2] (0.79ns)   --->   "%A_load = load i3 %A_addr" [HLS_Project/matrix_multiply.cpp:32]   --->   Operation 36 'load' 'A_load' <Predicate = true> <Delay = 0.79> <CoreInst = "RAM">   --->   Core 83 'RAM' <Latency = 1> <II = 1> <Delay = 0.79> <Storage> <Opcode : 'load' 'store'> <Ports = 2> <Width = 32> <Depth = 5> <RAM>
ST_2 : Operation 37 [1/2] (0.79ns)   --->   "%B_load = load i5 %B_addr" [HLS_Project/matrix_multiply.cpp:32]   --->   Operation 37 'load' 'B_load' <Predicate = true> <Delay = 0.79> <CoreInst = "RAM">   --->   Core 83 'RAM' <Latency = 1> <II = 1> <Delay = 0.79> <Storage> <Opcode : 'load' 'store'> <Ports = 2> <Width = 32> <Depth = 25> <RAM>
ST_2 : Operation 38 [4/4] (4.67ns)   --->   "%mul1 = fmul i32 %A_load, i32 %B_load" [HLS_Project/matrix_multiply.cpp:32]   --->   Operation 38 'fmul' 'mul1' <Predicate = true> <Delay = 4.67> <CoreInst = "FMul_maxdsp">   --->   Core 30 'FMul_maxdsp' <Latency = 3> <II = 1> <Delay = 4.67> <FuncUnit> <Opcode : 'fmul'> <InPorts = 2> <OutPorts = 1>

State 3 <SV = 2> <Delay = 4.67>
ST_3 : Operation 39 [3/4] (4.67ns)   --->   "%mul1 = fmul i32 %A_load, i32 %B_load" [HLS_Project/matrix_multiply.cpp:32]   --->   Operation 39 'fmul' 'mul1' <Predicate = true> <Delay = 4.67> <CoreInst = "FMul_maxdsp">   --->   Core 30 'FMul_maxdsp' <Latency = 3> <II = 1> <Delay = 4.67> <FuncUnit> <Opcode : 'fmul'> <InPorts = 2> <OutPorts = 1>

State 4 <SV = 3> <Delay = 4.67>
ST_4 : Operation 40 [2/4] (4.67ns)   --->   "%mul1 = fmul i32 %A_load, i32 %B_load" [HLS_Project/matrix_multiply.cpp:32]   --->   Operation 40 'fmul' 'mul1' <Predicate = true> <Delay = 4.67> <CoreInst = "FMul_maxdsp">   --->   Core 30 'FMul_maxdsp' <Latency = 3> <II = 1> <Delay = 4.67> <FuncUnit> <Opcode : 'fmul'> <InPorts = 2> <OutPorts = 1>
ST_4 : Operation 46 [1/1] (0.00ns)   --->   "%ret_ln0 = ret"   --->   Operation 46 'ret' 'ret_ln0' <Predicate = (icmp_ln31)> <Delay = 0.00>

State 5 <SV = 4> <Delay = 5.46>
ST_5 : Operation 41 [1/1] (0.00ns)   --->   "%specloopname_ln31 = specloopname void @_ssdm_op_SpecLoopName, void @empty_9" [HLS_Project/matrix_multiply.cpp:31]   --->   Operation 41 'specloopname' 'specloopname_ln31' <Predicate = true> <Delay = 0.00>
ST_5 : Operation 42 [1/4] (4.67ns)   --->   "%mul1 = fmul i32 %A_load, i32 %B_load" [HLS_Project/matrix_multiply.cpp:32]   --->   Operation 42 'fmul' 'mul1' <Predicate = true> <Delay = 4.67> <CoreInst = "FMul_maxdsp">   --->   Core 30 'FMul_maxdsp' <Latency = 3> <II = 1> <Delay = 4.67> <FuncUnit> <Opcode : 'fmul'> <InPorts = 2> <OutPorts = 1>
ST_5 : Operation 43 [1/1] (0.00ns)   --->   "%acc_addr = getelementptr i32 %acc, i64 0, i64 %n_cast6" [HLS_Project/matrix_multiply.cpp:32]   --->   Operation 43 'getelementptr' 'acc_addr' <Predicate = true> <Delay = 0.00>
ST_5 : Operation 44 [1/1] (0.79ns)   --->   "%store_ln32 = store i32 %mul1, i5 %acc_addr" [HLS_Project/matrix_multiply.cpp:32]   --->   Operation 44 'store' 'store_ln32' <Predicate = true> <Delay = 0.79> <CoreInst = "RAM">   --->   Core 83 'RAM' <Latency = 1> <II = 1> <Delay = 0.79> <Storage> <Opcode : 'load' 'store'> <Ports = 2> <Width = 32> <Depth = 25> <RAM>
ST_5 : Operation 45 [1/1] (0.00ns)   --->   "%br_ln31 = br void %for.inc33" [HLS_Project/matrix_multiply.cpp:31]   --->   Operation 45 'br' 'br_ln31' <Predicate = true> <Delay = 0.00>


============================================================
+ Verbose Summary: Binding
============================================================
STG Binding: 
---------------- STG Properties BEGIN ----------------
- Is combinational: 0
- Is one-state seq: 0
- Is datapath-only: 0
- Is pipelined: 0
- Is top level: 0
Port [ Return ] is wired: 1; IO mode=ap_ctrl_hs:ce=0
Port [ B_rows]:  wired=1; compound=0; hidden=0; nouse=0; global=0; static=0; extern=0; dir=0; type=0; pingpong=0; private_global=0; IO mode=ap_none:ce=0
Port [ mul]:  wired=1; compound=0; hidden=0; nouse=0; global=0; static=0; extern=0; dir=0; type=0; pingpong=0; private_global=0; IO mode=ap_none:ce=0
Port [ A]:  wired=1; compound=1; hidden=0; nouse=0; global=0; static=0; extern=0; dir=0; type=1; pingpong=0; private_global=0; MemPort=[13]; IO mode=ap_memory:ce=0
Port [ trunc_ln4]:  wired=1; compound=0; hidden=0; nouse=0; global=0; static=0; extern=0; dir=0; type=0; pingpong=0; private_global=0; IO mode=ap_none:ce=0
Port [ trunc_ln5]:  wired=1; compound=0; hidden=0; nouse=0; global=0; static=0; extern=0; dir=0; type=0; pingpong=0; private_global=0; IO mode=ap_none:ce=0
Port [ B]:  wired=1; compound=1; hidden=0; nouse=0; global=0; static=0; extern=0; dir=0; type=1; pingpong=0; private_global=0; MemPort=[13]; IO mode=ap_memory:ce=0
Port [ acc]:  wired=1; compound=1; hidden=0; nouse=0; global=0; static=0; extern=0; dir=1; type=1; pingpong=0; private_global=0; MemPort=[03]; IO mode=ap_memory:ce=0
---------------- STG Properties END ------------------

---------------- Datapath Model BEGIN ----------------

<LifeTime>
<method=bitvector/>
phi_mul           (alloca       ) [ 010000]
n                 (alloca       ) [ 010000]
trunc_ln5_read    (read         ) [ 000000]
trunc_ln4_read    (read         ) [ 000000]
mul_read          (read         ) [ 000000]
B_rows_read       (read         ) [ 000000]
store_ln0         (store        ) [ 000000]
store_ln0         (store        ) [ 000000]
br_ln0            (br           ) [ 000000]
n_3               (load         ) [ 000000]
n_cast6           (zext         ) [ 011111]
specpipeline_ln0  (specpipeline ) [ 000000]
icmp_ln31         (icmp         ) [ 011110]
n_4               (add          ) [ 000000]
br_ln31           (br           ) [ 000000]
phi_mul_load      (load         ) [ 000000]
empty             (trunc        ) [ 000000]
add_ln32          (add          ) [ 000000]
zext_ln32         (zext         ) [ 000000]
A_addr            (getelementptr) [ 011000]
add_ln32_2        (add          ) [ 000000]
add_ln32_1        (add          ) [ 000000]
zext_ln32_1       (zext         ) [ 000000]
B_addr            (getelementptr) [ 011000]
store_ln31        (store        ) [ 000000]
store_ln31        (store        ) [ 000000]
A_load            (load         ) [ 010111]
B_load            (load         ) [ 010111]
specloopname_ln31 (specloopname ) [ 000000]
mul1              (fmul         ) [ 000000]
acc_addr          (getelementptr) [ 000000]
store_ln32        (store        ) [ 000000]
br_ln31           (br           ) [ 000000]
ret_ln0           (ret          ) [ 000000]
</LifeTime>

<model>

<comp_list>
<comp id="0" class="1000" name="B_rows">
<pin_list>
<pin id="1" dir="1" index="0" bw="1" slack="0"/>
</pin_list>
<bind>
<StgValue><ssdm name="B_rows"/></StgValue>
</bind>
</comp>

<comp id="2" class="1000" name="mul">
<pin_list>
<pin id="3" dir="1" index="0" bw="1" slack="0"/>
</pin_list>
<bind>
<StgValue><ssdm name="mul"/></StgValue>
</bind>
</comp>

<comp id="4" class="1000" name="A">
<pin_list>
<pin id="5" dir="1" index="0" bw="1" slack="0"/>
</pin_list>
<bind>
<StgValue><ssdm name="A"/><MemPortTyVec>1 3 </MemPortTyVec>
</StgValue>
</bind>
</comp>

<comp id="6" class="1000" name="trunc_ln4">
<pin_list>
<pin id="7" dir="1" index="0" bw="1" slack="0"/>
</pin_list>
<bind>
<StgValue><ssdm name="trunc_ln4"/></StgValue>
</bind>
</comp>

<comp id="8" class="1000" name="trunc_ln5">
<pin_list>
<pin id="9" dir="1" index="0" bw="1" slack="0"/>
</pin_list>
<bind>
<StgValue><ssdm name="trunc_ln5"/></StgValue>
</bind>
</comp>

<comp id="10" class="1000" name="B">
<pin_list>
<pin id="11" dir="1" index="0" bw="1" slack="0"/>
</pin_list>
<bind>
<StgValue><ssdm name="B"/><MemPortTyVec>1 3 </MemPortTyVec>
</StgValue>
</bind>
</comp>

<comp id="12" class="1000" name="acc">
<pin_list>
<pin id="13" dir="1" index="0" bw="1" slack="0"/>
</pin_list>
<bind>
<StgValue><ssdm name="acc"/><MemPortTyVec>0 3 </MemPortTyVec>
</StgValue>
</bind>
</comp>

<comp id="14" class="1001" name="const_14">
<pin_list>
<pin id="15" dir="1" index="0" bw="1" slack="0"/>
</pin_list>
<bind>
<StgValue><ssdm name=""/></StgValue>
</bind>
</comp>

<comp id="16" class="1001" name="const_16">
<pin_list>
<pin id="17" dir="1" index="0" bw="1" slack="0"/>
</pin_list>
<bind>
<StgValue><ssdm name="_ssdm_op_Read.ap_auto.i5"/></StgValue>
</bind>
</comp>

<comp id="18" class="1001" name="const_18">
<pin_list>
<pin id="19" dir="1" index="0" bw="1" slack="0"/>
</pin_list>
<bind>
<StgValue><ssdm name="_ssdm_op_Read.ap_auto.i3"/></StgValue>
</bind>
</comp>

<comp id="20" class="1001" name="const_20">
<pin_list>
<pin id="21" dir="1" index="0" bw="1" slack="0"/>
</pin_list>
<bind>
<StgValue><ssdm name="_ssdm_op_Read.ap_auto.i64"/></StgValue>
</bind>
</comp>

<comp id="22" class="1001" name="const_22">
<pin_list>
<pin id="23" dir="1" index="0" bw="1" slack="0"/>
</pin_list>
<bind>
<StgValue><ssdm name=""/></StgValue>
</bind>
</comp>

<comp id="24" class="1001" name="const_24">
<pin_list>
<pin id="25" dir="1" index="0" bw="1" slack="2147483647"/>
</pin_list>
<bind>
<StgValue><ssdm name="_ssdm_op_SpecPipeline"/></StgValue>
</bind>
</comp>

<comp id="26" class="1001" name="const_26">
<pin_list>
<pin id="27" dir="1" index="0" bw="1" slack="2147483647"/>
</pin_list>
<bind>
<StgValue><ssdm name=""/></StgValue>
</bind>
</comp>

<comp id="28" class="1001" name="const_28">
<pin_list>
<pin id="29" dir="1" index="0" bw="1" slack="2147483647"/>
</pin_list>
<bind>
<StgValue><ssdm name=""/></StgValue>
</bind>
</comp>

<comp id="30" class="1001" name="const_30">
<pin_list>
<pin id="31" dir="1" index="0" bw="1" slack="2147483647"/>
</pin_list>
<bind>
<StgValue><ssdm name="p_str"/></StgValue>
</bind>
</comp>

<comp id="32" class="1001" name="const_32">
<pin_list>
<pin id="33" dir="1" index="0" bw="1" slack="0"/>
</pin_list>
<bind>
<StgValue><ssdm name=""/></StgValue>
</bind>
</comp>

<comp id="34" class="1001" name="const_34">
<pin_list>
<pin id="35" dir="1" index="0" bw="1" slack="0"/>
</pin_list>
<bind>
<StgValue><ssdm name=""/></StgValue>
</bind>
</comp>

<comp id="36" class="1001" name="const_36">
<pin_list>
<pin id="37" dir="1" index="0" bw="1" slack="2147483647"/>
</pin_list>
<bind>
<StgValue><ssdm name="_ssdm_op_SpecLoopName"/></StgValue>
</bind>
</comp>

<comp id="38" class="1001" name="const_38">
<pin_list>
<pin id="39" dir="1" index="0" bw="1" slack="2147483647"/>
</pin_list>
<bind>
<StgValue><ssdm name="empty_9"/></StgValue>
</bind>
</comp>

<comp id="40" class="1004" name="phi_mul_fu_40">
<pin_list>
<pin id="41" dir="0" index="0" bw="1" slack="0"/>
<pin id="42" dir="1" index="1" bw="5" slack="0"/>
</pin_list>
<bind>
<opcode="alloca(26) " fcode="alloca"/>
<opset="phi_mul/1 "/>
</bind>
</comp>

<comp id="44" class="1004" name="n_fu_44">
<pin_list>
<pin id="45" dir="0" index="0" bw="1" slack="0"/>
<pin id="46" dir="1" index="1" bw="5" slack="0"/>
</pin_list>
<bind>
<opcode="alloca(26) " fcode="alloca"/>
<opset="n/1 "/>
</bind>
</comp>

<comp id="48" class="1004" name="trunc_ln5_read_read_fu_48">
<pin_list>
<pin id="49" dir="0" index="0" bw="5" slack="0"/>
<pin id="50" dir="0" index="1" bw="5" slack="0"/>
<pin id="51" dir="1" index="2" bw="5" slack="0"/>
</pin_list>
<bind>
<opcode="read(1150) " fcode="read"/>
<opset="trunc_ln5_read/1 "/>
</bind>
</comp>

<comp id="54" class="1004" name="trunc_ln4_read_read_fu_54">
<pin_list>
<pin id="55" dir="0" index="0" bw="5" slack="0"/>
<pin id="56" dir="0" index="1" bw="5" slack="0"/>
<pin id="57" dir="1" index="2" bw="5" slack="0"/>
</pin_list>
<bind>
<opcode="read(1150) " fcode="read"/>
<opset="trunc_ln4_read/1 "/>
</bind>
</comp>

<comp id="60" class="1004" name="mul_read_read_fu_60">
<pin_list>
<pin id="61" dir="0" index="0" bw="3" slack="0"/>
<pin id="62" dir="0" index="1" bw="3" slack="0"/>
<pin id="63" dir="1" index="2" bw="3" slack="0"/>
</pin_list>
<bind>
<opcode="read(1150) " fcode="read"/>
<opset="mul_read/1 "/>
</bind>
</comp>

<comp id="66" class="1004" name="B_rows_read_read_fu_66">
<pin_list>
<pin id="67" dir="0" index="0" bw="64" slack="0"/>
<pin id="68" dir="0" index="1" bw="64" slack="0"/>
<pin id="69" dir="1" index="2" bw="64" slack="0"/>
</pin_list>
<bind>
<opcode="read(1150) " fcode="read"/>
<opset="B_rows_read/1 "/>
</bind>
</comp>

<comp id="72" class="1004" name="A_addr_gep_fu_72">
<pin_list>
<pin id="73" dir="0" index="0" bw="32" slack="0"/>
<pin id="74" dir="0" index="1" bw="1" slack="0"/>
<pin id="75" dir="0" index="2" bw="3" slack="0"/>
<pin id="76" dir="1" index="3" bw="3" slack="0"/>
</pin_list>
<bind>
<opcode="getelementptr(29) " fcode="getelementptr"/>
<opset="A_addr/1 "/>
</bind>
</comp>

<comp id="79" class="1004" name="grp_access_fu_79">
<pin_list>
<pin id="80" dir="0" index="0" bw="3" slack="0"/>
<pin id="81" dir="0" index="1" bw="32" slack="2147483647"/>
<pin id="82" dir="0" index="2" bw="0" slack="2147483647"/>
<pin id="83" dir="1" index="3" bw="32" slack="0"/>
</pin_list>
<bind>
<opcode="load(27) " fcode="load"/>
<opset="A_load/1 "/>
</bind>
</comp>

<comp id="85" class="1004" name="B_addr_gep_fu_85">
<pin_list>
<pin id="86" dir="0" index="0" bw="32" slack="0"/>
<pin id="87" dir="0" index="1" bw="1" slack="0"/>
<pin id="88" dir="0" index="2" bw="5" slack="0"/>
<pin id="89" dir="1" index="3" bw="5" slack="0"/>
</pin_list>
<bind>
<opcode="getelementptr(29) " fcode="getelementptr"/>
<opset="B_addr/1 "/>
</bind>
</comp>

<comp id="92" class="1004" name="grp_access_fu_92">
<pin_list>
<pin id="93" dir="0" index="0" bw="5" slack="0"/>
<pin id="94" dir="0" index="1" bw="32" slack="2147483647"/>
<pin id="95" dir="0" index="2" bw="0" slack="2147483647"/>
<pin id="96" dir="1" index="3" bw="32" slack="0"/>
</pin_list>
<bind>
<opcode="load(27) " fcode="load"/>
<opset="B_load/1 "/>
</bind>
</comp>

<comp id="98" class="1004" name="acc_addr_gep_fu_98">
<pin_list>
<pin id="99" dir="0" index="0" bw="32" slack="0"/>
<pin id="100" dir="0" index="1" bw="1" slack="0"/>
<pin id="101" dir="0" index="2" bw="5" slack="4"/>
<pin id="102" dir="1" index="3" bw="5" slack="0"/>
</pin_list>
<bind>
<opcode="getelementptr(29) " fcode="getelementptr"/>
<opset="acc_addr/5 "/>
</bind>
</comp>

<comp id="105" class="1004" name="store_ln32_access_fu_105">
<pin_list>
<pin id="106" dir="0" index="0" bw="5" slack="0"/>
<pin id="107" dir="0" index="1" bw="32" slack="0"/>
<pin id="108" dir="0" index="2" bw="0" slack="2147483647"/>
<pin id="109" dir="1" index="3" bw="32" slack="2147483647"/>
</pin_list>
<bind>
<opcode="store(28) " fcode="store"/>
<opset="store_ln32/5 "/>
</bind>
</comp>

<comp id="111" class="1004" name="grp_fu_111">
<pin_list>
<pin id="112" dir="0" index="0" bw="32" slack="0"/>
<pin id="113" dir="0" index="1" bw="32" slack="0"/>
<pin id="114" dir="1" index="2" bw="32" slack="0"/>
</pin_list>
<bind>
<opcode="fmul(13) " fcode="fmul"/>
<opset="mul1/2 "/>
</bind>
</comp>

<comp id="118" class="1004" name="store_ln0_store_fu_118">
<pin_list>
<pin id="119" dir="0" index="0" bw="1" slack="0"/>
<pin id="120" dir="0" index="1" bw="5" slack="0"/>
<pin id="121" dir="1" index="2" bw="0" slack="2147483647"/>
</pin_list>
<bind>
<opcode="store(28) " fcode="store"/>
<opset="store_ln0/1 "/>
</bind>
</comp>

<comp id="123" class="1004" name="store_ln0_store_fu_123">
<pin_list>
<pin id="124" dir="0" index="0" bw="1" slack="0"/>
<pin id="125" dir="0" index="1" bw="5" slack="0"/>
<pin id="126" dir="1" index="2" bw="0" slack="2147483647"/>
</pin_list>
<bind>
<opcode="store(28) " fcode="store"/>
<opset="store_ln0/1 "/>
</bind>
</comp>

<comp id="128" class="1004" name="n_3_load_fu_128">
<pin_list>
<pin id="129" dir="0" index="0" bw="5" slack="0"/>
<pin id="130" dir="1" index="1" bw="5" slack="0"/>
</pin_list>
<bind>
<opcode="load(27) " fcode="load"/>
<opset="n_3/1 "/>
</bind>
</comp>

<comp id="131" class="1004" name="n_cast6_fu_131">
<pin_list>
<pin id="132" dir="0" index="0" bw="5" slack="0"/>
<pin id="133" dir="1" index="1" bw="64" slack="0"/>
</pin_list>
<bind>
<opcode="zext(34) " fcode="zext"/>
<opset="n_cast6/1 "/>
</bind>
</comp>

<comp id="135" class="1004" name="icmp_ln31_fu_135">
<pin_list>
<pin id="136" dir="0" index="0" bw="64" slack="0"/>
<pin id="137" dir="0" index="1" bw="64" slack="0"/>
<pin id="138" dir="1" index="2" bw="1" slack="3"/>
</pin_list>
<bind>
<opcode="icmp(45) " fcode="icmp"/>
<opset="icmp_ln31/1 "/>
</bind>
</comp>

<comp id="141" class="1004" name="n_4_fu_141">
<pin_list>
<pin id="142" dir="0" index="0" bw="5" slack="0"/>
<pin id="143" dir="0" index="1" bw="1" slack="0"/>
<pin id="144" dir="1" index="2" bw="5" slack="0"/>
</pin_list>
<bind>
<opcode="add(8) " fcode="add"/>
<opset="n_4/1 "/>
</bind>
</comp>

<comp id="147" class="1004" name="phi_mul_load_load_fu_147">
<pin_list>
<pin id="148" dir="0" index="0" bw="5" slack="0"/>
<pin id="149" dir="1" index="1" bw="5" slack="0"/>
</pin_list>
<bind>
<opcode="load(27) " fcode="load"/>
<opset="phi_mul_load/1 "/>
</bind>
</comp>

<comp id="150" class="1004" name="empty_fu_150">
<pin_list>
<pin id="151" dir="0" index="0" bw="5" slack="0"/>
<pin id="152" dir="1" index="1" bw="3" slack="0"/>
</pin_list>
<bind>
<opcode="trunc(33) " fcode="trunc"/>
<opset="empty/1 "/>
</bind>
</comp>

<comp id="154" class="1004" name="add_ln32_fu_154">
<pin_list>
<pin id="155" dir="0" index="0" bw="3" slack="0"/>
<pin id="156" dir="0" index="1" bw="3" slack="0"/>
<pin id="157" dir="1" index="2" bw="3" slack="0"/>
</pin_list>
<bind>
<opcode="add(8) " fcode="add"/>
<opset="add_ln32/1 "/>
</bind>
</comp>

<comp id="160" class="1004" name="zext_ln32_fu_160">
<pin_list>
<pin id="161" dir="0" index="0" bw="3" slack="0"/>
<pin id="162" dir="1" index="1" bw="64" slack="0"/>
</pin_list>
<bind>
<opcode="zext(34) " fcode="zext"/>
<opset="zext_ln32/1 "/>
</bind>
</comp>

<comp id="165" class="1004" name="add_ln32_2_fu_165">
<pin_list>
<pin id="166" dir="0" index="0" bw="5" slack="0"/>
<pin id="167" dir="0" index="1" bw="5" slack="0"/>
<pin id="168" dir="1" index="2" bw="5" slack="0"/>
</pin_list>
<bind>
<opcode="add(8) " fcode="add"/>
<opset="add_ln32_2/1 "/>
</bind>
</comp>

<comp id="171" class="1004" name="add_ln32_1_fu_171">
<pin_list>
<pin id="172" dir="0" index="0" bw="5" slack="0"/>
<pin id="173" dir="0" index="1" bw="5" slack="0"/>
<pin id="174" dir="1" index="2" bw="5" slack="0"/>
</pin_list>
<bind>
<opcode="add(8) " fcode="add"/>
<opset="add_ln32_1/1 "/>
</bind>
</comp>

<comp id="177" class="1004" name="zext_ln32_1_fu_177">
<pin_list>
<pin id="178" dir="0" index="0" bw="5" slack="0"/>
<pin id="179" dir="1" index="1" bw="64" slack="0"/>
</pin_list>
<bind>
<opcode="zext(34) " fcode="zext"/>
<opset="zext_ln32_1/1 "/>
</bind>
</comp>

<comp id="182" class="1004" name="store_ln31_store_fu_182">
<pin_list>
<pin id="183" dir="0" index="0" bw="5" slack="0"/>
<pin id="184" dir="0" index="1" bw="5" slack="0"/>
<pin id="185" dir="1" index="2" bw="0" slack="2147483647"/>
</pin_list>
<bind>
<opcode="store(28) " fcode="store"/>
<opset="store_ln31/1 "/>
</bind>
</comp>

<comp id="187" class="1004" name="store_ln31_store_fu_187">
<pin_list>
<pin id="188" dir="0" index="0" bw="5" slack="0"/>
<pin id="189" dir="0" index="1" bw="5" slack="0"/>
<pin id="190" dir="1" index="2" bw="0" slack="2147483647"/>
</pin_list>
<bind>
<opcode="store(28) " fcode="store"/>
<opset="store_ln31/1 "/>
</bind>
</comp>

<comp id="192" class="1005" name="phi_mul_reg_192">
<pin_list>
<pin id="193" dir="0" index="0" bw="5" slack="0"/>
<pin id="194" dir="1" index="1" bw="5" slack="0"/>
</pin_list>
<bind>
<opset="phi_mul "/>
</bind>
</comp>

<comp id="199" class="1005" name="n_reg_199">
<pin_list>
<pin id="200" dir="0" index="0" bw="5" slack="0"/>
<pin id="201" dir="1" index="1" bw="5" slack="0"/>
</pin_list>
<bind>
<opset="n "/>
</bind>
</comp>

<comp id="206" class="1005" name="n_cast6_reg_206">
<pin_list>
<pin id="207" dir="0" index="0" bw="64" slack="4"/>
<pin id="208" dir="1" index="1" bw="64" slack="4"/>
</pin_list>
<bind>
<opset="n_cast6 "/>
</bind>
</comp>

<comp id="211" class="1005" name="icmp_ln31_reg_211">
<pin_list>
<pin id="212" dir="0" index="0" bw="1" slack="3"/>
<pin id="213" dir="1" index="1" bw="1" slack="2147483647"/>
</pin_list>
<bind>
<opset="icmp_ln31 "/>
</bind>
</comp>

<comp id="215" class="1005" name="A_addr_reg_215">
<pin_list>
<pin id="216" dir="0" index="0" bw="3" slack="1"/>
<pin id="217" dir="1" index="1" bw="3" slack="1"/>
</pin_list>
<bind>
<opset="A_addr "/>
</bind>
</comp>

<comp id="220" class="1005" name="B_addr_reg_220">
<pin_list>
<pin id="221" dir="0" index="0" bw="5" slack="1"/>
<pin id="222" dir="1" index="1" bw="5" slack="1"/>
</pin_list>
<bind>
<opset="B_addr "/>
</bind>
</comp>

<comp id="225" class="1005" name="A_load_reg_225">
<pin_list>
<pin id="226" dir="0" index="0" bw="32" slack="1"/>
<pin id="227" dir="1" index="1" bw="32" slack="1"/>
</pin_list>
<bind>
<opset="A_load "/>
</bind>
</comp>

<comp id="230" class="1005" name="B_load_reg_230">
<pin_list>
<pin id="231" dir="0" index="0" bw="32" slack="1"/>
<pin id="232" dir="1" index="1" bw="32" slack="1"/>
</pin_list>
<bind>
<opset="B_load "/>
</bind>
</comp>

</comp_list>

<net_list>
<net id="43"><net_src comp="14" pin="0"/><net_sink comp="40" pin=0"/></net>

<net id="47"><net_src comp="14" pin="0"/><net_sink comp="44" pin=0"/></net>

<net id="52"><net_src comp="16" pin="0"/><net_sink comp="48" pin=0"/></net>

<net id="53"><net_src comp="8" pin="0"/><net_sink comp="48" pin=1"/></net>

<net id="58"><net_src comp="16" pin="0"/><net_sink comp="54" pin=0"/></net>

<net id="59"><net_src comp="6" pin="0"/><net_sink comp="54" pin=1"/></net>

<net id="64"><net_src comp="18" pin="0"/><net_sink comp="60" pin=0"/></net>

<net id="65"><net_src comp="2" pin="0"/><net_sink comp="60" pin=1"/></net>

<net id="70"><net_src comp="20" pin="0"/><net_sink comp="66" pin=0"/></net>

<net id="71"><net_src comp="0" pin="0"/><net_sink comp="66" pin=1"/></net>

<net id="77"><net_src comp="4" pin="0"/><net_sink comp="72" pin=0"/></net>

<net id="78"><net_src comp="34" pin="0"/><net_sink comp="72" pin=1"/></net>

<net id="84"><net_src comp="72" pin="3"/><net_sink comp="79" pin=0"/></net>

<net id="90"><net_src comp="10" pin="0"/><net_sink comp="85" pin=0"/></net>

<net id="91"><net_src comp="34" pin="0"/><net_sink comp="85" pin=1"/></net>

<net id="97"><net_src comp="85" pin="3"/><net_sink comp="92" pin=0"/></net>

<net id="103"><net_src comp="12" pin="0"/><net_sink comp="98" pin=0"/></net>

<net id="104"><net_src comp="34" pin="0"/><net_sink comp="98" pin=1"/></net>

<net id="110"><net_src comp="98" pin="3"/><net_sink comp="105" pin=0"/></net>

<net id="115"><net_src comp="111" pin="2"/><net_sink comp="105" pin=1"/></net>

<net id="116"><net_src comp="79" pin="3"/><net_sink comp="111" pin=0"/></net>

<net id="117"><net_src comp="92" pin="3"/><net_sink comp="111" pin=1"/></net>

<net id="122"><net_src comp="22" pin="0"/><net_sink comp="118" pin=0"/></net>

<net id="127"><net_src comp="22" pin="0"/><net_sink comp="123" pin=0"/></net>

<net id="134"><net_src comp="128" pin="1"/><net_sink comp="131" pin=0"/></net>

<net id="139"><net_src comp="131" pin="1"/><net_sink comp="135" pin=0"/></net>

<net id="140"><net_src comp="66" pin="2"/><net_sink comp="135" pin=1"/></net>

<net id="145"><net_src comp="128" pin="1"/><net_sink comp="141" pin=0"/></net>

<net id="146"><net_src comp="32" pin="0"/><net_sink comp="141" pin=1"/></net>

<net id="153"><net_src comp="128" pin="1"/><net_sink comp="150" pin=0"/></net>

<net id="158"><net_src comp="150" pin="1"/><net_sink comp="154" pin=0"/></net>

<net id="159"><net_src comp="60" pin="2"/><net_sink comp="154" pin=1"/></net>

<net id="163"><net_src comp="154" pin="2"/><net_sink comp="160" pin=0"/></net>

<net id="164"><net_src comp="160" pin="1"/><net_sink comp="72" pin=2"/></net>

<net id="169"><net_src comp="147" pin="1"/><net_sink comp="165" pin=0"/></net>

<net id="170"><net_src comp="54" pin="2"/><net_sink comp="165" pin=1"/></net>

<net id="175"><net_src comp="147" pin="1"/><net_sink comp="171" pin=0"/></net>

<net id="176"><net_src comp="48" pin="2"/><net_sink comp="171" pin=1"/></net>

<net id="180"><net_src comp="171" pin="2"/><net_sink comp="177" pin=0"/></net>

<net id="181"><net_src comp="177" pin="1"/><net_sink comp="85" pin=2"/></net>

<net id="186"><net_src comp="141" pin="2"/><net_sink comp="182" pin=0"/></net>

<net id="191"><net_src comp="165" pin="2"/><net_sink comp="187" pin=0"/></net>

<net id="195"><net_src comp="40" pin="1"/><net_sink comp="192" pin=0"/></net>

<net id="196"><net_src comp="192" pin="1"/><net_sink comp="123" pin=1"/></net>

<net id="197"><net_src comp="192" pin="1"/><net_sink comp="147" pin=0"/></net>

<net id="198"><net_src comp="192" pin="1"/><net_sink comp="187" pin=1"/></net>

<net id="202"><net_src comp="44" pin="1"/><net_sink comp="199" pin=0"/></net>

<net id="203"><net_src comp="199" pin="1"/><net_sink comp="118" pin=1"/></net>

<net id="204"><net_src comp="199" pin="1"/><net_sink comp="128" pin=0"/></net>

<net id="205"><net_src comp="199" pin="1"/><net_sink comp="182" pin=1"/></net>

<net id="209"><net_src comp="131" pin="1"/><net_sink comp="206" pin=0"/></net>

<net id="210"><net_src comp="206" pin="1"/><net_sink comp="98" pin=2"/></net>

<net id="214"><net_src comp="135" pin="2"/><net_sink comp="211" pin=0"/></net>

<net id="218"><net_src comp="72" pin="3"/><net_sink comp="215" pin=0"/></net>

<net id="219"><net_src comp="215" pin="1"/><net_sink comp="79" pin=0"/></net>

<net id="223"><net_src comp="85" pin="3"/><net_sink comp="220" pin=0"/></net>

<net id="224"><net_src comp="220" pin="1"/><net_sink comp="92" pin=0"/></net>

<net id="228"><net_src comp="79" pin="3"/><net_sink comp="225" pin=0"/></net>

<net id="229"><net_src comp="225" pin="1"/><net_sink comp="111" pin=0"/></net>

<net id="233"><net_src comp="92" pin="3"/><net_sink comp="230" pin=0"/></net>

<net id="234"><net_src comp="230" pin="1"/><net_sink comp="111" pin=1"/></net>

</net_list>

</model> 
---------------- Datapath Model END ------------------

* FSMD analyzer results:
  - Output states:
	Port: acc | {5 }
 - Input state : 
	Port: MatrixMultiplication_Pipeline_VITIS_LOOP_31_5 : B_rows | {1 }
	Port: MatrixMultiplication_Pipeline_VITIS_LOOP_31_5 : mul | {1 }
	Port: MatrixMultiplication_Pipeline_VITIS_LOOP_31_5 : A | {1 2 }
	Port: MatrixMultiplication_Pipeline_VITIS_LOOP_31_5 : trunc_ln4 | {1 }
	Port: MatrixMultiplication_Pipeline_VITIS_LOOP_31_5 : trunc_ln5 | {1 }
	Port: MatrixMultiplication_Pipeline_VITIS_LOOP_31_5 : B | {1 2 }
  - Chain level:
	State 1
		store_ln0 : 1
		store_ln0 : 1
		n_3 : 1
		n_cast6 : 2
		icmp_ln31 : 3
		n_4 : 2
		br_ln31 : 4
		phi_mul_load : 1
		empty : 2
		add_ln32 : 3
		zext_ln32 : 4
		A_addr : 5
		A_load : 6
		add_ln32_2 : 2
		add_ln32_1 : 2
		zext_ln32_1 : 3
		B_addr : 4
		B_load : 5
		store_ln31 : 3
		store_ln31 : 3
	State 2
		mul1 : 1
	State 3
	State 4
	State 5
		store_ln32 : 1


============================================================
+ Verbose Summary: Datapath Resource usage 
============================================================

* Functional unit list:
|----------|---------------------------|---------|---------|---------|
| Operation|      Functional Unit      |   DSP   |    FF   |   LUT   |
|----------|---------------------------|---------|---------|---------|
|   fmul   |         grp_fu_111        |    3    |   143   |   140   |
|----------|---------------------------|---------|---------|---------|
|          |         n_4_fu_141        |    0    |    0    |    12   |
|    add   |      add_ln32_fu_154      |    0    |    0    |    10   |
|          |     add_ln32_2_fu_165     |    0    |    0    |    12   |
|          |     add_ln32_1_fu_171     |    0    |    0    |    12   |
|----------|---------------------------|---------|---------|---------|
|   icmp   |      icmp_ln31_fu_135     |    0    |    0    |    29   |
|----------|---------------------------|---------|---------|---------|
|          | trunc_ln5_read_read_fu_48 |    0    |    0    |    0    |
|   read   | trunc_ln4_read_read_fu_54 |    0    |    0    |    0    |
|          |    mul_read_read_fu_60    |    0    |    0    |    0    |
|          |   B_rows_read_read_fu_66  |    0    |    0    |    0    |
|----------|---------------------------|---------|---------|---------|
|          |       n_cast6_fu_131      |    0    |    0    |    0    |
|   zext   |      zext_ln32_fu_160     |    0    |    0    |    0    |
|          |     zext_ln32_1_fu_177    |    0    |    0    |    0    |
|----------|---------------------------|---------|---------|---------|
|   trunc  |        empty_fu_150       |    0    |    0    |    0    |
|----------|---------------------------|---------|---------|---------|
|   Total  |                           |    3    |   143   |   215   |
|----------|---------------------------|---------|---------|---------|

Memories:
N/A

* Register list:
+-----------------+--------+
|                 |   FF   |
+-----------------+--------+
|  A_addr_reg_215 |    3   |
|  A_load_reg_225 |   32   |
|  B_addr_reg_220 |    5   |
|  B_load_reg_230 |   32   |
|icmp_ln31_reg_211|    1   |
| n_cast6_reg_206 |   64   |
|    n_reg_199    |    5   |
| phi_mul_reg_192 |    5   |
+-----------------+--------+
|      Total      |   147  |
+-----------------+--------+

* Multiplexer (MUX) list: 
|------------------|------|------|------|--------||---------||---------|
|       Comp       |  Pin | Size |  BW  | S x BW ||  Delay  ||   LUT   |
|------------------|------|------|------|--------||---------||---------|
| grp_access_fu_79 |  p0  |   2  |   3  |    6   ||    9    |
| grp_access_fu_92 |  p0  |   2  |   5  |   10   ||    9    |
|    grp_fu_111    |  p0  |   2  |  32  |   64   ||    9    |
|    grp_fu_111    |  p1  |   2  |  32  |   64   ||    9    |
|------------------|------|------|------|--------||---------||---------|
|       Total      |      |      |      |   144  ||  1.956  ||    36   |
|------------------|------|------|------|--------||---------||---------|



* Summary:
+-----------+--------+--------+--------+--------+
|           |   DSP  |  Delay |   FF   |   LUT  |
+-----------+--------+--------+--------+--------+
|  Function |    3   |    -   |   143  |   215  |
|   Memory  |    -   |    -   |    -   |    -   |
|Multiplexer|    -   |    1   |    -   |   36   |
|  Register |    -   |    -   |   147  |    -   |
+-----------+--------+--------+--------+--------+
|   Total   |    3   |    1   |   290  |   251  |
+-----------+--------+--------+--------+--------+
