

================================================================
== Vitis HLS Report for 'MatrixMultiplication_Pipeline_VITIS_LOOP_31_5'
================================================================
* Date:           Fri Nov 24 13:07:10 2023

* Version:        2022.2 (Build 3670227 on Oct 13 2022)
* Project:        HLS_Project
* Solution:       solution1 (Vitis Kernel Flow Target)
* Product family: zynquplus
* Target device:  xczu9eg-ffvc900-1-e


================================================================
== Performance Estimates
================================================================
+ Timing: 
    * Summary: 
    +--------+----------+----------+------------+
    |  Clock |  Target  | Estimated| Uncertainty|
    +--------+----------+----------+------------+
    |ap_clk  |  10.00 ns|  5.461 ns|     2.70 ns|
    +--------+----------+----------+------------+

+ Latency: 
    * Summary: 
    +---------+---------+----------+----------+-----+-----+---------+
    |  Latency (cycles) |  Latency (absolute) |  Interval | Pipeline|
    |   min   |   max   |    min   |    max   | min | max |   Type  |
    +---------+---------+----------+----------+-----+-----+---------+
    |        ?|        ?|         ?|         ?|    ?|    ?|       no|
    +---------+---------+----------+----------+-----+-----+---------+

    + Detail: 
        * Instance: 
        N/A

        * Loop: 
        +-------------------+---------+---------+----------+-----------+-----------+------+----------+
        |                   |  Latency (cycles) | Iteration|  Initiation Interval  | Trip |          |
        |     Loop Name     |   min   |   max   |  Latency |  achieved |   target  | Count| Pipelined|
        +-------------------+---------+---------+----------+-----------+-----------+------+----------+
        |- VITIS_LOOP_31_5  |        ?|        ?|         5|          1|          1|     ?|       yes|
        +-------------------+---------+---------+----------+-----------+-----------+------+----------+

============================================================
+ Verbose Summary: Synthesis Manager
============================================================
InlineROM: 1
ExposeGlobal: 0
============================================================
+ Verbose Summary: CDFG Model
============================================================
IsTopModel: 0
ResetActiveHigh: 1
IsCombinational: 0
IsDatapathOnly: 0
HasWiredReturn: 1
HasMFsm: 2
HasVarLatency: 1
IsPipeline: 0
IsRtlPipelined: 0
IsInstanceOverlapped: 0
IsDontTouch: 0
HasImplIP: 0
IsGatedGlobalClock: 0

+ Individual pipeline summary: 
  * Pipeline-0: initiation interval (II) = 1, depth = 5


============================================================
+ Verbose Summary: Schedule
============================================================
* Number of FSM states : 5
* Pipeline : 1
  Pipeline-0 : II = 1, D = 5, States = { 1 2 3 4 5 }
* Dataflow Pipeline: 0

* FSM state transitions: 
1 --> 2 
2 --> 3 
3 --> 4 
4 --> 5 
5 --> 

* FSM state operations: 

State 1 <SV = 0> <Delay = 1.97>
ST_1 : Operation 8 [1/1] (0.00ns)   --->   "%phi_mul = alloca i32 1"   --->   Operation 8 'alloca' 'phi_mul' <Predicate = true> <Delay = 0.00>
ST_1 : Operation 9 [1/1] (0.00ns)   --->   "%n = alloca i32 1"   --->   Operation 9 'alloca' 'n' <Predicate = true> <Delay = 0.00>
ST_1 : Operation 10 [1/1] (0.00ns)   --->   "%trunc_ln5_read = read i5 @_ssdm_op_Read.ap_auto.i5, i5 %trunc_ln5"   --->   Operation 10 'read' 'trunc_ln5_read' <Predicate = true> <Delay = 0.00>
ST_1 : Operation 11 [1/1] (0.00ns)   --->   "%trunc_ln4_read = read i5 @_ssdm_op_Read.ap_auto.i5, i5 %trunc_ln4"   --->   Operation 11 'read' 'trunc_ln4_read' <Predicate = true> <Delay = 0.00>
ST_1 : Operation 12 [1/1] (0.00ns)   --->   "%mul_read = read i3 @_ssdm_op_Read.ap_auto.i3, i3 %mul"   --->   Operation 12 'read' 'mul_read' <Predicate = true> <Delay = 0.00>
ST_1 : Operation 13 [1/1] (0.00ns)   --->   "%B_rows_read = read i64 @_ssdm_op_Read.ap_auto.i64, i64 %B_rows"   --->   Operation 13 'read' 'B_rows_read' <Predicate = true> <Delay = 0.00>
ST_1 : Operation 14 [1/1] (0.48ns)   --->   "%store_ln0 = store i5 0, i5 %n"   --->   Operation 14 'store' 'store_ln0' <Predicate = true> <Delay = 0.48>
ST_1 : Operation 15 [1/1] (0.48ns)   --->   "%store_ln0 = store i5 0, i5 %phi_mul"   --->   Operation 15 'store' 'store_ln0' <Predicate = true> <Delay = 0.48>
ST_1 : Operation 16 [1/1] (0.00ns)   --->   "%br_ln0 = br void %for.inc33"   --->   Operation 16 'br' 'br_ln0' <Predicate = true> <Delay = 0.00>
ST_1 : Operation 17 [1/1] (0.00ns)   --->   "%n_3 = load i5 %n"   --->   Operation 17 'load' 'n_3' <Predicate = true> <Delay = 0.00>
ST_1 : Operation 18 [1/1] (0.00ns)   --->   "%n_cast6 = zext i5 %n_3"   --->   Operation 18 'zext' 'n_cast6' <Predicate = true> <Delay = 0.00>
ST_1 : Operation 19 [1/1] (0.00ns)   --->   "%specpipeline_ln0 = specpipeline void @_ssdm_op_SpecPipeline, i32 4294967295, i32 0, i32 1, i32 0, void @p_str"   --->   Operation 19 'specpipeline' 'specpipeline_ln0' <Predicate = true> <Delay = 0.00>
ST_1 : Operation 20 [1/1] (1.48ns)   --->   "%icmp_ln31 = icmp_eq  i64 %n_cast6, i64 %B_rows_read" [HLS_Project/matrix_multiply.cpp:31]   --->   Operation 20 'icmp' 'icmp_ln31' <Predicate = true> <Delay = 1.48> <CoreInst = "Cmp">   --->   Core 9 'Cmp' <Latency = 0> <II = 1> <Delay = 1.48> <FuncUnit> <Opcode : 'icmp'> <InPorts = 2> <OutPorts = 1>
ST_1 : Operation 21 [1/1] (0.87ns)   --->   "%n_4 = add i5 %n_3, i5 1" [HLS_Project/matrix_multiply.cpp:31]   --->   Operation 21 'add' 'n_4' <Predicate = true> <Delay = 0.87> <CoreInst = "Adder">   --->   Core 1 'Adder' <Latency = 0> <II = 1> <Delay = 0.87> <FuncUnit> <Opcode : 'add' 'sub'> <InPorts = 2> <OutPorts = 1>
ST_1 : Operation 22 [1/1] (0.00ns)   --->   "%br_ln31 = br i1 %icmp_ln31, void %for.inc33.split, void %VITIS_LOOP_34_6.loopexit.exitStub" [HLS_Project/matrix_multiply.cpp:31]   --->   Operation 22 'br' 'br_ln31' <Predicate = true> <Delay = 0.00>
ST_1 : Operation 23 [1/1] (0.00ns)   --->   "%phi_mul_load = load i5 %phi_mul" [HLS_Project/matrix_multiply.cpp:32]   --->   Operation 23 'load' 'phi_mul_load' <Predicate = (!icmp_ln31)> <Delay = 0.00>
ST_1 : Operation 24 [1/1] (0.00ns)   --->   "%empty = trunc i5 %n_3"   --->   Operation 24 'trunc' 'empty' <Predicate = (!icmp_ln31)> <Delay = 0.00>
ST_1 : Operation 25 [1/1] (0.74ns)   --->   "%add_ln32 = add i3 %empty, i3 %mul_read" [HLS_Project/matrix_multiply.cpp:32]   --->   Operation 25 'add' 'add_ln32' <Predicate = (!icmp_ln31)> <Delay = 0.74> <CoreInst = "Adder">   --->   Core 1 'Adder' <Latency = 0> <II = 1> <Delay = 0.74> <FuncUnit> <Opcode : 'add' 'sub'> <InPorts = 2> <OutPorts = 1>
ST_1 : Operation 26 [1/1] (0.00ns)   --->   "%zext_ln32 = zext i3 %add_ln32" [HLS_Project/matrix_multiply.cpp:32]   --->   Operation 26 'zext' 'zext_ln32' <Predicate = (!icmp_ln31)> <Delay = 0.00>
ST_1 : Operation 27 [1/1] (0.00ns)   --->   "%A_addr = getelementptr i32 %A, i64 0, i64 %zext_ln32" [HLS_Project/matrix_multiply.cpp:32]   --->   Operation 27 'getelementptr' 'A_addr' <Predicate = (!icmp_ln31)> <Delay = 0.00>
ST_1 : Operation 28 [2/2] (0.79ns)   --->   "%A_load = load i3 %A_addr" [HLS_Project/matrix_multiply.cpp:32]   --->   Operation 28 'load' 'A_load' <Predicate = (!icmp_ln31)> <Delay = 0.79> <CoreInst = "RAM">   --->   Core 83 'RAM' <Latency = 1> <II = 1> <Delay = 0.79> <Storage> <Opcode : 'load' 'store'> <Ports = 2> <Width = 32> <Depth = 5> <RAM>
ST_1 : Operation 29 [1/1] (0.87ns)   --->   "%add_ln32_2 = add i5 %phi_mul_load, i5 %trunc_ln4_read" [HLS_Project/matrix_multiply.cpp:32]   --->   Operation 29 'add' 'add_ln32_2' <Predicate = (!icmp_ln31)> <Delay = 0.87> <CoreInst = "Adder">   --->   Core 1 'Adder' <Latency = 0> <II = 1> <Delay = 0.87> <FuncUnit> <Opcode : 'add' 'sub'> <InPorts = 2> <OutPorts = 1>
ST_1 : Operation 30 [1/1] (0.87ns)   --->   "%add_ln32_1 = add i5 %phi_mul_load, i5 %trunc_ln5_read" [HLS_Project/matrix_multiply.cpp:32]   --->   Operation 30 'add' 'add_ln32_1' <Predicate = (!icmp_ln31)> <Delay = 0.87> <CoreInst = "Adder">   --->   Core 1 'Adder' <Latency = 0> <II = 1> <Delay = 0.87> <FuncUnit> <Opcode : 'add' 'sub'> <InPorts = 2> <OutPorts = 1>
ST_1 : Operation 31 [1/1] (0.00ns)   --->   "%zext_ln32_1 = zext i5 %add_ln32_1" [HLS_Project/matrix_multiply.cpp:32]   --->   Operation 31 'zext' 'zext_ln32_1' <Predicate = (!icmp_ln31)> <Delay = 0.00>
ST_1 : Operation 32 [1/1] (0.00ns)   --->   "%B_addr = getelementptr i32 %B, i64 0, i64 %zext_ln32_1" [HLS_Project/matrix_multiply.cpp:32]   --->   Operation 32 'getelementptr' 'B_addr' <Predicate = (!icmp_ln31)> <Delay = 0.00>
ST_1 : Operation 33 [2/2] (0.79ns)   --->   "%B_load = load i5 %B_addr" [HLS_Project/matrix_multiply.cpp:32]   --->   Operation 33 'load' 'B_load' <Predicate = (!icmp_ln31)> <Delay = 0.79> <CoreInst = "RAM">   --->   Core 83 'RAM' <Latency = 1> <II = 1> <Delay = 0.79> <Storage> <Opcode : 'load' 'store'> <Ports = 2> <Width = 32> <Depth = 25> <RAM>
ST_1 : Operation 34 [1/1] (0.48ns)   --->   "%store_ln31 = store i5 %n_4, i5 %n" [HLS_Project/matrix_multiply.cpp:31]   --->   Operation 34 'store' 'store_ln31' <Predicate = (!icmp_ln31)> <Delay = 0.48>
ST_1 : Operation 35 [1/1] (0.48ns)   --->   "%store_ln31 = store i5 %add_ln32_2, i5 %phi_mul" [HLS_Project/matrix_multiply.cpp:31]   --->   Operation 35 'store' 'store_ln31' <Predicate = (!icmp_ln31)> <Delay = 0.48>

State 2 <SV = 1> <Delay = 5.46>
ST_2 : Operation 36 [1/2] (0.79ns)   --->   "%A_load = load i3 %A_addr" [HLS_Project/matrix_multiply.cpp:32]   --->   Operation 36 'load' 'A_load' <Predicate = true> <Delay = 0.79> <CoreInst = "RAM">   --->   Core 83 'RAM' <Latency = 1> <II = 1> <Delay = 0.79> <Storage> <Opcode : 'load' 'store'> <Ports = 2> <Width = 32> <Depth = 5> <RAM>
ST_2 : Operation 37 [1/2] (0.79ns)   --->   "%B_load = load i5 %B_addr" [HLS_Project/matrix_multiply.cpp:32]   --->   Operation 37 'load' 'B_load' <Predicate = true> <Delay = 0.79> <CoreInst = "RAM">   --->   Core 83 'RAM' <Latency = 1> <II = 1> <Delay = 0.79> <Storage> <Opcode : 'load' 'store'> <Ports = 2> <Width = 32> <Depth = 25> <RAM>
ST_2 : Operation 38 [4/4] (4.67ns)   --->   "%mul1 = fmul i32 %A_load, i32 %B_load" [HLS_Project/matrix_multiply.cpp:32]   --->   Operation 38 'fmul' 'mul1' <Predicate = true> <Delay = 4.67> <CoreInst = "FMul_maxdsp">   --->   Core 30 'FMul_maxdsp' <Latency = 3> <II = 1> <Delay = 4.67> <FuncUnit> <Opcode : 'fmul'> <InPorts = 2> <OutPorts = 1>

State 3 <SV = 2> <Delay = 4.67>
ST_3 : Operation 39 [3/4] (4.67ns)   --->   "%mul1 = fmul i32 %A_load, i32 %B_load" [HLS_Project/matrix_multiply.cpp:32]   --->   Operation 39 'fmul' 'mul1' <Predicate = true> <Delay = 4.67> <CoreInst = "FMul_maxdsp">   --->   Core 30 'FMul_maxdsp' <Latency = 3> <II = 1> <Delay = 4.67> <FuncUnit> <Opcode : 'fmul'> <InPorts = 2> <OutPorts = 1>

State 4 <SV = 3> <Delay = 4.67>
ST_4 : Operation 40 [2/4] (4.67ns)   --->   "%mul1 = fmul i32 %A_load, i32 %B_load" [HLS_Project/matrix_multiply.cpp:32]   --->   Operation 40 'fmul' 'mul1' <Predicate = true> <Delay = 4.67> <CoreInst = "FMul_maxdsp">   --->   Core 30 'FMul_maxdsp' <Latency = 3> <II = 1> <Delay = 4.67> <FuncUnit> <Opcode : 'fmul'> <InPorts = 2> <OutPorts = 1>
ST_4 : Operation 46 [1/1] (0.00ns)   --->   "%ret_ln0 = ret"   --->   Operation 46 'ret' 'ret_ln0' <Predicate = (icmp_ln31)> <Delay = 0.00>

State 5 <SV = 4> <Delay = 5.46>
ST_5 : Operation 41 [1/1] (0.00ns)   --->   "%specloopname_ln31 = specloopname void @_ssdm_op_SpecLoopName, void @empty_9" [HLS_Project/matrix_multiply.cpp:31]   --->   Operation 41 'specloopname' 'specloopname_ln31' <Predicate = true> <Delay = 0.00>
ST_5 : Operation 42 [1/4] (4.67ns)   --->   "%mul1 = fmul i32 %A_load, i32 %B_load" [HLS_Project/matrix_multiply.cpp:32]   --->   Operation 42 'fmul' 'mul1' <Predicate = true> <Delay = 4.67> <CoreInst = "FMul_maxdsp">   --->   Core 30 'FMul_maxdsp' <Latency = 3> <II = 1> <Delay = 4.67> <FuncUnit> <Opcode : 'fmul'> <InPorts = 2> <OutPorts = 1>
ST_5 : Operation 43 [1/1] (0.00ns)   --->   "%acc_addr = getelementptr i32 %acc, i64 0, i64 %n_cast6" [HLS_Project/matrix_multiply.cpp:32]   --->   Operation 43 'getelementptr' 'acc_addr' <Predicate = true> <Delay = 0.00>
ST_5 : Operation 44 [1/1] (0.79ns)   --->   "%store_ln32 = store i32 %mul1, i5 %acc_addr" [HLS_Project/matrix_multiply.cpp:32]   --->   Operation 44 'store' 'store_ln32' <Predicate = true> <Delay = 0.79> <CoreInst = "RAM">   --->   Core 83 'RAM' <Latency = 1> <II = 1> <Delay = 0.79> <Storage> <Opcode : 'load' 'store'> <Ports = 2> <Width = 32> <Depth = 25> <RAM>
ST_5 : Operation 45 [1/1] (0.00ns)   --->   "%br_ln31 = br void %for.inc33" [HLS_Project/matrix_multiply.cpp:31]   --->   Operation 45 'br' 'br_ln31' <Predicate = true> <Delay = 0.00>


============================================================
+ Verbose Summary: Timing violations
============================================================
Target clock period: 10ns, clock uncertainty: 2.7ns.

 <State 1>: 1.97ns
The critical path consists of the following:
	'alloca' operation ('phi_mul') [8]  (0 ns)
	'load' operation ('phi_mul_load', HLS_Project/matrix_multiply.cpp:32) on local variable 'phi_mul' [25]  (0 ns)
	'add' operation ('add_ln32_1', HLS_Project/matrix_multiply.cpp:32) [33]  (0.878 ns)
	'getelementptr' operation ('B_addr', HLS_Project/matrix_multiply.cpp:32) [35]  (0 ns)
	'load' operation ('B_load', HLS_Project/matrix_multiply.cpp:32) on array 'B' [36]  (0.79 ns)
	blocking operation 0.302 ns on control path)

 <State 2>: 5.46ns
The critical path consists of the following:
	'load' operation ('A_load', HLS_Project/matrix_multiply.cpp:32) on array 'A' [31]  (0.79 ns)
	'fmul' operation ('mul1', HLS_Project/matrix_multiply.cpp:32) [37]  (4.67 ns)

 <State 3>: 4.67ns
The critical path consists of the following:
	'fmul' operation ('mul1', HLS_Project/matrix_multiply.cpp:32) [37]  (4.67 ns)

 <State 4>: 4.67ns
The critical path consists of the following:
	'fmul' operation ('mul1', HLS_Project/matrix_multiply.cpp:32) [37]  (4.67 ns)

 <State 5>: 5.46ns
The critical path consists of the following:
	'fmul' operation ('mul1', HLS_Project/matrix_multiply.cpp:32) [37]  (4.67 ns)
	'store' operation ('store_ln32', HLS_Project/matrix_multiply.cpp:32) of variable 'mul1', HLS_Project/matrix_multiply.cpp:32 on array 'acc' [39]  (0.79 ns)


============================================================
+ Verbose Summary: Binding
============================================================
N/A
* FSMD analyzer results:
  - Output states:
 - Input state : 
  - Chain level:
	State 1
	State 2
	State 3
	State 4
	State 5


============================================================
+ Verbose Summary: Datapath Resource usage 
============================================================
N/A
