#-----------------------------------------------------------
# Vivado v2017.4 (64-bit)
# SW Build 2086221 on Fri Dec 15 20:55:39 MST 2017
# IP Build 2085800 on Fri Dec 15 22:25:07 MST 2017
# Start of session at: Mon Sep 14 16:41:41 2020
# Process ID: 13196
# Current directory: C:/Users/David/Documents/Vivado_Projects/2.-new_ip_repo/ADC_max11331_AXI
# Command line: vivado.exe -gui_launcher_event rodinguilauncherevent15364 C:\Users\David\Documents\Vivado_Projects\2.-new_ip_repo\ADC_max11331_AXI\edit_ADC_max11331_AXI_v1_0.xpr
# Log file: C:/Users/David/Documents/Vivado_Projects/2.-new_ip_repo/ADC_max11331_AXI/vivado.log
# Journal file: C:/Users/David/Documents/Vivado_Projects/2.-new_ip_repo/ADC_max11331_AXI\vivado.jou
#-----------------------------------------------------------
start_gui
open_project C:/Users/David/Documents/Vivado_Projects/2.-new_ip_repo/ADC_max11331_AXI/edit_ADC_max11331_AXI_v1_0.xpr
ipx::open_ipxact_file C:/Users/David/Documents/Vivado_Projects/2.-new_ip_repo/ADC_max11331_AXI/ADC_max11331_AXI_1.0/component.xml
