

================================================================
== Vitis HLS Report for 'MatrixMultiplication'
================================================================
* Date:           Fri Nov 24 13:07:12 2023

* Version:        2022.2 (Build 3670227 on Oct 13 2022)
* Project:        HLS_Project
* Solution:       solution1 (Vitis Kernel Flow Target)
* Product family: zynquplus
* Target device:  xczu9eg-ffvc900-1-e


================================================================
== Performance Estimates
================================================================
+ Timing: 
    * Summary: 
    +--------+----------+----------+------------+
    |  Clock |  Target  | Estimated| Uncertainty|
    +--------+----------+----------+------------+
    |ap_clk  |  10.00 ns|  7.300 ns|     2.70 ns|
    +--------+----------+----------+------------+

+ Latency: 
    * Summary: 
    +---------+---------+----------+----------+-----+-----+---------+
    |  Latency (cycles) |  Latency (absolute) |  Interval | Pipeline|
    |   min   |   max   |    min   |    max   | min | max |   Type  |
    +---------+---------+----------+----------+-----+-----+---------+
    |        ?|        ?|         ?|         ?|    ?|    ?|       no|
    +---------+---------+----------+----------+-----+-----+---------+

    + Detail: 
        * Instance: 
        +----------------------------------------------------------+-----------------------------------------------+---------+---------+-----------+-----------+-----+-----+---------+
        |                                                          |                                               |  Latency (cycles) |   Latency (absolute)  |  Interval | Pipeline|
        |                         Instance                         |                     Module                    |   min   |   max   |    min    |    max    | min | max |   Type  |
        +----------------------------------------------------------+-----------------------------------------------+---------+---------+-----------+-----------+-----+-----+---------+
        |grp_MatrixMultiplication_Pipeline_1_fu_218                |MatrixMultiplication_Pipeline_1                |        7|        7|  70.000 ns|  70.000 ns|    7|    7|       no|
        |grp_MatrixMultiplication_Pipeline_2_fu_224                |MatrixMultiplication_Pipeline_2                |       27|       27|   0.270 us|   0.270 us|   27|   27|       no|
        |grp_MatrixMultiplication_Pipeline_3_fu_230                |MatrixMultiplication_Pipeline_3                |        7|        7|  70.000 ns|  70.000 ns|    7|    7|       no|
        |grp_MatrixMultiplication_Pipeline_VITIS_LOOP_20_1_fu_236  |MatrixMultiplication_Pipeline_VITIS_LOOP_20_1  |        8|        8|  80.000 ns|  80.000 ns|    8|    8|       no|
        |grp_MatrixMultiplication_Pipeline_VITIS_LOOP_24_2_fu_244  |MatrixMultiplication_Pipeline_VITIS_LOOP_24_2  |       28|       28|   0.280 us|   0.280 us|   28|   28|       no|
        |grp_MatrixMultiplication_Pipeline_6_fu_252                |MatrixMultiplication_Pipeline_6                |       27|       27|   0.270 us|   0.270 us|   27|   27|       no|
        |grp_MatrixMultiplication_Pipeline_VITIS_LOOP_31_5_fu_257  |MatrixMultiplication_Pipeline_VITIS_LOOP_31_5  |        ?|        ?|          ?|          ?|    ?|    ?|       no|
        |grp_MatrixMultiplication_Pipeline_VITIS_LOOP_34_6_fu_268  |MatrixMultiplication_Pipeline_VITIS_LOOP_34_6  |        2|      127|  20.000 ns|   1.270 us|    2|  127|       no|
        |grp_MatrixMultiplication_Pipeline_VITIS_LOOP_41_7_fu_277  |MatrixMultiplication_Pipeline_VITIS_LOOP_41_7  |        8|        8|  80.000 ns|  80.000 ns|    8|    8|       no|
        +----------------------------------------------------------+-----------------------------------------------+---------+---------+-----------+-----------+-----+-----+---------+

        * Loop: 
        +--------------------+---------+---------+----------+-----------+-----------+------+----------+
        |                    |  Latency (cycles) | Iteration|  Initiation Interval  | Trip |          |
        |      Loop Name     |   min   |   max   |  Latency |  achieved |   target  | Count| Pipelined|
        +--------------------+---------+---------+----------+-----------+-----------+------+----------+
        |- VITIS_LOOP_28_3   |        ?|        ?|         ?|          -|          -|     ?|        no|
        | + VITIS_LOOP_30_4  |        ?|        ?|         ?|          -|          -|     ?|        no|
        +--------------------+---------+---------+----------+-----------+-----------+------+----------+



================================================================
== Utilization Estimates
================================================================
* Summary: 
+-----------------+---------+------+--------+--------+-----+
|       Name      | BRAM_18K|  DSP |   FF   |   LUT  | URAM|
+-----------------+---------+------+--------+--------+-----+
|DSP              |        -|     -|       -|       -|    -|
|Expression       |        -|     -|       0|     243|    -|
|FIFO             |        -|     -|       -|       -|    -|
|Instance         |        0|     5|    1812|    3146|    0|
|Memory           |        0|     -|     128|      32|    0|
|Multiplexer      |        -|     -|       -|    1666|    -|
|Register         |        -|     -|     800|       -|    -|
+-----------------+---------+------+--------+--------+-----+
|Total            |        0|     5|    2740|    5087|    0|
+-----------------+---------+------+--------+--------+-----+
|Available        |     1824|  2520|  548160|  274080|    0|
+-----------------+---------+------+--------+--------+-----+
|Utilization (%)  |        0|    ~0|      ~0|       1|    0|
+-----------------+---------+------+--------+--------+-----+

+ Detail: 
    * Instance: 
    +----------------------------------------------------------+-----------------------------------------------+---------+----+-----+------+-----+
    |                         Instance                         |                     Module                    | BRAM_18K| DSP|  FF |  LUT | URAM|
    +----------------------------------------------------------+-----------------------------------------------+---------+----+-----+------+-----+
    |grp_MatrixMultiplication_Pipeline_1_fu_218                |MatrixMultiplication_Pipeline_1                |        0|   0|    5|    45|    0|
    |grp_MatrixMultiplication_Pipeline_2_fu_224                |MatrixMultiplication_Pipeline_2                |        0|   0|    7|    48|    0|
    |grp_MatrixMultiplication_Pipeline_3_fu_230                |MatrixMultiplication_Pipeline_3                |        0|   0|    5|    45|    0|
    |grp_MatrixMultiplication_Pipeline_6_fu_252                |MatrixMultiplication_Pipeline_6                |        0|   0|    7|    48|    0|
    |grp_MatrixMultiplication_Pipeline_VITIS_LOOP_20_1_fu_236  |MatrixMultiplication_Pipeline_VITIS_LOOP_20_1  |        0|   0|   47|    69|    0|
    |grp_MatrixMultiplication_Pipeline_VITIS_LOOP_24_2_fu_244  |MatrixMultiplication_Pipeline_VITIS_LOOP_24_2  |        0|   0|   53|    72|    0|
    |grp_MatrixMultiplication_Pipeline_VITIS_LOOP_31_5_fu_257  |MatrixMultiplication_Pipeline_VITIS_LOOP_31_5  |        0|   3|  231|   303|    0|
    |grp_MatrixMultiplication_Pipeline_VITIS_LOOP_34_6_fu_268  |MatrixMultiplication_Pipeline_VITIS_LOOP_34_6  |        0|   2|  250|   347|    0|
    |grp_MatrixMultiplication_Pipeline_VITIS_LOOP_41_7_fu_277  |MatrixMultiplication_Pipeline_VITIS_LOOP_41_7  |        0|   0|   41|    67|    0|
    |arrays_m_axi_U                                            |arrays_m_axi                                   |        0|   0|  710|  1278|    0|
    |control_s_axi_U                                           |control_s_axi                                  |        0|   0|  456|   808|    0|
    |mul_3s_3s_3_1_1_U29                                       |mul_3s_3s_3_1_1                                |        0|   0|    0|     8|    0|
    |mul_3s_3s_3_1_1_U30                                       |mul_3s_3s_3_1_1                                |        0|   0|    0|     8|    0|
    +----------------------------------------------------------+-----------------------------------------------+---------+----+-----+------+-----+
    |Total                                                     |                                               |        0|   5| 1812|  3146|    0|
    +----------------------------------------------------------+-----------------------------------------------+---------+----+-----+------+-----+

    * DSP: 
    N/A

    * Memory: 
    +-------+-----------------+---------+----+----+-----+------+-----+------+-------------+
    | Memory|      Module     | BRAM_18K| FF | LUT| URAM| Words| Bits| Banks| W*Bits*Banks|
    +-------+-----------------+---------+----+----+-----+------+-----+------+-------------+
    |A_U    |A_RAM_AUTO_1R1W  |        0|  32|   3|    0|     5|   32|     1|          160|
    |C_U    |A_RAM_AUTO_1R1W  |        0|  32|   3|    0|     5|   32|     1|          160|
    |B_U    |B_RAM_AUTO_1R1W  |        0|  32|  13|    0|    25|   32|     1|          800|
    |acc_U  |B_RAM_AUTO_1R1W  |        0|  32|  13|    0|    25|   32|     1|          800|
    +-------+-----------------+---------+----+----+-----+------+-----+------+-------------+
    |Total  |                 |        0| 128|  32|    0|    60|  128|     4|         1920|
    +-------+-----------------+---------+----+----+-----+------+-----+------+-------------+

    * FIFO: 
    N/A

    * Expression: 
    +---------------------------------+----------+----+---+----+------------+------------+
    |          Variable Name          | Operation| DSP| FF| LUT| Bitwidth P0| Bitwidth P1|
    +---------------------------------+----------+----+---+----+------------+------------+
    |add43_fu_405_p2                  |         +|   0|  0|  10|           3|           3|
    |k_1_fu_390_p2                    |         +|   0|  0|  71|          64|           1|
    |m_2_fu_356_p2                    |         +|   0|  0|  71|          64|           1|
    |cmp248_fu_342_p2                 |      icmp|   0|  0|  29|          64|           1|
    |icmp_ln28_fu_351_p2              |      icmp|   0|  0|  29|          64|          64|
    |icmp_ln30_fu_385_p2              |      icmp|   0|  0|  29|          64|          64|
    |ap_block_state1                  |        or|   0|  0|   2|           1|           1|
    |ap_block_state2_on_subcall_done  |        or|   0|  0|   2|           1|           1|
    +---------------------------------+----------+----+---+----+------------+------------+
    |Total                            |          |   0|  0| 243|         325|         136|
    +---------------------------------+----------+----+---+----+------------+------------+

    * Multiplexer: 
    +-----------------+------+-----------+-----+-----------+
    |       Name      |  LUT | Input Size| Bits| Total Bits|
    +-----------------+------+-----------+-----+-----------+
    |A_address0       |    20|          4|    3|         12|
    |A_ce0            |    20|          4|    1|          4|
    |A_d0             |    14|          3|   32|         96|
    |A_we0            |    14|          3|    1|          3|
    |B_address0       |    20|          4|    5|         20|
    |B_ce0            |    20|          4|    1|          4|
    |B_d0             |    14|          3|   32|         96|
    |B_we0            |    14|          3|    1|          3|
    |C_address0       |    20|          4|    3|         12|
    |C_ce0            |    20|          4|    1|          4|
    |C_d0             |    14|          3|   32|         96|
    |C_we0            |    14|          3|    1|          3|
    |acc_address0     |    20|          4|    5|         20|
    |acc_ce0          |    20|          4|    1|          4|
    |acc_d0           |    14|          3|   32|         96|
    |acc_we0          |    14|          3|    1|          3|
    |ap_NS_fsm        |  1189|        224|    1|        224|
    |ap_done          |     9|          2|    1|          2|
    |arrays_ARADDR    |    26|          5|   64|        320|
    |arrays_ARLEN     |    26|          5|   32|        160|
    |arrays_ARVALID   |    20|          4|    1|          4|
    |arrays_AWADDR    |    14|          3|   64|        192|
    |arrays_AWLEN     |    14|          3|   32|         96|
    |arrays_AWVALID   |    14|          3|    1|          3|
    |arrays_BREADY    |    14|          3|    1|          3|
    |arrays_RREADY    |    14|          3|    1|          3|
    |arrays_WVALID    |     9|          2|    1|          2|
    |arrays_blk_n_AR  |     9|          2|    1|          2|
    |arrays_blk_n_AW  |     9|          2|    1|          2|
    |arrays_blk_n_B   |     9|          2|    1|          2|
    |k_reg_207        |     9|          2|   64|        128|
    |m_fu_114         |     9|          2|   64|        128|
    +-----------------+------+-----------+-----+-----------+
    |Total            |  1666|        323|  482|       1747|
    +-----------------+------+-----------+-----+-----------+

    * Register: 
    +-----------------------------------------------------------------------+-----+----+-----+-----------+
    |                                  Name                                 |  FF | LUT| Bits| Const Bits|
    +-----------------------------------------------------------------------+-----+----+-----+-----------+
    |C_addr_reg_545                                                         |    3|   0|    3|          0|
    |C_load_reg_550                                                         |   32|   0|   32|          0|
    |C_output_read_reg_440                                                  |   64|   0|   64|          0|
    |ap_CS_fsm                                                              |  223|   0|  223|          0|
    |ap_done_reg                                                            |    1|   0|    1|          0|
    |ap_rst_n_inv                                                           |    1|   0|    1|          0|
    |ap_rst_reg_1                                                           |    1|   0|    1|          0|
    |ap_rst_reg_2                                                           |    1|   0|    1|          0|
    |cmp248_reg_504                                                         |    1|   0|    1|          0|
    |grp_MatrixMultiplication_Pipeline_1_fu_218_ap_start_reg                |    1|   0|    1|          0|
    |grp_MatrixMultiplication_Pipeline_2_fu_224_ap_start_reg                |    1|   0|    1|          0|
    |grp_MatrixMultiplication_Pipeline_3_fu_230_ap_start_reg                |    1|   0|    1|          0|
    |grp_MatrixMultiplication_Pipeline_6_fu_252_ap_start_reg                |    1|   0|    1|          0|
    |grp_MatrixMultiplication_Pipeline_VITIS_LOOP_20_1_fu_236_ap_start_reg  |    1|   0|    1|          0|
    |grp_MatrixMultiplication_Pipeline_VITIS_LOOP_24_2_fu_244_ap_start_reg  |    1|   0|    1|          0|
    |grp_MatrixMultiplication_Pipeline_VITIS_LOOP_31_5_fu_257_ap_start_reg  |    1|   0|    1|          0|
    |grp_MatrixMultiplication_Pipeline_VITIS_LOOP_34_6_fu_268_ap_start_reg  |    1|   0|    1|          0|
    |grp_MatrixMultiplication_Pipeline_VITIS_LOOP_41_7_fu_277_ap_start_reg  |    1|   0|    1|          0|
    |k_1_reg_535                                                            |   64|   0|   64|          0|
    |k_reg_207                                                              |   64|   0|   64|          0|
    |m_2_reg_511                                                            |   64|   0|   64|          0|
    |m_fu_114                                                               |   64|   0|   64|          0|
    |mul42_reg_521                                                          |    3|   0|    3|          0|
    |mul_reg_516                                                            |    3|   0|    3|          0|
    |trunc_ln1_reg_457                                                      |   62|   0|   62|          0|
    |trunc_ln2_reg_526                                                      |   62|   0|   62|          0|
    |trunc_ln30_reg_540                                                     |    5|   0|    5|          0|
    |trunc_ln4_1_reg_494                                                    |    3|   0|    3|          0|
    |trunc_ln4_2_reg_499                                                    |    3|   0|    3|          0|
    |trunc_ln4_reg_489                                                      |    5|   0|    5|          0|
    |trunc_ln_reg_451                                                       |   62|   0|   62|          0|
    +-----------------------------------------------------------------------+-----+----+-----+-----------+
    |Total                                                                  |  800|   0|  800|          0|
    +-----------------------------------------------------------------------+-----+----+-----+-----------+



================================================================
== Interface
================================================================
* Summary: 
+-----------------------+-----+-----+---------------+----------------------+--------------+
|       RTL Ports       | Dir | Bits|    Protocol   |     Source Object    |    C Type    |
+-----------------------+-----+-----+---------------+----------------------+--------------+
|s_axi_control_AWVALID  |   in|    1|          s_axi|               control|        scalar|
|s_axi_control_AWREADY  |  out|    1|          s_axi|               control|        scalar|
|s_axi_control_AWADDR   |   in|    7|          s_axi|               control|        scalar|
|s_axi_control_WVALID   |   in|    1|          s_axi|               control|        scalar|
|s_axi_control_WREADY   |  out|    1|          s_axi|               control|        scalar|
|s_axi_control_WDATA    |   in|   32|          s_axi|               control|        scalar|
|s_axi_control_WSTRB    |   in|    4|          s_axi|               control|        scalar|
|s_axi_control_ARVALID  |   in|    1|          s_axi|               control|        scalar|
|s_axi_control_ARREADY  |  out|    1|          s_axi|               control|        scalar|
|s_axi_control_ARADDR   |   in|    7|          s_axi|               control|        scalar|
|s_axi_control_RVALID   |  out|    1|          s_axi|               control|        scalar|
|s_axi_control_RREADY   |   in|    1|          s_axi|               control|        scalar|
|s_axi_control_RDATA    |  out|   32|          s_axi|               control|        scalar|
|s_axi_control_RRESP    |  out|    2|          s_axi|               control|        scalar|
|s_axi_control_BVALID   |  out|    1|          s_axi|               control|        scalar|
|s_axi_control_BREADY   |   in|    1|          s_axi|               control|        scalar|
|s_axi_control_BRESP    |  out|    2|          s_axi|               control|        scalar|
|ap_clk                 |   in|    1|  ap_ctrl_chain|  MatrixMultiplication|  return value|
|ap_rst_n               |   in|    1|  ap_ctrl_chain|  MatrixMultiplication|  return value|
|interrupt              |  out|    1|  ap_ctrl_chain|  MatrixMultiplication|  return value|
|m_axi_arrays_AWVALID   |  out|    1|          m_axi|                arrays|       pointer|
|m_axi_arrays_AWREADY   |   in|    1|          m_axi|                arrays|       pointer|
|m_axi_arrays_AWADDR    |  out|   64|          m_axi|                arrays|       pointer|
|m_axi_arrays_AWID      |  out|    1|          m_axi|                arrays|       pointer|
|m_axi_arrays_AWLEN     |  out|    8|          m_axi|                arrays|       pointer|
|m_axi_arrays_AWSIZE    |  out|    3|          m_axi|                arrays|       pointer|
|m_axi_arrays_AWBURST   |  out|    2|          m_axi|                arrays|       pointer|
|m_axi_arrays_AWLOCK    |  out|    2|          m_axi|                arrays|       pointer|
|m_axi_arrays_AWCACHE   |  out|    4|          m_axi|                arrays|       pointer|
|m_axi_arrays_AWPROT    |  out|    3|          m_axi|                arrays|       pointer|
|m_axi_arrays_AWQOS     |  out|    4|          m_axi|                arrays|       pointer|
|m_axi_arrays_AWREGION  |  out|    4|          m_axi|                arrays|       pointer|
|m_axi_arrays_AWUSER    |  out|    1|          m_axi|                arrays|       pointer|
|m_axi_arrays_WVALID    |  out|    1|          m_axi|                arrays|       pointer|
|m_axi_arrays_WREADY    |   in|    1|          m_axi|                arrays|       pointer|
|m_axi_arrays_WDATA     |  out|   32|          m_axi|                arrays|       pointer|
|m_axi_arrays_WSTRB     |  out|    4|          m_axi|                arrays|       pointer|
|m_axi_arrays_WLAST     |  out|    1|          m_axi|                arrays|       pointer|
|m_axi_arrays_WID       |  out|    1|          m_axi|                arrays|       pointer|
|m_axi_arrays_WUSER     |  out|    1|          m_axi|                arrays|       pointer|
|m_axi_arrays_ARVALID   |  out|    1|          m_axi|                arrays|       pointer|
|m_axi_arrays_ARREADY   |   in|    1|          m_axi|                arrays|       pointer|
|m_axi_arrays_ARADDR    |  out|   64|          m_axi|                arrays|       pointer|
|m_axi_arrays_ARID      |  out|    1|          m_axi|                arrays|       pointer|
|m_axi_arrays_ARLEN     |  out|    8|          m_axi|                arrays|       pointer|
|m_axi_arrays_ARSIZE    |  out|    3|          m_axi|                arrays|       pointer|
|m_axi_arrays_ARBURST   |  out|    2|          m_axi|                arrays|       pointer|
|m_axi_arrays_ARLOCK    |  out|    2|          m_axi|                arrays|       pointer|
|m_axi_arrays_ARCACHE   |  out|    4|          m_axi|                arrays|       pointer|
|m_axi_arrays_ARPROT    |  out|    3|          m_axi|                arrays|       pointer|
|m_axi_arrays_ARQOS     |  out|    4|          m_axi|                arrays|       pointer|
|m_axi_arrays_ARREGION  |  out|    4|          m_axi|                arrays|       pointer|
|m_axi_arrays_ARUSER    |  out|    1|          m_axi|                arrays|       pointer|
|m_axi_arrays_RVALID    |   in|    1|          m_axi|                arrays|       pointer|
|m_axi_arrays_RREADY    |  out|    1|          m_axi|                arrays|       pointer|
|m_axi_arrays_RDATA     |   in|   32|          m_axi|                arrays|       pointer|
|m_axi_arrays_RLAST     |   in|    1|          m_axi|                arrays|       pointer|
|m_axi_arrays_RID       |   in|    1|          m_axi|                arrays|       pointer|
|m_axi_arrays_RUSER     |   in|    1|          m_axi|                arrays|       pointer|
|m_axi_arrays_RRESP     |   in|    2|          m_axi|                arrays|       pointer|
|m_axi_arrays_BVALID    |   in|    1|          m_axi|                arrays|       pointer|
|m_axi_arrays_BREADY    |  out|    1|          m_axi|                arrays|       pointer|
|m_axi_arrays_BRESP     |   in|    2|          m_axi|                arrays|       pointer|
|m_axi_arrays_BID       |   in|    1|          m_axi|                arrays|       pointer|
|m_axi_arrays_BUSER     |   in|    1|          m_axi|                arrays|       pointer|
+-----------------------+-----+-----+---------------+----------------------+--------------+

