

================================================================
== Vitis HLS Report for 'MatrixMultiplication_Pipeline_VITIS_LOOP_41_7'
================================================================
* Date:           Fri Nov 24 13:07:12 2023

* Version:        2022.2 (Build 3670227 on Oct 13 2022)
* Project:        HLS_Project
* Solution:       solution1 (Vitis Kernel Flow Target)
* Product family: zynquplus
* Target device:  xczu9eg-ffvc900-1-e


================================================================
== Performance Estimates
================================================================
+ Timing: 
    * Summary: 
    +--------+----------+----------+------------+
    |  Clock |  Target  | Estimated| Uncertainty|
    +--------+----------+----------+------------+
    |ap_clk  |  10.00 ns|  7.300 ns|     2.70 ns|
    +--------+----------+----------+------------+

+ Latency: 
    * Summary: 
    +---------+---------+-----------+-----------+-----+-----+---------+
    |  Latency (cycles) |   Latency (absolute)  |  Interval | Pipeline|
    |   min   |   max   |    min    |    max    | min | max |   Type  |
    +---------+---------+-----------+-----------+-----+-----+---------+
    |        8|        8|  80.000 ns|  80.000 ns|    8|    8|       no|
    +---------+---------+-----------+-----------+-----+-----+---------+

    + Detail: 
        * Instance: 
        N/A

        * Loop: 
        +-------------------+---------+---------+----------+-----------+-----------+------+----------+
        |                   |  Latency (cycles) | Iteration|  Initiation Interval  | Trip |          |
        |     Loop Name     |   min   |   max   |  Latency |  achieved |   target  | Count| Pipelined|
        +-------------------+---------+---------+----------+-----------+-----------+------+----------+
        |- VITIS_LOOP_41_7  |        6|        6|         3|          1|          1|     5|       yes|
        +-------------------+---------+---------+----------+-----------+-----------+------+----------+



================================================================
== Utilization Estimates
================================================================
* Summary: 
+-----------------+---------+------+--------+--------+-----+
|       Name      | BRAM_18K|  DSP |   FF   |   LUT  | URAM|
+-----------------+---------+------+--------+--------+-----+
|DSP              |        -|     -|       -|       -|    -|
|Expression       |        -|     -|       0|      22|    -|
|FIFO             |        -|     -|       -|       -|    -|
|Instance         |        -|     -|       -|       -|    -|
|Memory           |        -|     -|       -|       -|    -|
|Multiplexer      |        -|     -|       -|      45|    -|
|Register         |        -|     -|      41|       -|    -|
+-----------------+---------+------+--------+--------+-----+
|Total            |        0|     0|      41|      67|    0|
+-----------------+---------+------+--------+--------+-----+
|Available        |     1824|  2520|  548160|  274080|    0|
+-----------------+---------+------+--------+--------+-----+
|Utilization (%)  |        0|     0|      ~0|      ~0|    0|
+-----------------+---------+------+--------+--------+-----+

+ Detail: 
    * Instance: 
    N/A

    * DSP: 
    N/A

    * Memory: 
    N/A

    * FIFO: 
    N/A

    * Expression: 
    +---------------------------+----------+----+---+----+------------+------------+
    |       Variable Name       | Operation| DSP| FF| LUT| Bitwidth P0| Bitwidth P1|
    +---------------------------+----------+----+---+----+------------+------------+
    |add_ln41_fu_105_p2         |         +|   0|  0|  10|           3|           1|
    |ap_block_pp0_stage0_11001  |       and|   0|  0|   2|           1|           1|
    |icmp_ln41_fu_99_p2         |      icmp|   0|  0|   8|           3|           3|
    |ap_enable_pp0              |       xor|   0|  0|   2|           1|           2|
    +---------------------------+----------+----+---+----+------------+------------+
    |Total                      |          |   0|  0|  22|           8|           7|
    +---------------------------+----------+----+---+----+------------+------------+

    * Multiplexer: 
    +-------------------------+----+-----------+-----+-----------+
    |           Name          | LUT| Input Size| Bits| Total Bits|
    +-------------------------+----+-----------+-----+-----------+
    |ap_done_int              |   9|          2|    1|          2|
    |ap_enable_reg_pp0_iter2  |   9|          2|    1|          2|
    |ap_sig_allocacmp_i_1     |   9|          2|    3|          6|
    |arrays_blk_n_W           |   9|          2|    1|          2|
    |i_fu_56                  |   9|          2|    3|          6|
    +-------------------------+----+-----------+-----+-----------+
    |Total                    |  45|         10|    9|         18|
    +-------------------------+----+-----------+-----+-----------+

    * Register: 
    +----------------------------------+----+----+-----+-----------+
    |               Name               | FF | LUT| Bits| Const Bits|
    +----------------------------------+----+----+-----+-----------+
    |C_load_reg_156                    |  32|   0|   32|          0|
    |ap_CS_fsm                         |   1|   0|    1|          0|
    |ap_done_reg                       |   1|   0|    1|          0|
    |ap_enable_reg_pp0_iter1           |   1|   0|    1|          0|
    |ap_enable_reg_pp0_iter2           |   1|   0|    1|          0|
    |ap_loop_exit_ready_pp0_iter1_reg  |   1|   0|    1|          0|
    |i_fu_56                           |   3|   0|    3|          0|
    |icmp_ln41_reg_142                 |   1|   0|    1|          0|
    +----------------------------------+----+----+-----+-----------+
    |Total                             |  41|   0|   41|          0|
    +----------------------------------+----+----+-----+-----------+



================================================================
== Interface
================================================================
* Summary: 
+-----------------------+-----+-----+------------+-----------------------------------------------+--------------+
|       RTL Ports       | Dir | Bits|  Protocol  |                 Source Object                 |    C Type    |
+-----------------------+-----+-----+------------+-----------------------------------------------+--------------+
|ap_clk                 |   in|    1|  ap_ctrl_hs|  MatrixMultiplication_Pipeline_VITIS_LOOP_41_7|  return value|
|ap_rst                 |   in|    1|  ap_ctrl_hs|  MatrixMultiplication_Pipeline_VITIS_LOOP_41_7|  return value|
|ap_start               |   in|    1|  ap_ctrl_hs|  MatrixMultiplication_Pipeline_VITIS_LOOP_41_7|  return value|
|ap_done                |  out|    1|  ap_ctrl_hs|  MatrixMultiplication_Pipeline_VITIS_LOOP_41_7|  return value|
|ap_idle                |  out|    1|  ap_ctrl_hs|  MatrixMultiplication_Pipeline_VITIS_LOOP_41_7|  return value|
|ap_ready               |  out|    1|  ap_ctrl_hs|  MatrixMultiplication_Pipeline_VITIS_LOOP_41_7|  return value|
|m_axi_arrays_AWVALID   |  out|    1|       m_axi|                                         arrays|       pointer|
|m_axi_arrays_AWREADY   |   in|    1|       m_axi|                                         arrays|       pointer|
|m_axi_arrays_AWADDR    |  out|   64|       m_axi|                                         arrays|       pointer|
|m_axi_arrays_AWID      |  out|    1|       m_axi|                                         arrays|       pointer|
|m_axi_arrays_AWLEN     |  out|   32|       m_axi|                                         arrays|       pointer|
|m_axi_arrays_AWSIZE    |  out|    3|       m_axi|                                         arrays|       pointer|
|m_axi_arrays_AWBURST   |  out|    2|       m_axi|                                         arrays|       pointer|
|m_axi_arrays_AWLOCK    |  out|    2|       m_axi|                                         arrays|       pointer|
|m_axi_arrays_AWCACHE   |  out|    4|       m_axi|                                         arrays|       pointer|
|m_axi_arrays_AWPROT    |  out|    3|       m_axi|                                         arrays|       pointer|
|m_axi_arrays_AWQOS     |  out|    4|       m_axi|                                         arrays|       pointer|
|m_axi_arrays_AWREGION  |  out|    4|       m_axi|                                         arrays|       pointer|
|m_axi_arrays_AWUSER    |  out|    1|       m_axi|                                         arrays|       pointer|
|m_axi_arrays_WVALID    |  out|    1|       m_axi|                                         arrays|       pointer|
|m_axi_arrays_WREADY    |   in|    1|       m_axi|                                         arrays|       pointer|
|m_axi_arrays_WDATA     |  out|   32|       m_axi|                                         arrays|       pointer|
|m_axi_arrays_WSTRB     |  out|    4|       m_axi|                                         arrays|       pointer|
|m_axi_arrays_WLAST     |  out|    1|       m_axi|                                         arrays|       pointer|
|m_axi_arrays_WID       |  out|    1|       m_axi|                                         arrays|       pointer|
|m_axi_arrays_WUSER     |  out|    1|       m_axi|                                         arrays|       pointer|
|m_axi_arrays_ARVALID   |  out|    1|       m_axi|                                         arrays|       pointer|
|m_axi_arrays_ARREADY   |   in|    1|       m_axi|                                         arrays|       pointer|
|m_axi_arrays_ARADDR    |  out|   64|       m_axi|                                         arrays|       pointer|
|m_axi_arrays_ARID      |  out|    1|       m_axi|                                         arrays|       pointer|
|m_axi_arrays_ARLEN     |  out|   32|       m_axi|                                         arrays|       pointer|
|m_axi_arrays_ARSIZE    |  out|    3|       m_axi|                                         arrays|       pointer|
|m_axi_arrays_ARBURST   |  out|    2|       m_axi|                                         arrays|       pointer|
|m_axi_arrays_ARLOCK    |  out|    2|       m_axi|                                         arrays|       pointer|
|m_axi_arrays_ARCACHE   |  out|    4|       m_axi|                                         arrays|       pointer|
|m_axi_arrays_ARPROT    |  out|    3|       m_axi|                                         arrays|       pointer|
|m_axi_arrays_ARQOS     |  out|    4|       m_axi|                                         arrays|       pointer|
|m_axi_arrays_ARREGION  |  out|    4|       m_axi|                                         arrays|       pointer|
|m_axi_arrays_ARUSER    |  out|    1|       m_axi|                                         arrays|       pointer|
|m_axi_arrays_RVALID    |   in|    1|       m_axi|                                         arrays|       pointer|
|m_axi_arrays_RREADY    |  out|    1|       m_axi|                                         arrays|       pointer|
|m_axi_arrays_RDATA     |   in|   32|       m_axi|                                         arrays|       pointer|
|m_axi_arrays_RLAST     |   in|    1|       m_axi|                                         arrays|       pointer|
|m_axi_arrays_RID       |   in|    1|       m_axi|                                         arrays|       pointer|
|m_axi_arrays_RFIFONUM  |   in|    9|       m_axi|                                         arrays|       pointer|
|m_axi_arrays_RUSER     |   in|    1|       m_axi|                                         arrays|       pointer|
|m_axi_arrays_RRESP     |   in|    2|       m_axi|                                         arrays|       pointer|
|m_axi_arrays_BVALID    |   in|    1|       m_axi|                                         arrays|       pointer|
|m_axi_arrays_BREADY    |  out|    1|       m_axi|                                         arrays|       pointer|
|m_axi_arrays_BRESP     |   in|    2|       m_axi|                                         arrays|       pointer|
|m_axi_arrays_BID       |   in|    1|       m_axi|                                         arrays|       pointer|
|m_axi_arrays_BUSER     |   in|    1|       m_axi|                                         arrays|       pointer|
|sext_ln41              |   in|   62|     ap_none|                                      sext_ln41|        scalar|
|C_address0             |  out|    3|   ap_memory|                                              C|         array|
|C_ce0                  |  out|    1|   ap_memory|                                              C|         array|
|C_q0                   |   in|   32|   ap_memory|                                              C|         array|
+-----------------------+-----+-----+------------+-----------------------------------------------+--------------+

