

================================================================
== Vitis HLS Report for 'MatrixMultiplication_Pipeline_VITIS_LOOP_34_6'
================================================================
* Date:           Fri Nov 24 13:07:12 2023

* Version:        2022.2 (Build 3670227 on Oct 13 2022)
* Project:        HLS_Project
* Solution:       solution1 (Vitis Kernel Flow Target)
* Product family: zynquplus
* Target device:  xczu9eg-ffvc900-1-e


================================================================
== Performance Estimates
================================================================
+ Timing: 
    * Summary: 
    +--------+----------+----------+------------+
    |  Clock |  Target  | Estimated| Uncertainty|
    +--------+----------+----------+------------+
    |ap_clk  |  10.00 ns|  6.808 ns|     2.70 ns|
    +--------+----------+----------+------------+

+ Latency: 
    * Summary: 
    +---------+---------+-----------+----------+-----+-----+---------+
    |  Latency (cycles) |  Latency (absolute)  |  Interval | Pipeline|
    |   min   |   max   |    min    |    max   | min | max |   Type  |
    +---------+---------+-----------+----------+-----+-----+---------+
    |        2|      127|  20.000 ns|  1.270 us|    2|  127|       no|
    +---------+---------+-----------+----------+-----+-----+---------+

    + Detail: 
        * Instance: 
        N/A

        * Loop: 
        +-------------------+---------+---------+----------+-----------+-----------+--------+----------+
        |                   |  Latency (cycles) | Iteration|  Initiation Interval  |  Trip  |          |
        |     Loop Name     |   min   |   max   |  Latency |  achieved |   target  |  Count | Pipelined|
        +-------------------+---------+---------+----------+-----------+-----------+--------+----------+
        |- VITIS_LOOP_34_6  |        0|      125|         6|          4|          1|  0 ~ 31|       yes|
        +-------------------+---------+---------+----------+-----------+-----------+--------+----------+



================================================================
== Utilization Estimates
================================================================
* Summary: 
+-----------------+---------+------+--------+--------+-----+
|       Name      | BRAM_18K|  DSP |   FF   |   LUT  | URAM|
+-----------------+---------+------+--------+--------+-----+
|DSP              |        -|     -|       -|       -|    -|
|Expression       |        -|     -|       0|      43|    -|
|FIFO             |        -|     -|       -|       -|    -|
|Instance         |        -|     2|     205|     206|    -|
|Memory           |        -|     -|       -|       -|    -|
|Multiplexer      |        -|     -|       -|      98|    -|
|Register         |        -|     -|      45|       -|    -|
+-----------------+---------+------+--------+--------+-----+
|Total            |        0|     2|     250|     347|    0|
+-----------------+---------+------+--------+--------+-----+
|Available        |     1824|  2520|  548160|  274080|    0|
+-----------------+---------+------+--------+--------+-----+
|Utilization (%)  |        0|    ~0|      ~0|      ~0|    0|
+-----------------+---------+------+--------+--------+-----+

+ Detail: 
    * Instance: 
    +------------------------------------+--------------------------------+---------+----+-----+-----+-----+
    |              Instance              |             Module             | BRAM_18K| DSP|  FF | LUT | URAM|
    +------------------------------------+--------------------------------+---------+----+-----+-----+-----+
    |fadd_32ns_32ns_32_5_full_dsp_1_U20  |fadd_32ns_32ns_32_5_full_dsp_1  |        0|   2|  205|  206|    0|
    +------------------------------------+--------------------------------+---------+----+-----+-----+-----+
    |Total                               |                                |        0|   2|  205|  206|    0|
    +------------------------------------+--------------------------------+---------+----+-----+-----+-----+

    * DSP: 
    N/A

    * Memory: 
    N/A

    * FIFO: 
    N/A

    * Expression: 
    +---------------------+----------+----+---+----+------------+------------+
    |    Variable Name    | Operation| DSP| FF| LUT| Bitwidth P0| Bitwidth P1|
    +---------------------+----------+----+---+----+------------+------------+
    |n_2_fu_107_p2        |         +|   0|  0|  12|           5|           1|
    |icmp_ln34_fu_101_p2  |      icmp|   0|  0|  29|          64|          64|
    |ap_enable_pp0        |       xor|   0|  0|   2|           1|           2|
    +---------------------+----------+----+---+----+------------+------------+
    |Total                |          |   0|  0|  43|          70|          67|
    +---------------------+----------+----+---+----+------------+------------+

    * Multiplexer: 
    +-------------------------------+----+-----------+-----+-----------+
    |              Name             | LUT| Input Size| Bits| Total Bits|
    +-------------------------------+----+-----------+-----+-----------+
    |add4518_fu_42                  |   9|          2|   32|         64|
    |ap_NS_fsm                      |  26|          5|    1|          5|
    |ap_done_int                    |   9|          2|    1|          2|
    |ap_enable_reg_pp0_iter0        |   9|          2|    1|          2|
    |ap_enable_reg_pp0_iter0_reg    |   9|          2|    1|          2|
    |ap_enable_reg_pp0_iter1        |   9|          2|    1|          2|
    |ap_sig_allocacmp_add4518_load  |   9|          2|   32|         64|
    |ap_sig_allocacmp_n_1           |   9|          2|    5|         10|
    |n_fu_38                        |   9|          2|    5|         10|
    +-------------------------------+----+-----------+-----+-----------+
    |Total                          |  98|         21|   79|        161|
    +-------------------------------+----+-----------+-----+-----------+

    * Register: 
    +-----------------------------+----+----+-----+-----------+
    |             Name            | FF | LUT| Bits| Const Bits|
    +-----------------------------+----+----+-----+-----------+
    |add4518_fu_42                |  32|   0|   32|          0|
    |ap_CS_fsm                    |   4|   0|    4|          0|
    |ap_done_reg                  |   1|   0|    1|          0|
    |ap_enable_reg_pp0_iter0_reg  |   1|   0|    1|          0|
    |ap_enable_reg_pp0_iter1      |   1|   0|    1|          0|
    |icmp_ln34_reg_146            |   1|   0|    1|          0|
    |n_fu_38                      |   5|   0|    5|          0|
    +-----------------------------+----+----+-----+-----------+
    |Total                        |  45|   0|   45|          0|
    +-----------------------------+----+----+-----+-----------+



================================================================
== Interface
================================================================
* Summary: 
+--------------------+-----+-----+------------+-----------------------------------------------+--------------+
|      RTL Ports     | Dir | Bits|  Protocol  |                 Source Object                 |    C Type    |
+--------------------+-----+-----+------------+-----------------------------------------------+--------------+
|ap_clk              |   in|    1|  ap_ctrl_hs|  MatrixMultiplication_Pipeline_VITIS_LOOP_34_6|  return value|
|ap_rst              |   in|    1|  ap_ctrl_hs|  MatrixMultiplication_Pipeline_VITIS_LOOP_34_6|  return value|
|ap_start            |   in|    1|  ap_ctrl_hs|  MatrixMultiplication_Pipeline_VITIS_LOOP_34_6|  return value|
|ap_done             |  out|    1|  ap_ctrl_hs|  MatrixMultiplication_Pipeline_VITIS_LOOP_34_6|  return value|
|ap_idle             |  out|    1|  ap_ctrl_hs|  MatrixMultiplication_Pipeline_VITIS_LOOP_34_6|  return value|
|ap_ready            |  out|    1|  ap_ctrl_hs|  MatrixMultiplication_Pipeline_VITIS_LOOP_34_6|  return value|
|C_load_1            |   in|   32|     ap_none|                                       C_load_1|        scalar|
|B_rows              |   in|   64|     ap_none|                                         B_rows|        scalar|
|acc_address0        |  out|    5|   ap_memory|                                            acc|         array|
|acc_ce0             |  out|    1|   ap_memory|                                            acc|         array|
|acc_q0              |   in|   32|   ap_memory|                                            acc|         array|
|add4518_out         |  out|   32|      ap_vld|                                    add4518_out|       pointer|
|add4518_out_ap_vld  |  out|    1|      ap_vld|                                    add4518_out|       pointer|
+--------------------+-----+-----+------------+-----------------------------------------------+--------------+

