#-----------------------------------------------------------
# Vivado v2022.2 (64-bit)
# SW Build 3671981 on Fri Oct 14 04:59:54 MDT 2022
# IP Build 3669848 on Fri Oct 14 08:30:02 MDT 2022
# Start of session at: Wed Jul 12 14:38:01 2023
# Process ID: 50353
# Current directory: /home/hufnagelde/ultrazohm_sw/ip_cores/uz_pmsm_model_6ph_dq/hdl_prj/ipcore/uz_pmsm_model_6ph_dq_v1_1/prj_ip
# Command line: vivado -mode batch -notrace -source vivado_ip_package.tcl
# Log file: /home/hufnagelde/ultrazohm_sw/ip_cores/uz_pmsm_model_6ph_dq/hdl_prj/ipcore/uz_pmsm_model_6ph_dq_v1_1/prj_ip/vivado.log
# Journal file: /home/hufnagelde/ultrazohm_sw/ip_cores/uz_pmsm_model_6ph_dq/hdl_prj/ipcore/uz_pmsm_model_6ph_dq_v1_1/prj_ip/vivado.jou
# Running On: hufnagelde-TP-T14s, OS: Linux, CPU Frequency: 2132.081 MHz, CPU Physical cores: 16, Host memory: 32344 MB
#-----------------------------------------------------------
source vivado_ip_package.tcl -notrace
INFO: [IP_Flow 19-234] Refreshing IP repositories
INFO: [IP_Flow 19-1700] Loaded user IP repository '/home/hufnagelde/ultrazohm_sw/ip_cores/uz_pmsm_model_6ph_dq/hdl_prj/ipcore'.
WARNING: [IP_Flow 19-3656] If you move the project, the path for repository '/home/hufnagelde/ultrazohm_sw/ip_cores/uz_pmsm_model_6ph_dq/hdl_prj/ipcore' may become invalid. A better location for the repository would be in a path adjacent to the project. (Current project location is '/home/hufnagelde/ultrazohm_sw/ip_cores/uz_pmsm_model_6ph_dq/hdl_prj/ipcore/uz_pmsm_model_6ph_dq_v1_1/prj_ip'.)
INFO: [IP_Flow 19-2313] Loaded Vivado IP repository '/home/Xilinx/Vivado/2022.2/data/ip'.
INFO: [IP_Flow 19-5107] Inferred bus interface 'AXI4' of definition 'xilinx.com:interface:aximm:1.0' (from Xilinx Repository).
INFO: [IP_Flow 19-5107] Inferred bus interface 'AXI4_ARESETN' of definition 'xilinx.com:signal:reset:1.0' (from Xilinx Repository).
INFO: [IP_Flow 19-5107] Inferred bus interface 'IPCORE_RESETN' of definition 'xilinx.com:signal:reset:1.0' (from Xilinx Repository).
INFO: [IP_Flow 19-5107] Inferred bus interface 'AXI4_ACLK' of definition 'xilinx.com:signal:clock:1.0' (from Xilinx Repository).
INFO: [IP_Flow 19-5107] Inferred bus interface 'IPCORE_CLK' of definition 'xilinx.com:signal:clock:1.0' (from Xilinx Repository).
INFO: [IP_Flow 19-4728] Bus Interface 'AXI4_ARESETN': Added interface parameter 'POLARITY' with value 'ACTIVE_LOW'.
INFO: [IP_Flow 19-4728] Bus Interface 'IPCORE_RESETN': Added interface parameter 'POLARITY' with value 'ACTIVE_LOW'.
INFO: [IP_Flow 19-4728] Bus Interface 'AXI4_ACLK': Added interface parameter 'ASSOCIATED_BUSIF' with value 'AXI4'.
INFO: [IP_Flow 19-4728] Bus Interface 'AXI4_ACLK': Added interface parameter 'ASSOCIATED_RESET' with value 'AXI4_ARESETN'.
INFO: [IP_Flow 19-4728] Bus Interface 'IPCORE_CLK': Added interface parameter 'ASSOCIATED_RESET' with value 'IPCORE_RESETN'.
WARNING: [IP_Flow 19-5661] Bus Interface 'IPCORE_CLK' does not have any bus interfaces associated with it.
INFO: [IP_Flow 19-2181] Payment Required is not set for this core.
INFO: [IP_Flow 19-2187] The Product Guide file is missing.
WARNING: [IP_Flow 19-1971] File named "hdl/uz_pmsm_model_6ph_dq_src_uz_pmsm_model_6ph_dq_pkg.vhd" already exists in file group "xilinx_anylanguagesynthesis", cannot add it again.
WARNING: [IP_Flow 19-1971] File named "hdl/uz_pmsm_model_6ph_dq_src_uz_pmsm_model_6ph_dq_pkg.vhd" already exists in file group "xilinx_anylanguagebehavioralsimulation", cannot add it again.
WARNING: [IP_Flow 19-1971] File named "hdl/uz_pmsm_model_6ph_dq_src_uz_pmsm_model_6ph_dq_tc.vhd" already exists in file group "xilinx_anylanguagesynthesis", cannot add it again.
WARNING: [IP_Flow 19-1971] File named "hdl/uz_pmsm_model_6ph_dq_src_uz_pmsm_model_6ph_dq_tc.vhd" already exists in file group "xilinx_anylanguagebehavioralsimulation", cannot add it again.
WARNING: [IP_Flow 19-1971] File named "hdl/uz_pmsm_model_6ph_dq_src_nfp_convert_single_to_sfix_24_En11.vhd" already exists in file group "xilinx_anylanguagesynthesis", cannot add it again.
WARNING: [IP_Flow 19-1971] File named "hdl/uz_pmsm_model_6ph_dq_src_nfp_convert_single_to_sfix_24_En11.vhd" already exists in file group "xilinx_anylanguagebehavioralsimulation", cannot add it again.
WARNING: [IP_Flow 19-1971] File named "hdl/uz_pmsm_model_6ph_dq_src_nfp_convert_double2single.vhd" already exists in file group "xilinx_anylanguagesynthesis", cannot add it again.
WARNING: [IP_Flow 19-1971] File named "hdl/uz_pmsm_model_6ph_dq_src_nfp_convert_double2single.vhd" already exists in file group "xilinx_anylanguagebehavioralsimulation", cannot add it again.
WARNING: [IP_Flow 19-1971] File named "hdl/uz_pmsm_model_6ph_dq_src_nfp_convert_double_to_fixed_27_En18.vhd" already exists in file group "xilinx_anylanguagesynthesis", cannot add it again.
WARNING: [IP_Flow 19-1971] File named "hdl/uz_pmsm_model_6ph_dq_src_nfp_convert_double_to_fixed_27_En18.vhd" already exists in file group "xilinx_anylanguagebehavioralsimulation", cannot add it again.
WARNING: [IP_Flow 19-1971] File named "hdl/uz_pmsm_model_6ph_dq_src_nfp_add_double.vhd" already exists in file group "xilinx_anylanguagesynthesis", cannot add it again.
WARNING: [IP_Flow 19-1971] File named "hdl/uz_pmsm_model_6ph_dq_src_nfp_add_double.vhd" already exists in file group "xilinx_anylanguagebehavioralsimulation", cannot add it again.
WARNING: [IP_Flow 19-1971] File named "hdl/uz_pmsm_model_6ph_dq_src_nfp_mul_double.vhd" already exists in file group "xilinx_anylanguagesynthesis", cannot add it again.
WARNING: [IP_Flow 19-1971] File named "hdl/uz_pmsm_model_6ph_dq_src_nfp_mul_double.vhd" already exists in file group "xilinx_anylanguagebehavioralsimulation", cannot add it again.
WARNING: [IP_Flow 19-1971] File named "hdl/uz_pmsm_model_6ph_dq_src_nfp_convert_single2double.vhd" already exists in file group "xilinx_anylanguagesynthesis", cannot add it again.
WARNING: [IP_Flow 19-1971] File named "hdl/uz_pmsm_model_6ph_dq_src_nfp_convert_single2double.vhd" already exists in file group "xilinx_anylanguagebehavioralsimulation", cannot add it again.
WARNING: [IP_Flow 19-1971] File named "hdl/uz_pmsm_model_6ph_dq_src_nfp_sub_double.vhd" already exists in file group "xilinx_anylanguagesynthesis", cannot add it again.
WARNING: [IP_Flow 19-1971] File named "hdl/uz_pmsm_model_6ph_dq_src_nfp_sub_double.vhd" already exists in file group "xilinx_anylanguagebehavioralsimulation", cannot add it again.
WARNING: [IP_Flow 19-1971] File named "hdl/uz_pmsm_model_6ph_dq_src_nfp_convert_sfix_27_En16_to_double.vhd" already exists in file group "xilinx_anylanguagesynthesis", cannot add it again.
WARNING: [IP_Flow 19-1971] File named "hdl/uz_pmsm_model_6ph_dq_src_nfp_convert_sfix_27_En16_to_double.vhd" already exists in file group "xilinx_anylanguagebehavioralsimulation", cannot add it again.
WARNING: [IP_Flow 19-1971] File named "hdl/uz_pmsm_model_6ph_dq_src_nfp_convert_double_to_fixed_18_En14.vhd" already exists in file group "xilinx_anylanguagesynthesis", cannot add it again.
WARNING: [IP_Flow 19-1971] File named "hdl/uz_pmsm_model_6ph_dq_src_nfp_convert_double_to_fixed_18_En14.vhd" already exists in file group "xilinx_anylanguagebehavioralsimulation", cannot add it again.
WARNING: [IP_Flow 19-1971] File named "hdl/uz_pmsm_model_6ph_dq_src_nfp_relop_double.vhd" already exists in file group "xilinx_anylanguagesynthesis", cannot add it again.
WARNING: [IP_Flow 19-1971] File named "hdl/uz_pmsm_model_6ph_dq_src_nfp_relop_double.vhd" already exists in file group "xilinx_anylanguagebehavioralsimulation", cannot add it again.
WARNING: [IP_Flow 19-1971] File named "hdl/uz_pmsm_model_6ph_dq_src_nfp_relop_double_block.vhd" already exists in file group "xilinx_anylanguagesynthesis", cannot add it again.
WARNING: [IP_Flow 19-1971] File named "hdl/uz_pmsm_model_6ph_dq_src_nfp_relop_double_block.vhd" already exists in file group "xilinx_anylanguagebehavioralsimulation", cannot add it again.
WARNING: [IP_Flow 19-1971] File named "hdl/uz_pmsm_model_6ph_dq_src_uz_pmsm_model_6ph_dq.vhd" already exists in file group "xilinx_anylanguagesynthesis", cannot add it again.
WARNING: [IP_Flow 19-1971] File named "hdl/uz_pmsm_model_6ph_dq_src_uz_pmsm_model_6ph_dq.vhd" already exists in file group "xilinx_anylanguagebehavioralsimulation", cannot add it again.
WARNING: [IP_Flow 19-1971] File named "hdl/uz_pmsm_model_6ph_dq_pkg.vhd" already exists in file group "xilinx_anylanguagesynthesis", cannot add it again.
WARNING: [IP_Flow 19-1971] File named "hdl/uz_pmsm_model_6ph_dq_pkg.vhd" already exists in file group "xilinx_anylanguagebehavioralsimulation", cannot add it again.
WARNING: [IP_Flow 19-1971] File named "hdl/uz_pmsm_model_6ph_dq_reset_sync.vhd" already exists in file group "xilinx_anylanguagesynthesis", cannot add it again.
WARNING: [IP_Flow 19-1971] File named "hdl/uz_pmsm_model_6ph_dq_reset_sync.vhd" already exists in file group "xilinx_anylanguagebehavioralsimulation", cannot add it again.
WARNING: [IP_Flow 19-1971] File named "hdl/uz_pmsm_model_6ph_dq_dut.vhd" already exists in file group "xilinx_anylanguagesynthesis", cannot add it again.
WARNING: [IP_Flow 19-1971] File named "hdl/uz_pmsm_model_6ph_dq_dut.vhd" already exists in file group "xilinx_anylanguagebehavioralsimulation", cannot add it again.
WARNING: [IP_Flow 19-1971] File named "hdl/uz_pmsm_model_6ph_dq_addr_decoder.vhd" already exists in file group "xilinx_anylanguagesynthesis", cannot add it again.
WARNING: [IP_Flow 19-1971] File named "hdl/uz_pmsm_model_6ph_dq_addr_decoder.vhd" already exists in file group "xilinx_anylanguagebehavioralsimulation", cannot add it again.
WARNING: [IP_Flow 19-1971] File named "hdl/uz_pmsm_model_6ph_dq_SimpleDualPortRAM_generic.vhd" already exists in file group "xilinx_anylanguagesynthesis", cannot add it again.
WARNING: [IP_Flow 19-1971] File named "hdl/uz_pmsm_model_6ph_dq_SimpleDualPortRAM_generic.vhd" already exists in file group "xilinx_anylanguagebehavioralsimulation", cannot add it again.
WARNING: [IP_Flow 19-1971] File named "hdl/uz_pmsm_model_6ph_dq_rdfifo_data.vhd" already exists in file group "xilinx_anylanguagesynthesis", cannot add it again.
WARNING: [IP_Flow 19-1971] File named "hdl/uz_pmsm_model_6ph_dq_rdfifo_data.vhd" already exists in file group "xilinx_anylanguagebehavioralsimulation", cannot add it again.
WARNING: [IP_Flow 19-1971] File named "hdl/uz_pmsm_model_6ph_dq_SimpleDualPortRAM_singlebit.vhd" already exists in file group "xilinx_anylanguagesynthesis", cannot add it again.
WARNING: [IP_Flow 19-1971] File named "hdl/uz_pmsm_model_6ph_dq_SimpleDualPortRAM_singlebit.vhd" already exists in file group "xilinx_anylanguagebehavioralsimulation", cannot add it again.
WARNING: [IP_Flow 19-1971] File named "hdl/uz_pmsm_model_6ph_dq_rdfifo_last.vhd" already exists in file group "xilinx_anylanguagesynthesis", cannot add it again.
WARNING: [IP_Flow 19-1971] File named "hdl/uz_pmsm_model_6ph_dq_rdfifo_last.vhd" already exists in file group "xilinx_anylanguagebehavioralsimulation", cannot add it again.
WARNING: [IP_Flow 19-1971] File named "hdl/uz_pmsm_model_6ph_dq_rdfifo_rid.vhd" already exists in file group "xilinx_anylanguagesynthesis", cannot add it again.
WARNING: [IP_Flow 19-1971] File named "hdl/uz_pmsm_model_6ph_dq_rdfifo_rid.vhd" already exists in file group "xilinx_anylanguagebehavioralsimulation", cannot add it again.
WARNING: [IP_Flow 19-1971] File named "hdl/uz_pmsm_model_6ph_dq_axi4_module.vhd" already exists in file group "xilinx_anylanguagesynthesis", cannot add it again.
WARNING: [IP_Flow 19-1971] File named "hdl/uz_pmsm_model_6ph_dq_axi4_module.vhd" already exists in file group "xilinx_anylanguagebehavioralsimulation", cannot add it again.
WARNING: [IP_Flow 19-1971] File named "hdl/uz_pmsm_model_6ph_dq_axi4.vhd" already exists in file group "xilinx_anylanguagesynthesis", cannot add it again.
WARNING: [IP_Flow 19-1971] File named "hdl/uz_pmsm_model_6ph_dq_axi4.vhd" already exists in file group "xilinx_anylanguagebehavioralsimulation", cannot add it again.
WARNING: [IP_Flow 19-1971] File named "hdl/uz_pmsm_model_6ph_dq.vhd" already exists in file group "xilinx_anylanguagesynthesis", cannot add it again.
WARNING: [IP_Flow 19-1971] File named "hdl/uz_pmsm_model_6ph_dq.vhd" already exists in file group "xilinx_anylanguagebehavioralsimulation", cannot add it again.
INFO: [Common 17-206] Exiting Vivado at Wed Jul 12 14:38:11 2023...
