INFO: [HLS 200-10] Running '/home/Xilinx/Vitis_HLS/2022.2/bin/unwrapped/lnx64.o/vitis_hls'
INFO: [HLS 200-10] For user 'hufnagelde' on host 'hufnagelde-TP-T14s' (Linux_x86_64 version 6.2.0-37-generic) on Fri Nov 24 13:14:07 CET 2023
INFO: [HLS 200-10] On os Ubuntu 22.04.3 LTS
INFO: [HLS 200-10] In directory '/home/hufnagelde/ultrazohm_sw/ip_cores/uz_Matrix_Multi'
Sourcing Tcl script '/home/hufnagelde/ultrazohm_sw/ip_cores/uz_Matrix_Multi/HLS_Project/solution1/export.tcl'
INFO: [HLS 200-1510] Running: source /home/hufnagelde/ultrazohm_sw/ip_cores/uz_Matrix_Multi/HLS_Project/solution1/export.tcl
INFO: [HLS 200-1510] Running: open_project HLS_Project 
INFO: [HLS 200-10] Opening project '/home/hufnagelde/ultrazohm_sw/ip_cores/uz_Matrix_Multi/HLS_Project'.
INFO: [HLS 200-1510] Running: set_top MatrixMultiplication 
INFO: [HLS 200-1510] Running: add_files HLS_Project/matrix_multiply.h 
INFO: [HLS 200-10] Adding design file 'HLS_Project/matrix_multiply.h' to the project
INFO: [HLS 200-1510] Running: add_files HLS_Project/matrix_multiply.cpp 
INFO: [HLS 200-10] Adding design file 'HLS_Project/matrix_multiply.cpp' to the project
INFO: [HLS 200-1510] Running: add_files -tb HLS_Project/tb_matrix_multiply.cpp -cflags -Wno-unknown-pragmas -Wno-unknown-pragmas -Wno-unknown-pragmas -csimflags -Wno-unknown-pragmas 
INFO: [HLS 200-10] Adding test bench file 'HLS_Project/tb_matrix_multiply.cpp' to the project
INFO: [HLS 200-1510] Running: open_solution solution1 -flow_target vitis 
INFO: [HLS 200-10] Opening solution '/home/hufnagelde/ultrazohm_sw/ip_cores/uz_Matrix_Multi/HLS_Project/solution1'.
INFO: [SYN 201-201] Setting up clock 'default' with a period of 10ns.
INFO: [HLS 200-1611] Setting target device to 'xczu9eg-ffvc900-1-e'
INFO: [HLS 200-1505] Using flow_target 'vitis'
Resolution: For help on HLS 200-1505 see www.xilinx.com/cgi-bin/docs/rdoc?v=2022.2;t=hls+guidance;d=200-1505.html
INFO: [HLS 200-435] Setting 'open_solution -flow_target vitis' configuration: config_interface -m_axi_latency=64
INFO: [HLS 200-435] Setting 'open_solution -flow_target vitis' configuration: config_interface -m_axi_alignment_byte_size=64
INFO: [HLS 200-435] Setting 'open_solution -flow_target vitis' configuration: config_interface -m_axi_max_widen_bitwidth=512
INFO: [HLS 200-435] Setting 'open_solution -flow_target vitis' configuration: config_rtl -register_reset_num=3
INFO: [HLS 200-1510] Running: set_part xczu9eg-ffvc900-1-e 
INFO: [HLS 200-1510] Running: create_clock -period 10 -name default 
INFO: [SYN 201-201] Setting up clock 'default' with a period of 10ns.
INFO: [HLS 200-1510] Running: source ./HLS_Project/solution1/directives.tcl
INFO: [HLS 200-1510] Running: set_directive_top -name MatrixMultiplication MatrixMultiplication 
INFO: [HLS 200-1510] Running: export_design -rtl verilog -format ip_catalog 
Running Dispatch Server on port: 44985
INFO: [IMPL 213-8] Exporting RTL as a Vivado IP.

****** Vivado v2022.2 (64-bit)
  **** SW Build 3671981 on Fri Oct 14 04:59:54 MDT 2022
  **** IP Build 3669848 on Fri Oct 14 08:30:02 MDT 2022
    ** Copyright 1986-2022 Xilinx, Inc. All Rights Reserved.

source run_ippack.tcl -notrace
INFO: [IP_Flow 19-234] Refreshing IP repositories
INFO: [IP_Flow 19-1704] No user IP repositories specified
INFO: [IP_Flow 19-2313] Loaded Vivado IP repository '/home/Xilinx/Vivado/2022.2/data/ip'.
WARNING: [IP_Flow 19-4832] The IP name 'MatrixMultiplication_fadd_32ns_32ns_32_5_full_dsp_1_ip' you have specified is long. The Windows operating system has path length limitations. It is recommended you use shorter names to reduce the likelihood of issues.
INFO: [IP_Flow 19-1686] Generating 'Synthesis' target for IP 'MatrixMultiplication_fadd_32ns_32ns_32_5_full_dsp_1_ip'...
INFO: [IP_Flow 19-1686] Generating 'Simulation' target for IP 'MatrixMultiplication_fadd_32ns_32ns_32_5_full_dsp_1_ip'...
WARNING: [IP_Flow 19-4832] The IP name 'MatrixMultiplication_fmul_32ns_32ns_32_4_max_dsp_1_ip' you have specified is long. The Windows operating system has path length limitations. It is recommended you use shorter names to reduce the likelihood of issues.
INFO: [IP_Flow 19-1686] Generating 'Synthesis' target for IP 'MatrixMultiplication_fmul_32ns_32ns_32_4_max_dsp_1_ip'...
INFO: [IP_Flow 19-1686] Generating 'Simulation' target for IP 'MatrixMultiplication_fmul_32ns_32ns_32_4_max_dsp_1_ip'...
INFO: [IP_Flow 19-234] Refreshing IP repositories
INFO: [IP_Flow 19-1704] No user IP repositories specified
INFO: [IP_Flow 19-2313] Loaded Vivado IP repository '/home/Xilinx/Vivado/2022.2/data/ip'.
INFO: [Common 17-206] Exiting Vivado at Fri Nov 24 13:14:29 2023...
INFO: [HLS 200-802] Generated output file HLS_Project/solution1/impl/export.zip
INFO: [HLS 200-111] Finished Command export_design CPU user time: 10.69 seconds. CPU system time: 1.84 seconds. Elapsed time: 15.29 seconds; current allocated memory: 8.203 MB.
INFO: [HLS 200-112] Total CPU user time: 11.55 seconds. Total CPU system time: 2.06 seconds. Total elapsed time: 26.24 seconds; peak allocated memory: 208.918 MB.
