   Build using "C:/Xilinx/Vitis_HLS/2022.2/tps/win64/msys64/mingw64/bin/g++"
   Compiling apatb_uz_PI_controller.cpp
In file included from C:/Xilinx/Vitis_HLS/2022.2/include/floating_point_v7_1_bitacc_cmodel.h:149:0,
                 from C:/Xilinx/Vitis_HLS/2022.2/include/hls_fpo.h:143,
                 from C:/Xilinx/Vitis_HLS/2022.2/include/hls_half_fpo.h:18,
                 from C:/Xilinx/Vitis_HLS/2022.2/include/hls_half.h:25,
                 from C:/Xilinx/Vitis_HLS/2022.2/include/etc/ap_private.h:52,
                 from C:/Xilinx/Vitis_HLS/2022.2/include/ap_common.h:666,
                 from C:/Xilinx/Vitis_HLS/2022.2/include/ap_fixed.h:9,
                 from apatb_uz_PI_controller.cpp:11:
C:/Xilinx/Vitis_HLS/2022.2/include/gmp.h:58:0: warning: "__GMP_LIBGMP_DLL" redefined
 #define __GMP_LIBGMP_DLL  0
 
In file included from C:/Xilinx/Vitis_HLS/2022.2/include/hls_fpo.h:143:0,
                 from C:/Xilinx/Vitis_HLS/2022.2/include/hls_half_fpo.h:18,
                 from C:/Xilinx/Vitis_HLS/2022.2/include/hls_half.h:25,
                 from C:/Xilinx/Vitis_HLS/2022.2/include/etc/ap_private.h:52,
                 from C:/Xilinx/Vitis_HLS/2022.2/include/ap_common.h:666,
                 from C:/Xilinx/Vitis_HLS/2022.2/include/ap_fixed.h:9,
                 from apatb_uz_PI_controller.cpp:11:
C:/Xilinx/Vitis_HLS/2022.2/include/floating_point_v7_1_bitacc_cmodel.h:141:0: note: this is the location of the previous definition
 #define __GMP_LIBGMP_DLL 1
 
   Generating cosim.pc.exe
