			Lattice Semiconductor Corporation.
			Lattice Programmer Diamond (64-bit) 3.14.0.75.2 Command Line (Database V3.11.1)



System Information:
-----------------------------------------------------
 Microsoft(R) Windows(R) 10.0  64-bit
Connected to Lattice Cable Server.
Board with FTDI USB Host Chip detected.


Frequency setting= 7500000 Hz
Check configuration setup: Start.
JTAG Chain Verification. No Errors.
Check configuration setup: Successful.
Device1 LCMXO2-2000HC: FLASH Erase,Program,Verify

Total erase time: 1360 ms.

Number of Loop = 136/1500
Execution time: 00 min : 15 sec
Operation Done. No errors.
Elapsed time: 00 min : 16 sec
Device2 LCMXO2-2000HC: FLASH Erase,Program,Verify

Total erase time: 1410 ms.

Number of Loop = 141/1500
Execution time: 00 min : 15 sec
Operation Done. No errors.
Elapsed time: 00 min : 15 sec
Device3 LCMXO2-2000HC: FLASH Erase,Program,Verify

Total erase time: 1700 ms.

Number of Loop = 170/1500
Execution time: 00 min : 15 sec
Operation Done. No errors.
Elapsed time: 00 min : 16 sec
Device4 LCMXO2-2000HC: FLASH Erase,Program,Verify

Total erase time: 1470 ms.

Number of Loop = 147/1500
Execution time: 00 min : 15 sec
Operation Done. No errors.
Elapsed time: 00 min : 16 sec
Device5 LCMXO2-2000HC: FLASH Erase,Program,Verify

Total erase time: 1270 ms.

Number of Loop = 127/1500
Execution time: 00 min : 15 sec
Operation Done. No errors.
Elapsed time: 00 min : 15 sec
Operation: successful.
