#-----------------------------------------------------------
# Vivado v2022.2 (64-bit)
# SW Build 3671981 on Fri Oct 14 05:00:03 MDT 2022
# IP Build 3669848 on Fri Oct 14 08:30:02 MDT 2022
# Start of session at: Fri Jun 28 11:04:20 2024
# Process ID: 27212
# Current directory: C:/Users/ELSYS_PC/Documents/repos/ultrazohm_sw/ip_cores/uz_EnDat_IPCore/hdl_prj/ipcore/uz_EnDat_ABZ_addon_v10_0/prj_ip
# Command line: vivado.exe -mode batch -notrace -source vivado_ip_package.tcl
# Log file: C:/Users/ELSYS_PC/Documents/repos/ultrazohm_sw/ip_cores/uz_EnDat_IPCore/hdl_prj/ipcore/uz_EnDat_ABZ_addon_v10_0/prj_ip/vivado.log
# Journal file: C:/Users/ELSYS_PC/Documents/repos/ultrazohm_sw/ip_cores/uz_EnDat_IPCore/hdl_prj/ipcore/uz_EnDat_ABZ_addon_v10_0/prj_ip\vivado.jou
# Running On: LAPTOP-QM3EKBPJ, OS: Windows, CPU Frequency: 2208 MHz, CPU Physical cores: 6, Host memory: 34086 MB
#-----------------------------------------------------------
source vivado_ip_package.tcl -notrace
create_project: Time (s): cpu = 00:00:05 ; elapsed = 00:00:11 . Memory (MB): peak = 377.770 ; gain = 64.090
INFO: [IP_Flow 19-234] Refreshing IP repositories
INFO: [IP_Flow 19-1700] Loaded user IP repository 'c:/Users/ELSYS_PC/Documents/repos/ultrazohm_sw/ip_cores/uz_EnDat_IPCore/hdl_prj/ipcore'.
WARNING: [IP_Flow 19-3656] If you move the project, the path for repository 'c:/Users/ELSYS_PC/Documents/repos/ultrazohm_sw/ip_cores/uz_EnDat_IPCore/hdl_prj/ipcore' may become invalid. A better location for the repository would be in a path adjacent to the project. (Current project location is 'c:/Users/ELSYS_PC/Documents/repos/ultrazohm_sw/ip_cores/uz_EnDat_IPCore/hdl_prj/ipcore/uz_EnDat_ABZ_addon_v10_0/prj_ip'.)
INFO: [IP_Flow 19-2313] Loaded Vivado IP repository 'C:/Xilinx/Vivado/2022.2/data/ip'.
INFO: [IP_Flow 19-5107] Inferred bus interface 'IPCORE_RESETN' of definition 'xilinx.com:signal:reset:1.0' (from Xilinx Repository).
INFO: [IP_Flow 19-5107] Inferred bus interface 'IPCORE_CLK' of definition 'xilinx.com:signal:clock:1.0' (from Xilinx Repository).
INFO: [IP_Flow 19-4728] Bus Interface 'IPCORE_RESETN': Added interface parameter 'POLARITY' with value 'ACTIVE_LOW'.
INFO: [IP_Flow 19-4728] Bus Interface 'IPCORE_CLK': Added interface parameter 'ASSOCIATED_RESET' with value 'IPCORE_RESETN'.
WARNING: [IP_Flow 19-5661] Bus Interface 'IPCORE_CLK' does not have any bus interfaces associated with it.
INFO: [IP_Flow 19-2181] Payment Required is not set for this core.
INFO: [IP_Flow 19-2187] The Product Guide file is missing.
WARNING: [IP_Flow 19-1971] File named "hdl/uz_EnDat_ABZ_addon_src_UZ_ENDAT_ABZ_ADDON_pac.vhd" already exists in file group "xilinx_anylanguagesynthesis", cannot add it again.
WARNING: [IP_Flow 19-1971] File named "hdl/uz_EnDat_ABZ_addon_src_UZ_ENDAT_ABZ_ADDON_pac.vhd" already exists in file group "xilinx_anylanguagebehavioralsimulation", cannot add it again.
WARNING: [IP_Flow 19-1971] File named "hdl/uz_EnDat_ABZ_addon_src_Compare_To_Constant.vhd" already exists in file group "xilinx_anylanguagesynthesis", cannot add it again.
WARNING: [IP_Flow 19-1971] File named "hdl/uz_EnDat_ABZ_addon_src_Compare_To_Constant.vhd" already exists in file group "xilinx_anylanguagebehavioralsimulation", cannot add it again.
WARNING: [IP_Flow 19-1971] File named "hdl/uz_EnDat_ABZ_addon_src_Compare_To_Constant1.vhd" already exists in file group "xilinx_anylanguagesynthesis", cannot add it again.
WARNING: [IP_Flow 19-1971] File named "hdl/uz_EnDat_ABZ_addon_src_Compare_To_Constant1.vhd" already exists in file group "xilinx_anylanguagebehavioralsimulation", cannot add it again.
WARNING: [IP_Flow 19-1971] File named "hdl/uz_EnDat_ABZ_addon_src_Compare_To_Constant2.vhd" already exists in file group "xilinx_anylanguagesynthesis", cannot add it again.
WARNING: [IP_Flow 19-1971] File named "hdl/uz_EnDat_ABZ_addon_src_Compare_To_Constant2.vhd" already exists in file group "xilinx_anylanguagebehavioralsimulation", cannot add it again.
WARNING: [IP_Flow 19-1971] File named "hdl/uz_EnDat_ABZ_addon_src_Divide.vhd" already exists in file group "xilinx_anylanguagesynthesis", cannot add it again.
WARNING: [IP_Flow 19-1971] File named "hdl/uz_EnDat_ABZ_addon_src_Divide.vhd" already exists in file group "xilinx_anylanguagebehavioralsimulation", cannot add it again.
WARNING: [IP_Flow 19-1971] File named "hdl/uz_EnDat_ABZ_addon_src_nfp_convert_fix_32_En0_to_single.vhd" already exists in file group "xilinx_anylanguagesynthesis", cannot add it again.
WARNING: [IP_Flow 19-1971] File named "hdl/uz_EnDat_ABZ_addon_src_nfp_convert_fix_32_En0_to_single.vhd" already exists in file group "xilinx_anylanguagebehavioralsimulation", cannot add it again.
WARNING: [IP_Flow 19-1971] File named "hdl/uz_EnDat_ABZ_addon_src_nfp_convert_single_to_fix_8_En0.vhd" already exists in file group "xilinx_anylanguagesynthesis", cannot add it again.
WARNING: [IP_Flow 19-1971] File named "hdl/uz_EnDat_ABZ_addon_src_nfp_convert_single_to_fix_8_En0.vhd" already exists in file group "xilinx_anylanguagebehavioralsimulation", cannot add it again.
WARNING: [IP_Flow 19-1971] File named "hdl/uz_EnDat_ABZ_addon_src_nfp_rem_single.vhd" already exists in file group "xilinx_anylanguagesynthesis", cannot add it again.
WARNING: [IP_Flow 19-1971] File named "hdl/uz_EnDat_ABZ_addon_src_nfp_rem_single.vhd" already exists in file group "xilinx_anylanguagebehavioralsimulation", cannot add it again.
WARNING: [IP_Flow 19-1971] File named "hdl/uz_EnDat_ABZ_addon_src_UZ_ENDAT_ABZ_ADDON.vhd" already exists in file group "xilinx_anylanguagesynthesis", cannot add it again.
WARNING: [IP_Flow 19-1971] File named "hdl/uz_EnDat_ABZ_addon_src_UZ_ENDAT_ABZ_ADDON.vhd" already exists in file group "xilinx_anylanguagebehavioralsimulation", cannot add it again.
WARNING: [IP_Flow 19-1971] File named "hdl/uz_EnDat_ABZ_addon_reset_sync.vhd" already exists in file group "xilinx_anylanguagesynthesis", cannot add it again.
WARNING: [IP_Flow 19-1971] File named "hdl/uz_EnDat_ABZ_addon_reset_sync.vhd" already exists in file group "xilinx_anylanguagebehavioralsimulation", cannot add it again.
WARNING: [IP_Flow 19-1971] File named "hdl/uz_EnDat_ABZ_addon_dut.vhd" already exists in file group "xilinx_anylanguagesynthesis", cannot add it again.
WARNING: [IP_Flow 19-1971] File named "hdl/uz_EnDat_ABZ_addon_dut.vhd" already exists in file group "xilinx_anylanguagebehavioralsimulation", cannot add it again.
WARNING: [IP_Flow 19-1971] File named "hdl/uz_EnDat_ABZ_addon.vhd" already exists in file group "xilinx_anylanguagesynthesis", cannot add it again.
WARNING: [IP_Flow 19-1971] File named "hdl/uz_EnDat_ABZ_addon.vhd" already exists in file group "xilinx_anylanguagebehavioralsimulation", cannot add it again.
INFO: [Common 17-206] Exiting Vivado at Fri Jun 28 11:04:40 2024...
