INFO: [HLS 200-10] Running '/home/Xilinx/Vitis_HLS/2022.2/bin/unwrapped/lnx64.o/vitis_hls'
INFO: [HLS 200-10] For user 'hufnagelde' on host 'hufnagelde-TP-T14s' (Linux_x86_64 version 6.2.0-37-generic) on Thu Nov 23 13:11:21 CET 2023
INFO: [HLS 200-10] On os Ubuntu 22.04.3 LTS
INFO: [HLS 200-10] In directory '/media/hufnagelde/Shared/UltraZohm'
Sourcing Tcl script '/media/hufnagelde/Shared/UltraZohm/uz_Matrix_Multi/MM_solution1/export.tcl'
INFO: [HLS 200-1510] Running: source /media/hufnagelde/Shared/UltraZohm/uz_Matrix_Multi/MM_solution1/export.tcl
INFO: [HLS 200-1510] Running: open_project uz_Matrix_Multi 
INFO: [HLS 200-10] Opening project '/media/hufnagelde/Shared/UltraZohm/uz_Matrix_Multi'.
INFO: [HLS 200-1510] Running: set_top MatrixMultiplication 
INFO: [HLS 200-1510] Running: add_files matrix_multiply.cpp 
INFO: [HLS 200-10] Adding design file 'matrix_multiply.cpp' to the project
INFO: [HLS 200-1510] Running: add_files matrix_multiply.h 
INFO: [HLS 200-10] Adding design file 'matrix_multiply.h' to the project
INFO: [HLS 200-1510] Running: add_files -tb tb_matrix_multiply.cpp -cflags -Wno-unknown-pragmas -Wno-unknown-pragmas -Wno-unknown-pragmas -Wno-unknown-pragmas -Wno-unknown-pragmas -Wno-unknown-pragmas -Wno-unknown-pragmas -Wno-unknown-pragmas -csimflags -Wno-unknown-pragmas 
INFO: [HLS 200-10] Adding test bench file 'tb_matrix_multiply.cpp' to the project
INFO: [HLS 200-1510] Running: open_solution MM_solution1 -flow_target vivado 
INFO: [HLS 200-10] Opening solution '/media/hufnagelde/Shared/UltraZohm/uz_Matrix_Multi/MM_solution1'.
INFO: [SYN 201-201] Setting up clock 'default' with a period of 10ns.
INFO: [HLS 200-1611] Setting target device to 'xczu9eg-ffvc900-1-e'
INFO: [HLS 200-1505] Using flow_target 'vivado'
Resolution: For help on HLS 200-1505 see www.xilinx.com/cgi-bin/docs/rdoc?v=2022.2;t=hls+guidance;d=200-1505.html
INFO: [HLS 200-1464] Running solution command: config_export -format=ip_catalog
INFO: [HLS 200-1464] Running solution command: config_export -rtl=verilog
INFO: [HLS 200-1510] Running: set_part xczu9eg-ffvc900-1-e 
INFO: [HLS 200-1510] Running: create_clock -period 10 -name default 
INFO: [HLS 200-1510] Running: config_export -format ip_catalog -rtl verilog 
INFO: [HLS 200-1510] Running: source ./uz_Matrix_Multi/MM_solution1/directives.tcl
INFO: [HLS 200-1510] Running: set_directive_top -name MatrixMultiplication MatrixMultiplication 
INFO: [HLS 200-1510] Running: export_design -rtl verilog -format ip_catalog 
Running Dispatch Server on port: 40197
INFO: [IMPL 213-8] Exporting RTL as a Vivado IP.

****** Vivado v2022.2 (64-bit)
  **** SW Build 3671981 on Fri Oct 14 04:59:54 MDT 2022
  **** IP Build 3669848 on Fri Oct 14 08:30:02 MDT 2022
    ** Copyright 1986-2022 Xilinx, Inc. All Rights Reserved.

source run_ippack.tcl -notrace
INFO: [IP_Flow 19-234] Refreshing IP repositories
INFO: [IP_Flow 19-1704] No user IP repositories specified
INFO: [IP_Flow 19-2313] Loaded Vivado IP repository '/home/Xilinx/Vivado/2022.2/data/ip'.
WARNING: [IP_Flow 19-4832] The IP name 'MatrixMultiplication_fadd_32ns_32ns_32_5_full_dsp_1_ip' you have specified is long. The Windows operating system has path length limitations. It is recommended you use shorter names to reduce the likelihood of issues.
INFO: [IP_Flow 19-1686] Generating 'Synthesis' target for IP 'MatrixMultiplication_fadd_32ns_32ns_32_5_full_dsp_1_ip'...
INFO: [IP_Flow 19-1686] Generating 'Simulation' target for IP 'MatrixMultiplication_fadd_32ns_32ns_32_5_full_dsp_1_ip'...
WARNING: [IP_Flow 19-4832] The IP name 'MatrixMultiplication_fmul_32ns_32ns_32_4_max_dsp_1_ip' you have specified is long. The Windows operating system has path length limitations. It is recommended you use shorter names to reduce the likelihood of issues.
INFO: [IP_Flow 19-1686] Generating 'Synthesis' target for IP 'MatrixMultiplication_fmul_32ns_32ns_32_4_max_dsp_1_ip'...
INFO: [IP_Flow 19-1686] Generating 'Simulation' target for IP 'MatrixMultiplication_fmul_32ns_32ns_32_4_max_dsp_1_ip'...
INFO: [Common 17-206] Exiting Vivado at Thu Nov 23 13:11:42 2023...
INFO: [HLS 200-802] Generated output file uz_Matrix_Multi/MM_solution1/impl/export.zip
INFO: [HLS 200-111] Finished Command export_design CPU user time: 8.67 seconds. CPU system time: 1.73 seconds. Elapsed time: 13.96 seconds; current allocated memory: 7.809 MB.
INFO: [HLS 200-112] Total CPU user time: 9.44 seconds. Total CPU system time: 1.93 seconds. Total elapsed time: 24.84 seconds; peak allocated memory: 208.172 MB.
